Archive member included because of file (symbol)

/Users/wangjiadong/LPCXpresso/workspace/Lib_CMSISv1p30_LPC17xx/Debug/libCMSISv1p30_LPC17xx.a(system_LPC17xx.o)
                              ./src/main.o (SystemCoreClock)
/Users/wangjiadong/LPCXpresso/workspace/Lib_MCU/Debug/libLib_MCU.a(lpc17xx_gpio.o)
                              ./src/GPS_3032.o (GPIO_SetDir)
/Users/wangjiadong/LPCXpresso/workspace/Lib_MCU/Debug/libLib_MCU.a(lpc17xx_pinsel.o)
                              ./src/Bluetooth_3032.o (PINSEL_ConfigPin)
/Users/wangjiadong/LPCXpresso/workspace/Lib_MCU/Debug/libLib_MCU.a(lpc17xx_uart.o)
                              ./src/Bluetooth_3032.o (UART_TxCmd)
/Users/wangjiadong/LPCXpresso/workspace/Lib_MCU/Debug/libLib_MCU.a(lpc17xx_clkpwr.o)
                              /Users/wangjiadong/LPCXpresso/workspace/Lib_MCU/Debug/libLib_MCU.a(lpc17xx_uart.o) (CLKPWR_GetPCLK)
/Users/wangjiadong/LPCXpresso/workspace/Lib_MCU/Debug/libLib_MCU.a(lpc17xx_libcfg_default.o)
                              /Users/wangjiadong/LPCXpresso/workspace/Lib_MCU/Debug/libLib_MCU.a(lpc17xx_uart.o) (check_failed)
/Applications/lpcxpresso_7.5.0_254/lpcxpresso/tools/bin/../lib/gcc/arm-none-eabi/4.8.4/../../../../arm-none-eabi/lib/armv7-m/libcr_semihost.a(_cr__main.o)
                              ./src/cr_startup_lpc176x.o (__main)
/Applications/lpcxpresso_7.5.0_254/lpcxpresso/tools/bin/../lib/gcc/arm-none-eabi/4.8.4/../../../../arm-none-eabi/lib/armv7-m/libcr_c.a(memcpy.o)
                              ./src/fat_access.o (memcpy)
/Applications/lpcxpresso_7.5.0_254/lpcxpresso/tools/bin/../lib/gcc/arm-none-eabi/4.8.4/../../../../arm-none-eabi/lib/armv7-m/libcr_c.a(memset.o)
                              ./src/fat_access.o (memset)
/Applications/lpcxpresso_7.5.0_254/lpcxpresso/tools/bin/../lib/gcc/arm-none-eabi/4.8.4/../../../../arm-none-eabi/lib/armv7-m/libcr_c.a(fpprintf.o)
                              ./src/main.o (sprintf)
/Applications/lpcxpresso_7.5.0_254/lpcxpresso/tools/bin/../lib/gcc/arm-none-eabi/4.8.4/../../../../arm-none-eabi/lib/armv7-m/libcr_c.a(initio.o)
                              /Applications/lpcxpresso_7.5.0_254/lpcxpresso/tools/bin/../lib/gcc/arm-none-eabi/4.8.4/../../../../arm-none-eabi/lib/armv7-m/libcr_semihost.a(_cr__main.o) (_initio)
/Applications/lpcxpresso_7.5.0_254/lpcxpresso/tools/bin/../lib/gcc/arm-none-eabi/4.8.4/../../../../arm-none-eabi/lib/armv7-m/libcr_c.a(printf.o)
                              /Applications/lpcxpresso_7.5.0_254/lpcxpresso/tools/bin/../lib/gcc/arm-none-eabi/4.8.4/../../../../arm-none-eabi/lib/armv7-m/libcr_c.a(fpprintf.o) (__vfprintf)
/Applications/lpcxpresso_7.5.0_254/lpcxpresso/tools/bin/../lib/gcc/arm-none-eabi/4.8.4/../../../../arm-none-eabi/lib/armv7-m/libcr_c.a(setvbuf.o)
                              /Applications/lpcxpresso_7.5.0_254/lpcxpresso/tools/bin/../lib/gcc/arm-none-eabi/4.8.4/../../../../arm-none-eabi/lib/armv7-m/libcr_c.a(initio.o) (setvbuf)
/Applications/lpcxpresso_7.5.0_254/lpcxpresso/tools/bin/../lib/gcc/arm-none-eabi/4.8.4/../../../../arm-none-eabi/lib/armv7-m/libcr_c.a(stdio.o)
                              /Applications/lpcxpresso_7.5.0_254/lpcxpresso/tools/bin/../lib/gcc/arm-none-eabi/4.8.4/../../../../arm-none-eabi/lib/armv7-m/libcr_c.a(fpprintf.o) (__Ciob)
/Applications/lpcxpresso_7.5.0_254/lpcxpresso/tools/bin/../lib/gcc/arm-none-eabi/4.8.4/../../../../arm-none-eabi/lib/armv7-m/libcr_c.a(strlen.o)
                              ./src/Bluetooth_3032.o (strlen)
/Applications/lpcxpresso_7.5.0_254/lpcxpresso/tools/bin/../lib/gcc/arm-none-eabi/4.8.4/../../../../arm-none-eabi/lib/armv7-m/libcr_c.a(strncmp.o)
                              ./src/fat_access.o (strncmp)
/Applications/lpcxpresso_7.5.0_254/lpcxpresso/tools/bin/../lib/gcc/arm-none-eabi/4.8.4/../../../../arm-none-eabi/lib/armv7-m/libcr_c.a(strncpy.o)
                              ./src/fat_access.o (strncpy)
/Applications/lpcxpresso_7.5.0_254/lpcxpresso/tools/bin/../lib/gcc/arm-none-eabi/4.8.4/../../../../arm-none-eabi/lib/armv7-m/libcr_c.a(__fillbuf.o)
                              /Applications/lpcxpresso_7.5.0_254/lpcxpresso/tools/bin/../lib/gcc/arm-none-eabi/4.8.4/../../../../arm-none-eabi/lib/armv7-m/libcr_c.a(stdio.o) (__filbuf)
/Applications/lpcxpresso_7.5.0_254/lpcxpresso/tools/bin/../lib/gcc/arm-none-eabi/4.8.4/../../../../arm-none-eabi/lib/armv7-m/libcr_c.a(_deferredlazyseek.o)
                              /Applications/lpcxpresso_7.5.0_254/lpcxpresso/tools/bin/../lib/gcc/arm-none-eabi/4.8.4/../../../../arm-none-eabi/lib/armv7-m/libcr_c.a(__fillbuf.o) (_deferredlazyseek)
/Applications/lpcxpresso_7.5.0_254/lpcxpresso/tools/bin/../lib/gcc/arm-none-eabi/4.8.4/../../../../arm-none-eabi/lib/armv7-m/libcr_c.a(_fdopen.o)
                              /Applications/lpcxpresso_7.5.0_254/lpcxpresso/tools/bin/../lib/gcc/arm-none-eabi/4.8.4/../../../../arm-none-eabi/lib/armv7-m/libcr_c.a(initio.o) (_fdopen)
[...]
Memory Configuration

Name             Origin             Length             Attributes
MFlash512        0x0000000000000000 0x0000000000080000 xr
RamLoc32         0x0000000010000000 0x0000000000008000 xrw
RamAHB32         0x000000002007c000 0x0000000000008000 xrw
*default*        0x0000000000000000 0xffffffffffffffff

Linker script and memory map

LOAD ./src/Bluetooth_3032.o
LOAD ./src/GPS_3032.o
LOAD ./src/Load_3032.o
LOAD ./src/Temp_3032.o
LOAD ./src/cr_startup_lpc176x.o
LOAD ./src/fat_access.o
LOAD ./src/fat_cache.o
LOAD ./src/fat_filelib.o
LOAD ./src/fat_format.o
LOAD ./src/fat_misc.o
LOAD ./src/fat_string.o
LOAD ./src/fat_table.o
LOAD ./src/fat_write.o
LOAD ./src/main.o
LOAD ./src/sd.o
LOAD ./src/spi.o
LOAD /Users/wangjiadong/LPCXpresso/workspace/Lib_CMSISv1p30_LPC17xx/Debug/libCMSISv1p30_LPC17xx.a
LOAD /Users/wangjiadong/LPCXpresso/workspace/Lib_MCU/Debug/libLib_MCU.a
START GROUP
LOAD /Applications/lpcxpresso_7.5.0_254/lpcxpresso/tools/bin/../lib/gcc/arm-none-eabi/4.8.4/../../../../arm-none-eabi/lib/armv7-m/libcr_semihost.a
LOAD /Applications/lpcxpresso_7.5.0_254/lpcxpresso/tools/bin/../lib/gcc/arm-none-eabi/4.8.4/../../../../arm-none-eabi/lib/armv7-m/libcr_c.a
LOAD /Applications/lpcxpresso_7.5.0_254/lpcxpresso/tools/bin/../lib/gcc/arm-none-eabi/4.8.4/armv7-m/libcr_eabihelpers.a
END GROUP
                0x0000000000080000                __top_MFlash512 = 0x80000
                0x0000000010008000                __top_RamLoc32 = 0x10008000
                0x0000000020084000                __top_RamAHB32 = 0x20084000

.text           0x0000000000000000     0x81f8
 FILL mask 0xff
                0x0000000000000000                __vectors_start__ = ABSOLUTE (.)
 *(.isr_vector)
 .isr_vector    0x0000000000000000       0xcc ./src/cr_startup_lpc176x.o
                0x0000000000000000                g_pfnVectors
                0x00000000000000cc                . = ALIGN (0x4)
                0x00000000000000cc                __section_table_start = .
                0x00000000000000cc                __data_section_table = .
                0x00000000000000cc        0x4 LONG 0x81f8 LOADADDR (.data)
                0x00000000000000d0        0x4 LONG 0x10000000 ADDR (.data)
                0x00000000000000d4        0x4 LONG 0x4 SIZEOF (.data)
                0x00000000000000d8        0x4 LONG 0x81f8 LOADADDR (.data_RAM2)
                0x00000000000000dc        0x4 LONG 0x2007c000 ADDR (.data_RAM2)
                0x00000000000000e0        0x4 LONG 0x0 SIZEOF (.data_RAM2)
                0x00000000000000e4                __data_section_table_end = .
                0x00000000000000e4                __bss_section_table = .
                0x00000000000000e4        0x4 LONG 0x10000004 ADDR (.bss)
                0x00000000000000e8        0x4 LONG 0xe98 SIZEOF (.bss)
                0x00000000000000ec        0x4 LONG 0x2007c000 ADDR (.bss_RAM2)
                0x00000000000000f0        0x4 LONG 0x0 SIZEOF (.bss_RAM2)
                0x00000000000000f4                __bss_section_table_end = .
                0x00000000000000f4                __section_table_end = .
 *(.after_vectors*)
 .after_vectors
                0x00000000000000f4       0x78 ./src/cr_startup_lpc176x.o
                0x00000000000000f4                NMI_Handler
                0x00000000000000f6                HardFault_Handler
                0x00000000000000f8                MemManage_Handler
                0x00000000000000fa                BusFault_Handler
                0x00000000000000fc                UsageFault_Handler
                0x00000000000000fe                SVCall_Handler
                0x0000000000000100                DebugMon_Handler
                0x0000000000000102                PendSV_Handler
                0x0000000000000106                UART1_IRQHandler
                0x0000000000000106                EINT3_IRQHandler
                0x0000000000000106                CANActivity_IRQHandler
                0x0000000000000106                TIMER3_IRQHandler
                0x0000000000000106                UART0_IRQHandler
                0x0000000000000106                IntDefaultHandler
                0x0000000000000106                PLL0_IRQHandler
                0x0000000000000106                CAN_IRQHandler
                0x0000000000000106                PLL1_IRQHandler
                0x0000000000000106                SSP0_IRQHandler
                0x0000000000000106                I2S_IRQHandler
                0x0000000000000106                I2C2_IRQHandler
                0x0000000000000106                RTC_IRQHandler
                0x0000000000000106                TIMER0_IRQHandler
                0x0000000000000106                SPI_IRQHandler
                0x0000000000000106                EINT1_IRQHandler
                0x0000000000000106                TIMER1_IRQHandler
                0x0000000000000106                UART2_IRQHandler
                0x0000000000000106                ADC_IRQHandler
                0x0000000000000106                SSP1_IRQHandler
                0x0000000000000106                USB_IRQHandler
                0x0000000000000106                BOD_IRQHandler
                0x0000000000000106                TIMER2_IRQHandler
                0x0000000000000106                RIT_IRQHandler
                0x0000000000000106                I2C0_IRQHandler
                0x0000000000000106                USBActivity_IRQHandler
                0x0000000000000106                PWM1_IRQHandler
                0x0000000000000106                I2C1_IRQHandler
                0x0000000000000106                EINT2_IRQHandler
                0x0000000000000106                UART3_IRQHandler
                0x0000000000000106                MCPWM_IRQHandler
                0x0000000000000106                ENET_IRQHandler
                0x0000000000000106                WDT_IRQHandler
                0x0000000000000106                QEI_IRQHandler
                0x0000000000000106                EINT0_IRQHandler
                0x0000000000000106                DMA_IRQHandler
                0x0000000000000108                data_init
                0x000000000000011a                bss_init
                0x000000000000012a                ResetISR
 *(.text*)
 .text.NVIC_EnableIRQ
                0x000000000000016c       0x30 ./src/Bluetooth_3032.o
 .text.pinsel_uart3
                0x000000000000019c       0x2c ./src/Bluetooth_3032.o
                0x000000000000019c                pinsel_uart3
 .text.init_uart
                0x00000000000001c8       0x48 ./src/Bluetooth_3032.o
                0x00000000000001c8                init_uart
 .text.init_bt  0x0000000000000210       0x10 ./src/Bluetooth_3032.o
                0x0000000000000210                init_bt
 .text.pinsel_uart2
                0x0000000000000220       0x2c ./src/GPS_3032.o
                0x0000000000000220                pinsel_uart2
 .text.GPS_switch_init
                0x000000000000024c       0x38 ./src/GPS_3032.o
                0x000000000000024c                GPS_switch_init
 .text.init_uart2
                0x0000000000000284       0x4c ./src/GPS_3032.o
                0x0000000000000284                init_uart2
 .text.init_load
                0x00000000000002d0       0x50 ./src/Load_3032.o
                0x00000000000002d0                init_load
 .text.init_gpio_2_8
                0x0000000000000320       0x38 ./src/Temp_3032.o
                0x0000000000000320                init_gpio_2_8
 .text.init_temp
                0x0000000000000358       0x50 ./src/Temp_3032.o
                0x0000000000000358                init_temp
 .text.fatfs_init
                0x00000000000003a8      0x404 ./src/fat_access.o
                0x00000000000003a8                fatfs_init
 .text.fatfs_lba_of_cluster
                0x00000000000007ac       0x58 ./src/fat_access.o
                0x00000000000007ac                fatfs_lba_of_cluster
 .text.fatfs_sector_read
                0x0000000000000804       0x24 ./src/fat_access.o
                0x0000000000000804                fatfs_sector_read
 .text.fatfs_sector_write
                0x0000000000000828       0x24 ./src/fat_access.o
                0x0000000000000828                fatfs_sector_write
 .text.fatfs_sector_reader
                0x000000000000084c       0xf4 ./src/fat_access.o
                0x000000000000084c                fatfs_sector_reader
 .text.fatfs_write_sector
                0x0000000000000940       0xdc ./src/fat_access.o
                0x0000000000000940                fatfs_write_sector
 .text.fatfs_get_root_cluster
                0x0000000000000a1c       0x18 ./src/fat_access.o
                0x0000000000000a1c                fatfs_get_root_cluster
 .text.fatfs_get_file_entry
                0x0000000000000a34      0x248 ./src/fat_access.o
                0x0000000000000a34                fatfs_get_file_entry
 .text.fatfs_sfn_exists
                0x0000000000000c7c       0x9c ./src/fat_access.o
                0x0000000000000c7c                fatfs_sfn_exists
 .text.fatfs_update_file_length
                0x0000000000000d18       0xd8 ./src/fat_access.o
                0x0000000000000d18                fatfs_update_file_length
 .text.fatfs_list_directory_start
                0x0000000000000df0       0x28 ./src/fat_access.o
                0x0000000000000df0                fatfs_list_directory_start
 .text.fatfs_list_directory_next
                0x0000000000000e18      0x2f8 ./src/fat_access.o
                0x0000000000000e18                fatfs_list_directory_next
 .text.fatfs_cache_init
                0x0000000000001110       0x18 ./src/fat_cache.o
                0x0000000000001110                fatfs_cache_init
 .text.fatfs_cache_get_next_cluster
                0x0000000000001128       0x1c ./src/fat_cache.o
                0x0000000000001128                fatfs_cache_get_next_cluster
 .text.fatfs_cache_set_next_cluster
                0x0000000000001144       0x1c ./src/fat_cache.o
                0x0000000000001144                fatfs_cache_set_next_cluster
 .text.fat_list_init
                0x0000000000001160       0x20 ./src/fat_filelib.o
 .text.fat_list_remove
                0x0000000000001180       0x4c ./src/fat_filelib.o
 .text.fat_list_insert_after
                0x00000000000011cc       0x44 ./src/fat_filelib.o
 .text.fat_list_insert_before
                0x0000000000001210       0x44 ./src/fat_filelib.o
 .text.fat_list_insert_first
                0x0000000000001254       0x40 ./src/fat_filelib.o
 .text.fat_list_insert_last
                0x0000000000001294       0x30 ./src/fat_filelib.o
 .text.fat_list_pop_head
                0x00000000000012c4       0x28 ./src/fat_filelib.o
 .text._allocate_file
                0x00000000000012ec       0x3c ./src/fat_filelib.o
 .text._check_file_open
                0x0000000000001328       0x7c ./src/fat_filelib.o
 .text._free_file
                0x00000000000013a4       0x34 ./src/fat_filelib.o
 .text._open_directory
                0x00000000000013d8       0xc8 ./src/fat_filelib.o
 .text._open_file
                0x00000000000014a0      0x160 ./src/fat_filelib.o
 .text._create_file
                0x0000000000001600      0x238 ./src/fat_filelib.o
 .text._read_sectors
                0x0000000000001838      0x130 ./src/fat_filelib.o
 .text.fl_init  0x0000000000001968       0x5c ./src/fat_filelib.o
                0x0000000000001968                fl_init
 .text.fl_attach_media
                0x00000000000019c4       0x5c ./src/fat_filelib.o
                0x00000000000019c4                fl_attach_media
 .text.fl_fopen
                0x0000000000001a20      0x2f8 ./src/fat_filelib.o
                0x0000000000001a20                fl_fopen
 .text._write_sectors
                0x0000000000001d18      0x168 ./src/fat_filelib.o
 .text.fl_fflush
                0x0000000000001e80       0x7c ./src/fat_filelib.o
                0x0000000000001e80                fl_fflush
 .text.fl_fclose
                0x0000000000001efc       0xa8 ./src/fat_filelib.o
                0x0000000000001efc                fl_fclose
 .text.fl_fwrite
                0x0000000000001fa4      0x224 ./src/fat_filelib.o
                0x0000000000001fa4                fl_fwrite
 .text.fl_fputs
                0x00000000000021c8       0x38 ./src/fat_filelib.o
                0x00000000000021c8                fl_fputs
 .text.fl_listdirectory
                0x0000000000002200       0xc0 ./src/fat_filelib.o
                0x0000000000002200                fl_listdirectory
 .text.fl_opendir
                0x00000000000022c0       0x98 ./src/fat_filelib.o
                0x00000000000022c0                fl_opendir
 .text.fl_readdir
                0x0000000000002358       0x60 ./src/fat_filelib.o
                0x0000000000002358                fl_readdir
 .text.fl_closedir
                0x00000000000023b8       0x18 ./src/fat_filelib.o
                0x00000000000023b8                fl_closedir
 .text.fatfs_lfn_cache_init
                0x00000000000023d0       0x50 ./src/fat_misc.o
                0x00000000000023d0                fatfs_lfn_cache_init
 .text.fatfs_lfn_cache_entry
                0x0000000000002420      0x1f4 ./src/fat_misc.o
                0x0000000000002420                fatfs_lfn_cache_entry
 .text.fatfs_lfn_cache_get
                0x0000000000002614       0x58 ./src/fat_misc.o
                0x0000000000002614                fatfs_lfn_cache_get
 .text.fatfs_entry_lfn_text
                0x000000000000266c       0x28 ./src/fat_misc.o
                0x000000000000266c                fatfs_entry_lfn_text
 .text.fatfs_entry_lfn_invalid
                0x0000000000002694       0x40 ./src/fat_misc.o
                0x0000000000002694                fatfs_entry_lfn_invalid
 .text.fatfs_entry_lfn_exists
                0x00000000000026d4       0x54 ./src/fat_misc.o
                0x00000000000026d4                fatfs_entry_lfn_exists
 .text.fatfs_entry_sfn_only
                0x0000000000002728       0x48 ./src/fat_misc.o
                0x0000000000002728                fatfs_entry_sfn_only
 .text.fatfs_entry_is_dir
                0x0000000000002770       0x28 ./src/fat_misc.o
                0x0000000000002770                fatfs_entry_is_dir
 .text.fatfs_entry_is_file
                0x0000000000002798       0x28 ./src/fat_misc.o
                0x0000000000002798                fatfs_entry_is_file
 .text.fatfs_lfn_entries_required
                0x00000000000027c0       0x38 ./src/fat_misc.o
                0x00000000000027c0                fatfs_lfn_entries_required
 .text.fatfs_filename_to_lfn
                0x00000000000027f8      0x128 ./src/fat_misc.o
                0x00000000000027f8                fatfs_filename_to_lfn
 .text.fatfs_sfn_create_entry
                0x0000000000002920       0xb4 ./src/fat_misc.o
                0x0000000000002920                fatfs_sfn_create_entry
 .text.fatfs_lfn_create_sfn
                0x00000000000029d4      0x198 ./src/fat_misc.o
                0x00000000000029d4                fatfs_lfn_create_sfn
 .text.fatfs_itoa
                0x0000000000002b6c       0x98 ./src/fat_misc.o
 .text.fatfs_lfn_generate_tail
                0x0000000000002c04       0x78 ./src/fat_misc.o
                0x0000000000002c04                fatfs_lfn_generate_tail
 .text.fatfs_total_path_levels
                0x0000000000002c7c       0x94 ./src/fat_string.o
                0x0000000000002c7c                fatfs_total_path_levels
 .text.fatfs_get_substring
                0x0000000000002d10       0xe8 ./src/fat_string.o
                0x0000000000002d10                fatfs_get_substring
 .text.fatfs_split_path
                0x0000000000002df8       0x90 ./src/fat_string.o
                0x0000000000002df8                fatfs_split_path
 .text.FileString_StrCmpNoCase
                0x0000000000002e88       0x84 ./src/fat_string.o
 .text.FileString_GetExtension
                0x0000000000002f0c       0x40 ./src/fat_string.o
 .text.FileString_TrimLength
                0x0000000000002f4c       0x50 ./src/fat_string.o
 .text.fatfs_compare_names
                0x0000000000002f9c       0xf8 ./src/fat_string.o
                0x0000000000002f9c                fatfs_compare_names
 .text.fatfs_get_sfn_display_name
                0x0000000000003094       0x68 ./src/fat_string.o
                0x0000000000003094                fatfs_get_sfn_display_name
 .text.fatfs_fat_init
                0x00000000000030fc       0xc0 ./src/fat_table.o
                0x00000000000030fc                fatfs_fat_init
 .text.fatfs_fat_writeback
                0x00000000000031bc       0x84 ./src/fat_table.o
 .text.fatfs_fat_read_sector
                0x0000000000003240      0x100 ./src/fat_table.o
 .text.fatfs_fat_purge
                0x0000000000003340       0x48 ./src/fat_table.o
                0x0000000000003340                fatfs_fat_purge
 .text.fatfs_find_next_cluster
                0x0000000000003388      0x120 ./src/fat_table.o
                0x0000000000003388                fatfs_find_next_cluster
 .text.fatfs_set_fs_info_next_free_cluster
                0x00000000000034a8       0xb8 ./src/fat_table.o
                0x00000000000034a8                fatfs_set_fs_info_next_free_cluster
 .text.fatfs_find_blank_cluster
                0x0000000000003560      0x114 ./src/fat_table.o
                0x0000000000003560                fatfs_find_blank_cluster
 .text.fatfs_fat_set_cluster
                0x0000000000003674      0x100 ./src/fat_table.o
                0x0000000000003674                fatfs_fat_set_cluster
 .text.fatfs_free_cluster_chain
                0x0000000000003774       0x40 ./src/fat_table.o
                0x0000000000003774                fatfs_free_cluster_chain
 .text.fatfs_fat_add_cluster_to_chain
                0x00000000000037b4       0x64 ./src/fat_table.o
                0x00000000000037b4                fatfs_fat_add_cluster_to_chain
 .text.fatfs_add_free_space
                0x0000000000003818       0x8c ./src/fat_write.o
                0x0000000000003818                fatfs_add_free_space
 .text.fatfs_allocate_free_space
                0x00000000000038a4       0xbc ./src/fat_write.o
                0x00000000000038a4                fatfs_allocate_free_space
 .text.fatfs_find_free_dir_offset
                0x0000000000003960      0x1cc ./src/fat_write.o
 .text.fatfs_add_file_entry
                0x0000000000003b2c      0x1c8 ./src/fat_write.o
                0x0000000000003b2c                fatfs_add_file_entry
 .text.NVIC_SetPriority
                0x0000000000003cf4       0x54 ./src/main.o
 .text.SysTick_Config
                0x0000000000003d48       0x44 ./src/main.o
 .text.media_read
                0x0000000000003d8c       0x2c ./src/main.o
                0x0000000000003d8c                media_read
 .text.media_write
                0x0000000000003db8       0x2c ./src/main.o
                0x0000000000003db8                media_write
 .text.load_write
                0x0000000000003de4       0x94 ./src/main.o
                0x0000000000003de4                load_write
 .text.systick_delay
                0x0000000000003e78       0x2c ./src/main.o
 .text.SysTick_Handler
                0x0000000000003ea4       0x30 ./src/main.o
                0x0000000000003ea4                SysTick_Handler
 .text.SD_init_3032
                0x0000000000003ed4       0x80 ./src/main.o
                0x0000000000003ed4                SD_init_3032
 .text.initialization_3032
                0x0000000000003f54       0x1c ./src/main.o
                0x0000000000003f54                initialization_3032
 .text.main     0x0000000000003f70       0x9c ./src/main.o
                0x0000000000003f70                main
 .text.disk_timerproc
                0x000000000000400c       0x48 ./src/sd.o
                0x000000000000400c                disk_timerproc
 .text.SD_Init  0x0000000000004054      0x1a4 ./src/sd.o
                0x0000000000004054                SD_Init
 .text.SD_WaitForReady
                0x00000000000041f8       0x30 ./src/sd.o
                0x00000000000041f8                SD_WaitForReady
 .text.SD_SendCommand
                0x0000000000004228       0xe0 ./src/sd.o
                0x0000000000004228                SD_SendCommand
 .text.SD_SendACommand
                0x0000000000004308       0x44 ./src/sd.o
                0x0000000000004308                SD_SendACommand
 .text.SD_ReadSector
                0x000000000000434c       0xbc ./src/sd.o
                0x000000000000434c                SD_ReadSector
 .text.SD_WriteSector
                0x0000000000004408       0xb8 ./src/sd.o
                0x0000000000004408                SD_WriteSector
 .text.SD_ReadConfiguration
                0x00000000000044c0      0x214 ./src/sd.o
                0x00000000000044c0                SD_ReadConfiguration
 .text.SD_RecvDataBlock
                0x00000000000046d4       0x6c ./src/sd.o
                0x00000000000046d4                SD_RecvDataBlock
 .text.SD_SendDataBlock
                0x0000000000004740       0x8c ./src/sd.o
                0x0000000000004740                SD_SendDataBlock
 .text.SPI_Init
                0x00000000000047cc       0xa4 ./src/spi.o
                0x00000000000047cc                SPI_Init
 .text.SPI_ConfigClockRate
                0x0000000000004870       0x20 ./src/spi.o
                0x0000000000004870                SPI_ConfigClockRate
 .text.SPI_CS_Low
                0x0000000000004890       0x1c ./src/spi.o
                0x0000000000004890                SPI_CS_Low
 .text.SPI_CS_High
                0x00000000000048ac       0x1c ./src/spi.o
                0x00000000000048ac                SPI_CS_High
 .text.SPI_SendByte
                0x00000000000048c8       0x34 ./src/spi.o
                0x00000000000048c8                SPI_SendByte
 .text.SPI_RecvByte
                0x00000000000048fc       0x10 ./src/spi.o
                0x00000000000048fc                SPI_RecvByte
 .text.SystemInit
                0x000000000000490c      0x140 /Users/wangjiadong/LPCXpresso/workspace/Lib_CMSISv1p30_LPC17xx/Debug/libCMSISv1p30_LPC17xx.a(system_LPC17xx.o)
                0x000000000000490c                SystemInit
 .text.GPIO_GetPointer
                0x0000000000004a4c       0x74 /Users/wangjiadong/LPCXpresso/workspace/Lib_MCU/Debug/libLib_MCU.a(lpc17xx_gpio.o)
 .text.GPIO_SetDir
                0x0000000000004ac0       0x48 /Users/wangjiadong/LPCXpresso/workspace/Lib_MCU/Debug/libLib_MCU.a(lpc17xx_gpio.o)
                0x0000000000004ac0                GPIO_SetDir
 .text.GPIO_SetValue
                0x0000000000004b08       0x28 /Users/wangjiadong/LPCXpresso/workspace/Lib_MCU/Debug/libLib_MCU.a(lpc17xx_gpio.o)
                0x0000000000004b08                GPIO_SetValue
 .text.PINSEL_SetPinFunc
                0x0000000000004b30       0x84 /Users/wangjiadong/LPCXpresso/workspace/Lib_MCU/Debug/libLib_MCU.a(lpc17xx_pinsel.o)
                0x0000000000004b30                PINSEL_SetPinFunc
 .text.PINSEL_SetResistorMode
                0x0000000000004bb4       0x84 /Users/wangjiadong/LPCXpresso/workspace/Lib_MCU/Debug/libLib_MCU.a(lpc17xx_pinsel.o)
                0x0000000000004bb4                PINSEL_SetResistorMode
 .text.PINSEL_SetOpenDrainMode
                0x0000000000004c38       0x6c /Users/wangjiadong/LPCXpresso/workspace/Lib_MCU/Debug/libLib_MCU.a(lpc17xx_pinsel.o)
                0x0000000000004c38                PINSEL_SetOpenDrainMode
 .text.PINSEL_ConfigPin
                0x0000000000004ca4       0x50 /Users/wangjiadong/LPCXpresso/workspace/Lib_MCU/Debug/libLib_MCU.a(lpc17xx_pinsel.o)
                0x0000000000004ca4                PINSEL_ConfigPin
 .text.uart_set_divisors
                0x0000000000004cf4      0x214 /Users/wangjiadong/LPCXpresso/workspace/Lib_MCU/Debug/libLib_MCU.a(lpc17xx_uart.o)
                0x0000000000004cf4                uart_set_divisors
 .text.UART_Init
                0x0000000000004f08      0x2ec /Users/wangjiadong/LPCXpresso/workspace/Lib_MCU/Debug/libLib_MCU.a(lpc17xx_uart.o)
                0x0000000000004f08                UART_Init
 .text.UART_IntConfig
                0x00000000000051f4      0x184 /Users/wangjiadong/LPCXpresso/workspace/Lib_MCU/Debug/libLib_MCU.a(lpc17xx_uart.o)
                0x00000000000051f4                UART_IntConfig
 .text.UART_TxCmd
                0x0000000000005378       0xc8 /Users/wangjiadong/LPCXpresso/workspace/Lib_MCU/Debug/libLib_MCU.a(lpc17xx_uart.o)
                0x0000000000005378                UART_TxCmd
 .text.CLKPWR_GetPCLKSEL
                0x0000000000005440       0x4c /Users/wangjiadong/LPCXpresso/workspace/Lib_MCU/Debug/libLib_MCU.a(lpc17xx_clkpwr.o)
                0x0000000000005440                CLKPWR_GetPCLKSEL
 .text.CLKPWR_GetPCLK
                0x000000000000548c       0x64 /Users/wangjiadong/LPCXpresso/workspace/Lib_MCU/Debug/libLib_MCU.a(lpc17xx_clkpwr.o)
                0x000000000000548c                CLKPWR_GetPCLK
 .text.CLKPWR_ConfigPPWR
                0x00000000000054f0       0x58 /Users/wangjiadong/LPCXpresso/workspace/Lib_MCU/Debug/libLib_MCU.a(lpc17xx_clkpwr.o)
                0x00000000000054f0                CLKPWR_ConfigPPWR
 .text.check_failed
                0x0000000000005548        0xc /Users/wangjiadong/LPCXpresso/workspace/Lib_MCU/Debug/libLib_MCU.a(lpc17xx_libcfg_default.o)
                0x0000000000005548                check_failed
 .text.__main   0x0000000000005554       0x14 /Applications/lpcxpresso_7.5.0_254/lpcxpresso/tools/bin/../lib/gcc/arm-none-eabi/4.8.4/../../../../arm-none-eabi/lib/armv7-m/libcr_semihost.a(_cr__main.o)
                0x0000000000005554                __main
                0x0000000000005554                __CR_SEMIHOST
 .text.memcpy   0x0000000000005568        0x4 /Applications/lpcxpresso_7.5.0_254/lpcxpresso/tools/bin/../lib/gcc/arm-none-eabi/4.8.4/../../../../arm-none-eabi/lib/armv7-m/libcr_c.a(memcpy.o)
                0x0000000000005568                memcpy
 .text.memset   0x000000000000556c        0x4 /Applications/lpcxpresso_7.5.0_254/lpcxpresso/tools/bin/../lib/gcc/arm-none-eabi/4.8.4/../../../../arm-none-eabi/lib/armv7-m/libcr_c.a(memset.o)
                0x000000000000556c                memset
 .text.fp_round
                0x0000000000005570       0x4e /Applications/lpcxpresso_7.5.0_254/lpcxpresso/tools/bin/../lib/gcc/arm-none-eabi/4.8.4/../../../../arm-none-eabi/lib/armv7-m/libcr_c.a(fpprintf.o)
 .text.pr_dec.constprop.1
                0x00000000000055be       0x26 /Applications/lpcxpresso_7.5.0_254/lpcxpresso/tools/bin/../lib/gcc/arm-none-eabi/4.8.4/../../../../arm-none-eabi/lib/armv7-m/libcr_c.a(fpprintf.o)
 .text.sprintf  0x00000000000055e4       0x6c /Applications/lpcxpresso_7.5.0_254/lpcxpresso/tools/bin/../lib/gcc/arm-none-eabi/4.8.4/../../../../arm-none-eabi/lib/armv7-m/libcr_c.a(fpprintf.o)
                0x00000000000055e4                sprintf
 .text.fp_display
                0x0000000000005650      0x998 /Applications/lpcxpresso_7.5.0_254/lpcxpresso/tools/bin/../lib/gcc/arm-none-eabi/4.8.4/../../../../arm-none-eabi/lib/armv7-m/libcr_c.a(fpprintf.o)
 .text.vsnprintf
                0x0000000000005fe8       0x5c /Applications/lpcxpresso_7.5.0_254/lpcxpresso/tools/bin/../lib/gcc/arm-none-eabi/4.8.4/../../../../arm-none-eabi/lib/armv7-m/libcr_c.a(fpprintf.o)
                0x0000000000005fe8                vsnprintf
 .text.printf   0x0000000000006044       0x54 /Applications/lpcxpresso_7.5.0_254/lpcxpresso/tools/bin/../lib/gcc/arm-none-eabi/4.8.4/../../../../arm-none-eabi/lib/armv7-m/libcr_c.a(fpprintf.o)
                0x0000000000006044                printf
 .text._initio  0x0000000000006098       0xa4 /Applications/lpcxpresso_7.5.0_254/lpcxpresso/tools/bin/../lib/gcc/arm-none-eabi/4.8.4/../../../../arm-none-eabi/lib/armv7-m/libcr_c.a(initio.o)
                0x0000000000006098                _initio
 .text.__vfprintf
                0x000000000000613c      0xca0 /Applications/lpcxpresso_7.5.0_254/lpcxpresso/tools/bin/../lib/gcc/arm-none-eabi/4.8.4/../../../../arm-none-eabi/lib/armv7-m/libcr_c.a(printf.o)
                0x000000000000613c                __vfprintf
 .text.setvbuf  0x0000000000006ddc       0x40 /Applications/lpcxpresso_7.5.0_254/lpcxpresso/tools/bin/../lib/gcc/arm-none-eabi/4.8.4/../../../../arm-none-eabi/lib/armv7-m/libcr_c.a(setvbuf.o)
                0x0000000000006ddc                setvbuf
 .text.strlen   0x0000000000006e1c       0x4a /Applications/lpcxpresso_7.5.0_254/lpcxpresso/tools/bin/../lib/gcc/arm-none-eabi/4.8.4/../../../../arm-none-eabi/lib/armv7-m/libcr_c.a(strlen.o)
                0x0000000000006e1c                strlen
 .text.strncmp  0x0000000000006e66       0x54 /Applications/lpcxpresso_7.5.0_254/lpcxpresso/tools/bin/../lib/gcc/arm-none-eabi/4.8.4/../../../../arm-none-eabi/lib/armv7-m/libcr_c.a(strncmp.o)
                0x0000000000006e66                strncmp
 .text.strncpy  0x0000000000006eba       0x58 /Applications/lpcxpresso_7.5.0_254/lpcxpresso/tools/bin/../lib/gcc/arm-none-eabi/4.8.4/../../../../arm-none-eabi/lib/armv7-m/libcr_c.a(strncpy.o)
                0x0000000000006eba                strncpy
 .text._deferredlazyseek
                0x0000000000006f12       0x44 /Applications/lpcxpresso_7.5.0_254/lpcxpresso/tools/bin/../lib/gcc/arm-none-eabi/4.8.4/../../../../arm-none-eabi/lib/armv7-m/libcr_c.a(_deferredlazyseek.o)
                0x0000000000006f12                _deferredlazyseek
 .text.__flsbuf
                0x0000000000006f56      0x142 /Applications/lpcxpresso_7.5.0_254/lpcxpresso/tools/bin/../lib/gcc/arm-none-eabi/4.8.4/../../../../arm-none-eabi/lib/armv7-m/libcr_c.a(_deferredlazyseek.o)
                0x0000000000006f56                __flsbuf
 .text._fdopen  0x0000000000007098       0x6a /Applications/lpcxpresso_7.5.0_254/lpcxpresso/tools/bin/../lib/gcc/arm-none-eabi/4.8.4/../../../../arm-none-eabi/lib/armv7-m/libcr_c.a(_fdopen.o)
                0x0000000000007098                _fdopen
 .text._fflush  0x0000000000007102       0x58 /Applications/lpcxpresso_7.5.0_254/lpcxpresso/tools/bin/../lib/gcc/arm-none-eabi/4.8.4/../../../../arm-none-eabi/lib/armv7-m/libcr_c.a(_fflush.o)
                0x0000000000007102                _fflush
 .text._frexpl  0x000000000000715a       0x5c /Applications/lpcxpresso_7.5.0_254/lpcxpresso/tools/bin/../lib/gcc/arm-none-eabi/4.8.4/../../../../arm-none-eabi/lib/armv7-m/libcr_c.a(_frexpl.o)
                0x000000000000715a                _frexpl
 *fill*         0x00000000000071b6        0x2 
 .text._ldexpl  0x00000000000071b8       0x4c /Applications/lpcxpresso_7.5.0_254/lpcxpresso/tools/bin/../lib/gcc/arm-none-eabi/4.8.4/../../../../arm-none-eabi/lib/armv7-m/libcr_c.a(_ldexpl.o)
                0x00000000000071b8                _ldexpl
 .text._Cwritebuf
                0x0000000000007204       0x70 /Applications/lpcxpresso_7.5.0_254/lpcxpresso/tools/bin/../lib/gcc/arm-none-eabi/4.8.4/../../../../arm-none-eabi/lib/armv7-m/libcr_c.a(_writebuf.o)
                0x0000000000007204                _Cwritebuf
 .text.malloc   0x0000000000007274       0xc8 /Applications/lpcxpresso_7.5.0_254/lpcxpresso/tools/bin/../lib/gcc/arm-none-eabi/4.8.4/../../../../arm-none-eabi/lib/armv7-m/libcr_c.a(alloc.o)
                0x0000000000007274                malloc
 .text.free     0x000000000000733c        0xc /Applications/lpcxpresso_7.5.0_254/lpcxpresso/tools/bin/../lib/gcc/arm-none-eabi/4.8.4/../../../../arm-none-eabi/lib/armv7-m/libcr_c.a(alloc.o)
                0x000000000000733c                free
 .text._Csys_alloc
                0x0000000000007348       0x20 /Applications/lpcxpresso_7.5.0_254/lpcxpresso/tools/bin/../lib/gcc/arm-none-eabi/4.8.4/../../../../arm-none-eabi/lib/armv7-m/libcr_c.a(alloc.o)
                0x0000000000007348                _Csys_alloc
 .text.fclose   0x0000000000007368       0x6c /Applications/lpcxpresso_7.5.0_254/lpcxpresso/tools/bin/../lib/gcc/arm-none-eabi/4.8.4/../../../../arm-none-eabi/lib/armv7-m/libcr_c.a(fclose.o)
                0x0000000000007368                fclose
 .text.fflush   0x00000000000073d4       0x30 /Applications/lpcxpresso_7.5.0_254/lpcxpresso/tools/bin/../lib/gcc/arm-none-eabi/4.8.4/../../../../arm-none-eabi/lib/armv7-m/libcr_c.a(fflush.o)
                0x00000000000073d4                fflush
 .text.fseek    0x0000000000007404      0x10c /Applications/lpcxpresso_7.5.0_254/lpcxpresso/tools/bin/../lib/gcc/arm-none-eabi/4.8.4/../../../../arm-none-eabi/lib/armv7-m/libcr_c.a(fseek.o)
                0x0000000000007404                fseek
 .text.ftell    0x0000000000007510       0x4c /Applications/lpcxpresso_7.5.0_254/lpcxpresso/tools/bin/../lib/gcc/arm-none-eabi/4.8.4/../../../../arm-none-eabi/lib/armv7-m/libcr_c.a(ftell.o)
                0x0000000000007510                ftell
 .text.remove   0x000000000000755c       0x14 /Applications/lpcxpresso_7.5.0_254/lpcxpresso/tools/bin/../lib/gcc/arm-none-eabi/4.8.4/../../../../arm-none-eabi/lib/armv7-m/libcr_c.a(remove.o)
                0x000000000000755c                remove
 .text._sbrk    0x0000000000007570       0x40 /Applications/lpcxpresso_7.5.0_254/lpcxpresso/tools/bin/../lib/gcc/arm-none-eabi/4.8.4/../../../../arm-none-eabi/lib/armv7-m/libcr_c.a(_cr_sbrk.o)
                0x0000000000007570                _sbrk
 .text._do_fflush
                0x00000000000075b0       0x44 /Applications/lpcxpresso_7.5.0_254/lpcxpresso/tools/bin/../lib/gcc/arm-none-eabi/4.8.4/../../../../arm-none-eabi/lib/armv7-m/libcr_c.a(_do_fflush.o)
                0x00000000000075b0                _do_fflush
 .text.__check_heap_overflow
                0x00000000000075f4       0x18 /Applications/lpcxpresso_7.5.0_254/lpcxpresso/tools/bin/../lib/gcc/arm-none-eabi/4.8.4/../../../../arm-none-eabi/lib/armv7-m/libcr_c.a(_cr_check_heap.o)
                0x00000000000075f4                __check_heap_overflow
 .text.__aeabi_dmul
                0x000000000000760c      0x12c /Applications/lpcxpresso_7.5.0_254/lpcxpresso/tools/bin/../lib/gcc/arm-none-eabi/4.8.4/armv7-m/libcr_eabihelpers.a(double.o)
                0x000000000000760c                __aeabi_dmul
 .text.__aeabi_ddiv
                0x0000000000007738      0x16c /Applications/lpcxpresso_7.5.0_254/lpcxpresso/tools/bin/../lib/gcc/arm-none-eabi/4.8.4/armv7-m/libcr_eabihelpers.a(double.o)
                0x0000000000007738                __aeabi_ddiv
 .text.__aeabi_dsub
                0x00000000000078a4      0x228 /Applications/lpcxpresso_7.5.0_254/lpcxpresso/tools/bin/../lib/gcc/arm-none-eabi/4.8.4/armv7-m/libcr_eabihelpers.a(double.o)
                0x00000000000078a4                __aeabi_dsub
 .text.__aeabi_dadd
                0x0000000000007acc      0x178 /Applications/lpcxpresso_7.5.0_254/lpcxpresso/tools/bin/../lib/gcc/arm-none-eabi/4.8.4/armv7-m/libcr_eabihelpers.a(double.o)
                0x0000000000007acc                __aeabi_dadd
 .text.__aeabi_d2iz
                0x0000000000007c44       0x4c /Applications/lpcxpresso_7.5.0_254/lpcxpresso/tools/bin/../lib/gcc/arm-none-eabi/4.8.4/armv7-m/libcr_eabihelpers.a(double.o)
                0x0000000000007c44                __aeabi_d2iz
 .text.__bhs_ui2d
                0x0000000000007c90       0x48 /Applications/lpcxpresso_7.5.0_254/lpcxpresso/tools/bin/../lib/gcc/arm-none-eabi/4.8.4/armv7-m/libcr_eabihelpers.a(double.o)
                0x0000000000007c90                __bhs_ui2d
 .text.__aeabi_i2d
                0x0000000000007cd8       0x10 /Applications/lpcxpresso_7.5.0_254/lpcxpresso/tools/bin/../lib/gcc/arm-none-eabi/4.8.4/armv7-m/libcr_eabihelpers.a(double.o)
                0x0000000000007cd8                __aeabi_i2d
 .text.__aeabi_dcmpeq
                0x0000000000007ce8       0x40 /Applications/lpcxpresso_7.5.0_254/lpcxpresso/tools/bin/../lib/gcc/arm-none-eabi/4.8.4/armv7-m/libcr_eabihelpers.a(double.o)
                0x0000000000007ce8                __aeabi_dcmpeq
 .text.__aeabi_dcmplt
                0x0000000000007d28       0x70 /Applications/lpcxpresso_7.5.0_254/lpcxpresso/tools/bin/../lib/gcc/arm-none-eabi/4.8.4/armv7-m/libcr_eabihelpers.a(double.o)
                0x0000000000007d28                __aeabi_dcmplt
 .text.__aeabi_dcmple
                0x0000000000007d98       0x68 /Applications/lpcxpresso_7.5.0_254/lpcxpresso/tools/bin/../lib/gcc/arm-none-eabi/4.8.4/armv7-m/libcr_eabihelpers.a(double.o)
                0x0000000000007d98                __aeabi_dcmple
 .text.__aeabi_dcmpge
                0x0000000000007e00       0x64 /Applications/lpcxpresso_7.5.0_254/lpcxpresso/tools/bin/../lib/gcc/arm-none-eabi/4.8.4/armv7-m/libcr_eabihelpers.a(double.o)
                0x0000000000007e00                __aeabi_dcmpge
 .text.__aeabi_memcpy
                0x0000000000007e64       0x3a /Applications/lpcxpresso_7.5.0_254/lpcxpresso/tools/bin/../lib/gcc/arm-none-eabi/4.8.4/armv7-m/libcr_eabihelpers.a(memcpy.o)
                0x0000000000007e64                __aeabi_memcpy
                0x0000000000007e70                __aeabi_memcpy4
                0x0000000000007e70                __aeabi_memcpy8
 .text.__aeabi_memset_lowlevel
                0x0000000000007e9e       0x38 /Applications/lpcxpresso_7.5.0_254/lpcxpresso/tools/bin/../lib/gcc/arm-none-eabi/4.8.4/armv7-m/libcr_eabihelpers.a(memcpy.o)
                0x0000000000007e9e                __aeabi_lowlevel_memset
 *fill*         0x0000000000007ed6        0x2 
 .text.__sys_appexit
                0x0000000000007ed8        0xc /Applications/lpcxpresso_7.5.0_254/lpcxpresso/tools/bin/../lib/gcc/arm-none-eabi/4.8.4/../../../../arm-none-eabi/lib/armv7-m/libcr_semihost.a(__sys_appexit.o)
                0x0000000000007ed8                __exit
                0x0000000000007ed8                __sys_appexit
 .text.__sys_close
                0x0000000000007ee4        0xc /Applications/lpcxpresso_7.5.0_254/lpcxpresso/tools/bin/../lib/gcc/arm-none-eabi/4.8.4/../../../../arm-none-eabi/lib/armv7-m/libcr_semihost.a(__sys_close.o)
                0x0000000000007ee4                __sys_close
 .text.__sys_flen
                0x0000000000007ef0        0xc /Applications/lpcxpresso_7.5.0_254/lpcxpresso/tools/bin/../lib/gcc/arm-none-eabi/4.8.4/../../../../arm-none-eabi/lib/armv7-m/libcr_semihost.a(__sys_flen.o)
                0x0000000000007ef0                __sys_flen
 .text.__sys_istty
                0x0000000000007efc        0xc /Applications/lpcxpresso_7.5.0_254/lpcxpresso/tools/bin/../lib/gcc/arm-none-eabi/4.8.4/../../../../arm-none-eabi/lib/armv7-m/libcr_semihost.a(__sys_istty.o)
                0x0000000000007efc                __sys_istty
 .text.__sys_remove
                0x0000000000007f08        0xc /Applications/lpcxpresso_7.5.0_254/lpcxpresso/tools/bin/../lib/gcc/arm-none-eabi/4.8.4/../../../../arm-none-eabi/lib/armv7-m/libcr_semihost.a(__sys_remove.o)
                0x0000000000007f08                __sys_remove
 .text.__sys_seek
                0x0000000000007f14        0xc /Applications/lpcxpresso_7.5.0_254/lpcxpresso/tools/bin/../lib/gcc/arm-none-eabi/4.8.4/../../../../arm-none-eabi/lib/armv7-m/libcr_semihost.a(__sys_seek.o)
                0x0000000000007f14                __sys_seek
 .text.__sys_tmpnam
                0x0000000000007f20        0xc /Applications/lpcxpresso_7.5.0_254/lpcxpresso/tools/bin/../lib/gcc/arm-none-eabi/4.8.4/../../../../arm-none-eabi/lib/armv7-m/libcr_semihost.a(__sys_tmpnam.o)
                0x0000000000007f20                __sys_tmpnam
 .text.__sys_write
                0x0000000000007f2c        0xc /Applications/lpcxpresso_7.5.0_254/lpcxpresso/tools/bin/../lib/gcc/arm-none-eabi/4.8.4/../../../../arm-none-eabi/lib/armv7-m/libcr_semihost.a(__sys_write.o)
                0x0000000000007f2c                __write
                0x0000000000007f2c                __sys_write
 *(.rodata .rodata.* .constdata .constdata.*)
 .rodata        0x0000000000007f38       0x68 ./src/fat_filelib.o
 .rodata        0x0000000000007fa0       0x48 ./src/fat_misc.o
 .rodata        0x0000000000007fe8      0x16c ./src/main.o
 .rodata        0x0000000000008154       0x18 /Users/wangjiadong/LPCXpresso/workspace/Lib_MCU/Debug/libLib_MCU.a(lpc17xx_uart.o)
 .rodata.str1.1
                0x000000000000816c       0x34 /Applications/lpcxpresso_7.5.0_254/lpcxpresso/tools/bin/../lib/gcc/arm-none-eabi/4.8.4/../../../../arm-none-eabi/lib/armv7-m/libcr_c.a(fpprintf.o)
                                         0x35 (size before relaxing)
 .rodata.str1.1
                0x00000000000081a0        0x4 /Applications/lpcxpresso_7.5.0_254/lpcxpresso/tools/bin/../lib/gcc/arm-none-eabi/4.8.4/../../../../arm-none-eabi/lib/armv7-m/libcr_c.a(initio.o)
 .rodata.str1.1
                0x00000000000081a4       0x31 /Applications/lpcxpresso_7.5.0_254/lpcxpresso/tools/bin/../lib/gcc/arm-none-eabi/4.8.4/../../../../arm-none-eabi/lib/armv7-m/libcr_c.a(printf.o)
                                         0x38 (size before relaxing)
 .rodata.str1.1
                0x00000000000081d5       0x18 /Applications/lpcxpresso_7.5.0_254/lpcxpresso/tools/bin/../lib/gcc/arm-none-eabi/4.8.4/../../../../arm-none-eabi/lib/armv7-m/libcr_c.a(alloc.o)
 *fill*         0x00000000000081ed        0x3 
 .rodata.__huge_vall
                0x00000000000081f0        0x8 /Applications/lpcxpresso_7.5.0_254/lpcxpresso/tools/bin/../lib/gcc/arm-none-eabi/4.8.4/../../../../arm-none-eabi/lib/armv7-m/libcr_c.a(_hugeval.o)
                0x00000000000081f0                __huge_vall
                0x00000000000081f8                . = ALIGN (0x4)

.glue_7         0x00000000000081f8        0x0
 .glue_7        0x0000000000000000        0x0 linker stubs

.glue_7t        0x00000000000081f8        0x0
 .glue_7t       0x0000000000000000        0x0 linker stubs

.vfp11_veneer   0x00000000000081f8        0x0
 .vfp11_veneer  0x0000000000000000        0x0 linker stubs

.v4_bx          0x00000000000081f8        0x0
 .v4_bx         0x0000000000000000        0x0 linker stubs

.iplt           0x00000000000081f8        0x0
 .iplt          0x0000000000000000        0x0 ./src/Bluetooth_3032.o

.rel.dyn        0x00000000000081f8        0x0
 .rel.iplt      0x0000000000000000        0x0 ./src/Bluetooth_3032.o

.ARM.extab
 *(.ARM.extab* .gnu.linkonce.armextab.*)
                0x00000000000081f8                __exidx_start = .

.ARM.exidx
 *(.ARM.exidx* .gnu.linkonce.armexidx.*)
                0x00000000000081f8                __exidx_end = .
                0x00000000000081f8                _etext = .

.data_RAM2      0x000000002007c000        0x0 load address 0x00000000000081f8
 FILL mask 0xff
 *(.ramfunc.$RAM2)
 *(.ramfunc.$RamAHB32)
 *(.data.$RAM2*)
 *(.data.$RamAHB32*)
                0x000000002007c000                . = ALIGN (0x4)

.uninit_RESERVED
                0x0000000010000000        0x0
 *(.bss.$RESERVED*)
                0x0000000010000000                . = ALIGN (0x4)
                0x0000000010000000                _end_uninit_RESERVED = .

.data           0x0000000010000000        0x4 load address 0x00000000000081f8
 FILL mask 0xff
                0x0000000010000000                _data = .
 *(vtable)
 *(.ramfunc*)
 *(.data*)
 .data          0x0000000010000000        0x4 /Users/wangjiadong/LPCXpresso/workspace/Lib_CMSISv1p30_LPC17xx/Debug/libCMSISv1p30_LPC17xx.a(system_LPC17xx.o)
                0x0000000010000000                SystemCoreClock
                0x0000000010000004                . = ALIGN (0x4)
                0x0000000010000004                _edata = .

.igot.plt       0x0000000010000004        0x0 load address 0x00000000000081fc
 .igot.plt      0x0000000000000000        0x0 ./src/Bluetooth_3032.o

.bss_RAM2       0x000000002007c000        0x0
 *(.bss.$RAM2*)
 *(.bss.$RamAHB32*)
                0x000000002007c000                . = ALIGN (0x4)

.bss            0x0000000010000004      0xe98
                0x0000000010000004                _bss = .
 *(.bss*)
 .bss._files    0x0000000010000004      0x888 ./src/fat_filelib.o
 .bss._filelib_init
                0x000000001000088c        0x4 ./src/fat_filelib.o
 .bss._filelib_valid
                0x0000000010000890        0x4 ./src/fat_filelib.o
 .bss._fs       0x0000000010000894      0x464 ./src/fat_filelib.o
 .bss._open_file_list
                0x0000000010000cf8        0x8 ./src/fat_filelib.o
 .bss._free_file_list
                0x0000000010000d00        0x8 ./src/fat_filelib.o
 .bss.Timer     0x0000000010000d08        0x4 ./src/main.o
                0x0000000010000d08                Timer
 .bss.ticks.5780
                0x0000000010000d0c        0x4 ./src/main.o
 .bss.Timer1    0x0000000010000d10        0x4 ./src/sd.o
 .bss.Timer2    0x0000000010000d14        0x4 ./src/sd.o
 .bss.errno     0x0000000010000d18        0x4 /Applications/lpcxpresso_7.5.0_254/lpcxpresso/tools/bin/../lib/gcc/arm-none-eabi/4.8.4/../../../../arm-none-eabi/lib/armv7-m/libcr_c.a(errno.o)
                0x0000000010000d18                errno
 *(COMMON)
 COMMON         0x0000000010000d1c       0x34 ./src/sd.o
                0x0000000010000d1c                CardType
                0x0000000010000d20                CardConfig
 COMMON         0x0000000010000d50        0x4 /Applications/lpcxpresso_7.5.0_254/lpcxpresso/tools/bin/../lib/gcc/arm-none-eabi/4.8.4/../../../../arm-none-eabi/lib/armv7-m/libcr_c.a(initio.o)
                0x0000000010000d50                _extra
 COMMON         0x0000000010000d54      0x140 /Applications/lpcxpresso_7.5.0_254/lpcxpresso/tools/bin/../lib/gcc/arm-none-eabi/4.8.4/../../../../arm-none-eabi/lib/armv7-m/libcr_c.a(stdio.o)
                0x0000000010000d54                __Ciob
 COMMON         0x0000000010000e94        0x8 /Applications/lpcxpresso_7.5.0_254/lpcxpresso/tools/bin/../lib/gcc/arm-none-eabi/4.8.4/../../../../arm-none-eabi/lib/armv7-m/libcr_c.a(__init_alloc.o)
                0x0000000010000e94                __heaps
                0x0000000010000e98                __end_of_heap
                0x0000000010000e9c                . = ALIGN (0x4)
                0x0000000010000e9c                _ebss = .
                0x0000000010000e9c                PROVIDE (end, .)

.noinit_RAM2    0x000000002007c000        0x0
 *(.noinit.$RAM2*)
 *(.noinit.$RamAHB32*)
                0x000000002007c000                . = ALIGN (0x4)

.noinit         0x0000000010000e9c        0x0
                0x0000000010000e9c                _noinit = .
 *(.noinit*)
                0x0000000010000e9c                . = ALIGN (0x4)
                0x0000000010000e9c                _end_noinit = .
                0x0000000010000e9c                PROVIDE (_pvHeapStart, DEFINED (__user_heap_base)?__user_heap_base:.)
                0x0000000010008000                PROVIDE (_vStackTop, DEFINED (__user_stack_top)?__user_stack_top:(__top_RamLoc32 - 0x0))
OUTPUT(LPC1769_CMSIS_MCU_blinky.axf elf32-littlearm)

.debug_info     0x0000000000000000     0x981f
 .debug_info    0x0000000000000000      0x6c8 ./src/Bluetooth_3032.o
 .debug_info    0x00000000000006c8      0x43c ./src/GPS_3032.o
 .debug_info    0x0000000000000b04      0x534 ./src/Load_3032.o
 .debug_info    0x0000000000001038      0x5b3 ./src/Temp_3032.o
 .debug_info    0x00000000000015eb      0x2be ./src/cr_startup_lpc176x.o
 .debug_info    0x00000000000018a9      0xb2e ./src/fat_access.o
 .debug_info    0x00000000000023d7      0x66c ./src/fat_cache.o
 .debug_info    0x0000000000002a43     0x1303 ./src/fat_filelib.o
 .debug_info    0x0000000000003d46      0x61d ./src/fat_misc.o
 .debug_info    0x0000000000004363      0x4c4 ./src/fat_string.o
 .debug_info    0x0000000000004827      0x67e ./src/fat_table.o
 .debug_info    0x0000000000004ea5      0x654 ./src/fat_write.o
 .debug_info    0x00000000000054f9      0xa78 ./src/main.o
 .debug_info    0x0000000000005f71      0x4d5 ./src/sd.o
 .debug_info    0x0000000000006446      0x811 ./src/spi.o
 .debug_info    0x0000000000006c57      0x2e3 /Users/wangjiadong/LPCXpresso/workspace/Lib_CMSISv1p30_LPC17xx/Debug/libCMSISv1p30_LPC17xx.a(system_LPC17xx.o)
 .debug_info    0x0000000000006f3a      0xac9 /Users/wangjiadong/LPCXpresso/workspace/Lib_MCU/Debug/libLib_MCU.a(lpc17xx_gpio.o)
 .debug_info    0x0000000000007a03      0x44a /Users/wangjiadong/LPCXpresso/workspace/Lib_MCU/Debug/libLib_MCU.a(lpc17xx_pinsel.o)
 .debug_info    0x0000000000007e4d     0x1381 /Users/wangjiadong/LPCXpresso/workspace/Lib_MCU/Debug/libLib_MCU.a(lpc17xx_uart.o)
 .debug_info    0x00000000000091ce      0x58c /Users/wangjiadong/LPCXpresso/workspace/Lib_MCU/Debug/libLib_MCU.a(lpc17xx_clkpwr.o)
 .debug_info    0x000000000000975a       0xc5 /Users/wangjiadong/LPCXpresso/workspace/Lib_MCU/Debug/libLib_MCU.a(lpc17xx_libcfg_default.o)

.debug_abbrev   0x0000000000000000     0x2226
 .debug_abbrev  0x0000000000000000      0x1e4 ./src/Bluetooth_3032.o
 .debug_abbrev  0x00000000000001e4      0x151 ./src/GPS_3032.o
 .debug_abbrev  0x0000000000000335      0x11e ./src/Load_3032.o
 .debug_abbrev  0x0000000000000453      0x138 ./src/Temp_3032.o
 .debug_abbrev  0x000000000000058b      0x12b ./src/cr_startup_lpc176x.o
 .debug_abbrev  0x00000000000006b6      0x20a ./src/fat_access.o
 .debug_abbrev  0x00000000000008c0      0x1a1 ./src/fat_cache.o
 .debug_abbrev  0x0000000000000a61      0x268 ./src/fat_filelib.o
 .debug_abbrev  0x0000000000000cc9      0x1ca ./src/fat_misc.o
 .debug_abbrev  0x0000000000000e93      0x15b ./src/fat_string.o
 .debug_abbrev  0x0000000000000fee      0x1fb ./src/fat_table.o
 .debug_abbrev  0x00000000000011e9      0x1ad ./src/fat_write.o
 .debug_abbrev  0x0000000000001396      0x2da ./src/main.o
 .debug_abbrev  0x0000000000001670      0x1a1 ./src/sd.o
 .debug_abbrev  0x0000000000001811      0x1a3 ./src/spi.o
 .debug_abbrev  0x00000000000019b4       0xe6 /Users/wangjiadong/LPCXpresso/workspace/Lib_CMSISv1p30_LPC17xx/Debug/libCMSISv1p30_LPC17xx.a(system_LPC17xx.o)
 .debug_abbrev  0x0000000000001a9a      0x193 /Users/wangjiadong/LPCXpresso/workspace/Lib_MCU/Debug/libLib_MCU.a(lpc17xx_gpio.o)
 .debug_abbrev  0x0000000000001c2d      0x129 /Users/wangjiadong/LPCXpresso/workspace/Lib_MCU/Debug/libLib_MCU.a(lpc17xx_pinsel.o)
 .debug_abbrev  0x0000000000001d56      0x2a8 /Users/wangjiadong/LPCXpresso/workspace/Lib_MCU/Debug/libLib_MCU.a(lpc17xx_uart.o)
 .debug_abbrev  0x0000000000001ffe      0x1bc /Users/wangjiadong/LPCXpresso/workspace/Lib_MCU/Debug/libLib_MCU.a(lpc17xx_clkpwr.o)
 .debug_abbrev  0x00000000000021ba       0x6c /Users/wangjiadong/LPCXpresso/workspace/Lib_MCU/Debug/libLib_MCU.a(lpc17xx_libcfg_default.o)

.debug_aranges  0x0000000000000000      0x9c0
 .debug_aranges
                0x0000000000000000       0x40 ./src/Bluetooth_3032.o
 .debug_aranges
                0x0000000000000040       0x40 ./src/GPS_3032.o
 .debug_aranges
                0x0000000000000080       0x28 ./src/Load_3032.o
 .debug_aranges
                0x00000000000000a8       0x30 ./src/Temp_3032.o
 .debug_aranges
                0x00000000000000d8       0x80 ./src/cr_startup_lpc176x.o
 .debug_aranges
                0x0000000000000158       0x90 ./src/fat_access.o
 .debug_aranges
                0x00000000000001e8       0x70 ./src/fat_cache.o
 .debug_aranges
                0x0000000000000258      0x168 ./src/fat_filelib.o
 .debug_aranges
                0x00000000000003c0       0x90 ./src/fat_misc.o
 .debug_aranges
                0x0000000000000450       0x70 ./src/fat_string.o
 .debug_aranges
                0x00000000000004c0       0x70 ./src/fat_table.o
 .debug_aranges
                0x0000000000000530       0x38 ./src/fat_write.o
 .debug_aranges
                0x0000000000000568       0xc0 ./src/main.o
 .debug_aranges
                0x0000000000000628       0x68 ./src/sd.o
 .debug_aranges
                0x0000000000000690       0x48 ./src/spi.o
 .debug_aranges
                0x00000000000006d8       0x28 /Users/wangjiadong/LPCXpresso/workspace/Lib_CMSISv1p30_LPC17xx/Debug/libCMSISv1p30_LPC17xx.a(system_LPC17xx.o)
 .debug_aranges
                0x0000000000000700       0xc8 /Users/wangjiadong/LPCXpresso/workspace/Lib_MCU/Debug/libLib_MCU.a(lpc17xx_gpio.o)
 .debug_aranges
                0x00000000000007c8       0x48 /Users/wangjiadong/LPCXpresso/workspace/Lib_MCU/Debug/libLib_MCU.a(lpc17xx_pinsel.o)
 .debug_aranges
                0x0000000000000810      0x130 /Users/wangjiadong/LPCXpresso/workspace/Lib_MCU/Debug/libLib_MCU.a(lpc17xx_uart.o)
 .debug_aranges
                0x0000000000000940       0x60 /Users/wangjiadong/LPCXpresso/workspace/Lib_MCU/Debug/libLib_MCU.a(lpc17xx_clkpwr.o)
 .debug_aranges
                0x00000000000009a0       0x20 /Users/wangjiadong/LPCXpresso/workspace/Lib_MCU/Debug/libLib_MCU.a(lpc17xx_libcfg_default.o)

.debug_ranges   0x0000000000000000      0x888
 .debug_ranges  0x0000000000000000       0x30 ./src/Bluetooth_3032.o
 .debug_ranges  0x0000000000000030       0x30 ./src/GPS_3032.o
 .debug_ranges  0x0000000000000060       0x18 ./src/Load_3032.o
 .debug_ranges  0x0000000000000078       0x20 ./src/Temp_3032.o
 .debug_ranges  0x0000000000000098       0x70 ./src/cr_startup_lpc176x.o
 .debug_ranges  0x0000000000000108       0x80 ./src/fat_access.o
 .debug_ranges  0x0000000000000188       0x60 ./src/fat_cache.o
 .debug_ranges  0x00000000000001e8      0x170 ./src/fat_filelib.o
 .debug_ranges  0x0000000000000358       0x80 ./src/fat_misc.o
 .debug_ranges  0x00000000000003d8       0x60 ./src/fat_string.o
 .debug_ranges  0x0000000000000438       0x60 ./src/fat_table.o
 .debug_ranges  0x0000000000000498       0x28 ./src/fat_write.o
 .debug_ranges  0x00000000000004c0       0xb0 ./src/main.o
 .debug_ranges  0x0000000000000570       0x58 ./src/sd.o
 .debug_ranges  0x00000000000005c8       0x38 ./src/spi.o
 .debug_ranges  0x0000000000000600       0x18 /Users/wangjiadong/LPCXpresso/workspace/Lib_CMSISv1p30_LPC17xx/Debug/libCMSISv1p30_LPC17xx.a(system_LPC17xx.o)
 .debug_ranges  0x0000000000000618       0xb8 /Users/wangjiadong/LPCXpresso/workspace/Lib_MCU/Debug/libLib_MCU.a(lpc17xx_gpio.o)
 .debug_ranges  0x00000000000006d0       0x38 /Users/wangjiadong/LPCXpresso/workspace/Lib_MCU/Debug/libLib_MCU.a(lpc17xx_pinsel.o)
 .debug_ranges  0x0000000000000708      0x120 /Users/wangjiadong/LPCXpresso/workspace/Lib_MCU/Debug/libLib_MCU.a(lpc17xx_uart.o)
 .debug_ranges  0x0000000000000828       0x50 /Users/wangjiadong/LPCXpresso/workspace/Lib_MCU/Debug/libLib_MCU.a(lpc17xx_clkpwr.o)
 .debug_ranges  0x0000000000000878       0x10 /Users/wangjiadong/LPCXpresso/workspace/Lib_MCU/Debug/libLib_MCU.a(lpc17xx_libcfg_default.o)

.debug_macro    0x0000000000000000     0x598c
 .debug_macro   0x0000000000000000       0xad ./src/Bluetooth_3032.o
 .debug_macro   0x00000000000000ad      0x856 ./src/Bluetooth_3032.o
 .debug_macro   0x0000000000000903       0x1c ./src/Bluetooth_3032.o
 .debug_macro   0x000000000000091f       0x22 ./src/Bluetooth_3032.o
 .debug_macro   0x0000000000000941       0x10 ./src/Bluetooth_3032.o
 .debug_macro   0x0000000000000951      0x12d ./src/Bluetooth_3032.o
 .debug_macro   0x0000000000000a7e      0x5b2 ./src/Bluetooth_3032.o
 .debug_macro   0x0000000000001030      0x7b7 ./src/Bluetooth_3032.o
 .debug_macro   0x00000000000017e7      0x2c7 ./src/Bluetooth_3032.o
 .debug_macro   0x0000000000001aae       0x63 ./src/Bluetooth_3032.o
 .debug_macro   0x0000000000001b11      0x143 ./src/Bluetooth_3032.o
 .debug_macro   0x0000000000001c54       0x46 ./src/Bluetooth_3032.o
 .debug_macro   0x0000000000001c9a      0x32a ./src/Bluetooth_3032.o
 .debug_macro   0x0000000000001fc4       0x9a ./src/Bluetooth_3032.o
 .debug_macro   0x000000000000205e       0xb1 ./src/GPS_3032.o
 .debug_macro   0x000000000000210f       0xbc ./src/Load_3032.o
 .debug_macro   0x00000000000021cb       0x34 ./src/Load_3032.o
 .debug_macro   0x00000000000021ff       0xb6 ./src/Temp_3032.o
 .debug_macro   0x00000000000022b5       0x34 ./src/Temp_3032.o
 .debug_macro   0x00000000000022e9       0x52 ./src/cr_startup_lpc176x.o
 .debug_macro   0x000000000000233b      0x85c ./src/cr_startup_lpc176x.o
 .debug_macro   0x0000000000002b97       0xb5 ./src/fat_access.o
 .debug_macro   0x0000000000002c4c       0x4c ./src/fat_access.o
 .debug_macro   0x0000000000002c98       0x2e ./src/fat_access.o
 .debug_macro   0x0000000000002cc6      0x1ae ./src/fat_access.o
 .debug_macro   0x0000000000002e74       0x3a ./src/fat_access.o
 .debug_macro   0x0000000000002eae       0x2e ./src/fat_access.o
 .debug_macro   0x0000000000002edc       0xa8 ./src/fat_cache.o
 .debug_macro   0x0000000000002f84       0x3a ./src/fat_cache.o
 .debug_macro   0x0000000000002fbe       0x28 ./src/fat_cache.o
 .debug_macro   0x0000000000002fe6       0xfe ./src/fat_filelib.o
 .debug_macro   0x00000000000030e4       0x28 ./src/fat_filelib.o
 .debug_macro   0x000000000000310c       0x93 ./src/fat_misc.o
 .debug_macro   0x000000000000319f       0x28 ./src/fat_misc.o
 .debug_macro   0x00000000000031c7       0x50 ./src/fat_string.o
 .debug_macro   0x0000000000003217       0x16 ./src/fat_string.o
 .debug_macro   0x000000000000322d       0xb5 ./src/fat_table.o
 .debug_macro   0x00000000000032e2       0xb5 ./src/fat_write.o
 .debug_macro   0x0000000000003397      0x141 ./src/main.o
 .debug_macro   0x00000000000034d8       0x3a ./src/main.o
 .debug_macro   0x0000000000003512       0x34 ./src/main.o
 .debug_macro   0x0000000000003546       0x52 ./src/main.o
 .debug_macro   0x0000000000003598       0x28 ./src/main.o
 .debug_macro   0x00000000000035c0      0x12e ./src/sd.o
 .debug_macro   0x00000000000036ee       0x1c ./src/sd.o
 .debug_macro   0x000000000000370a      0x2c7 ./src/sd.o
 .debug_macro   0x00000000000039d1       0x10 ./src/sd.o
 .debug_macro   0x00000000000039e1       0x3a ./src/sd.o
 .debug_macro   0x0000000000003a1b       0x95 ./src/spi.o
 .debug_macro   0x0000000000003ab0      0x113 /Users/wangjiadong/LPCXpresso/workspace/Lib_CMSISv1p30_LPC17xx/Debug/libCMSISv1p30_LPC17xx.a(system_LPC17xx.o)
 .debug_macro   0x0000000000003bc3      0x850 /Users/wangjiadong/LPCXpresso/workspace/Lib_CMSISv1p30_LPC17xx/Debug/libCMSISv1p30_LPC17xx.a(system_LPC17xx.o)
 .debug_macro   0x0000000000004413      0x7d5 /Users/wangjiadong/LPCXpresso/workspace/Lib_CMSISv1p30_LPC17xx/Debug/libCMSISv1p30_LPC17xx.a(system_LPC17xx.o)
 .debug_macro   0x0000000000004be8       0x83 /Users/wangjiadong/LPCXpresso/workspace/Lib_MCU/Debug/libLib_MCU.a(lpc17xx_gpio.o)
 .debug_macro   0x0000000000004c6b       0x40 /Users/wangjiadong/LPCXpresso/workspace/Lib_MCU/Debug/libLib_MCU.a(lpc17xx_gpio.o)
 .debug_macro   0x0000000000004cab       0xcb /Users/wangjiadong/LPCXpresso/workspace/Lib_MCU/Debug/libLib_MCU.a(lpc17xx_gpio.o)
 .debug_macro   0x0000000000004d76       0x7a /Users/wangjiadong/LPCXpresso/workspace/Lib_MCU/Debug/libLib_MCU.a(lpc17xx_pinsel.o)
 .debug_macro   0x0000000000004df0       0x8c /Users/wangjiadong/LPCXpresso/workspace/Lib_MCU/Debug/libLib_MCU.a(lpc17xx_uart.o)
 .debug_macro   0x0000000000004e7c      0x324 /Users/wangjiadong/LPCXpresso/workspace/Lib_MCU/Debug/libLib_MCU.a(lpc17xx_uart.o)
 .debug_macro   0x00000000000051a0      0x2fe /Users/wangjiadong/LPCXpresso/workspace/Lib_MCU/Debug/libLib_MCU.a(lpc17xx_uart.o)
 .debug_macro   0x000000000000549e       0x7a /Users/wangjiadong/LPCXpresso/workspace/Lib_MCU/Debug/libLib_MCU.a(lpc17xx_clkpwr.o)
 .debug_macro   0x0000000000005518      0x2f8 /Users/wangjiadong/LPCXpresso/workspace/Lib_MCU/Debug/libLib_MCU.a(lpc17xx_clkpwr.o)
 .debug_macro   0x0000000000005810       0x5a /Users/wangjiadong/LPCXpresso/workspace/Lib_MCU/Debug/libLib_MCU.a(lpc17xx_libcfg_default.o)
 .debug_macro   0x000000000000586a       0x5d /Users/wangjiadong/LPCXpresso/workspace/Lib_MCU/Debug/libLib_MCU.a(lpc17xx_libcfg_default.o)
 .debug_macro   0x00000000000058c7       0xc5 /Users/wangjiadong/LPCXpresso/workspace/Lib_MCU/Debug/libLib_MCU.a(lpc17xx_libcfg_default.o)

.debug_line     0x0000000000000000     0x4b36
 .debug_line    0x0000000000000000      0x28f ./src/Bluetooth_3032.o
 .debug_line    0x000000000000028f      0x2b6 ./src/GPS_3032.o
 .debug_line    0x0000000000000545      0x282 ./src/Load_3032.o
 .debug_line    0x00000000000007c7      0x299 ./src/Temp_3032.o
 .debug_line    0x0000000000000a60      0x1bf ./src/cr_startup_lpc176x.o
 .debug_line    0x0000000000000c1f      0x4a9 ./src/fat_access.o
 .debug_line    0x00000000000010c8      0x2a0 ./src/fat_cache.o
 .debug_line    0x0000000000001368      0x99b ./src/fat_filelib.o
 .debug_line    0x0000000000001d03      0x3df ./src/fat_misc.o
 .debug_line    0x00000000000020e2      0x3a3 ./src/fat_string.o
 .debug_line    0x0000000000002485      0x37e ./src/fat_table.o
 .debug_line    0x0000000000002803      0x2d6 ./src/fat_write.o
 .debug_line    0x0000000000002ad9      0x546 ./src/main.o
 .debug_line    0x000000000000301f      0x464 ./src/sd.o
 .debug_line    0x0000000000003483      0x23a ./src/spi.o
 .debug_line    0x00000000000036bd      0x201 /Users/wangjiadong/LPCXpresso/workspace/Lib_CMSISv1p30_LPC17xx/Debug/libCMSISv1p30_LPC17xx.a(system_LPC17xx.o)
 .debug_line    0x00000000000038be      0x3d9 /Users/wangjiadong/LPCXpresso/workspace/Lib_MCU/Debug/libLib_MCU.a(lpc17xx_gpio.o)
 .debug_line    0x0000000000003c97      0x255 /Users/wangjiadong/LPCXpresso/workspace/Lib_MCU/Debug/libLib_MCU.a(lpc17xx_pinsel.o)
 .debug_line    0x0000000000003eec      0x817 /Users/wangjiadong/LPCXpresso/workspace/Lib_MCU/Debug/libLib_MCU.a(lpc17xx_uart.o)
 .debug_line    0x0000000000004703      0x2b4 /Users/wangjiadong/LPCXpresso/workspace/Lib_MCU/Debug/libLib_MCU.a(lpc17xx_clkpwr.o)
 .debug_line    0x00000000000049b7      0x17f /Users/wangjiadong/LPCXpresso/workspace/Lib_MCU/Debug/libLib_MCU.a(lpc17xx_libcfg_default.o)

.debug_str      0x0000000000000000     0xf5b4
 .debug_str     0x0000000000000000     0xa14e ./src/Bluetooth_3032.o
                                       0xa1ec (size before relaxing)
 .debug_str     0x000000000000a14e       0x49 ./src/GPS_3032.o
                                       0x9fc1 (size before relaxing)
 .debug_str     0x000000000000a197      0x334 ./src/Load_3032.o
                                       0xa0ac (size before relaxing)
 .debug_str     0x000000000000a4cb       0x5b ./src/Temp_3032.o
                                       0xa0f5 (size before relaxing)
 .debug_str     0x000000000000a526      0x2a8 ./src/cr_startup_lpc176x.o
                                       0x3d47 (size before relaxing)
 .debug_str     0x000000000000a7ce     0x10a8 ./src/fat_access.o
                                       0x3cdf (size before relaxing)
 .debug_str     0x000000000000b876      0x3d5 ./src/fat_cache.o
                                       0x3a9a (size before relaxing)
 .debug_str     0x000000000000bc4b      0x404 ./src/fat_filelib.o
                                       0x4227 (size before relaxing)
 .debug_str     0x000000000000c04f      0x1de ./src/fat_misc.o
                                       0x398e (size before relaxing)
 .debug_str     0x000000000000c22d      0x25e ./src/fat_string.o
                                       0x2c1a (size before relaxing)
 .debug_str     0x000000000000c48b      0x2de ./src/fat_table.o
                                       0x3c85 (size before relaxing)
 .debug_str     0x000000000000c769      0x127 ./src/fat_write.o
                                       0x3b76 (size before relaxing)
 .debug_str     0x000000000000c890      0x280 ./src/main.o
                                       0xaf72 (size before relaxing)
 .debug_str     0x000000000000cb10      0x3f7 ./src/sd.o
                                       0x7fac (size before relaxing)
 .debug_str     0x000000000000cf07      0x26c ./src/spi.o
                                       0x802d (size before relaxing)
 .debug_str     0x000000000000d173      0x3b7 /Users/wangjiadong/LPCXpresso/workspace/Lib_CMSISv1p30_LPC17xx/Debug/libCMSISv1p30_LPC17xx.a(system_LPC17xx.o)
                                       0x7f0d (size before relaxing)
 .debug_str     0x000000000000d52a      0x3a5 /Users/wangjiadong/LPCXpresso/workspace/Lib_MCU/Debug/libLib_MCU.a(lpc17xx_gpio.o)
                                       0x8360 (size before relaxing)
 .debug_str     0x000000000000d8cf      0x121 /Users/wangjiadong/LPCXpresso/workspace/Lib_MCU/Debug/libLib_MCU.a(lpc17xx_pinsel.o)
                                       0x83a4 (size before relaxing)
 .debug_str     0x000000000000d9f0     0x1acc /Users/wangjiadong/LPCXpresso/workspace/Lib_MCU/Debug/libLib_MCU.a(lpc17xx_uart.o)
                                       0xb272 (size before relaxing)
 .debug_str     0x000000000000f4bc       0xcb /Users/wangjiadong/LPCXpresso/workspace/Lib_MCU/Debug/libLib_MCU.a(lpc17xx_clkpwr.o)
                                       0x9101 (size before relaxing)
 .debug_str     0x000000000000f587       0x2d /Users/wangjiadong/LPCXpresso/workspace/Lib_MCU/Debug/libLib_MCU.a(lpc17xx_libcfg_default.o)
                                       0x3e39 (size before relaxing)

.comment        0x0000000000000000       0xe0
 .comment       0x0000000000000000       0x70 ./src/Bluetooth_3032.o
                                         0x71 (size before relaxing)
 .comment       0x0000000000000000       0x71 ./src/GPS_3032.o
 .comment       0x0000000000000000       0x71 ./src/Load_3032.o
 .comment       0x0000000000000000       0x71 ./src/Temp_3032.o
 .comment       0x0000000000000000       0x71 ./src/cr_startup_lpc176x.o
 .comment       0x0000000000000000       0x71 ./src/fat_access.o
 .comment       0x0000000000000000       0x71 ./src/fat_cache.o
 .comment       0x0000000000000000       0x71 ./src/fat_filelib.o
 .comment       0x0000000000000000       0x71 ./src/fat_misc.o
 .comment       0x0000000000000000       0x71 ./src/fat_string.o
 .comment       0x0000000000000000       0x71 ./src/fat_table.o
 .comment       0x0000000000000000       0x71 ./src/fat_write.o
 .comment       0x0000000000000000       0x71 ./src/main.o
 .comment       0x0000000000000000       0x71 ./src/sd.o
 .comment       0x0000000000000000       0x71 ./src/spi.o
 .comment       0x0000000000000000       0x71 /Users/wangjiadong/LPCXpresso/workspace/Lib_CMSISv1p30_LPC17xx/Debug/libCMSISv1p30_LPC17xx.a(system_LPC17xx.o)
 .comment       0x0000000000000000       0x71 /Users/wangjiadong/LPCXpresso/workspace/Lib_MCU/Debug/libLib_MCU.a(lpc17xx_gpio.o)
 .comment       0x0000000000000000       0x71 /Users/wangjiadong/LPCXpresso/workspace/Lib_MCU/Debug/libLib_MCU.a(lpc17xx_pinsel.o)
 .comment       0x0000000000000000       0x71 /Users/wangjiadong/LPCXpresso/workspace/Lib_MCU/Debug/libLib_MCU.a(lpc17xx_uart.o)
 .comment       0x0000000000000000       0x71 /Users/wangjiadong/LPCXpresso/workspace/Lib_MCU/Debug/libLib_MCU.a(lpc17xx_clkpwr.o)
 .comment       0x0000000000000000       0x71 /Users/wangjiadong/LPCXpresso/workspace/Lib_MCU/Debug/libLib_MCU.a(lpc17xx_libcfg_default.o)
 .comment       0x0000000000000070       0x70 /Applications/lpcxpresso_7.5.0_254/lpcxpresso/tools/bin/../lib/gcc/arm-none-eabi/4.8.4/../../../../arm-none-eabi/lib/armv7-m/libcr_semihost.a(_cr__main.o)
                                         0x71 (size before relaxing)
 .comment       0x0000000000000000       0x71 /Applications/lpcxpresso_7.5.0_254/lpcxpresso/tools/bin/../lib/gcc/arm-none-eabi/4.8.4/../../../../arm-none-eabi/lib/armv7-m/libcr_c.a(memcpy.o)
 .comment       0x0000000000000000       0x71 /Applications/lpcxpresso_7.5.0_254/lpcxpresso/tools/bin/../lib/gcc/arm-none-eabi/4.8.4/../../../../arm-none-eabi/lib/armv7-m/libcr_c.a(memset.o)
 .comment       0x0000000000000000       0x71 /Applications/lpcxpresso_7.5.0_254/lpcxpresso/tools/bin/../lib/gcc/arm-none-eabi/4.8.4/../../../../arm-none-eabi/lib/armv7-m/libcr_c.a(fpprintf.o)
 .comment       0x0000000000000000       0x71 /Applications/lpcxpresso_7.5.0_254/lpcxpresso/tools/bin/../lib/gcc/arm-none-eabi/4.8.4/../../../../arm-none-eabi/lib/armv7-m/libcr_c.a(initio.o)
 .comment       0x0000000000000000       0x71 /Applications/lpcxpresso_7.5.0_254/lpcxpresso/tools/bin/../lib/gcc/arm-none-eabi/4.8.4/../../../../arm-none-eabi/lib/armv7-m/libcr_c.a(printf.o)
 .comment       0x0000000000000000       0x71 /Applications/lpcxpresso_7.5.0_254/lpcxpresso/tools/bin/../lib/gcc/arm-none-eabi/4.8.4/../../../../arm-none-eabi/lib/armv7-m/libcr_c.a(setvbuf.o)
 .comment       0x0000000000000000       0x71 /Applications/lpcxpresso_7.5.0_254/lpcxpresso/tools/bin/../lib/gcc/arm-none-eabi/4.8.4/../../../../arm-none-eabi/lib/armv7-m/libcr_c.a(stdio.o)
 .comment       0x0000000000000000       0x71 /Applications/lpcxpresso_7.5.0_254/lpcxpresso/tools/bin/../lib/gcc/arm-none-eabi/4.8.4/../../../../arm-none-eabi/lib/armv7-m/libcr_c.a(strlen.o)
 .comment       0x0000000000000000       0x71 /Applications/lpcxpresso_7.5.0_254/lpcxpresso/tools/bin/../lib/gcc/arm-none-eabi/4.8.4/../../../../arm-none-eabi/lib/armv7-m/libcr_c.a(strncmp.o)
 .comment       0x0000000000000000       0x71 /Applications/lpcxpresso_7.5.0_254/lpcxpresso/tools/bin/../lib/gcc/arm-none-eabi/4.8.4/../../../../arm-none-eabi/lib/armv7-m/libcr_c.a(strncpy.o)
 .comment       0x0000000000000000       0x71 /Applications/lpcxpresso_7.5.0_254/lpcxpresso/tools/bin/../lib/gcc/arm-none-eabi/4.8.4/../../../../arm-none-eabi/lib/armv7-m/libcr_c.a(_deferredlazyseek.o)
 .comment       0x0000000000000000       0x71 /Applications/lpcxpresso_7.5.0_254/lpcxpresso/tools/bin/../lib/gcc/arm-none-eabi/4.8.4/../../../../arm-none-eabi/lib/armv7-m/libcr_c.a(_fdopen.o)
 .comment       0x0000000000000000       0x71 /Applications/lpcxpresso_7.5.0_254/lpcxpresso/tools/bin/../lib/gcc/arm-none-eabi/4.8.4/../../../../arm-none-eabi/lib/armv7-m/libcr_c.a(_fflush.o)
 .comment       0x0000000000000000       0x71 /Applications/lpcxpresso_7.5.0_254/lpcxpresso/tools/bin/../lib/gcc/arm-none-eabi/4.8.4/../../../../arm-none-eabi/lib/armv7-m/libcr_c.a(_frexpl.o)
 .comment       0x0000000000000000       0x71 /Applications/lpcxpresso_7.5.0_254/lpcxpresso/tools/bin/../lib/gcc/arm-none-eabi/4.8.4/../../../../arm-none-eabi/lib/armv7-m/libcr_c.a(_ldexpl.o)
 .comment       0x0000000000000000       0x71 /Applications/lpcxpresso_7.5.0_254/lpcxpresso/tools/bin/../lib/gcc/arm-none-eabi/4.8.4/../../../../arm-none-eabi/lib/armv7-m/libcr_c.a(_writebuf.o)
 .comment       0x0000000000000000       0x71 /Applications/lpcxpresso_7.5.0_254/lpcxpresso/tools/bin/../lib/gcc/arm-none-eabi/4.8.4/../../../../arm-none-eabi/lib/armv7-m/libcr_c.a(alloc.o)
 .comment       0x0000000000000000       0x71 /Applications/lpcxpresso_7.5.0_254/lpcxpresso/tools/bin/../lib/gcc/arm-none-eabi/4.8.4/../../../../arm-none-eabi/lib/armv7-m/libcr_c.a(errno.o)
 .comment       0x0000000000000000       0x71 /Applications/lpcxpresso_7.5.0_254/lpcxpresso/tools/bin/../lib/gcc/arm-none-eabi/4.8.4/../../../../arm-none-eabi/lib/armv7-m/libcr_c.a(fclose.o)
 .comment       0x0000000000000000       0x71 /Applications/lpcxpresso_7.5.0_254/lpcxpresso/tools/bin/../lib/gcc/arm-none-eabi/4.8.4/../../../../arm-none-eabi/lib/armv7-m/libcr_c.a(fflush.o)
 .comment       0x0000000000000000       0x71 /Applications/lpcxpresso_7.5.0_254/lpcxpresso/tools/bin/../lib/gcc/arm-none-eabi/4.8.4/../../../../arm-none-eabi/lib/armv7-m/libcr_c.a(fseek.o)
 .comment       0x0000000000000000       0x71 /Applications/lpcxpresso_7.5.0_254/lpcxpresso/tools/bin/../lib/gcc/arm-none-eabi/4.8.4/../../../../arm-none-eabi/lib/armv7-m/libcr_c.a(ftell.o)
 .comment       0x0000000000000000       0x71 /Applications/lpcxpresso_7.5.0_254/lpcxpresso/tools/bin/../lib/gcc/arm-none-eabi/4.8.4/../../../../arm-none-eabi/lib/armv7-m/libcr_c.a(remove.o)
 .comment       0x0000000000000000       0x71 /Applications/lpcxpresso_7.5.0_254/lpcxpresso/tools/bin/../lib/gcc/arm-none-eabi/4.8.4/../../../../arm-none-eabi/lib/armv7-m/libcr_c.a(__init_alloc.o)
 .comment       0x0000000000000000       0x71 /Applications/lpcxpresso_7.5.0_254/lpcxpresso/tools/bin/../lib/gcc/arm-none-eabi/4.8.4/../../../../arm-none-eabi/lib/armv7-m/libcr_c.a(_cr_sbrk.o)
 .comment       0x0000000000000000       0x71 /Applications/lpcxpresso_7.5.0_254/lpcxpresso/tools/bin/../lib/gcc/arm-none-eabi/4.8.4/../../../../arm-none-eabi/lib/armv7-m/libcr_c.a(_do_fflush.o)
 .comment       0x0000000000000000       0x71 /Applications/lpcxpresso_7.5.0_254/lpcxpresso/tools/bin/../lib/gcc/arm-none-eabi/4.8.4/../../../../arm-none-eabi/lib/armv7-m/libcr_c.a(_hugeval.o)
 .comment       0x0000000000000000       0x71 /Applications/lpcxpresso_7.5.0_254/lpcxpresso/tools/bin/../lib/gcc/arm-none-eabi/4.8.4/../../../../arm-none-eabi/lib/armv7-m/libcr_c.a(_cr_check_heap.o)
 .comment       0x0000000000000000       0x71 /Applications/lpcxpresso_7.5.0_254/lpcxpresso/tools/bin/../lib/gcc/arm-none-eabi/4.8.4/armv7-m/libcr_eabihelpers.a(double.o)

.ARM.attributes
                0x0000000000000000       0x31
 .ARM.attributes
                0x0000000000000000       0x33 ./src/Bluetooth_3032.o
 .ARM.attributes
                0x0000000000000033       0x33 ./src/GPS_3032.o
 .ARM.attributes
                0x0000000000000066       0x33 ./src/Load_3032.o
 .ARM.attributes
                0x0000000000000099       0x33 ./src/Temp_3032.o
 .ARM.attributes
                0x00000000000000cc       0x33 ./src/cr_startup_lpc176x.o
 .ARM.attributes
                0x00000000000000ff       0x33 ./src/fat_access.o
 .ARM.attributes
                0x0000000000000132       0x33 ./src/fat_cache.o
 .ARM.attributes
                0x0000000000000165       0x33 ./src/fat_filelib.o
 .ARM.attributes
                0x0000000000000198       0x33 ./src/fat_misc.o
 .ARM.attributes
                0x00000000000001cb       0x33 ./src/fat_string.o
 .ARM.attributes
                0x00000000000001fe       0x33 ./src/fat_table.o
 .ARM.attributes
                0x0000000000000231       0x33 ./src/fat_write.o
 .ARM.attributes
                0x0000000000000264       0x33 ./src/main.o
 .ARM.attributes
                0x0000000000000297       0x33 ./src/sd.o
 .ARM.attributes
                0x00000000000002ca       0x33 ./src/spi.o
 .ARM.attributes
                0x00000000000002fd       0x33 /Users/wangjiadong/LPCXpresso/workspace/Lib_CMSISv1p30_LPC17xx/Debug/libCMSISv1p30_LPC17xx.a(system_LPC17xx.o)
 .ARM.attributes
                0x0000000000000330       0x33 /Users/wangjiadong/LPCXpresso/workspace/Lib_MCU/Debug/libLib_MCU.a(lpc17xx_gpio.o)
 .ARM.attributes
                0x0000000000000363       0x33 /Users/wangjiadong/LPCXpresso/workspace/Lib_MCU/Debug/libLib_MCU.a(lpc17xx_pinsel.o)
 .ARM.attributes
                0x0000000000000396       0x33 /Users/wangjiadong/LPCXpresso/workspace/Lib_MCU/Debug/libLib_MCU.a(lpc17xx_uart.o)
 .ARM.attributes
                0x00000000000003c9       0x33 /Users/wangjiadong/LPCXpresso/workspace/Lib_MCU/Debug/libLib_MCU.a(lpc17xx_clkpwr.o)
 .ARM.attributes
                0x00000000000003fc       0x33 /Users/wangjiadong/LPCXpresso/workspace/Lib_MCU/Debug/libLib_MCU.a(lpc17xx_libcfg_default.o)
 .ARM.attributes
                0x000000000000042f       0x33 /Applications/lpcxpresso_7.5.0_254/lpcxpresso/tools/bin/../lib/gcc/arm-none-eabi/4.8.4/../../../../arm-none-eabi/lib/armv7-m/libcr_semihost.a(_cr__main.o)
 .ARM.attributes
                0x0000000000000462       0x33 /Applications/lpcxpresso_7.5.0_254/lpcxpresso/tools/bin/../lib/gcc/arm-none-eabi/4.8.4/../../../../arm-none-eabi/lib/armv7-m/libcr_c.a(memcpy.o)
 .ARM.attributes
                0x0000000000000495       0x33 /Applications/lpcxpresso_7.5.0_254/lpcxpresso/tools/bin/../lib/gcc/arm-none-eabi/4.8.4/../../../../arm-none-eabi/lib/armv7-m/libcr_c.a(memset.o)
 .ARM.attributes
                0x00000000000004c8       0x33 /Applications/lpcxpresso_7.5.0_254/lpcxpresso/tools/bin/../lib/gcc/arm-none-eabi/4.8.4/../../../../arm-none-eabi/lib/armv7-m/libcr_c.a(fpprintf.o)
 .ARM.attributes
                0x00000000000004fb       0x33 /Applications/lpcxpresso_7.5.0_254/lpcxpresso/tools/bin/../lib/gcc/arm-none-eabi/4.8.4/../../../../arm-none-eabi/lib/armv7-m/libcr_c.a(initio.o)
 .ARM.attributes
                0x000000000000052e       0x33 /Applications/lpcxpresso_7.5.0_254/lpcxpresso/tools/bin/../lib/gcc/arm-none-eabi/4.8.4/../../../../arm-none-eabi/lib/armv7-m/libcr_c.a(printf.o)
 .ARM.attributes
                0x0000000000000561       0x33 /Applications/lpcxpresso_7.5.0_254/lpcxpresso/tools/bin/../lib/gcc/arm-none-eabi/4.8.4/../../../../arm-none-eabi/lib/armv7-m/libcr_c.a(setvbuf.o)
 .ARM.attributes
                0x0000000000000594       0x33 /Applications/lpcxpresso_7.5.0_254/lpcxpresso/tools/bin/../lib/gcc/arm-none-eabi/4.8.4/../../../../arm-none-eabi/lib/armv7-m/libcr_c.a(stdio.o)
 .ARM.attributes
                0x00000000000005c7       0x33 /Applications/lpcxpresso_7.5.0_254/lpcxpresso/tools/bin/../lib/gcc/arm-none-eabi/4.8.4/../../../../arm-none-eabi/lib/armv7-m/libcr_c.a(strlen.o)
 .ARM.attributes
                0x00000000000005fa       0x33 /Applications/lpcxpresso_7.5.0_254/lpcxpresso/tools/bin/../lib/gcc/arm-none-eabi/4.8.4/../../../../arm-none-eabi/lib/armv7-m/libcr_c.a(strncmp.o)
 .ARM.attributes
                0x000000000000062d       0x33 /Applications/lpcxpresso_7.5.0_254/lpcxpresso/tools/bin/../lib/gcc/arm-none-eabi/4.8.4/../../../../arm-none-eabi/lib/armv7-m/libcr_c.a(strncpy.o)
 .ARM.attributes
                0x0000000000000660       0x33 /Applications/lpcxpresso_7.5.0_254/lpcxpresso/tools/bin/../lib/gcc/arm-none-eabi/4.8.4/../../../../arm-none-eabi/lib/armv7-m/libcr_c.a(_deferredlazyseek.o)
 .ARM.attributes
                0x0000000000000693       0x33 /Applications/lpcxpresso_7.5.0_254/lpcxpresso/tools/bin/../lib/gcc/arm-none-eabi/4.8.4/../../../../arm-none-eabi/lib/armv7-m/libcr_c.a(_fdopen.o)
 .ARM.attributes
                0x00000000000006c6       0x33 /Applications/lpcxpresso_7.5.0_254/lpcxpresso/tools/bin/../lib/gcc/arm-none-eabi/4.8.4/../../../../arm-none-eabi/lib/armv7-m/libcr_c.a(_fflush.o)
 .ARM.attributes
                0x00000000000006f9       0x33 /Applications/lpcxpresso_7.5.0_254/lpcxpresso/tools/bin/../lib/gcc/arm-none-eabi/4.8.4/../../../../arm-none-eabi/lib/armv7-m/libcr_c.a(_frexpl.o)
 .ARM.attributes
                0x000000000000072c       0x33 /Applications/lpcxpresso_7.5.0_254/lpcxpresso/tools/bin/../lib/gcc/arm-none-eabi/4.8.4/../../../../arm-none-eabi/lib/armv7-m/libcr_c.a(_ldexpl.o)
 .ARM.attributes
                0x000000000000075f       0x33 /Applications/lpcxpresso_7.5.0_254/lpcxpresso/tools/bin/../lib/gcc/arm-none-eabi/4.8.4/../../../../arm-none-eabi/lib/armv7-m/libcr_c.a(_writebuf.o)
 .ARM.attributes
                0x0000000000000792       0x33 /Applications/lpcxpresso_7.5.0_254/lpcxpresso/tools/bin/../lib/gcc/arm-none-eabi/4.8.4/../../../../arm-none-eabi/lib/armv7-m/libcr_c.a(alloc.o)
 .ARM.attributes
                0x00000000000007c5       0x33 /Applications/lpcxpresso_7.5.0_254/lpcxpresso/tools/bin/../lib/gcc/arm-none-eabi/4.8.4/../../../../arm-none-eabi/lib/armv7-m/libcr_c.a(errno.o)
 .ARM.attributes
                0x00000000000007f8       0x33 /Applications/lpcxpresso_7.5.0_254/lpcxpresso/tools/bin/../lib/gcc/arm-none-eabi/4.8.4/../../../../arm-none-eabi/lib/armv7-m/libcr_c.a(fclose.o)
 .ARM.attributes
                0x000000000000082b       0x33 /Applications/lpcxpresso_7.5.0_254/lpcxpresso/tools/bin/../lib/gcc/arm-none-eabi/4.8.4/../../../../arm-none-eabi/lib/armv7-m/libcr_c.a(fflush.o)
 .ARM.attributes
                0x000000000000085e       0x33 /Applications/lpcxpresso_7.5.0_254/lpcxpresso/tools/bin/../lib/gcc/arm-none-eabi/4.8.4/../../../../arm-none-eabi/lib/armv7-m/libcr_c.a(fseek.o)
 .ARM.attributes
                0x0000000000000891       0x33 /Applications/lpcxpresso_7.5.0_254/lpcxpresso/tools/bin/../lib/gcc/arm-none-eabi/4.8.4/../../../../arm-none-eabi/lib/armv7-m/libcr_c.a(ftell.o)
 .ARM.attributes
                0x00000000000008c4       0x33 /Applications/lpcxpresso_7.5.0_254/lpcxpresso/tools/bin/../lib/gcc/arm-none-eabi/4.8.4/../../../../arm-none-eabi/lib/armv7-m/libcr_c.a(remove.o)
 .ARM.attributes
                0x00000000000008f7       0x33 /Applications/lpcxpresso_7.5.0_254/lpcxpresso/tools/bin/../lib/gcc/arm-none-eabi/4.8.4/../../../../arm-none-eabi/lib/armv7-m/libcr_c.a(__init_alloc.o)
 .ARM.attributes
                0x000000000000092a       0x33 /Applications/lpcxpresso_7.5.0_254/lpcxpresso/tools/bin/../lib/gcc/arm-none-eabi/4.8.4/../../../../arm-none-eabi/lib/armv7-m/libcr_c.a(_cr_sbrk.o)
 .ARM.attributes
                0x000000000000095d       0x33 /Applications/lpcxpresso_7.5.0_254/lpcxpresso/tools/bin/../lib/gcc/arm-none-eabi/4.8.4/../../../../arm-none-eabi/lib/armv7-m/libcr_c.a(_do_fflush.o)
 .ARM.attributes
                0x0000000000000990       0x33 /Applications/lpcxpresso_7.5.0_254/lpcxpresso/tools/bin/../lib/gcc/arm-none-eabi/4.8.4/../../../../arm-none-eabi/lib/armv7-m/libcr_c.a(_hugeval.o)
 .ARM.attributes
                0x00000000000009c3       0x33 /Applications/lpcxpresso_7.5.0_254/lpcxpresso/tools/bin/../lib/gcc/arm-none-eabi/4.8.4/../../../../arm-none-eabi/lib/armv7-m/libcr_c.a(_cr_check_heap.o)
 .ARM.attributes
                0x00000000000009f6       0x33 /Applications/lpcxpresso_7.5.0_254/lpcxpresso/tools/bin/../lib/gcc/arm-none-eabi/4.8.4/armv7-m/libcr_eabihelpers.a(double.o)
 .ARM.attributes
                0x0000000000000a29       0x21 /Applications/lpcxpresso_7.5.0_254/lpcxpresso/tools/bin/../lib/gcc/arm-none-eabi/4.8.4/armv7-m/libcr_eabihelpers.a(memcpy.o)
 .ARM.attributes
                0x0000000000000a4a       0x21 /Applications/lpcxpresso_7.5.0_254/lpcxpresso/tools/bin/../lib/gcc/arm-none-eabi/4.8.4/../../../../arm-none-eabi/lib/armv7-m/libcr_semihost.a(__sys_appexit.o)
 .ARM.attributes
                0x0000000000000a6b       0x21 /Applications/lpcxpresso_7.5.0_254/lpcxpresso/tools/bin/../lib/gcc/arm-none-eabi/4.8.4/../../../../arm-none-eabi/lib/armv7-m/libcr_semihost.a(__sys_close.o)
 .ARM.attributes
                0x0000000000000a8c       0x21 /Applications/lpcxpresso_7.5.0_254/lpcxpresso/tools/bin/../lib/gcc/arm-none-eabi/4.8.4/../../../../arm-none-eabi/lib/armv7-m/libcr_semihost.a(__sys_flen.o)
 .ARM.attributes
                0x0000000000000aad       0x21 /Applications/lpcxpresso_7.5.0_254/lpcxpresso/tools/bin/../lib/gcc/arm-none-eabi/4.8.4/../../../../arm-none-eabi/lib/armv7-m/libcr_semihost.a(__sys_istty.o)
 .ARM.attributes
                0x0000000000000ace       0x21 /Applications/lpcxpresso_7.5.0_254/lpcxpresso/tools/bin/../lib/gcc/arm-none-eabi/4.8.4/../../../../arm-none-eabi/lib/armv7-m/libcr_semihost.a(__sys_remove.o)
 .ARM.attributes
                0x0000000000000aef       0x21 /Applications/lpcxpresso_7.5.0_254/lpcxpresso/tools/bin/../lib/gcc/arm-none-eabi/4.8.4/../../../../arm-none-eabi/lib/armv7-m/libcr_semihost.a(__sys_seek.o)
 .ARM.attributes
                0x0000000000000b10       0x21 /Applications/lpcxpresso_7.5.0_254/lpcxpresso/tools/bin/../lib/gcc/arm-none-eabi/4.8.4/../../../../arm-none-eabi/lib/armv7-m/libcr_semihost.a(__sys_tmpnam.o)
 .ARM.attributes
                0x0000000000000b31       0x21 /Applications/lpcxpresso_7.5.0_254/lpcxpresso/tools/bin/../lib/gcc/arm-none-eabi/4.8.4/../../../../arm-none-eabi/lib/armv7-m/libcr_semihost.a(__sys_write.o)

.debug_frame    0x0000000000000000     0x1e34
 .debug_frame   0x0000000000000000       0xa8 ./src/Bluetooth_3032.o
 .debug_frame   0x00000000000000a8       0xa8 ./src/GPS_3032.o
 .debug_frame   0x0000000000000150       0x44 ./src/Load_3032.o
 .debug_frame   0x0000000000000194       0x68 ./src/Temp_3032.o
 .debug_frame   0x00000000000001fc       0xf0 ./src/cr_startup_lpc176x.o
 .debug_frame   0x00000000000002ec      0x1e4 ./src/fat_access.o
 .debug_frame   0x00000000000004d0      0x150 ./src/fat_cache.o
 .debug_frame   0x0000000000000620      0x52c ./src/fat_filelib.o
 .debug_frame   0x0000000000000b4c      0x1d0 ./src/fat_misc.o
 .debug_frame   0x0000000000000d1c      0x154 ./src/fat_string.o
 .debug_frame   0x0000000000000e70      0x170 ./src/fat_table.o
 .debug_frame   0x0000000000000fe0       0x90 ./src/fat_write.o
 .debug_frame   0x0000000000001070      0x274 ./src/main.o
 .debug_frame   0x00000000000012e4      0x148 ./src/sd.o
 .debug_frame   0x000000000000142c       0xb0 ./src/spi.o
 .debug_frame   0x00000000000014dc       0x54 /Users/wangjiadong/LPCXpresso/workspace/Lib_CMSISv1p30_LPC17xx/Debug/libCMSISv1p30_LPC17xx.a(system_LPC17xx.o)
 .debug_frame   0x0000000000001530      0x2c4 /Users/wangjiadong/LPCXpresso/workspace/Lib_MCU/Debug/libLib_MCU.a(lpc17xx_gpio.o)
 .debug_frame   0x00000000000017f4       0xbc /Users/wangjiadong/LPCXpresso/workspace/Lib_MCU/Debug/libLib_MCU.a(lpc17xx_pinsel.o)
 .debug_frame   0x00000000000018b0      0x44c /Users/wangjiadong/LPCXpresso/workspace/Lib_MCU/Debug/libLib_MCU.a(lpc17xx_uart.o)
 .debug_frame   0x0000000000001cfc      0x10c /Users/wangjiadong/LPCXpresso/workspace/Lib_MCU/Debug/libLib_MCU.a(lpc17xx_clkpwr.o)
 .debug_frame   0x0000000000001e08       0x2c /Users/wangjiadong/LPCXpresso/workspace/Lib_MCU/Debug/libLib_MCU.a(lpc17xx_libcfg_default.o)

.debug_loc      0x0000000000000000      0x15f
 .debug_loc     0x0000000000000000      0x15f ./src/cr_startup_lpc176x.o
