Archive member included because of file (symbol)

/Users/wangjiadong/LPCXpresso/workspace/Lib_CMSISv1p30_LPC17xx/Debug/libCMSISv1p30_LPC17xx.a(system_LPC17xx.o)
                              ./src/main.o (SystemCoreClock)
/Users/wangjiadong/LPCXpresso/workspace/Lib_MCU/Debug/libLib_MCU.a(lpc17xx_gpio.o)
                              ./src/GPS_3032.o (GPIO_SetDir)
/Users/wangjiadong/LPCXpresso/workspace/Lib_MCU/Debug/libLib_MCU.a(lpc17xx_pinsel.o)
                              ./src/Bluetooth_3032.o (PINSEL_ConfigPin)
/Users/wangjiadong/LPCXpresso/workspace/Lib_MCU/Debug/libLib_MCU.a(lpc17xx_uart.o)
                              ./src/Bluetooth_3032.o (UART_TxCmd)
/Users/wangjiadong/LPCXpresso/workspace/Lib_MCU/Debug/libLib_MCU.a(lpc17xx_clkpwr.o)
                              /Users/wangjiadong/LPCXpresso/workspace/Lib_MCU/Debug/libLib_MCU.a(lpc17xx_uart.o) (CLKPWR_GetPCLK)
/Users/wangjiadong/LPCXpresso/workspace/Lib_MCU/Debug/libLib_MCU.a(lpc17xx_libcfg_default.o)
                              /Users/wangjiadong/LPCXpresso/workspace/Lib_MCU/Debug/libLib_MCU.a(lpc17xx_uart.o) (check_failed)
/Applications/lpcxpresso_7.5.0_254/lpcxpresso/tools/bin/../lib/gcc/arm-none-eabi/4.8.4/../../../../arm-none-eabi/lib/armv7-m/libcr_semihost.a(_cr__main.o)
                              ./src/cr_startup_lpc176x.o (__main)
/Applications/lpcxpresso_7.5.0_254/lpcxpresso/tools/bin/../lib/gcc/arm-none-eabi/4.8.4/../../../../arm-none-eabi/lib/armv7-m/libcr_c.a(memcpy.o)
                              ./src/fat_access.o (memcpy)
/Applications/lpcxpresso_7.5.0_254/lpcxpresso/tools/bin/../lib/gcc/arm-none-eabi/4.8.4/../../../../arm-none-eabi/lib/armv7-m/libcr_c.a(memset.o)
                              ./src/fat_access.o (memset)
/Applications/lpcxpresso_7.5.0_254/lpcxpresso/tools/bin/../lib/gcc/arm-none-eabi/4.8.4/../../../../arm-none-eabi/lib/armv7-m/libcr_c.a(fpprintf.o)
                              ./src/Bluetooth_3032.o (printf)
/Applications/lpcxpresso_7.5.0_254/lpcxpresso/tools/bin/../lib/gcc/arm-none-eabi/4.8.4/../../../../arm-none-eabi/lib/armv7-m/libcr_c.a(initio.o)
                              /Applications/lpcxpresso_7.5.0_254/lpcxpresso/tools/bin/../lib/gcc/arm-none-eabi/4.8.4/../../../../arm-none-eabi/lib/armv7-m/libcr_semihost.a(_cr__main.o) (_initio)
/Applications/lpcxpresso_7.5.0_254/lpcxpresso/tools/bin/../lib/gcc/arm-none-eabi/4.8.4/../../../../arm-none-eabi/lib/armv7-m/libcr_c.a(printf.o)
                              /Applications/lpcxpresso_7.5.0_254/lpcxpresso/tools/bin/../lib/gcc/arm-none-eabi/4.8.4/../../../../arm-none-eabi/lib/armv7-m/libcr_c.a(fpprintf.o) (__vfprintf)
/Applications/lpcxpresso_7.5.0_254/lpcxpresso/tools/bin/../lib/gcc/arm-none-eabi/4.8.4/../../../../arm-none-eabi/lib/armv7-m/libcr_c.a(setvbuf.o)
                              /Applications/lpcxpresso_7.5.0_254/lpcxpresso/tools/bin/../lib/gcc/arm-none-eabi/4.8.4/../../../../arm-none-eabi/lib/armv7-m/libcr_c.a(initio.o) (setvbuf)
/Applications/lpcxpresso_7.5.0_254/lpcxpresso/tools/bin/../lib/gcc/arm-none-eabi/4.8.4/../../../../arm-none-eabi/lib/armv7-m/libcr_c.a(stdio.o)
                              /Applications/lpcxpresso_7.5.0_254/lpcxpresso/tools/bin/../lib/gcc/arm-none-eabi/4.8.4/../../../../arm-none-eabi/lib/armv7-m/libcr_c.a(fpprintf.o) (__Ciob)
/Applications/lpcxpresso_7.5.0_254/lpcxpresso/tools/bin/../lib/gcc/arm-none-eabi/4.8.4/../../../../arm-none-eabi/lib/armv7-m/libcr_c.a(strlen.o)
                              ./src/Bluetooth_3032.o (strlen)
/Applications/lpcxpresso_7.5.0_254/lpcxpresso/tools/bin/../lib/gcc/arm-none-eabi/4.8.4/../../../../arm-none-eabi/lib/armv7-m/libcr_c.a(strncmp.o)
                              ./src/fat_access.o (strncmp)
/Applications/lpcxpresso_7.5.0_254/lpcxpresso/tools/bin/../lib/gcc/arm-none-eabi/4.8.4/../../../../arm-none-eabi/lib/armv7-m/libcr_c.a(strncpy.o)
                              ./src/fat_access.o (strncpy)
/Applications/lpcxpresso_7.5.0_254/lpcxpresso/tools/bin/../lib/gcc/arm-none-eabi/4.8.4/../../../../arm-none-eabi/lib/armv7-m/libcr_c.a(__fillbuf.o)
                              /Applications/lpcxpresso_7.5.0_254/lpcxpresso/tools/bin/../lib/gcc/arm-none-eabi/4.8.4/../../../../arm-none-eabi/lib/armv7-m/libcr_c.a(stdio.o) (__filbuf)
/Applications/lpcxpresso_7.5.0_254/lpcxpresso/tools/bin/../lib/gcc/arm-none-eabi/4.8.4/../../../../arm-none-eabi/lib/armv7-m/libcr_c.a(_deferredlazyseek.o)
                              /Applications/lpcxpresso_7.5.0_254/lpcxpresso/tools/bin/../lib/gcc/arm-none-eabi/4.8.4/../../../../arm-none-eabi/lib/armv7-m/libcr_c.a(__fillbuf.o) (_deferredlazyseek)
/Applications/lpcxpresso_7.5.0_254/lpcxpresso/tools/bin/../lib/gcc/arm-none-eabi/4.8.4/../../../../arm-none-eabi/lib/armv7-m/libcr_c.a(_fdopen.o)
                              /Applications/lpcxpresso_7.5.0_254/lpcxpresso/tools/bin/../lib/gcc/arm-none-eabi/4.8.4/../../../../arm-none-eabi/lib/armv7-m/libcr_c.a(initio.o) (_fdopen)
[...]
Memory Configuration

Name             Origin             Length             Attributes
MFlash512        0x0000000000000000 0x0000000000080000 xr
RamLoc32         0x0000000010000000 0x0000000000008000 xrw
RamAHB32         0x000000002007c000 0x0000000000008000 xrw
*default*        0x0000000000000000 0xffffffffffffffff

Linker script and memory map

LOAD ./src/Bluetooth_3032.o
LOAD ./src/GPS_3032.o
LOAD ./src/Load_3032.o
LOAD ./src/Temp_3032.o
LOAD ./src/cr_startup_lpc176x.o
LOAD ./src/fat_access.o
LOAD ./src/fat_cache.o
LOAD ./src/fat_filelib.o
LOAD ./src/fat_format.o
LOAD ./src/fat_misc.o
LOAD ./src/fat_string.o
LOAD ./src/fat_table.o
LOAD ./src/fat_write.o
LOAD ./src/main.o
LOAD ./src/sd.o
LOAD ./src/spi.o
LOAD /Users/wangjiadong/LPCXpresso/workspace/Lib_CMSISv1p30_LPC17xx/Debug/libCMSISv1p30_LPC17xx.a
LOAD /Users/wangjiadong/LPCXpresso/workspace/Lib_MCU/Debug/libLib_MCU.a
START GROUP
LOAD /Applications/lpcxpresso_7.5.0_254/lpcxpresso/tools/bin/../lib/gcc/arm-none-eabi/4.8.4/../../../../arm-none-eabi/lib/armv7-m/libcr_semihost.a
LOAD /Applications/lpcxpresso_7.5.0_254/lpcxpresso/tools/bin/../lib/gcc/arm-none-eabi/4.8.4/../../../../arm-none-eabi/lib/armv7-m/libcr_c.a
LOAD /Applications/lpcxpresso_7.5.0_254/lpcxpresso/tools/bin/../lib/gcc/arm-none-eabi/4.8.4/armv7-m/libcr_eabihelpers.a
END GROUP
                0x0000000000080000                __top_MFlash512 = 0x80000
                0x0000000010008000                __top_RamLoc32 = 0x10008000
                0x0000000020084000                __top_RamAHB32 = 0x20084000

.text           0x0000000000000000     0x5f30
 FILL mask 0xff
                0x0000000000000000                __vectors_start__ = ABSOLUTE (.)
 *(.isr_vector)
 .isr_vector    0x0000000000000000       0xcc ./src/cr_startup_lpc176x.o
                0x0000000000000000                g_pfnVectors
                0x00000000000000cc                . = ALIGN (0x4)
                0x00000000000000cc                __section_table_start = .
                0x00000000000000cc                __data_section_table = .
                0x00000000000000cc        0x4 LONG 0x5f30 LOADADDR (.data)
                0x00000000000000d0        0x4 LONG 0x10000000 ADDR (.data)
                0x00000000000000d4        0x4 LONG 0x4 SIZEOF (.data)
                0x00000000000000d8        0x4 LONG 0x5f30 LOADADDR (.data_RAM2)
                0x00000000000000dc        0x4 LONG 0x2007c000 ADDR (.data_RAM2)
                0x00000000000000e0        0x4 LONG 0x0 SIZEOF (.data_RAM2)
                0x00000000000000e4                __data_section_table_end = .
                0x00000000000000e4                __bss_section_table = .
                0x00000000000000e4        0x4 LONG 0x10000004 ADDR (.bss)
                0x00000000000000e8        0x4 LONG 0xe98 SIZEOF (.bss)
                0x00000000000000ec        0x4 LONG 0x2007c000 ADDR (.bss_RAM2)
                0x00000000000000f0        0x4 LONG 0x0 SIZEOF (.bss_RAM2)
                0x00000000000000f4                __bss_section_table_end = .
                0x00000000000000f4                __section_table_end = .
 *(.after_vectors*)
 .after_vectors
                0x00000000000000f4       0x78 ./src/cr_startup_lpc176x.o
                0x00000000000000f4                NMI_Handler
                0x00000000000000f6                HardFault_Handler
                0x00000000000000f8                MemManage_Handler
                0x00000000000000fa                BusFault_Handler
                0x00000000000000fc                UsageFault_Handler
                0x00000000000000fe                SVCall_Handler
                0x0000000000000100                DebugMon_Handler
                0x0000000000000102                PendSV_Handler
                0x0000000000000106                UART1_IRQHandler
                0x0000000000000106                EINT3_IRQHandler
                0x0000000000000106                CANActivity_IRQHandler
                0x0000000000000106                TIMER3_IRQHandler
                0x0000000000000106                UART0_IRQHandler
                0x0000000000000106                IntDefaultHandler
                0x0000000000000106                PLL0_IRQHandler
                0x0000000000000106                CAN_IRQHandler
                0x0000000000000106                PLL1_IRQHandler
                0x0000000000000106                SSP0_IRQHandler
                0x0000000000000106                I2S_IRQHandler
                0x0000000000000106                I2C2_IRQHandler
                0x0000000000000106                RTC_IRQHandler
                0x0000000000000106                TIMER0_IRQHandler
                0x0000000000000106                SPI_IRQHandler
                0x0000000000000106                EINT1_IRQHandler
                0x0000000000000106                TIMER1_IRQHandler
                0x0000000000000106                UART2_IRQHandler
                0x0000000000000106                ADC_IRQHandler
                0x0000000000000106                SSP1_IRQHandler
                0x0000000000000106                USB_IRQHandler
                0x0000000000000106                BOD_IRQHandler
                0x0000000000000106                TIMER2_IRQHandler
                0x0000000000000106                RIT_IRQHandler
                0x0000000000000106                I2C0_IRQHandler
                0x0000000000000106                USBActivity_IRQHandler
                0x0000000000000106                PWM1_IRQHandler
                0x0000000000000106                I2C1_IRQHandler
                0x0000000000000106                EINT2_IRQHandler
                0x0000000000000106                UART3_IRQHandler
                0x0000000000000106                MCPWM_IRQHandler
                0x0000000000000106                ENET_IRQHandler
                0x0000000000000106                WDT_IRQHandler
                0x0000000000000106                QEI_IRQHandler
                0x0000000000000106                EINT0_IRQHandler
                0x0000000000000106                DMA_IRQHandler
                0x0000000000000108                data_init
                0x000000000000011a                bss_init
                0x000000000000012a                ResetISR
 *(.text*)
 .text.pinsel_uart2
                0x000000000000016c       0x2c ./src/GPS_3032.o
                0x000000000000016c                pinsel_uart2
 .text.GPS_switch_init
                0x0000000000000198       0x38 ./src/GPS_3032.o
                0x0000000000000198                GPS_switch_init
 .text.init_uart2
                0x00000000000001d0       0x4c ./src/GPS_3032.o
                0x00000000000001d0                init_uart2
 .text.fatfs_init
                0x000000000000021c      0x404 ./src/fat_access.o
                0x000000000000021c                fatfs_init
 .text.fatfs_lba_of_cluster
                0x0000000000000620       0x58 ./src/fat_access.o
                0x0000000000000620                fatfs_lba_of_cluster
 .text.fatfs_sector_reader
                0x0000000000000678       0xf4 ./src/fat_access.o
                0x0000000000000678                fatfs_sector_reader
 .text.fatfs_get_root_cluster
                0x000000000000076c       0x18 ./src/fat_access.o
                0x000000000000076c                fatfs_get_root_cluster
 .text.fatfs_get_file_entry
                0x0000000000000784      0x248 ./src/fat_access.o
                0x0000000000000784                fatfs_get_file_entry
 .text.fatfs_list_directory_start
                0x00000000000009cc       0x28 ./src/fat_access.o
                0x00000000000009cc                fatfs_list_directory_start
 .text.fatfs_list_directory_next
                0x00000000000009f4      0x2f8 ./src/fat_access.o
                0x00000000000009f4                fatfs_list_directory_next
 .text.fat_list_init
                0x0000000000000cec       0x20 ./src/fat_filelib.o
 .text.fat_list_insert_after
                0x0000000000000d0c       0x44 ./src/fat_filelib.o
 .text.fat_list_insert_before
                0x0000000000000d50       0x44 ./src/fat_filelib.o
 .text.fat_list_insert_first
                0x0000000000000d94       0x40 ./src/fat_filelib.o
 .text.fat_list_insert_last
                0x0000000000000dd4       0x30 ./src/fat_filelib.o
 .text._open_directory
                0x0000000000000e04       0xc8 ./src/fat_filelib.o
 .text.fl_init  0x0000000000000ecc       0x5c ./src/fat_filelib.o
                0x0000000000000ecc                fl_init
 .text.fl_attach_media
                0x0000000000000f28       0x5c ./src/fat_filelib.o
                0x0000000000000f28                fl_attach_media
 .text.fl_listdirectory
                0x0000000000000f84       0xc0 ./src/fat_filelib.o
                0x0000000000000f84                fl_listdirectory
 .text.fl_opendir
                0x0000000000001044       0x98 ./src/fat_filelib.o
                0x0000000000001044                fl_opendir
 .text.fl_readdir
                0x00000000000010dc       0x60 ./src/fat_filelib.o
                0x00000000000010dc                fl_readdir
 .text.fl_closedir
                0x000000000000113c       0x18 ./src/fat_filelib.o
                0x000000000000113c                fl_closedir
 .text.fatfs_lfn_cache_init
                0x0000000000001154       0x50 ./src/fat_misc.o
                0x0000000000001154                fatfs_lfn_cache_init
 .text.fatfs_lfn_cache_entry
                0x00000000000011a4      0x1f4 ./src/fat_misc.o
                0x00000000000011a4                fatfs_lfn_cache_entry
 .text.fatfs_lfn_cache_get
                0x0000000000001398       0x58 ./src/fat_misc.o
                0x0000000000001398                fatfs_lfn_cache_get
 .text.fatfs_entry_lfn_text
                0x00000000000013f0       0x28 ./src/fat_misc.o
                0x00000000000013f0                fatfs_entry_lfn_text
 .text.fatfs_entry_lfn_invalid
                0x0000000000001418       0x40 ./src/fat_misc.o
                0x0000000000001418                fatfs_entry_lfn_invalid
 .text.fatfs_entry_lfn_exists
                0x0000000000001458       0x54 ./src/fat_misc.o
                0x0000000000001458                fatfs_entry_lfn_exists
 .text.fatfs_entry_sfn_only
                0x00000000000014ac       0x48 ./src/fat_misc.o
                0x00000000000014ac                fatfs_entry_sfn_only
 .text.fatfs_entry_is_dir
                0x00000000000014f4       0x28 ./src/fat_misc.o
                0x00000000000014f4                fatfs_entry_is_dir
 .text.fatfs_total_path_levels
                0x000000000000151c       0x94 ./src/fat_string.o
                0x000000000000151c                fatfs_total_path_levels
 .text.fatfs_get_substring
                0x00000000000015b0       0xe8 ./src/fat_string.o
                0x00000000000015b0                fatfs_get_substring
 .text.FileString_StrCmpNoCase
                0x0000000000001698       0x84 ./src/fat_string.o
 .text.FileString_GetExtension
                0x000000000000171c       0x40 ./src/fat_string.o
 .text.FileString_TrimLength
                0x000000000000175c       0x50 ./src/fat_string.o
 .text.fatfs_compare_names
                0x00000000000017ac       0xf8 ./src/fat_string.o
                0x00000000000017ac                fatfs_compare_names
 .text.fatfs_get_sfn_display_name
                0x00000000000018a4       0x68 ./src/fat_string.o
                0x00000000000018a4                fatfs_get_sfn_display_name
 .text.fatfs_fat_init
                0x000000000000190c       0xc0 ./src/fat_table.o
                0x000000000000190c                fatfs_fat_init
 .text.fatfs_fat_writeback
                0x00000000000019cc       0x84 ./src/fat_table.o
 .text.fatfs_fat_read_sector
                0x0000000000001a50      0x100 ./src/fat_table.o
 .text.fatfs_find_next_cluster
                0x0000000000001b50      0x120 ./src/fat_table.o
                0x0000000000001b50                fatfs_find_next_cluster
 .text.NVIC_SetPriority
                0x0000000000001c70       0x54 ./src/main.o
 .text.SysTick_Config
                0x0000000000001cc4       0x44 ./src/main.o
 .text.media_read
                0x0000000000001d08       0x2c ./src/main.o
                0x0000000000001d08                media_read
 .text.media_write
                0x0000000000001d34       0x2c ./src/main.o
                0x0000000000001d34                media_write
 .text.SysTick_Handler
                0x0000000000001d60       0x30 ./src/main.o
                0x0000000000001d60                SysTick_Handler
 .text.SD_init_3032
                0x0000000000001d90       0x80 ./src/main.o
                0x0000000000001d90                SD_init_3032
 .text.initialization_3032
                0x0000000000001e10       0x10 ./src/main.o
                0x0000000000001e10                initialization_3032
 .text.main     0x0000000000001e20       0x34 ./src/main.o
                0x0000000000001e20                main
 .text.disk_timerproc
                0x0000000000001e54       0x48 ./src/sd.o
                0x0000000000001e54                disk_timerproc
 .text.SD_Init  0x0000000000001e9c      0x1a4 ./src/sd.o
                0x0000000000001e9c                SD_Init
 .text.SD_WaitForReady
                0x0000000000002040       0x30 ./src/sd.o
                0x0000000000002040                SD_WaitForReady
 .text.SD_SendCommand
                0x0000000000002070       0xe0 ./src/sd.o
                0x0000000000002070                SD_SendCommand
 .text.SD_SendACommand
                0x0000000000002150       0x44 ./src/sd.o
                0x0000000000002150                SD_SendACommand
 .text.SD_ReadSector
                0x0000000000002194       0xbc ./src/sd.o
                0x0000000000002194                SD_ReadSector
 .text.SD_WriteSector
                0x0000000000002250       0xb8 ./src/sd.o
                0x0000000000002250                SD_WriteSector
 .text.SD_ReadConfiguration
                0x0000000000002308      0x214 ./src/sd.o
                0x0000000000002308                SD_ReadConfiguration
 .text.SD_RecvDataBlock
                0x000000000000251c       0x6c ./src/sd.o
                0x000000000000251c                SD_RecvDataBlock
 .text.SD_SendDataBlock
                0x0000000000002588       0x8c ./src/sd.o
                0x0000000000002588                SD_SendDataBlock
 .text.SPI_Init
                0x0000000000002614       0xa4 ./src/spi.o
                0x0000000000002614                SPI_Init
 .text.SPI_ConfigClockRate
                0x00000000000026b8       0x20 ./src/spi.o
                0x00000000000026b8                SPI_ConfigClockRate
 .text.SPI_CS_Low
                0x00000000000026d8       0x1c ./src/spi.o
                0x00000000000026d8                SPI_CS_Low
 .text.SPI_CS_High
                0x00000000000026f4       0x1c ./src/spi.o
                0x00000000000026f4                SPI_CS_High
 .text.SPI_SendByte
                0x0000000000002710       0x34 ./src/spi.o
                0x0000000000002710                SPI_SendByte
 .text.SPI_RecvByte
                0x0000000000002744       0x10 ./src/spi.o
                0x0000000000002744                SPI_RecvByte
 .text.SystemInit
                0x0000000000002754      0x140 /Users/wangjiadong/LPCXpresso/workspace/Lib_CMSISv1p30_LPC17xx/Debug/libCMSISv1p30_LPC17xx.a(system_LPC17xx.o)
                0x0000000000002754                SystemInit
 .text.GPIO_GetPointer
                0x0000000000002894       0x74 /Users/wangjiadong/LPCXpresso/workspace/Lib_MCU/Debug/libLib_MCU.a(lpc17xx_gpio.o)
 .text.GPIO_SetDir
                0x0000000000002908       0x48 /Users/wangjiadong/LPCXpresso/workspace/Lib_MCU/Debug/libLib_MCU.a(lpc17xx_gpio.o)
                0x0000000000002908                GPIO_SetDir
 .text.GPIO_SetValue
                0x0000000000002950       0x28 /Users/wangjiadong/LPCXpresso/workspace/Lib_MCU/Debug/libLib_MCU.a(lpc17xx_gpio.o)
                0x0000000000002950                GPIO_SetValue
 .text.PINSEL_SetPinFunc
                0x0000000000002978       0x84 /Users/wangjiadong/LPCXpresso/workspace/Lib_MCU/Debug/libLib_MCU.a(lpc17xx_pinsel.o)
                0x0000000000002978                PINSEL_SetPinFunc
 .text.PINSEL_SetResistorMode
                0x00000000000029fc       0x84 /Users/wangjiadong/LPCXpresso/workspace/Lib_MCU/Debug/libLib_MCU.a(lpc17xx_pinsel.o)
                0x00000000000029fc                PINSEL_SetResistorMode
 .text.PINSEL_SetOpenDrainMode
                0x0000000000002a80       0x6c /Users/wangjiadong/LPCXpresso/workspace/Lib_MCU/Debug/libLib_MCU.a(lpc17xx_pinsel.o)
                0x0000000000002a80                PINSEL_SetOpenDrainMode
 .text.PINSEL_ConfigPin
                0x0000000000002aec       0x50 /Users/wangjiadong/LPCXpresso/workspace/Lib_MCU/Debug/libLib_MCU.a(lpc17xx_pinsel.o)
                0x0000000000002aec                PINSEL_ConfigPin
 .text.uart_set_divisors
                0x0000000000002b3c      0x214 /Users/wangjiadong/LPCXpresso/workspace/Lib_MCU/Debug/libLib_MCU.a(lpc17xx_uart.o)
                0x0000000000002b3c                uart_set_divisors
 .text.UART_Init
                0x0000000000002d50      0x2ec /Users/wangjiadong/LPCXpresso/workspace/Lib_MCU/Debug/libLib_MCU.a(lpc17xx_uart.o)
                0x0000000000002d50                UART_Init
 .text.UART_IntConfig
                0x000000000000303c      0x184 /Users/wangjiadong/LPCXpresso/workspace/Lib_MCU/Debug/libLib_MCU.a(lpc17xx_uart.o)
                0x000000000000303c                UART_IntConfig
 .text.UART_TxCmd
                0x00000000000031c0       0xc8 /Users/wangjiadong/LPCXpresso/workspace/Lib_MCU/Debug/libLib_MCU.a(lpc17xx_uart.o)
                0x00000000000031c0                UART_TxCmd
 .text.CLKPWR_GetPCLKSEL
                0x0000000000003288       0x4c /Users/wangjiadong/LPCXpresso/workspace/Lib_MCU/Debug/libLib_MCU.a(lpc17xx_clkpwr.o)
                0x0000000000003288                CLKPWR_GetPCLKSEL
 .text.CLKPWR_GetPCLK
                0x00000000000032d4       0x64 /Users/wangjiadong/LPCXpresso/workspace/Lib_MCU/Debug/libLib_MCU.a(lpc17xx_clkpwr.o)
                0x00000000000032d4                CLKPWR_GetPCLK
 .text.CLKPWR_ConfigPPWR
                0x0000000000003338       0x58 /Users/wangjiadong/LPCXpresso/workspace/Lib_MCU/Debug/libLib_MCU.a(lpc17xx_clkpwr.o)
                0x0000000000003338                CLKPWR_ConfigPPWR
 .text.check_failed
                0x0000000000003390        0xc /Users/wangjiadong/LPCXpresso/workspace/Lib_MCU/Debug/libLib_MCU.a(lpc17xx_libcfg_default.o)
                0x0000000000003390                check_failed
 .text.__main   0x000000000000339c       0x14 /Applications/lpcxpresso_7.5.0_254/lpcxpresso/tools/bin/../lib/gcc/arm-none-eabi/4.8.4/../../../../arm-none-eabi/lib/armv7-m/libcr_semihost.a(_cr__main.o)
                0x000000000000339c                __main
                0x000000000000339c                __CR_SEMIHOST
 .text.memcpy   0x00000000000033b0        0x4 /Applications/lpcxpresso_7.5.0_254/lpcxpresso/tools/bin/../lib/gcc/arm-none-eabi/4.8.4/../../../../arm-none-eabi/lib/armv7-m/libcr_c.a(memcpy.o)
                0x00000000000033b0                memcpy
 .text.memset   0x00000000000033b4        0x4 /Applications/lpcxpresso_7.5.0_254/lpcxpresso/tools/bin/../lib/gcc/arm-none-eabi/4.8.4/../../../../arm-none-eabi/lib/armv7-m/libcr_c.a(memset.o)
                0x00000000000033b4                memset
 .text.fp_round
                0x00000000000033b8       0x4e /Applications/lpcxpresso_7.5.0_254/lpcxpresso/tools/bin/../lib/gcc/arm-none-eabi/4.8.4/../../../../arm-none-eabi/lib/armv7-m/libcr_c.a(fpprintf.o)
 .text.pr_dec.constprop.1
                0x0000000000003406       0x26 /Applications/lpcxpresso_7.5.0_254/lpcxpresso/tools/bin/../lib/gcc/arm-none-eabi/4.8.4/../../../../arm-none-eabi/lib/armv7-m/libcr_c.a(fpprintf.o)
 .text.sprintf  0x000000000000342c       0x6c /Applications/lpcxpresso_7.5.0_254/lpcxpresso/tools/bin/../lib/gcc/arm-none-eabi/4.8.4/../../../../arm-none-eabi/lib/armv7-m/libcr_c.a(fpprintf.o)
                0x000000000000342c                sprintf
 .text.fp_display
                0x0000000000003498      0x998 /Applications/lpcxpresso_7.5.0_254/lpcxpresso/tools/bin/../lib/gcc/arm-none-eabi/4.8.4/../../../../arm-none-eabi/lib/armv7-m/libcr_c.a(fpprintf.o)
 .text.vsnprintf
                0x0000000000003e30       0x5c /Applications/lpcxpresso_7.5.0_254/lpcxpresso/tools/bin/../lib/gcc/arm-none-eabi/4.8.4/../../../../arm-none-eabi/lib/armv7-m/libcr_c.a(fpprintf.o)
                0x0000000000003e30                vsnprintf
 .text.printf   0x0000000000003e8c       0x54 /Applications/lpcxpresso_7.5.0_254/lpcxpresso/tools/bin/../lib/gcc/arm-none-eabi/4.8.4/../../../../arm-none-eabi/lib/armv7-m/libcr_c.a(fpprintf.o)
                0x0000000000003e8c                printf
 .text._initio  0x0000000000003ee0       0xa4 /Applications/lpcxpresso_7.5.0_254/lpcxpresso/tools/bin/../lib/gcc/arm-none-eabi/4.8.4/../../../../arm-none-eabi/lib/armv7-m/libcr_c.a(initio.o)
                0x0000000000003ee0                _initio
 .text.__vfprintf
                0x0000000000003f84      0xca0 /Applications/lpcxpresso_7.5.0_254/lpcxpresso/tools/bin/../lib/gcc/arm-none-eabi/4.8.4/../../../../arm-none-eabi/lib/armv7-m/libcr_c.a(printf.o)
                0x0000000000003f84                __vfprintf
 .text.setvbuf  0x0000000000004c24       0x40 /Applications/lpcxpresso_7.5.0_254/lpcxpresso/tools/bin/../lib/gcc/arm-none-eabi/4.8.4/../../../../arm-none-eabi/lib/armv7-m/libcr_c.a(setvbuf.o)
                0x0000000000004c24                setvbuf
 .text.strlen   0x0000000000004c64       0x4a /Applications/lpcxpresso_7.5.0_254/lpcxpresso/tools/bin/../lib/gcc/arm-none-eabi/4.8.4/../../../../arm-none-eabi/lib/armv7-m/libcr_c.a(strlen.o)
                0x0000000000004c64                strlen
 .text.strncpy  0x0000000000004cae       0x58 /Applications/lpcxpresso_7.5.0_254/lpcxpresso/tools/bin/../lib/gcc/arm-none-eabi/4.8.4/../../../../arm-none-eabi/lib/armv7-m/libcr_c.a(strncpy.o)
                0x0000000000004cae                strncpy
 .text._deferredlazyseek
                0x0000000000004d06       0x44 /Applications/lpcxpresso_7.5.0_254/lpcxpresso/tools/bin/../lib/gcc/arm-none-eabi/4.8.4/../../../../arm-none-eabi/lib/armv7-m/libcr_c.a(_deferredlazyseek.o)
                0x0000000000004d06                _deferredlazyseek
 .text.__flsbuf
                0x0000000000004d4a      0x142 /Applications/lpcxpresso_7.5.0_254/lpcxpresso/tools/bin/../lib/gcc/arm-none-eabi/4.8.4/../../../../arm-none-eabi/lib/armv7-m/libcr_c.a(_deferredlazyseek.o)
                0x0000000000004d4a                __flsbuf
 .text._fdopen  0x0000000000004e8c       0x6a /Applications/lpcxpresso_7.5.0_254/lpcxpresso/tools/bin/../lib/gcc/arm-none-eabi/4.8.4/../../../../arm-none-eabi/lib/armv7-m/libcr_c.a(_fdopen.o)
                0x0000000000004e8c                _fdopen
 .text._fflush  0x0000000000004ef6       0x58 /Applications/lpcxpresso_7.5.0_254/lpcxpresso/tools/bin/../lib/gcc/arm-none-eabi/4.8.4/../../../../arm-none-eabi/lib/armv7-m/libcr_c.a(_fflush.o)
                0x0000000000004ef6                _fflush
 .text._frexpl  0x0000000000004f4e       0x5c /Applications/lpcxpresso_7.5.0_254/lpcxpresso/tools/bin/../lib/gcc/arm-none-eabi/4.8.4/../../../../arm-none-eabi/lib/armv7-m/libcr_c.a(_frexpl.o)
                0x0000000000004f4e                _frexpl
 *fill*         0x0000000000004faa        0x2 
 .text._ldexpl  0x0000000000004fac       0x4c /Applications/lpcxpresso_7.5.0_254/lpcxpresso/tools/bin/../lib/gcc/arm-none-eabi/4.8.4/../../../../arm-none-eabi/lib/armv7-m/libcr_c.a(_ldexpl.o)
                0x0000000000004fac                _ldexpl
 .text._Cwritebuf
                0x0000000000004ff8       0x70 /Applications/lpcxpresso_7.5.0_254/lpcxpresso/tools/bin/../lib/gcc/arm-none-eabi/4.8.4/../../../../arm-none-eabi/lib/armv7-m/libcr_c.a(_writebuf.o)
                0x0000000000004ff8                _Cwritebuf
 .text.malloc   0x0000000000005068       0xc8 /Applications/lpcxpresso_7.5.0_254/lpcxpresso/tools/bin/../lib/gcc/arm-none-eabi/4.8.4/../../../../arm-none-eabi/lib/armv7-m/libcr_c.a(alloc.o)
                0x0000000000005068                malloc
 .text.free     0x0000000000005130        0xc /Applications/lpcxpresso_7.5.0_254/lpcxpresso/tools/bin/../lib/gcc/arm-none-eabi/4.8.4/../../../../arm-none-eabi/lib/armv7-m/libcr_c.a(alloc.o)
                0x0000000000005130                free
 .text._Csys_alloc
                0x000000000000513c       0x20 /Applications/lpcxpresso_7.5.0_254/lpcxpresso/tools/bin/../lib/gcc/arm-none-eabi/4.8.4/../../../../arm-none-eabi/lib/armv7-m/libcr_c.a(alloc.o)
                0x000000000000513c                _Csys_alloc
 .text.fclose   0x000000000000515c       0x6c /Applications/lpcxpresso_7.5.0_254/lpcxpresso/tools/bin/../lib/gcc/arm-none-eabi/4.8.4/../../../../arm-none-eabi/lib/armv7-m/libcr_c.a(fclose.o)
                0x000000000000515c                fclose
 .text.fflush   0x00000000000051c8       0x30 /Applications/lpcxpresso_7.5.0_254/lpcxpresso/tools/bin/../lib/gcc/arm-none-eabi/4.8.4/../../../../arm-none-eabi/lib/armv7-m/libcr_c.a(fflush.o)
                0x00000000000051c8                fflush
 .text.fseek    0x00000000000051f8      0x10c /Applications/lpcxpresso_7.5.0_254/lpcxpresso/tools/bin/../lib/gcc/arm-none-eabi/4.8.4/../../../../arm-none-eabi/lib/armv7-m/libcr_c.a(fseek.o)
                0x00000000000051f8                fseek
 .text.ftell    0x0000000000005304       0x4c /Applications/lpcxpresso_7.5.0_254/lpcxpresso/tools/bin/../lib/gcc/arm-none-eabi/4.8.4/../../../../arm-none-eabi/lib/armv7-m/libcr_c.a(ftell.o)
                0x0000000000005304                ftell
 .text.remove   0x0000000000005350       0x14 /Applications/lpcxpresso_7.5.0_254/lpcxpresso/tools/bin/../lib/gcc/arm-none-eabi/4.8.4/../../../../arm-none-eabi/lib/armv7-m/libcr_c.a(remove.o)
                0x0000000000005350                remove
 .text._sbrk    0x0000000000005364       0x40 /Applications/lpcxpresso_7.5.0_254/lpcxpresso/tools/bin/../lib/gcc/arm-none-eabi/4.8.4/../../../../arm-none-eabi/lib/armv7-m/libcr_c.a(_cr_sbrk.o)
                0x0000000000005364                _sbrk
 .text._do_fflush
                0x00000000000053a4       0x44 /Applications/lpcxpresso_7.5.0_254/lpcxpresso/tools/bin/../lib/gcc/arm-none-eabi/4.8.4/../../../../arm-none-eabi/lib/armv7-m/libcr_c.a(_do_fflush.o)
                0x00000000000053a4                _do_fflush
 .text.__check_heap_overflow
                0x00000000000053e8       0x18 /Applications/lpcxpresso_7.5.0_254/lpcxpresso/tools/bin/../lib/gcc/arm-none-eabi/4.8.4/../../../../arm-none-eabi/lib/armv7-m/libcr_c.a(_cr_check_heap.o)
                0x00000000000053e8                __check_heap_overflow
 .text.__aeabi_dmul
                0x0000000000005400      0x12c /Applications/lpcxpresso_7.5.0_254/lpcxpresso/tools/bin/../lib/gcc/arm-none-eabi/4.8.4/armv7-m/libcr_eabihelpers.a(double.o)
                0x0000000000005400                __aeabi_dmul
 .text.__aeabi_ddiv
                0x000000000000552c      0x16c /Applications/lpcxpresso_7.5.0_254/lpcxpresso/tools/bin/../lib/gcc/arm-none-eabi/4.8.4/armv7-m/libcr_eabihelpers.a(double.o)
                0x000000000000552c                __aeabi_ddiv
 .text.__aeabi_dsub
                0x0000000000005698      0x228 /Applications/lpcxpresso_7.5.0_254/lpcxpresso/tools/bin/../lib/gcc/arm-none-eabi/4.8.4/armv7-m/libcr_eabihelpers.a(double.o)
                0x0000000000005698                __aeabi_dsub
 .text.__aeabi_dadd
                0x00000000000058c0      0x178 /Applications/lpcxpresso_7.5.0_254/lpcxpresso/tools/bin/../lib/gcc/arm-none-eabi/4.8.4/armv7-m/libcr_eabihelpers.a(double.o)
                0x00000000000058c0                __aeabi_dadd
 .text.__aeabi_d2iz
                0x0000000000005a38       0x4c /Applications/lpcxpresso_7.5.0_254/lpcxpresso/tools/bin/../lib/gcc/arm-none-eabi/4.8.4/armv7-m/libcr_eabihelpers.a(double.o)
                0x0000000000005a38                __aeabi_d2iz
 .text.__bhs_ui2d
                0x0000000000005a84       0x48 /Applications/lpcxpresso_7.5.0_254/lpcxpresso/tools/bin/../lib/gcc/arm-none-eabi/4.8.4/armv7-m/libcr_eabihelpers.a(double.o)
                0x0000000000005a84                __bhs_ui2d
 .text.__aeabi_i2d
                0x0000000000005acc       0x10 /Applications/lpcxpresso_7.5.0_254/lpcxpresso/tools/bin/../lib/gcc/arm-none-eabi/4.8.4/armv7-m/libcr_eabihelpers.a(double.o)
                0x0000000000005acc                __aeabi_i2d
 .text.__aeabi_dcmpeq
                0x0000000000005adc       0x40 /Applications/lpcxpresso_7.5.0_254/lpcxpresso/tools/bin/../lib/gcc/arm-none-eabi/4.8.4/armv7-m/libcr_eabihelpers.a(double.o)
                0x0000000000005adc                __aeabi_dcmpeq
 .text.__aeabi_dcmplt
                0x0000000000005b1c       0x70 /Applications/lpcxpresso_7.5.0_254/lpcxpresso/tools/bin/../lib/gcc/arm-none-eabi/4.8.4/armv7-m/libcr_eabihelpers.a(double.o)
                0x0000000000005b1c                __aeabi_dcmplt
 .text.__aeabi_dcmple
                0x0000000000005b8c       0x68 /Applications/lpcxpresso_7.5.0_254/lpcxpresso/tools/bin/../lib/gcc/arm-none-eabi/4.8.4/armv7-m/libcr_eabihelpers.a(double.o)
                0x0000000000005b8c                __aeabi_dcmple
 .text.__aeabi_dcmpge
                0x0000000000005bf4       0x64 /Applications/lpcxpresso_7.5.0_254/lpcxpresso/tools/bin/../lib/gcc/arm-none-eabi/4.8.4/armv7-m/libcr_eabihelpers.a(double.o)
                0x0000000000005bf4                __aeabi_dcmpge
 .text.__aeabi_memcpy
                0x0000000000005c58       0x3a /Applications/lpcxpresso_7.5.0_254/lpcxpresso/tools/bin/../lib/gcc/arm-none-eabi/4.8.4/armv7-m/libcr_eabihelpers.a(memcpy.o)
                0x0000000000005c58                __aeabi_memcpy
                0x0000000000005c64                __aeabi_memcpy4
                0x0000000000005c64                __aeabi_memcpy8
 .text.__aeabi_memset_lowlevel
                0x0000000000005c92       0x38 /Applications/lpcxpresso_7.5.0_254/lpcxpresso/tools/bin/../lib/gcc/arm-none-eabi/4.8.4/armv7-m/libcr_eabihelpers.a(memcpy.o)
                0x0000000000005c92                __aeabi_lowlevel_memset
 *fill*         0x0000000000005cca        0x2 
 .text.__sys_appexit
                0x0000000000005ccc        0xc /Applications/lpcxpresso_7.5.0_254/lpcxpresso/tools/bin/../lib/gcc/arm-none-eabi/4.8.4/../../../../arm-none-eabi/lib/armv7-m/libcr_semihost.a(__sys_appexit.o)
                0x0000000000005ccc                __exit
                0x0000000000005ccc                __sys_appexit
 .text.__sys_close
                0x0000000000005cd8        0xc /Applications/lpcxpresso_7.5.0_254/lpcxpresso/tools/bin/../lib/gcc/arm-none-eabi/4.8.4/../../../../arm-none-eabi/lib/armv7-m/libcr_semihost.a(__sys_close.o)
                0x0000000000005cd8                __sys_close
 .text.__sys_flen
                0x0000000000005ce4        0xc /Applications/lpcxpresso_7.5.0_254/lpcxpresso/tools/bin/../lib/gcc/arm-none-eabi/4.8.4/../../../../arm-none-eabi/lib/armv7-m/libcr_semihost.a(__sys_flen.o)
                0x0000000000005ce4                __sys_flen
 .text.__sys_istty
                0x0000000000005cf0        0xc /Applications/lpcxpresso_7.5.0_254/lpcxpresso/tools/bin/../lib/gcc/arm-none-eabi/4.8.4/../../../../arm-none-eabi/lib/armv7-m/libcr_semihost.a(__sys_istty.o)
                0x0000000000005cf0                __sys_istty
 .text.__sys_remove
                0x0000000000005cfc        0xc /Applications/lpcxpresso_7.5.0_254/lpcxpresso/tools/bin/../lib/gcc/arm-none-eabi/4.8.4/../../../../arm-none-eabi/lib/armv7-m/libcr_semihost.a(__sys_remove.o)
                0x0000000000005cfc                __sys_remove
 .text.__sys_seek
                0x0000000000005d08        0xc /Applications/lpcxpresso_7.5.0_254/lpcxpresso/tools/bin/../lib/gcc/arm-none-eabi/4.8.4/../../../../arm-none-eabi/lib/armv7-m/libcr_semihost.a(__sys_seek.o)
                0x0000000000005d08                __sys_seek
 .text.__sys_tmpnam
                0x0000000000005d14        0xc /Applications/lpcxpresso_7.5.0_254/lpcxpresso/tools/bin/../lib/gcc/arm-none-eabi/4.8.4/../../../../arm-none-eabi/lib/armv7-m/libcr_semihost.a(__sys_tmpnam.o)
                0x0000000000005d14                __sys_tmpnam
 .text.__sys_write
                0x0000000000005d20        0xc /Applications/lpcxpresso_7.5.0_254/lpcxpresso/tools/bin/../lib/gcc/arm-none-eabi/4.8.4/../../../../arm-none-eabi/lib/armv7-m/libcr_semihost.a(__sys_write.o)
                0x0000000000005d20                __write
                0x0000000000005d20                __sys_write
 *(.rodata .rodata.* .constdata .constdata.*)
 .rodata        0x0000000000005d2c       0x68 ./src/fat_filelib.o
 .rodata        0x0000000000005d94       0xf4 ./src/main.o
 .rodata        0x0000000000005e88       0x18 /Users/wangjiadong/LPCXpresso/workspace/Lib_MCU/Debug/libLib_MCU.a(lpc17xx_uart.o)
 .rodata.str1.1
                0x0000000000005ea0       0x34 /Applications/lpcxpresso_7.5.0_254/lpcxpresso/tools/bin/../lib/gcc/arm-none-eabi/4.8.4/../../../../arm-none-eabi/lib/armv7-m/libcr_c.a(fpprintf.o)
                                         0x35 (size before relaxing)
 .rodata.str1.1
                0x0000000000005ed4        0x4 /Applications/lpcxpresso_7.5.0_254/lpcxpresso/tools/bin/../lib/gcc/arm-none-eabi/4.8.4/../../../../arm-none-eabi/lib/armv7-m/libcr_c.a(initio.o)
 .rodata.str1.1
                0x0000000000005ed8       0x31 /Applications/lpcxpresso_7.5.0_254/lpcxpresso/tools/bin/../lib/gcc/arm-none-eabi/4.8.4/../../../../arm-none-eabi/lib/armv7-m/libcr_c.a(printf.o)
                                         0x38 (size before relaxing)
 .rodata.str1.1
                0x0000000000005f09       0x18 /Applications/lpcxpresso_7.5.0_254/lpcxpresso/tools/bin/../lib/gcc/arm-none-eabi/4.8.4/../../../../arm-none-eabi/lib/armv7-m/libcr_c.a(alloc.o)
 *fill*         0x0000000000005f21        0x7 
 .rodata.__huge_vall
                0x0000000000005f28        0x8 /Applications/lpcxpresso_7.5.0_254/lpcxpresso/tools/bin/../lib/gcc/arm-none-eabi/4.8.4/../../../../arm-none-eabi/lib/armv7-m/libcr_c.a(_hugeval.o)
                0x0000000000005f28                __huge_vall
                0x0000000000005f30                . = ALIGN (0x4)

.glue_7         0x0000000000005f30        0x0
 .glue_7        0x0000000000000000        0x0 linker stubs

.glue_7t        0x0000000000005f30        0x0
 .glue_7t       0x0000000000000000        0x0 linker stubs

.vfp11_veneer   0x0000000000005f30        0x0
 .vfp11_veneer  0x0000000000000000        0x0 linker stubs

.v4_bx          0x0000000000005f30        0x0
 .v4_bx         0x0000000000000000        0x0 linker stubs

.iplt           0x0000000000005f30        0x0
 .iplt          0x0000000000000000        0x0 ./src/Bluetooth_3032.o

.rel.dyn        0x0000000000005f30        0x0
 .rel.iplt      0x0000000000000000        0x0 ./src/Bluetooth_3032.o

.ARM.extab
 *(.ARM.extab* .gnu.linkonce.armextab.*)
                0x0000000000005f30                __exidx_start = .

.ARM.exidx
 *(.ARM.exidx* .gnu.linkonce.armexidx.*)
                0x0000000000005f30                __exidx_end = .
                0x0000000000005f30                _etext = .

.data_RAM2      0x000000002007c000        0x0 load address 0x0000000000005f30
 FILL mask 0xff
 *(.ramfunc.$RAM2)
 *(.ramfunc.$RamAHB32)
 *(.data.$RAM2*)
 *(.data.$RamAHB32*)
                0x000000002007c000                . = ALIGN (0x4)

.uninit_RESERVED
                0x0000000010000000        0x0
 *(.bss.$RESERVED*)
                0x0000000010000000                . = ALIGN (0x4)
                0x0000000010000000                _end_uninit_RESERVED = .

.data           0x0000000010000000        0x4 load address 0x0000000000005f30
 FILL mask 0xff
                0x0000000010000000                _data = .
 *(vtable)
 *(.ramfunc*)
 *(.data*)
 .data          0x0000000010000000        0x4 /Users/wangjiadong/LPCXpresso/workspace/Lib_CMSISv1p30_LPC17xx/Debug/libCMSISv1p30_LPC17xx.a(system_LPC17xx.o)
                0x0000000010000000                SystemCoreClock
                0x0000000010000004                . = ALIGN (0x4)
                0x0000000010000004                _edata = .

.igot.plt       0x0000000010000004        0x0 load address 0x0000000000005f34
 .igot.plt      0x0000000000000000        0x0 ./src/Bluetooth_3032.o

.bss_RAM2       0x000000002007c000        0x0
 *(.bss.$RAM2*)
 *(.bss.$RamAHB32*)
                0x000000002007c000                . = ALIGN (0x4)

.bss            0x0000000010000004      0xe98
                0x0000000010000004                _bss = .
 *(.bss*)
 .bss._files    0x0000000010000004      0x888 ./src/fat_filelib.o
 .bss._filelib_init
                0x000000001000088c        0x4 ./src/fat_filelib.o
 .bss._filelib_valid
                0x0000000010000890        0x4 ./src/fat_filelib.o
 .bss._fs       0x0000000010000894      0x464 ./src/fat_filelib.o
 .bss._open_file_list
                0x0000000010000cf8        0x8 ./src/fat_filelib.o
 .bss._free_file_list
                0x0000000010000d00        0x8 ./src/fat_filelib.o
 .bss.Timer     0x0000000010000d08        0x4 ./src/main.o
                0x0000000010000d08                Timer
 .bss.ticks.5750
                0x0000000010000d0c        0x4 ./src/main.o
 .bss.Timer1    0x0000000010000d10        0x4 ./src/sd.o
 .bss.Timer2    0x0000000010000d14        0x4 ./src/sd.o
 .bss.errno     0x0000000010000d18        0x4 /Applications/lpcxpresso_7.5.0_254/lpcxpresso/tools/bin/../lib/gcc/arm-none-eabi/4.8.4/../../../../arm-none-eabi/lib/armv7-m/libcr_c.a(errno.o)
                0x0000000010000d18                errno
 *(COMMON)
 COMMON         0x0000000010000d1c       0x34 ./src/sd.o
                0x0000000010000d1c                CardType
                0x0000000010000d20                CardConfig
 COMMON         0x0000000010000d50        0x4 /Applications/lpcxpresso_7.5.0_254/lpcxpresso/tools/bin/../lib/gcc/arm-none-eabi/4.8.4/../../../../arm-none-eabi/lib/armv7-m/libcr_c.a(initio.o)
                0x0000000010000d50                _extra
 COMMON         0x0000000010000d54      0x140 /Applications/lpcxpresso_7.5.0_254/lpcxpresso/tools/bin/../lib/gcc/arm-none-eabi/4.8.4/../../../../arm-none-eabi/lib/armv7-m/libcr_c.a(stdio.o)
                0x0000000010000d54                __Ciob
 COMMON         0x0000000010000e94        0x8 /Applications/lpcxpresso_7.5.0_254/lpcxpresso/tools/bin/../lib/gcc/arm-none-eabi/4.8.4/../../../../arm-none-eabi/lib/armv7-m/libcr_c.a(__init_alloc.o)
                0x0000000010000e94                __heaps
                0x0000000010000e98                __end_of_heap
                0x0000000010000e9c                . = ALIGN (0x4)
                0x0000000010000e9c                _ebss = .
                0x0000000010000e9c                PROVIDE (end, .)

.noinit_RAM2    0x000000002007c000        0x0
 *(.noinit.$RAM2*)
 *(.noinit.$RamAHB32*)
                0x000000002007c000                . = ALIGN (0x4)

.noinit         0x0000000010000e9c        0x0
                0x0000000010000e9c                _noinit = .
 *(.noinit*)
                0x0000000010000e9c                . = ALIGN (0x4)
                0x0000000010000e9c                _end_noinit = .
                0x0000000010000e9c                PROVIDE (_pvHeapStart, DEFINED (__user_heap_base)?__user_heap_base:.)
                0x0000000010008000                PROVIDE (_vStackTop, DEFINED (__user_stack_top)?__user_stack_top:(__top_RamLoc32 - 0x0))
OUTPUT(LPC1769_CMSIS_MCU_blinky.axf elf32-littlearm)

.debug_info     0x0000000000000000     0x7747
 .debug_info    0x0000000000000000      0x43c ./src/GPS_3032.o
 .debug_info    0x000000000000043c      0x2be ./src/cr_startup_lpc176x.o
 .debug_info    0x00000000000006fa      0xb2e ./src/fat_access.o
 .debug_info    0x0000000000001228     0x1303 ./src/fat_filelib.o
 .debug_info    0x000000000000252b      0x61d ./src/fat_misc.o
 .debug_info    0x0000000000002b48      0x4c4 ./src/fat_string.o
 .debug_info    0x000000000000300c      0x67e ./src/fat_table.o
 .debug_info    0x000000000000368a      0x80f ./src/main.o
 .debug_info    0x0000000000003e99      0x4d5 ./src/sd.o
 .debug_info    0x000000000000436e      0x811 ./src/spi.o
 .debug_info    0x0000000000004b7f      0x2e3 /Users/wangjiadong/LPCXpresso/workspace/Lib_CMSISv1p30_LPC17xx/Debug/libCMSISv1p30_LPC17xx.a(system_LPC17xx.o)
 .debug_info    0x0000000000004e62      0xac9 /Users/wangjiadong/LPCXpresso/workspace/Lib_MCU/Debug/libLib_MCU.a(lpc17xx_gpio.o)
 .debug_info    0x000000000000592b      0x44a /Users/wangjiadong/LPCXpresso/workspace/Lib_MCU/Debug/libLib_MCU.a(lpc17xx_pinsel.o)
 .debug_info    0x0000000000005d75     0x1381 /Users/wangjiadong/LPCXpresso/workspace/Lib_MCU/Debug/libLib_MCU.a(lpc17xx_uart.o)
 .debug_info    0x00000000000070f6      0x58c /Users/wangjiadong/LPCXpresso/workspace/Lib_MCU/Debug/libLib_MCU.a(lpc17xx_clkpwr.o)
 .debug_info    0x0000000000007682       0xc5 /Users/wangjiadong/LPCXpresso/workspace/Lib_MCU/Debug/libLib_MCU.a(lpc17xx_libcfg_default.o)

.debug_abbrev   0x0000000000000000     0x1a6e
 .debug_abbrev  0x0000000000000000      0x151 ./src/GPS_3032.o
 .debug_abbrev  0x0000000000000151      0x12b ./src/cr_startup_lpc176x.o
 .debug_abbrev  0x000000000000027c      0x20a ./src/fat_access.o
 .debug_abbrev  0x0000000000000486      0x268 ./src/fat_filelib.o
 .debug_abbrev  0x00000000000006ee      0x1ca ./src/fat_misc.o
 .debug_abbrev  0x00000000000008b8      0x15b ./src/fat_string.o
 .debug_abbrev  0x0000000000000a13      0x1fb ./src/fat_table.o
 .debug_abbrev  0x0000000000000c0e      0x2aa ./src/main.o
 .debug_abbrev  0x0000000000000eb8      0x1a1 ./src/sd.o
 .debug_abbrev  0x0000000000001059      0x1a3 ./src/spi.o
 .debug_abbrev  0x00000000000011fc       0xe6 /Users/wangjiadong/LPCXpresso/workspace/Lib_CMSISv1p30_LPC17xx/Debug/libCMSISv1p30_LPC17xx.a(system_LPC17xx.o)
 .debug_abbrev  0x00000000000012e2      0x193 /Users/wangjiadong/LPCXpresso/workspace/Lib_MCU/Debug/libLib_MCU.a(lpc17xx_gpio.o)
 .debug_abbrev  0x0000000000001475      0x129 /Users/wangjiadong/LPCXpresso/workspace/Lib_MCU/Debug/libLib_MCU.a(lpc17xx_pinsel.o)
 .debug_abbrev  0x000000000000159e      0x2a8 /Users/wangjiadong/LPCXpresso/workspace/Lib_MCU/Debug/libLib_MCU.a(lpc17xx_uart.o)
 .debug_abbrev  0x0000000000001846      0x1bc /Users/wangjiadong/LPCXpresso/workspace/Lib_MCU/Debug/libLib_MCU.a(lpc17xx_clkpwr.o)
 .debug_abbrev  0x0000000000001a02       0x6c /Users/wangjiadong/LPCXpresso/workspace/Lib_MCU/Debug/libLib_MCU.a(lpc17xx_libcfg_default.o)

.debug_aranges  0x0000000000000000      0x858
 .debug_aranges
                0x0000000000000000       0x40 ./src/GPS_3032.o
 .debug_aranges
                0x0000000000000040       0x80 ./src/cr_startup_lpc176x.o
 .debug_aranges
                0x00000000000000c0       0x90 ./src/fat_access.o
 .debug_aranges
                0x0000000000000150      0x168 ./src/fat_filelib.o
 .debug_aranges
                0x00000000000002b8       0x90 ./src/fat_misc.o
 .debug_aranges
                0x0000000000000348       0x70 ./src/fat_string.o
 .debug_aranges
                0x00000000000003b8       0x70 ./src/fat_table.o
 .debug_aranges
                0x0000000000000428       0x98 ./src/main.o
 .debug_aranges
                0x00000000000004c0       0x68 ./src/sd.o
 .debug_aranges
                0x0000000000000528       0x48 ./src/spi.o
 .debug_aranges
                0x0000000000000570       0x28 /Users/wangjiadong/LPCXpresso/workspace/Lib_CMSISv1p30_LPC17xx/Debug/libCMSISv1p30_LPC17xx.a(system_LPC17xx.o)
 .debug_aranges
                0x0000000000000598       0xc8 /Users/wangjiadong/LPCXpresso/workspace/Lib_MCU/Debug/libLib_MCU.a(lpc17xx_gpio.o)
 .debug_aranges
                0x0000000000000660       0x48 /Users/wangjiadong/LPCXpresso/workspace/Lib_MCU/Debug/libLib_MCU.a(lpc17xx_pinsel.o)
 .debug_aranges
                0x00000000000006a8      0x130 /Users/wangjiadong/LPCXpresso/workspace/Lib_MCU/Debug/libLib_MCU.a(lpc17xx_uart.o)
 .debug_aranges
                0x00000000000007d8       0x60 /Users/wangjiadong/LPCXpresso/workspace/Lib_MCU/Debug/libLib_MCU.a(lpc17xx_clkpwr.o)
 .debug_aranges
                0x0000000000000838       0x20 /Users/wangjiadong/LPCXpresso/workspace/Lib_MCU/Debug/libLib_MCU.a(lpc17xx_libcfg_default.o)

.debug_ranges   0x0000000000000000      0x770
 .debug_ranges  0x0000000000000000       0x30 ./src/GPS_3032.o
 .debug_ranges  0x0000000000000030       0x70 ./src/cr_startup_lpc176x.o
 .debug_ranges  0x00000000000000a0       0x80 ./src/fat_access.o
 .debug_ranges  0x0000000000000120      0x170 ./src/fat_filelib.o
 .debug_ranges  0x0000000000000290       0x80 ./src/fat_misc.o
 .debug_ranges  0x0000000000000310       0x60 ./src/fat_string.o
 .debug_ranges  0x0000000000000370       0x60 ./src/fat_table.o
 .debug_ranges  0x00000000000003d0       0x88 ./src/main.o
 .debug_ranges  0x0000000000000458       0x58 ./src/sd.o
 .debug_ranges  0x00000000000004b0       0x38 ./src/spi.o
 .debug_ranges  0x00000000000004e8       0x18 /Users/wangjiadong/LPCXpresso/workspace/Lib_CMSISv1p30_LPC17xx/Debug/libCMSISv1p30_LPC17xx.a(system_LPC17xx.o)
 .debug_ranges  0x0000000000000500       0xb8 /Users/wangjiadong/LPCXpresso/workspace/Lib_MCU/Debug/libLib_MCU.a(lpc17xx_gpio.o)
 .debug_ranges  0x00000000000005b8       0x38 /Users/wangjiadong/LPCXpresso/workspace/Lib_MCU/Debug/libLib_MCU.a(lpc17xx_pinsel.o)
 .debug_ranges  0x00000000000005f0      0x120 /Users/wangjiadong/LPCXpresso/workspace/Lib_MCU/Debug/libLib_MCU.a(lpc17xx_uart.o)
 .debug_ranges  0x0000000000000710       0x50 /Users/wangjiadong/LPCXpresso/workspace/Lib_MCU/Debug/libLib_MCU.a(lpc17xx_clkpwr.o)
 .debug_ranges  0x0000000000000760       0x10 /Users/wangjiadong/LPCXpresso/workspace/Lib_MCU/Debug/libLib_MCU.a(lpc17xx_libcfg_default.o)

.debug_macro    0x0000000000000000     0x358f
 .debug_macro   0x0000000000000000       0xb1 ./src/GPS_3032.o
 .debug_macro   0x00000000000000b1       0x52 ./src/cr_startup_lpc176x.o
 .debug_macro   0x0000000000000103      0x85c ./src/cr_startup_lpc176x.o
 .debug_macro   0x000000000000095f       0xb5 ./src/fat_access.o
 .debug_macro   0x0000000000000a14       0x4c ./src/fat_access.o
 .debug_macro   0x0000000000000a60       0x2e ./src/fat_access.o
 .debug_macro   0x0000000000000a8e      0x1ae ./src/fat_access.o
 .debug_macro   0x0000000000000c3c       0x3a ./src/fat_access.o
 .debug_macro   0x0000000000000c76       0x2e ./src/fat_access.o
 .debug_macro   0x0000000000000ca4       0xfe ./src/fat_filelib.o
 .debug_macro   0x0000000000000da2       0x28 ./src/fat_filelib.o
 .debug_macro   0x0000000000000dca       0x93 ./src/fat_misc.o
 .debug_macro   0x0000000000000e5d       0x28 ./src/fat_misc.o
 .debug_macro   0x0000000000000e85       0x50 ./src/fat_string.o
 .debug_macro   0x0000000000000ed5       0x16 ./src/fat_string.o
 .debug_macro   0x0000000000000eeb       0xb5 ./src/fat_table.o
 .debug_macro   0x0000000000000fa0      0x13b ./src/main.o
 .debug_macro   0x00000000000010db       0x3a ./src/main.o
 .debug_macro   0x0000000000001115       0x34 ./src/main.o
 .debug_macro   0x0000000000001149       0x52 ./src/main.o
 .debug_macro   0x000000000000119b       0x28 ./src/main.o
 .debug_macro   0x00000000000011c3      0x12e ./src/sd.o
 .debug_macro   0x00000000000012f1       0x1c ./src/sd.o
 .debug_macro   0x000000000000130d      0x2c7 ./src/sd.o
 .debug_macro   0x00000000000015d4       0x10 ./src/sd.o
 .debug_macro   0x00000000000015e4       0x3a ./src/sd.o
 .debug_macro   0x000000000000161e       0x95 ./src/spi.o
 .debug_macro   0x00000000000016b3      0x113 /Users/wangjiadong/LPCXpresso/workspace/Lib_CMSISv1p30_LPC17xx/Debug/libCMSISv1p30_LPC17xx.a(system_LPC17xx.o)
 .debug_macro   0x00000000000017c6      0x850 /Users/wangjiadong/LPCXpresso/workspace/Lib_CMSISv1p30_LPC17xx/Debug/libCMSISv1p30_LPC17xx.a(system_LPC17xx.o)
 .debug_macro   0x0000000000002016      0x7d5 /Users/wangjiadong/LPCXpresso/workspace/Lib_CMSISv1p30_LPC17xx/Debug/libCMSISv1p30_LPC17xx.a(system_LPC17xx.o)
 .debug_macro   0x00000000000027eb       0x83 /Users/wangjiadong/LPCXpresso/workspace/Lib_MCU/Debug/libLib_MCU.a(lpc17xx_gpio.o)
 .debug_macro   0x000000000000286e       0x40 /Users/wangjiadong/LPCXpresso/workspace/Lib_MCU/Debug/libLib_MCU.a(lpc17xx_gpio.o)
 .debug_macro   0x00000000000028ae       0xcb /Users/wangjiadong/LPCXpresso/workspace/Lib_MCU/Debug/libLib_MCU.a(lpc17xx_gpio.o)
 .debug_macro   0x0000000000002979       0x7a /Users/wangjiadong/LPCXpresso/workspace/Lib_MCU/Debug/libLib_MCU.a(lpc17xx_pinsel.o)
 .debug_macro   0x00000000000029f3       0x8c /Users/wangjiadong/LPCXpresso/workspace/Lib_MCU/Debug/libLib_MCU.a(lpc17xx_uart.o)
 .debug_macro   0x0000000000002a7f      0x324 /Users/wangjiadong/LPCXpresso/workspace/Lib_MCU/Debug/libLib_MCU.a(lpc17xx_uart.o)
 .debug_macro   0x0000000000002da3      0x2fe /Users/wangjiadong/LPCXpresso/workspace/Lib_MCU/Debug/libLib_MCU.a(lpc17xx_uart.o)
 .debug_macro   0x00000000000030a1       0x7a /Users/wangjiadong/LPCXpresso/workspace/Lib_MCU/Debug/libLib_MCU.a(lpc17xx_clkpwr.o)
 .debug_macro   0x000000000000311b      0x2f8 /Users/wangjiadong/LPCXpresso/workspace/Lib_MCU/Debug/libLib_MCU.a(lpc17xx_clkpwr.o)
 .debug_macro   0x0000000000003413       0x5a /Users/wangjiadong/LPCXpresso/workspace/Lib_MCU/Debug/libLib_MCU.a(lpc17xx_libcfg_default.o)
 .debug_macro   0x000000000000346d       0x5d /Users/wangjiadong/LPCXpresso/workspace/Lib_MCU/Debug/libLib_MCU.a(lpc17xx_libcfg_default.o)
 .debug_macro   0x00000000000034ca       0xc5 /Users/wangjiadong/LPCXpresso/workspace/Lib_MCU/Debug/libLib_MCU.a(lpc17xx_libcfg_default.o)

.debug_line     0x0000000000000000     0x3d97
 .debug_line    0x0000000000000000      0x2b6 ./src/GPS_3032.o
 .debug_line    0x00000000000002b6      0x1bf ./src/cr_startup_lpc176x.o
 .debug_line    0x0000000000000475      0x4a9 ./src/fat_access.o
 .debug_line    0x000000000000091e      0x99b ./src/fat_filelib.o
 .debug_line    0x00000000000012b9      0x3df ./src/fat_misc.o
 .debug_line    0x0000000000001698      0x3a3 ./src/fat_string.o
 .debug_line    0x0000000000001a3b      0x37e ./src/fat_table.o
 .debug_line    0x0000000000001db9      0x4c7 ./src/main.o
 .debug_line    0x0000000000002280      0x464 ./src/sd.o
 .debug_line    0x00000000000026e4      0x23a ./src/spi.o
 .debug_line    0x000000000000291e      0x201 /Users/wangjiadong/LPCXpresso/workspace/Lib_CMSISv1p30_LPC17xx/Debug/libCMSISv1p30_LPC17xx.a(system_LPC17xx.o)
 .debug_line    0x0000000000002b1f      0x3d9 /Users/wangjiadong/LPCXpresso/workspace/Lib_MCU/Debug/libLib_MCU.a(lpc17xx_gpio.o)
 .debug_line    0x0000000000002ef8      0x255 /Users/wangjiadong/LPCXpresso/workspace/Lib_MCU/Debug/libLib_MCU.a(lpc17xx_pinsel.o)
 .debug_line    0x000000000000314d      0x817 /Users/wangjiadong/LPCXpresso/workspace/Lib_MCU/Debug/libLib_MCU.a(lpc17xx_uart.o)
 .debug_line    0x0000000000003964      0x2b4 /Users/wangjiadong/LPCXpresso/workspace/Lib_MCU/Debug/libLib_MCU.a(lpc17xx_clkpwr.o)
 .debug_line    0x0000000000003c18      0x17f /Users/wangjiadong/LPCXpresso/workspace/Lib_MCU/Debug/libLib_MCU.a(lpc17xx_libcfg_default.o)

.debug_str      0x0000000000000000     0xf260
 .debug_str     0x0000000000000000     0x9f31 ./src/GPS_3032.o
                                       0x9fc1 (size before relaxing)
 .debug_str     0x0000000000009f31      0x2a8 ./src/cr_startup_lpc176x.o
                                       0x3d47 (size before relaxing)
 .debug_str     0x000000000000a1d9     0x10a8 ./src/fat_access.o
                                       0x3cdf (size before relaxing)
 .debug_str     0x000000000000b281      0x763 ./src/fat_filelib.o
                                       0x4227 (size before relaxing)
 .debug_str     0x000000000000b9e4      0x1de ./src/fat_misc.o
                                       0x398e (size before relaxing)
 .debug_str     0x000000000000bbc2      0x25e ./src/fat_string.o
                                       0x2c1a (size before relaxing)
 .debug_str     0x000000000000be20      0x2de ./src/fat_table.o
                                       0x3c85 (size before relaxing)
 .debug_str     0x000000000000c0fe      0x4b4 ./src/main.o
                                       0xadc5 (size before relaxing)
 .debug_str     0x000000000000c5b2      0x3f7 ./src/sd.o
                                       0x7fac (size before relaxing)
 .debug_str     0x000000000000c9a9      0x463 ./src/spi.o
                                       0x802d (size before relaxing)
 .debug_str     0x000000000000ce0c      0x3b7 /Users/wangjiadong/LPCXpresso/workspace/Lib_CMSISv1p30_LPC17xx/Debug/libCMSISv1p30_LPC17xx.a(system_LPC17xx.o)
                                       0x7f0d (size before relaxing)
 .debug_str     0x000000000000d1c3      0x3a5 /Users/wangjiadong/LPCXpresso/workspace/Lib_MCU/Debug/libLib_MCU.a(lpc17xx_gpio.o)
                                       0x8360 (size before relaxing)
 .debug_str     0x000000000000d568      0x121 /Users/wangjiadong/LPCXpresso/workspace/Lib_MCU/Debug/libLib_MCU.a(lpc17xx_pinsel.o)
                                       0x83a4 (size before relaxing)
 .debug_str     0x000000000000d689     0x1adf /Users/wangjiadong/LPCXpresso/workspace/Lib_MCU/Debug/libLib_MCU.a(lpc17xx_uart.o)
                                       0xb272 (size before relaxing)
 .debug_str     0x000000000000f168       0xcb /Users/wangjiadong/LPCXpresso/workspace/Lib_MCU/Debug/libLib_MCU.a(lpc17xx_clkpwr.o)
                                       0x9101 (size before relaxing)
 .debug_str     0x000000000000f233       0x2d /Users/wangjiadong/LPCXpresso/workspace/Lib_MCU/Debug/libLib_MCU.a(lpc17xx_libcfg_default.o)
                                       0x3e39 (size before relaxing)

.comment        0x0000000000000000       0xe0
 .comment       0x0000000000000000       0x70 ./src/GPS_3032.o
                                         0x71 (size before relaxing)
 .comment       0x0000000000000000       0x71 ./src/cr_startup_lpc176x.o
 .comment       0x0000000000000000       0x71 ./src/fat_access.o
 .comment       0x0000000000000000       0x71 ./src/fat_filelib.o
 .comment       0x0000000000000000       0x71 ./src/fat_misc.o
 .comment       0x0000000000000000       0x71 ./src/fat_string.o
 .comment       0x0000000000000000       0x71 ./src/fat_table.o
 .comment       0x0000000000000000       0x71 ./src/main.o
 .comment       0x0000000000000000       0x71 ./src/sd.o
 .comment       0x0000000000000000       0x71 ./src/spi.o
 .comment       0x0000000000000000       0x71 /Users/wangjiadong/LPCXpresso/workspace/Lib_CMSISv1p30_LPC17xx/Debug/libCMSISv1p30_LPC17xx.a(system_LPC17xx.o)
 .comment       0x0000000000000000       0x71 /Users/wangjiadong/LPCXpresso/workspace/Lib_MCU/Debug/libLib_MCU.a(lpc17xx_gpio.o)
 .comment       0x0000000000000000       0x71 /Users/wangjiadong/LPCXpresso/workspace/Lib_MCU/Debug/libLib_MCU.a(lpc17xx_pinsel.o)
 .comment       0x0000000000000000       0x71 /Users/wangjiadong/LPCXpresso/workspace/Lib_MCU/Debug/libLib_MCU.a(lpc17xx_uart.o)
 .comment       0x0000000000000000       0x71 /Users/wangjiadong/LPCXpresso/workspace/Lib_MCU/Debug/libLib_MCU.a(lpc17xx_clkpwr.o)
 .comment       0x0000000000000000       0x71 /Users/wangjiadong/LPCXpresso/workspace/Lib_MCU/Debug/libLib_MCU.a(lpc17xx_libcfg_default.o)
 .comment       0x0000000000000070       0x70 /Applications/lpcxpresso_7.5.0_254/lpcxpresso/tools/bin/../lib/gcc/arm-none-eabi/4.8.4/../../../../arm-none-eabi/lib/armv7-m/libcr_semihost.a(_cr__main.o)
                                         0x71 (size before relaxing)
 .comment       0x0000000000000000       0x71 /Applications/lpcxpresso_7.5.0_254/lpcxpresso/tools/bin/../lib/gcc/arm-none-eabi/4.8.4/../../../../arm-none-eabi/lib/armv7-m/libcr_c.a(memcpy.o)
 .comment       0x0000000000000000       0x71 /Applications/lpcxpresso_7.5.0_254/lpcxpresso/tools/bin/../lib/gcc/arm-none-eabi/4.8.4/../../../../arm-none-eabi/lib/armv7-m/libcr_c.a(memset.o)
 .comment       0x0000000000000000       0x71 /Applications/lpcxpresso_7.5.0_254/lpcxpresso/tools/bin/../lib/gcc/arm-none-eabi/4.8.4/../../../../arm-none-eabi/lib/armv7-m/libcr_c.a(fpprintf.o)
 .comment       0x0000000000000000       0x71 /Applications/lpcxpresso_7.5.0_254/lpcxpresso/tools/bin/../lib/gcc/arm-none-eabi/4.8.4/../../../../arm-none-eabi/lib/armv7-m/libcr_c.a(initio.o)
 .comment       0x0000000000000000       0x71 /Applications/lpcxpresso_7.5.0_254/lpcxpresso/tools/bin/../lib/gcc/arm-none-eabi/4.8.4/../../../../arm-none-eabi/lib/armv7-m/libcr_c.a(printf.o)
 .comment       0x0000000000000000       0x71 /Applications/lpcxpresso_7.5.0_254/lpcxpresso/tools/bin/../lib/gcc/arm-none-eabi/4.8.4/../../../../arm-none-eabi/lib/armv7-m/libcr_c.a(setvbuf.o)
 .comment       0x0000000000000000       0x71 /Applications/lpcxpresso_7.5.0_254/lpcxpresso/tools/bin/../lib/gcc/arm-none-eabi/4.8.4/../../../../arm-none-eabi/lib/armv7-m/libcr_c.a(stdio.o)
 .comment       0x0000000000000000       0x71 /Applications/lpcxpresso_7.5.0_254/lpcxpresso/tools/bin/../lib/gcc/arm-none-eabi/4.8.4/../../../../arm-none-eabi/lib/armv7-m/libcr_c.a(strlen.o)
 .comment       0x0000000000000000       0x71 /Applications/lpcxpresso_7.5.0_254/lpcxpresso/tools/bin/../lib/gcc/arm-none-eabi/4.8.4/../../../../arm-none-eabi/lib/armv7-m/libcr_c.a(strncpy.o)
 .comment       0x0000000000000000       0x71 /Applications/lpcxpresso_7.5.0_254/lpcxpresso/tools/bin/../lib/gcc/arm-none-eabi/4.8.4/../../../../arm-none-eabi/lib/armv7-m/libcr_c.a(_deferredlazyseek.o)
 .comment       0x0000000000000000       0x71 /Applications/lpcxpresso_7.5.0_254/lpcxpresso/tools/bin/../lib/gcc/arm-none-eabi/4.8.4/../../../../arm-none-eabi/lib/armv7-m/libcr_c.a(_fdopen.o)
 .comment       0x0000000000000000       0x71 /Applications/lpcxpresso_7.5.0_254/lpcxpresso/tools/bin/../lib/gcc/arm-none-eabi/4.8.4/../../../../arm-none-eabi/lib/armv7-m/libcr_c.a(_fflush.o)
 .comment       0x0000000000000000       0x71 /Applications/lpcxpresso_7.5.0_254/lpcxpresso/tools/bin/../lib/gcc/arm-none-eabi/4.8.4/../../../../arm-none-eabi/lib/armv7-m/libcr_c.a(_frexpl.o)
 .comment       0x0000000000000000       0x71 /Applications/lpcxpresso_7.5.0_254/lpcxpresso/tools/bin/../lib/gcc/arm-none-eabi/4.8.4/../../../../arm-none-eabi/lib/armv7-m/libcr_c.a(_ldexpl.o)
 .comment       0x0000000000000000       0x71 /Applications/lpcxpresso_7.5.0_254/lpcxpresso/tools/bin/../lib/gcc/arm-none-eabi/4.8.4/../../../../arm-none-eabi/lib/armv7-m/libcr_c.a(_writebuf.o)
 .comment       0x0000000000000000       0x71 /Applications/lpcxpresso_7.5.0_254/lpcxpresso/tools/bin/../lib/gcc/arm-none-eabi/4.8.4/../../../../arm-none-eabi/lib/armv7-m/libcr_c.a(alloc.o)
 .comment       0x0000000000000000       0x71 /Applications/lpcxpresso_7.5.0_254/lpcxpresso/tools/bin/../lib/gcc/arm-none-eabi/4.8.4/../../../../arm-none-eabi/lib/armv7-m/libcr_c.a(errno.o)
 .comment       0x0000000000000000       0x71 /Applications/lpcxpresso_7.5.0_254/lpcxpresso/tools/bin/../lib/gcc/arm-none-eabi/4.8.4/../../../../arm-none-eabi/lib/armv7-m/libcr_c.a(fclose.o)
 .comment       0x0000000000000000       0x71 /Applications/lpcxpresso_7.5.0_254/lpcxpresso/tools/bin/../lib/gcc/arm-none-eabi/4.8.4/../../../../arm-none-eabi/lib/armv7-m/libcr_c.a(fflush.o)
 .comment       0x0000000000000000       0x71 /Applications/lpcxpresso_7.5.0_254/lpcxpresso/tools/bin/../lib/gcc/arm-none-eabi/4.8.4/../../../../arm-none-eabi/lib/armv7-m/libcr_c.a(fseek.o)
 .comment       0x0000000000000000       0x71 /Applications/lpcxpresso_7.5.0_254/lpcxpresso/tools/bin/../lib/gcc/arm-none-eabi/4.8.4/../../../../arm-none-eabi/lib/armv7-m/libcr_c.a(ftell.o)
 .comment       0x0000000000000000       0x71 /Applications/lpcxpresso_7.5.0_254/lpcxpresso/tools/bin/../lib/gcc/arm-none-eabi/4.8.4/../../../../arm-none-eabi/lib/armv7-m/libcr_c.a(remove.o)
 .comment       0x0000000000000000       0x71 /Applications/lpcxpresso_7.5.0_254/lpcxpresso/tools/bin/../lib/gcc/arm-none-eabi/4.8.4/../../../../arm-none-eabi/lib/armv7-m/libcr_c.a(__init_alloc.o)
 .comment       0x0000000000000000       0x71 /Applications/lpcxpresso_7.5.0_254/lpcxpresso/tools/bin/../lib/gcc/arm-none-eabi/4.8.4/../../../../arm-none-eabi/lib/armv7-m/libcr_c.a(_cr_sbrk.o)
 .comment       0x0000000000000000       0x71 /Applications/lpcxpresso_7.5.0_254/lpcxpresso/tools/bin/../lib/gcc/arm-none-eabi/4.8.4/../../../../arm-none-eabi/lib/armv7-m/libcr_c.a(_do_fflush.o)
 .comment       0x0000000000000000       0x71 /Applications/lpcxpresso_7.5.0_254/lpcxpresso/tools/bin/../lib/gcc/arm-none-eabi/4.8.4/../../../../arm-none-eabi/lib/armv7-m/libcr_c.a(_hugeval.o)
 .comment       0x0000000000000000       0x71 /Applications/lpcxpresso_7.5.0_254/lpcxpresso/tools/bin/../lib/gcc/arm-none-eabi/4.8.4/../../../../arm-none-eabi/lib/armv7-m/libcr_c.a(_cr_check_heap.o)
 .comment       0x0000000000000000       0x71 /Applications/lpcxpresso_7.5.0_254/lpcxpresso/tools/bin/../lib/gcc/arm-none-eabi/4.8.4/armv7-m/libcr_eabihelpers.a(double.o)

.ARM.attributes
                0x0000000000000000       0x31
 .ARM.attributes
                0x0000000000000000       0x33 ./src/GPS_3032.o
 .ARM.attributes
                0x0000000000000033       0x33 ./src/cr_startup_lpc176x.o
 .ARM.attributes
                0x0000000000000066       0x33 ./src/fat_access.o
 .ARM.attributes
                0x0000000000000099       0x33 ./src/fat_filelib.o
 .ARM.attributes
                0x00000000000000cc       0x33 ./src/fat_misc.o
 .ARM.attributes
                0x00000000000000ff       0x33 ./src/fat_string.o
 .ARM.attributes
                0x0000000000000132       0x33 ./src/fat_table.o
 .ARM.attributes
                0x0000000000000165       0x33 ./src/main.o
 .ARM.attributes
                0x0000000000000198       0x33 ./src/sd.o
 .ARM.attributes
                0x00000000000001cb       0x33 ./src/spi.o
 .ARM.attributes
                0x00000000000001fe       0x33 /Users/wangjiadong/LPCXpresso/workspace/Lib_CMSISv1p30_LPC17xx/Debug/libCMSISv1p30_LPC17xx.a(system_LPC17xx.o)
 .ARM.attributes
                0x0000000000000231       0x33 /Users/wangjiadong/LPCXpresso/workspace/Lib_MCU/Debug/libLib_MCU.a(lpc17xx_gpio.o)
 .ARM.attributes
                0x0000000000000264       0x33 /Users/wangjiadong/LPCXpresso/workspace/Lib_MCU/Debug/libLib_MCU.a(lpc17xx_pinsel.o)
 .ARM.attributes
                0x0000000000000297       0x33 /Users/wangjiadong/LPCXpresso/workspace/Lib_MCU/Debug/libLib_MCU.a(lpc17xx_uart.o)
 .ARM.attributes
                0x00000000000002ca       0x33 /Users/wangjiadong/LPCXpresso/workspace/Lib_MCU/Debug/libLib_MCU.a(lpc17xx_clkpwr.o)
 .ARM.attributes
                0x00000000000002fd       0x33 /Users/wangjiadong/LPCXpresso/workspace/Lib_MCU/Debug/libLib_MCU.a(lpc17xx_libcfg_default.o)
 .ARM.attributes
                0x0000000000000330       0x33 /Applications/lpcxpresso_7.5.0_254/lpcxpresso/tools/bin/../lib/gcc/arm-none-eabi/4.8.4/../../../../arm-none-eabi/lib/armv7-m/libcr_semihost.a(_cr__main.o)
 .ARM.attributes
                0x0000000000000363       0x33 /Applications/lpcxpresso_7.5.0_254/lpcxpresso/tools/bin/../lib/gcc/arm-none-eabi/4.8.4/../../../../arm-none-eabi/lib/armv7-m/libcr_c.a(memcpy.o)
 .ARM.attributes
                0x0000000000000396       0x33 /Applications/lpcxpresso_7.5.0_254/lpcxpresso/tools/bin/../lib/gcc/arm-none-eabi/4.8.4/../../../../arm-none-eabi/lib/armv7-m/libcr_c.a(memset.o)
 .ARM.attributes
                0x00000000000003c9       0x33 /Applications/lpcxpresso_7.5.0_254/lpcxpresso/tools/bin/../lib/gcc/arm-none-eabi/4.8.4/../../../../arm-none-eabi/lib/armv7-m/libcr_c.a(fpprintf.o)
 .ARM.attributes
                0x00000000000003fc       0x33 /Applications/lpcxpresso_7.5.0_254/lpcxpresso/tools/bin/../lib/gcc/arm-none-eabi/4.8.4/../../../../arm-none-eabi/lib/armv7-m/libcr_c.a(initio.o)
 .ARM.attributes
                0x000000000000042f       0x33 /Applications/lpcxpresso_7.5.0_254/lpcxpresso/tools/bin/../lib/gcc/arm-none-eabi/4.8.4/../../../../arm-none-eabi/lib/armv7-m/libcr_c.a(printf.o)
 .ARM.attributes
                0x0000000000000462       0x33 /Applications/lpcxpresso_7.5.0_254/lpcxpresso/tools/bin/../lib/gcc/arm-none-eabi/4.8.4/../../../../arm-none-eabi/lib/armv7-m/libcr_c.a(setvbuf.o)
 .ARM.attributes
                0x0000000000000495       0x33 /Applications/lpcxpresso_7.5.0_254/lpcxpresso/tools/bin/../lib/gcc/arm-none-eabi/4.8.4/../../../../arm-none-eabi/lib/armv7-m/libcr_c.a(stdio.o)
 .ARM.attributes
                0x00000000000004c8       0x33 /Applications/lpcxpresso_7.5.0_254/lpcxpresso/tools/bin/../lib/gcc/arm-none-eabi/4.8.4/../../../../arm-none-eabi/lib/armv7-m/libcr_c.a(strlen.o)
 .ARM.attributes
                0x00000000000004fb       0x33 /Applications/lpcxpresso_7.5.0_254/lpcxpresso/tools/bin/../lib/gcc/arm-none-eabi/4.8.4/../../../../arm-none-eabi/lib/armv7-m/libcr_c.a(strncpy.o)
 .ARM.attributes
                0x000000000000052e       0x33 /Applications/lpcxpresso_7.5.0_254/lpcxpresso/tools/bin/../lib/gcc/arm-none-eabi/4.8.4/../../../../arm-none-eabi/lib/armv7-m/libcr_c.a(_deferredlazyseek.o)
 .ARM.attributes
                0x0000000000000561       0x33 /Applications/lpcxpresso_7.5.0_254/lpcxpresso/tools/bin/../lib/gcc/arm-none-eabi/4.8.4/../../../../arm-none-eabi/lib/armv7-m/libcr_c.a(_fdopen.o)
 .ARM.attributes
                0x0000000000000594       0x33 /Applications/lpcxpresso_7.5.0_254/lpcxpresso/tools/bin/../lib/gcc/arm-none-eabi/4.8.4/../../../../arm-none-eabi/lib/armv7-m/libcr_c.a(_fflush.o)
 .ARM.attributes
                0x00000000000005c7       0x33 /Applications/lpcxpresso_7.5.0_254/lpcxpresso/tools/bin/../lib/gcc/arm-none-eabi/4.8.4/../../../../arm-none-eabi/lib/armv7-m/libcr_c.a(_frexpl.o)
 .ARM.attributes
                0x00000000000005fa       0x33 /Applications/lpcxpresso_7.5.0_254/lpcxpresso/tools/bin/../lib/gcc/arm-none-eabi/4.8.4/../../../../arm-none-eabi/lib/armv7-m/libcr_c.a(_ldexpl.o)
 .ARM.attributes
                0x000000000000062d       0x33 /Applications/lpcxpresso_7.5.0_254/lpcxpresso/tools/bin/../lib/gcc/arm-none-eabi/4.8.4/../../../../arm-none-eabi/lib/armv7-m/libcr_c.a(_writebuf.o)
 .ARM.attributes
                0x0000000000000660       0x33 /Applications/lpcxpresso_7.5.0_254/lpcxpresso/tools/bin/../lib/gcc/arm-none-eabi/4.8.4/../../../../arm-none-eabi/lib/armv7-m/libcr_c.a(alloc.o)
 .ARM.attributes
                0x0000000000000693       0x33 /Applications/lpcxpresso_7.5.0_254/lpcxpresso/tools/bin/../lib/gcc/arm-none-eabi/4.8.4/../../../../arm-none-eabi/lib/armv7-m/libcr_c.a(errno.o)
 .ARM.attributes
                0x00000000000006c6       0x33 /Applications/lpcxpresso_7.5.0_254/lpcxpresso/tools/bin/../lib/gcc/arm-none-eabi/4.8.4/../../../../arm-none-eabi/lib/armv7-m/libcr_c.a(fclose.o)
 .ARM.attributes
                0x00000000000006f9       0x33 /Applications/lpcxpresso_7.5.0_254/lpcxpresso/tools/bin/../lib/gcc/arm-none-eabi/4.8.4/../../../../arm-none-eabi/lib/armv7-m/libcr_c.a(fflush.o)
 .ARM.attributes
                0x000000000000072c       0x33 /Applications/lpcxpresso_7.5.0_254/lpcxpresso/tools/bin/../lib/gcc/arm-none-eabi/4.8.4/../../../../arm-none-eabi/lib/armv7-m/libcr_c.a(fseek.o)
 .ARM.attributes
                0x000000000000075f       0x33 /Applications/lpcxpresso_7.5.0_254/lpcxpresso/tools/bin/../lib/gcc/arm-none-eabi/4.8.4/../../../../arm-none-eabi/lib/armv7-m/libcr_c.a(ftell.o)
 .ARM.attributes
                0x0000000000000792       0x33 /Applications/lpcxpresso_7.5.0_254/lpcxpresso/tools/bin/../lib/gcc/arm-none-eabi/4.8.4/../../../../arm-none-eabi/lib/armv7-m/libcr_c.a(remove.o)
 .ARM.attributes
                0x00000000000007c5       0x33 /Applications/lpcxpresso_7.5.0_254/lpcxpresso/tools/bin/../lib/gcc/arm-none-eabi/4.8.4/../../../../arm-none-eabi/lib/armv7-m/libcr_c.a(__init_alloc.o)
 .ARM.attributes
                0x00000000000007f8       0x33 /Applications/lpcxpresso_7.5.0_254/lpcxpresso/tools/bin/../lib/gcc/arm-none-eabi/4.8.4/../../../../arm-none-eabi/lib/armv7-m/libcr_c.a(_cr_sbrk.o)
 .ARM.attributes
                0x000000000000082b       0x33 /Applications/lpcxpresso_7.5.0_254/lpcxpresso/tools/bin/../lib/gcc/arm-none-eabi/4.8.4/../../../../arm-none-eabi/lib/armv7-m/libcr_c.a(_do_fflush.o)
 .ARM.attributes
                0x000000000000085e       0x33 /Applications/lpcxpresso_7.5.0_254/lpcxpresso/tools/bin/../lib/gcc/arm-none-eabi/4.8.4/../../../../arm-none-eabi/lib/armv7-m/libcr_c.a(_hugeval.o)
 .ARM.attributes
                0x0000000000000891       0x33 /Applications/lpcxpresso_7.5.0_254/lpcxpresso/tools/bin/../lib/gcc/arm-none-eabi/4.8.4/../../../../arm-none-eabi/lib/armv7-m/libcr_c.a(_cr_check_heap.o)
 .ARM.attributes
                0x00000000000008c4       0x33 /Applications/lpcxpresso_7.5.0_254/lpcxpresso/tools/bin/../lib/gcc/arm-none-eabi/4.8.4/armv7-m/libcr_eabihelpers.a(double.o)
 .ARM.attributes
                0x00000000000008f7       0x21 /Applications/lpcxpresso_7.5.0_254/lpcxpresso/tools/bin/../lib/gcc/arm-none-eabi/4.8.4/armv7-m/libcr_eabihelpers.a(memcpy.o)
 .ARM.attributes
                0x0000000000000918       0x21 /Applications/lpcxpresso_7.5.0_254/lpcxpresso/tools/bin/../lib/gcc/arm-none-eabi/4.8.4/../../../../arm-none-eabi/lib/armv7-m/libcr_semihost.a(__sys_appexit.o)
 .ARM.attributes
                0x0000000000000939       0x21 /Applications/lpcxpresso_7.5.0_254/lpcxpresso/tools/bin/../lib/gcc/arm-none-eabi/4.8.4/../../../../arm-none-eabi/lib/armv7-m/libcr_semihost.a(__sys_close.o)
 .ARM.attributes
                0x000000000000095a       0x21 /Applications/lpcxpresso_7.5.0_254/lpcxpresso/tools/bin/../lib/gcc/arm-none-eabi/4.8.4/../../../../arm-none-eabi/lib/armv7-m/libcr_semihost.a(__sys_flen.o)
 .ARM.attributes
                0x000000000000097b       0x21 /Applications/lpcxpresso_7.5.0_254/lpcxpresso/tools/bin/../lib/gcc/arm-none-eabi/4.8.4/../../../../arm-none-eabi/lib/armv7-m/libcr_semihost.a(__sys_istty.o)
 .ARM.attributes
                0x000000000000099c       0x21 /Applications/lpcxpresso_7.5.0_254/lpcxpresso/tools/bin/../lib/gcc/arm-none-eabi/4.8.4/../../../../arm-none-eabi/lib/armv7-m/libcr_semihost.a(__sys_remove.o)
 .ARM.attributes
                0x00000000000009bd       0x21 /Applications/lpcxpresso_7.5.0_254/lpcxpresso/tools/bin/../lib/gcc/arm-none-eabi/4.8.4/../../../../arm-none-eabi/lib/armv7-m/libcr_semihost.a(__sys_seek.o)
 .ARM.attributes
                0x00000000000009de       0x21 /Applications/lpcxpresso_7.5.0_254/lpcxpresso/tools/bin/../lib/gcc/arm-none-eabi/4.8.4/../../../../arm-none-eabi/lib/armv7-m/libcr_semihost.a(__sys_tmpnam.o)
 .ARM.attributes
                0x00000000000009ff       0x21 /Applications/lpcxpresso_7.5.0_254/lpcxpresso/tools/bin/../lib/gcc/arm-none-eabi/4.8.4/../../../../arm-none-eabi/lib/armv7-m/libcr_semihost.a(__sys_write.o)

.debug_frame    0x0000000000000000     0x1a74
 .debug_frame   0x0000000000000000       0xa8 ./src/GPS_3032.o
 .debug_frame   0x00000000000000a8       0xf0 ./src/cr_startup_lpc176x.o
 .debug_frame   0x0000000000000198      0x1e4 ./src/fat_access.o
 .debug_frame   0x000000000000037c      0x52c ./src/fat_filelib.o
 .debug_frame   0x00000000000008a8      0x1d0 ./src/fat_misc.o
 .debug_frame   0x0000000000000a78      0x154 ./src/fat_string.o
 .debug_frame   0x0000000000000bcc      0x170 ./src/fat_table.o
 .debug_frame   0x0000000000000d3c      0x1e8 ./src/main.o
 .debug_frame   0x0000000000000f24      0x148 ./src/sd.o
 .debug_frame   0x000000000000106c       0xb0 ./src/spi.o
 .debug_frame   0x000000000000111c       0x54 /Users/wangjiadong/LPCXpresso/workspace/Lib_CMSISv1p30_LPC17xx/Debug/libCMSISv1p30_LPC17xx.a(system_LPC17xx.o)
 .debug_frame   0x0000000000001170      0x2c4 /Users/wangjiadong/LPCXpresso/workspace/Lib_MCU/Debug/libLib_MCU.a(lpc17xx_gpio.o)
 .debug_frame   0x0000000000001434       0xbc /Users/wangjiadong/LPCXpresso/workspace/Lib_MCU/Debug/libLib_MCU.a(lpc17xx_pinsel.o)
 .debug_frame   0x00000000000014f0      0x44c /Users/wangjiadong/LPCXpresso/workspace/Lib_MCU/Debug/libLib_MCU.a(lpc17xx_uart.o)
 .debug_frame   0x000000000000193c      0x10c /Users/wangjiadong/LPCXpresso/workspace/Lib_MCU/Debug/libLib_MCU.a(lpc17xx_clkpwr.o)
 .debug_frame   0x0000000000001a48       0x2c /Users/wangjiadong/LPCXpresso/workspace/Lib_MCU/Debug/libLib_MCU.a(lpc17xx_libcfg_default.o)

.debug_loc      0x0000000000000000      0x15f
 .debug_loc     0x0000000000000000      0x15f ./src/cr_startup_lpc176x.o
