Archive member included because of file (symbol)

/Users/wangjiadong/LPCXpresso/workspace/Lib_CMSISv1p30_LPC17xx/Debug/libCMSISv1p30_LPC17xx.a(system_LPC17xx.o)
                              ./src/main.o (SystemCoreClock)
/Users/wangjiadong/LPCXpresso/workspace/Lib_MCU/Debug/libLib_MCU.a(lpc17xx_gpio.o)
                              ./src/GPS_3032.o (GPIO_SetDir)
/Users/wangjiadong/LPCXpresso/workspace/Lib_MCU/Debug/libLib_MCU.a(lpc17xx_pinsel.o)
                              ./src/Bluetooth_3032.o (PINSEL_ConfigPin)
/Users/wangjiadong/LPCXpresso/workspace/Lib_MCU/Debug/libLib_MCU.a(lpc17xx_uart.o)
                              ./src/Bluetooth_3032.o (UART_TxCmd)
/Users/wangjiadong/LPCXpresso/workspace/Lib_MCU/Debug/libLib_MCU.a(lpc17xx_clkpwr.o)
                              /Users/wangjiadong/LPCXpresso/workspace/Lib_MCU/Debug/libLib_MCU.a(lpc17xx_uart.o) (CLKPWR_GetPCLK)
/Users/wangjiadong/LPCXpresso/workspace/Lib_MCU/Debug/libLib_MCU.a(lpc17xx_libcfg_default.o)
                              /Users/wangjiadong/LPCXpresso/workspace/Lib_MCU/Debug/libLib_MCU.a(lpc17xx_uart.o) (check_failed)
/Applications/lpcxpresso_7.5.0_254/lpcxpresso/tools/bin/../lib/gcc/arm-none-eabi/4.8.4/../../../../arm-none-eabi/lib/armv7-m/libcr_semihost.a(_cr__main.o)
                              ./src/cr_startup_lpc176x.o (__main)
/Applications/lpcxpresso_7.5.0_254/lpcxpresso/tools/bin/../lib/gcc/arm-none-eabi/4.8.4/../../../../arm-none-eabi/lib/armv7-m/libcr_c.a(memcpy.o)
                              ./src/fat_access.o (memcpy)
/Applications/lpcxpresso_7.5.0_254/lpcxpresso/tools/bin/../lib/gcc/arm-none-eabi/4.8.4/../../../../arm-none-eabi/lib/armv7-m/libcr_c.a(memset.o)
                              ./src/GSM_3032.o (memset)
/Applications/lpcxpresso_7.5.0_254/lpcxpresso/tools/bin/../lib/gcc/arm-none-eabi/4.8.4/../../../../arm-none-eabi/lib/armv7-m/libcr_c.a(floor.o)
                              ./src/GSM_3032.o (floor)
/Applications/lpcxpresso_7.5.0_254/lpcxpresso/tools/bin/../lib/gcc/arm-none-eabi/4.8.4/../../../../arm-none-eabi/lib/armv7-m/libcr_c.a(fpprintf.o)
                              ./src/GSM_3032.o (sprintf)
/Applications/lpcxpresso_7.5.0_254/lpcxpresso/tools/bin/../lib/gcc/arm-none-eabi/4.8.4/../../../../arm-none-eabi/lib/armv7-m/libcr_c.a(initio.o)
                              /Applications/lpcxpresso_7.5.0_254/lpcxpresso/tools/bin/../lib/gcc/arm-none-eabi/4.8.4/../../../../arm-none-eabi/lib/armv7-m/libcr_semihost.a(_cr__main.o) (_initio)
/Applications/lpcxpresso_7.5.0_254/lpcxpresso/tools/bin/../lib/gcc/arm-none-eabi/4.8.4/../../../../arm-none-eabi/lib/armv7-m/libcr_c.a(printf.o)
                              /Applications/lpcxpresso_7.5.0_254/lpcxpresso/tools/bin/../lib/gcc/arm-none-eabi/4.8.4/../../../../arm-none-eabi/lib/armv7-m/libcr_c.a(fpprintf.o) (__vfprintf)
/Applications/lpcxpresso_7.5.0_254/lpcxpresso/tools/bin/../lib/gcc/arm-none-eabi/4.8.4/../../../../arm-none-eabi/lib/armv7-m/libcr_c.a(scanf.o)
                              ./src/main.o (sscanf)
/Applications/lpcxpresso_7.5.0_254/lpcxpresso/tools/bin/../lib/gcc/arm-none-eabi/4.8.4/../../../../arm-none-eabi/lib/armv7-m/libcr_c.a(setvbuf.o)
                              /Applications/lpcxpresso_7.5.0_254/lpcxpresso/tools/bin/../lib/gcc/arm-none-eabi/4.8.4/../../../../arm-none-eabi/lib/armv7-m/libcr_c.a(initio.o) (setvbuf)
/Applications/lpcxpresso_7.5.0_254/lpcxpresso/tools/bin/../lib/gcc/arm-none-eabi/4.8.4/../../../../arm-none-eabi/lib/armv7-m/libcr_c.a(sqrt.o)
                              ./src/main.o (sqrt)
/Applications/lpcxpresso_7.5.0_254/lpcxpresso/tools/bin/../lib/gcc/arm-none-eabi/4.8.4/../../../../arm-none-eabi/lib/armv7-m/libcr_c.a(stdio.o)
                              /Applications/lpcxpresso_7.5.0_254/lpcxpresso/tools/bin/../lib/gcc/arm-none-eabi/4.8.4/../../../../arm-none-eabi/lib/armv7-m/libcr_c.a(fpprintf.o) (__Ciob)
/Applications/lpcxpresso_7.5.0_254/lpcxpresso/tools/bin/../lib/gcc/arm-none-eabi/4.8.4/../../../../arm-none-eabi/lib/armv7-m/libcr_c.a(strcpy.o)
                              ./src/main.o (strcpy)
/Applications/lpcxpresso_7.5.0_254/lpcxpresso/tools/bin/../lib/gcc/arm-none-eabi/4.8.4/../../../../arm-none-eabi/lib/armv7-m/libcr_c.a(strlen.o)
                              ./src/Bluetooth_3032.o (strlen)
/Applications/lpcxpresso_7.5.0_254/lpcxpresso/tools/bin/../lib/gcc/arm-none-eabi/4.8.4/../../../../arm-none-eabi/lib/armv7-m/libcr_c.a(strncmp.o)
                              ./src/fat_access.o (strncmp)
/Applications/lpcxpresso_7.5.0_254/lpcxpresso/tools/bin/../lib/gcc/arm-none-eabi/4.8.4/../../../../arm-none-eabi/lib/armv7-m/libcr_c.a(strncpy.o)
                              ./src/fat_access.o (strncpy)
/Applications/lpcxpresso_7.5.0_254/lpcxpresso/tools/bin/../lib/gcc/arm-none-eabi/4.8.4/../../../../arm-none-eabi/lib/armv7-m/libcr_c.a(strstr.o)
                              ./src/main.o (strstr)
[...]
Memory Configuration

Name             Origin             Length             Attributes
MFlash512        0x0000000000000000 0x0000000000080000 xr
RamLoc32         0x0000000010000000 0x0000000000008000 xrw
RamAHB32         0x000000002007c000 0x0000000000008000 xrw
*default*        0x0000000000000000 0xffffffffffffffff

Linker script and memory map

LOAD ./src/Bluetooth_3032.o
LOAD ./src/GPS_3032.o
LOAD ./src/GSM_3032.o
LOAD ./src/Load_3032.o
LOAD ./src/Temp_3032.o
LOAD ./src/cr_startup_lpc176x.o
LOAD ./src/fat_access.o
LOAD ./src/fat_cache.o
LOAD ./src/fat_filelib.o
LOAD ./src/fat_format.o
LOAD ./src/fat_misc.o
LOAD ./src/fat_string.o
LOAD ./src/fat_table.o
LOAD ./src/fat_write.o
LOAD ./src/main.o
LOAD ./src/sd.o
LOAD ./src/spi.o
LOAD /Users/wangjiadong/LPCXpresso/workspace/Lib_CMSISv1p30_LPC17xx/Debug/libCMSISv1p30_LPC17xx.a
LOAD /Users/wangjiadong/LPCXpresso/workspace/Lib_MCU/Debug/libLib_MCU.a
START GROUP
LOAD /Applications/lpcxpresso_7.5.0_254/lpcxpresso/tools/bin/../lib/gcc/arm-none-eabi/4.8.4/../../../../arm-none-eabi/lib/armv7-m/libcr_semihost.a
LOAD /Applications/lpcxpresso_7.5.0_254/lpcxpresso/tools/bin/../lib/gcc/arm-none-eabi/4.8.4/../../../../arm-none-eabi/lib/armv7-m/libcr_c.a
LOAD /Applications/lpcxpresso_7.5.0_254/lpcxpresso/tools/bin/../lib/gcc/arm-none-eabi/4.8.4/armv7-m/libcr_eabihelpers.a
END GROUP
                0x0000000000080000                __top_MFlash512 = 0x80000
                0x0000000010008000                __top_RamLoc32 = 0x10008000
                0x0000000020084000                __top_RamAHB32 = 0x20084000

.text           0x0000000000000000     0xa790
 FILL mask 0xff
                0x0000000000000000                __vectors_start__ = ABSOLUTE (.)
 *(.isr_vector)
 .isr_vector    0x0000000000000000       0xcc ./src/cr_startup_lpc176x.o
                0x0000000000000000                g_pfnVectors
                0x00000000000000cc                . = ALIGN (0x4)
                0x00000000000000cc                __section_table_start = .
                0x00000000000000cc                __data_section_table = .
                0x00000000000000cc        0x4 LONG 0xa790 LOADADDR (.data)
                0x00000000000000d0        0x4 LONG 0x10000000 ADDR (.data)
                0x00000000000000d4        0x4 LONG 0x99c SIZEOF (.data)
                0x00000000000000d8        0x4 LONG 0xa790 LOADADDR (.data_RAM2)
                0x00000000000000dc        0x4 LONG 0x2007c000 ADDR (.data_RAM2)
                0x00000000000000e0        0x4 LONG 0x0 SIZEOF (.data_RAM2)
                0x00000000000000e4                __data_section_table_end = .
                0x00000000000000e4                __bss_section_table = .
                0x00000000000000e4        0x4 LONG 0x100009a0 ADDR (.bss)
                0x00000000000000e8        0x4 LONG 0x1230 SIZEOF (.bss)
                0x00000000000000ec        0x4 LONG 0x2007c000 ADDR (.bss_RAM2)
                0x00000000000000f0        0x4 LONG 0x0 SIZEOF (.bss_RAM2)
                0x00000000000000f4                __bss_section_table_end = .
                0x00000000000000f4                __section_table_end = .
 *(.after_vectors*)
 .after_vectors
                0x00000000000000f4       0x78 ./src/cr_startup_lpc176x.o
                0x00000000000000f4                NMI_Handler
                0x00000000000000f6                HardFault_Handler
                0x00000000000000f8                MemManage_Handler
                0x00000000000000fa                BusFault_Handler
                0x00000000000000fc                UsageFault_Handler
                0x00000000000000fe                SVCall_Handler
                0x0000000000000100                DebugMon_Handler
                0x0000000000000102                PendSV_Handler
                0x0000000000000106                UART1_IRQHandler
                0x0000000000000106                EINT3_IRQHandler
                0x0000000000000106                CANActivity_IRQHandler
                0x0000000000000106                TIMER3_IRQHandler
                0x0000000000000106                IntDefaultHandler
                0x0000000000000106                PLL0_IRQHandler
                0x0000000000000106                CAN_IRQHandler
                0x0000000000000106                PLL1_IRQHandler
                0x0000000000000106                SSP0_IRQHandler
                0x0000000000000106                I2S_IRQHandler
                0x0000000000000106                I2C2_IRQHandler
                0x0000000000000106                RTC_IRQHandler
                0x0000000000000106                TIMER0_IRQHandler
                0x0000000000000106                SPI_IRQHandler
                0x0000000000000106                EINT1_IRQHandler
                0x0000000000000106                TIMER1_IRQHandler
                0x0000000000000106                ADC_IRQHandler
                0x0000000000000106                SSP1_IRQHandler
                0x0000000000000106                USB_IRQHandler
                0x0000000000000106                BOD_IRQHandler
                0x0000000000000106                WDT_IRQHandler
                0x0000000000000106                QEI_IRQHandler
                0x0000000000000106                EINT0_IRQHandler
                0x0000000000000106                ENET_IRQHandler
                0x0000000000000106                TIMER2_IRQHandler
                0x0000000000000106                RIT_IRQHandler
                0x0000000000000106                I2C0_IRQHandler
                0x0000000000000106                USBActivity_IRQHandler
                0x0000000000000106                PWM1_IRQHandler
                0x0000000000000106                I2C1_IRQHandler
                0x0000000000000106                EINT2_IRQHandler
                0x0000000000000106                DMA_IRQHandler
                0x0000000000000106                MCPWM_IRQHandler
                0x0000000000000108                data_init
                0x000000000000011a                bss_init
                0x000000000000012a                ResetISR
 *(.text*)
 .text.NVIC_EnableIRQ
                0x000000000000016c       0x30 ./src/Bluetooth_3032.o
 .text.pinsel_uart3
                0x000000000000019c       0x2c ./src/Bluetooth_3032.o
                0x000000000000019c                pinsel_uart3
 .text.init_uart
                0x00000000000001c8       0x48 ./src/Bluetooth_3032.o
                0x00000000000001c8                init_uart
 .text.init_bt  0x0000000000000210       0x10 ./src/Bluetooth_3032.o
                0x0000000000000210                init_bt
 .text.pinsel_uart2
                0x0000000000000220       0x2c ./src/GPS_3032.o
                0x0000000000000220                pinsel_uart2
 .text.GPS_switch_init
                0x000000000000024c       0x38 ./src/GPS_3032.o
                0x000000000000024c                GPS_switch_init
 .text.init_uart2
                0x0000000000000284       0x4c ./src/GPS_3032.o
                0x0000000000000284                init_uart2
 .text.NVIC_EnableIRQ
                0x00000000000002d0       0x30 ./src/GSM_3032.o
 .text.pinsel_uart0
                0x0000000000000300       0x2c ./src/GSM_3032.o
                0x0000000000000300                pinsel_uart0
 .text.init_uart0
                0x000000000000032c       0x48 ./src/GSM_3032.o
                0x000000000000032c                init_uart0
 .text.gsm_send
                0x0000000000000374       0x64 ./src/GSM_3032.o
                0x0000000000000374                gsm_send
 .text.init_gsm
                0x00000000000003d8       0x10 ./src/GSM_3032.o
                0x00000000000003d8                init_gsm
 .text.gsm_set_baud
                0x00000000000003e8       0x78 ./src/GSM_3032.o
                0x00000000000003e8                gsm_set_baud
 .text.init_load
                0x0000000000000460       0x68 ./src/Load_3032.o
                0x0000000000000460                init_load
 .text.read_load_1
                0x00000000000004c8       0x48 ./src/Load_3032.o
                0x00000000000004c8                read_load_1
 .text.read_load_2
                0x0000000000000510       0x48 ./src/Load_3032.o
                0x0000000000000510                read_load_2
 .text.read_load_3
                0x0000000000000558       0x48 ./src/Load_3032.o
                0x0000000000000558                read_load_3
 .text.init_gpio_2_8
                0x00000000000005a0       0x38 ./src/Temp_3032.o
                0x00000000000005a0                init_gpio_2_8
 .text.init_temp
                0x00000000000005d8       0x50 ./src/Temp_3032.o
                0x00000000000005d8                init_temp
 .text.fatfs_init
                0x0000000000000628      0x404 ./src/fat_access.o
                0x0000000000000628                fatfs_init
 .text.fatfs_lba_of_cluster
                0x0000000000000a2c       0x58 ./src/fat_access.o
                0x0000000000000a2c                fatfs_lba_of_cluster
 .text.fatfs_sector_write
                0x0000000000000a84       0x24 ./src/fat_access.o
                0x0000000000000a84                fatfs_sector_write
 .text.fatfs_sector_reader
                0x0000000000000aa8       0xf4 ./src/fat_access.o
                0x0000000000000aa8                fatfs_sector_reader
 .text.fatfs_write_sector
                0x0000000000000b9c       0xdc ./src/fat_access.o
                0x0000000000000b9c                fatfs_write_sector
 .text.fatfs_get_root_cluster
                0x0000000000000c78       0x18 ./src/fat_access.o
                0x0000000000000c78                fatfs_get_root_cluster
 .text.fatfs_get_file_entry
                0x0000000000000c90      0x248 ./src/fat_access.o
                0x0000000000000c90                fatfs_get_file_entry
 .text.fatfs_sfn_exists
                0x0000000000000ed8       0x9c ./src/fat_access.o
                0x0000000000000ed8                fatfs_sfn_exists
 .text.fatfs_update_file_length
                0x0000000000000f74       0xd8 ./src/fat_access.o
                0x0000000000000f74                fatfs_update_file_length
 .text.fatfs_mark_file_deleted
                0x000000000000104c       0xd8 ./src/fat_access.o
                0x000000000000104c                fatfs_mark_file_deleted
 .text.fatfs_list_directory_start
                0x0000000000001124       0x28 ./src/fat_access.o
                0x0000000000001124                fatfs_list_directory_start
 .text.fatfs_list_directory_next
                0x000000000000114c      0x2f8 ./src/fat_access.o
                0x000000000000114c                fatfs_list_directory_next
 .text.fatfs_cache_init
                0x0000000000001444       0x18 ./src/fat_cache.o
                0x0000000000001444                fatfs_cache_init
 .text.fatfs_cache_get_next_cluster
                0x000000000000145c       0x1c ./src/fat_cache.o
                0x000000000000145c                fatfs_cache_get_next_cluster
 .text.fatfs_cache_set_next_cluster
                0x0000000000001478       0x1c ./src/fat_cache.o
                0x0000000000001478                fatfs_cache_set_next_cluster
 .text.fat_list_init
                0x0000000000001494       0x20 ./src/fat_filelib.o
 .text.fat_list_remove
                0x00000000000014b4       0x4c ./src/fat_filelib.o
 .text.fat_list_insert_after
                0x0000000000001500       0x44 ./src/fat_filelib.o
 .text.fat_list_insert_before
                0x0000000000001544       0x44 ./src/fat_filelib.o
 .text.fat_list_insert_first
                0x0000000000001588       0x40 ./src/fat_filelib.o
 .text.fat_list_insert_last
                0x00000000000015c8       0x30 ./src/fat_filelib.o
 .text.fat_list_pop_head
                0x00000000000015f8       0x28 ./src/fat_filelib.o
 .text._allocate_file
                0x0000000000001620       0x3c ./src/fat_filelib.o
 .text._check_file_open
                0x000000000000165c       0x7c ./src/fat_filelib.o
 .text._free_file
                0x00000000000016d8       0x34 ./src/fat_filelib.o
 .text._open_directory
                0x000000000000170c       0xc8 ./src/fat_filelib.o
 .text._open_file
                0x00000000000017d4      0x160 ./src/fat_filelib.o
 .text._create_file
                0x0000000000001934      0x238 ./src/fat_filelib.o
 .text.fl_init  0x0000000000001b6c       0x5c ./src/fat_filelib.o
                0x0000000000001b6c                fl_init
 .text.fl_attach_media
                0x0000000000001bc8       0x5c ./src/fat_filelib.o
                0x0000000000001bc8                fl_attach_media
 .text.fl_fopen
                0x0000000000001c24      0x2f8 ./src/fat_filelib.o
                0x0000000000001c24                fl_fopen
 .text._write_sectors
                0x0000000000001f1c      0x168 ./src/fat_filelib.o
 .text.fl_fflush
                0x0000000000002084       0x7c ./src/fat_filelib.o
                0x0000000000002084                fl_fflush
 .text.fl_fclose
                0x0000000000002100       0xa8 ./src/fat_filelib.o
                0x0000000000002100                fl_fclose
 .text.fl_remove
                0x00000000000021a8       0x84 ./src/fat_filelib.o
                0x00000000000021a8                fl_remove
 .text.fl_listdirectory
                0x000000000000222c       0xc0 ./src/fat_filelib.o
                0x000000000000222c                fl_listdirectory
 .text.fl_opendir
                0x00000000000022ec       0x98 ./src/fat_filelib.o
                0x00000000000022ec                fl_opendir
 .text.fl_readdir
                0x0000000000002384       0x60 ./src/fat_filelib.o
                0x0000000000002384                fl_readdir
 .text.fl_closedir
                0x00000000000023e4       0x18 ./src/fat_filelib.o
                0x00000000000023e4                fl_closedir
 .text.fatfs_lfn_cache_init
                0x00000000000023fc       0x50 ./src/fat_misc.o
                0x00000000000023fc                fatfs_lfn_cache_init
 .text.fatfs_lfn_cache_entry
                0x000000000000244c      0x1f4 ./src/fat_misc.o
                0x000000000000244c                fatfs_lfn_cache_entry
 .text.fatfs_lfn_cache_get
                0x0000000000002640       0x58 ./src/fat_misc.o
                0x0000000000002640                fatfs_lfn_cache_get
 .text.fatfs_entry_lfn_text
                0x0000000000002698       0x28 ./src/fat_misc.o
                0x0000000000002698                fatfs_entry_lfn_text
 .text.fatfs_entry_lfn_invalid
                0x00000000000026c0       0x40 ./src/fat_misc.o
                0x00000000000026c0                fatfs_entry_lfn_invalid
 .text.fatfs_entry_lfn_exists
                0x0000000000002700       0x54 ./src/fat_misc.o
                0x0000000000002700                fatfs_entry_lfn_exists
 .text.fatfs_entry_sfn_only
                0x0000000000002754       0x48 ./src/fat_misc.o
                0x0000000000002754                fatfs_entry_sfn_only
 .text.fatfs_entry_is_dir
                0x000000000000279c       0x28 ./src/fat_misc.o
                0x000000000000279c                fatfs_entry_is_dir
 .text.fatfs_entry_is_file
                0x00000000000027c4       0x28 ./src/fat_misc.o
                0x00000000000027c4                fatfs_entry_is_file
 .text.fatfs_lfn_entries_required
                0x00000000000027ec       0x38 ./src/fat_misc.o
                0x00000000000027ec                fatfs_lfn_entries_required
 .text.fatfs_filename_to_lfn
                0x0000000000002824      0x128 ./src/fat_misc.o
                0x0000000000002824                fatfs_filename_to_lfn
 .text.fatfs_sfn_create_entry
                0x000000000000294c       0xb4 ./src/fat_misc.o
                0x000000000000294c                fatfs_sfn_create_entry
 .text.fatfs_lfn_create_sfn
                0x0000000000002a00      0x198 ./src/fat_misc.o
                0x0000000000002a00                fatfs_lfn_create_sfn
 .text.fatfs_itoa
                0x0000000000002b98       0x98 ./src/fat_misc.o
 .text.fatfs_lfn_generate_tail
                0x0000000000002c30       0x78 ./src/fat_misc.o
                0x0000000000002c30                fatfs_lfn_generate_tail
 .text.fatfs_total_path_levels
                0x0000000000002ca8       0x94 ./src/fat_string.o
                0x0000000000002ca8                fatfs_total_path_levels
 .text.fatfs_get_substring
                0x0000000000002d3c       0xe8 ./src/fat_string.o
                0x0000000000002d3c                fatfs_get_substring
 .text.fatfs_split_path
                0x0000000000002e24       0x90 ./src/fat_string.o
                0x0000000000002e24                fatfs_split_path
 .text.FileString_StrCmpNoCase
                0x0000000000002eb4       0x84 ./src/fat_string.o
 .text.FileString_GetExtension
                0x0000000000002f38       0x40 ./src/fat_string.o
 .text.FileString_TrimLength
                0x0000000000002f78       0x50 ./src/fat_string.o
 .text.fatfs_compare_names
                0x0000000000002fc8       0xf8 ./src/fat_string.o
                0x0000000000002fc8                fatfs_compare_names
 .text.fatfs_get_sfn_display_name
                0x00000000000030c0       0x68 ./src/fat_string.o
                0x00000000000030c0                fatfs_get_sfn_display_name
 .text.fatfs_fat_init
                0x0000000000003128       0xc0 ./src/fat_table.o
                0x0000000000003128                fatfs_fat_init
 .text.fatfs_fat_writeback
                0x00000000000031e8       0x84 ./src/fat_table.o
 .text.fatfs_fat_read_sector
                0x000000000000326c      0x100 ./src/fat_table.o
 .text.fatfs_fat_purge
                0x000000000000336c       0x48 ./src/fat_table.o
                0x000000000000336c                fatfs_fat_purge
 .text.fatfs_find_next_cluster
                0x00000000000033b4      0x120 ./src/fat_table.o
                0x00000000000033b4                fatfs_find_next_cluster
 .text.fatfs_set_fs_info_next_free_cluster
                0x00000000000034d4       0xb8 ./src/fat_table.o
                0x00000000000034d4                fatfs_set_fs_info_next_free_cluster
 .text.fatfs_find_blank_cluster
                0x000000000000358c      0x114 ./src/fat_table.o
                0x000000000000358c                fatfs_find_blank_cluster
 .text.fatfs_fat_set_cluster
                0x00000000000036a0      0x100 ./src/fat_table.o
                0x00000000000036a0                fatfs_fat_set_cluster
 .text.fatfs_free_cluster_chain
                0x00000000000037a0       0x40 ./src/fat_table.o
                0x00000000000037a0                fatfs_free_cluster_chain
 .text.fatfs_fat_add_cluster_to_chain
                0x00000000000037e0       0x64 ./src/fat_table.o
                0x00000000000037e0                fatfs_fat_add_cluster_to_chain
 .text.fatfs_add_free_space
                0x0000000000003844       0x8c ./src/fat_write.o
                0x0000000000003844                fatfs_add_free_space
 .text.fatfs_allocate_free_space
                0x00000000000038d0       0xbc ./src/fat_write.o
                0x00000000000038d0                fatfs_allocate_free_space
 .text.fatfs_find_free_dir_offset
                0x000000000000398c      0x1cc ./src/fat_write.o
 .text.fatfs_add_file_entry
                0x0000000000003b58      0x1c8 ./src/fat_write.o
                0x0000000000003b58                fatfs_add_file_entry
 .text.NVIC_EnableIRQ
                0x0000000000003d20       0x30 ./src/main.o
 .text.NVIC_SetPriority
                0x0000000000003d50       0x54 ./src/main.o
 .text.SysTick_Config
                0x0000000000003da4       0x44 ./src/main.o
 .text.media_read
                0x0000000000003de8       0x2c ./src/main.o
                0x0000000000003de8                media_read
 .text.media_write
                0x0000000000003e14       0x2c ./src/main.o
                0x0000000000003e14                media_write
 .text.clean_up_files
                0x0000000000003e40       0x10 ./src/main.o
                0x0000000000003e40                clean_up_files
 .text.systick_delay
                0x0000000000003e50       0x2c ./src/main.o
 .text.SysTick_Handler
                0x0000000000003e7c       0xe0 ./src/main.o
                0x0000000000003e7c                SysTick_Handler
 .text.SD_init_3032
                0x0000000000003f5c       0x80 ./src/main.o
                0x0000000000003f5c                SD_init_3032
 .text.init_timer_3032
                0x0000000000003fdc        0xc ./src/main.o
                0x0000000000003fdc                init_timer_3032
 .text.Buttons_LEDs_init
                0x0000000000003fe8       0xbc ./src/main.o
                0x0000000000003fe8                Buttons_LEDs_init
 .text.initialization_3032
                0x00000000000040a4       0x28 ./src/main.o
                0x00000000000040a4                initialization_3032
 .text.UART2_IRQHandler
                0x00000000000040cc      0x278 ./src/main.o
                0x00000000000040cc                UART2_IRQHandler
 .text.UART3_IRQHandler
                0x0000000000004344       0x9c ./src/main.o
                0x0000000000004344                UART3_IRQHandler
 .text.UART0_IRQHandler
                0x00000000000043e0       0x80 ./src/main.o
                0x00000000000043e0                UART0_IRQHandler
 .text.load_data
                0x0000000000004460      0x348 ./src/main.o
                0x0000000000004460                load_data
 .text.load_calibration
                0x00000000000047a8      0x1f0 ./src/main.o
                0x00000000000047a8                load_calibration
 .text.main     0x0000000000004998       0xf4 ./src/main.o
                0x0000000000004998                main
 .text.disk_timerproc
                0x0000000000004a8c       0x48 ./src/sd.o
                0x0000000000004a8c                disk_timerproc
 .text.SD_Init  0x0000000000004ad4      0x1a4 ./src/sd.o
                0x0000000000004ad4                SD_Init
 .text.SD_WaitForReady
                0x0000000000004c78       0x30 ./src/sd.o
                0x0000000000004c78                SD_WaitForReady
 .text.SD_SendCommand
                0x0000000000004ca8       0xe0 ./src/sd.o
                0x0000000000004ca8                SD_SendCommand
 .text.SD_SendACommand
                0x0000000000004d88       0x44 ./src/sd.o
                0x0000000000004d88                SD_SendACommand
 .text.SD_ReadSector
                0x0000000000004dcc       0xbc ./src/sd.o
                0x0000000000004dcc                SD_ReadSector
 .text.SD_WriteSector
                0x0000000000004e88       0xb8 ./src/sd.o
                0x0000000000004e88                SD_WriteSector
 .text.SD_ReadConfiguration
                0x0000000000004f40      0x214 ./src/sd.o
                0x0000000000004f40                SD_ReadConfiguration
 .text.SD_RecvDataBlock
                0x0000000000005154       0x6c ./src/sd.o
                0x0000000000005154                SD_RecvDataBlock
 .text.SD_SendDataBlock
                0x00000000000051c0       0x8c ./src/sd.o
                0x00000000000051c0                SD_SendDataBlock
 .text.SPI_Init
                0x000000000000524c       0xa4 ./src/spi.o
                0x000000000000524c                SPI_Init
 .text.SPI_ConfigClockRate
                0x00000000000052f0       0x20 ./src/spi.o
                0x00000000000052f0                SPI_ConfigClockRate
 .text.SPI_CS_Low
                0x0000000000005310       0x1c ./src/spi.o
                0x0000000000005310                SPI_CS_Low
 .text.SPI_CS_High
                0x000000000000532c       0x1c ./src/spi.o
                0x000000000000532c                SPI_CS_High
 .text.SPI_SendByte
                0x0000000000005348       0x34 ./src/spi.o
                0x0000000000005348                SPI_SendByte
 .text.SPI_RecvByte
                0x000000000000537c       0x10 ./src/spi.o
                0x000000000000537c                SPI_RecvByte
 .text.SystemInit
                0x000000000000538c      0x140 /Users/wangjiadong/LPCXpresso/workspace/Lib_CMSISv1p30_LPC17xx/Debug/libCMSISv1p30_LPC17xx.a(system_LPC17xx.o)
                0x000000000000538c                SystemInit
 .text.GPIO_GetPointer
                0x00000000000054cc       0x74 /Users/wangjiadong/LPCXpresso/workspace/Lib_MCU/Debug/libLib_MCU.a(lpc17xx_gpio.o)
 .text.GPIO_SetDir
                0x0000000000005540       0x48 /Users/wangjiadong/LPCXpresso/workspace/Lib_MCU/Debug/libLib_MCU.a(lpc17xx_gpio.o)
                0x0000000000005540                GPIO_SetDir
 .text.GPIO_SetValue
                0x0000000000005588       0x28 /Users/wangjiadong/LPCXpresso/workspace/Lib_MCU/Debug/libLib_MCU.a(lpc17xx_gpio.o)
                0x0000000000005588                GPIO_SetValue
 .text.GPIO_ClearValue
                0x00000000000055b0       0x28 /Users/wangjiadong/LPCXpresso/workspace/Lib_MCU/Debug/libLib_MCU.a(lpc17xx_gpio.o)
                0x00000000000055b0                GPIO_ClearValue
 .text.GPIO_ReadValue
                0x00000000000055d8       0x2c /Users/wangjiadong/LPCXpresso/workspace/Lib_MCU/Debug/libLib_MCU.a(lpc17xx_gpio.o)
                0x00000000000055d8                GPIO_ReadValue
 .text.PINSEL_SetPinFunc
                0x0000000000005604       0x84 /Users/wangjiadong/LPCXpresso/workspace/Lib_MCU/Debug/libLib_MCU.a(lpc17xx_pinsel.o)
                0x0000000000005604                PINSEL_SetPinFunc
 .text.PINSEL_SetResistorMode
                0x0000000000005688       0x84 /Users/wangjiadong/LPCXpresso/workspace/Lib_MCU/Debug/libLib_MCU.a(lpc17xx_pinsel.o)
                0x0000000000005688                PINSEL_SetResistorMode
 .text.PINSEL_SetOpenDrainMode
                0x000000000000570c       0x6c /Users/wangjiadong/LPCXpresso/workspace/Lib_MCU/Debug/libLib_MCU.a(lpc17xx_pinsel.o)
                0x000000000000570c                PINSEL_SetOpenDrainMode
 .text.PINSEL_ConfigPin
                0x0000000000005778       0x50 /Users/wangjiadong/LPCXpresso/workspace/Lib_MCU/Debug/libLib_MCU.a(lpc17xx_pinsel.o)
                0x0000000000005778                PINSEL_ConfigPin
 .text.uart_set_divisors
                0x00000000000057c8      0x214 /Users/wangjiadong/LPCXpresso/workspace/Lib_MCU/Debug/libLib_MCU.a(lpc17xx_uart.o)
                0x00000000000057c8                uart_set_divisors
 .text.UART_Init
                0x00000000000059dc      0x2ec /Users/wangjiadong/LPCXpresso/workspace/Lib_MCU/Debug/libLib_MCU.a(lpc17xx_uart.o)
                0x00000000000059dc                UART_Init
 .text.UART_SendData
                0x0000000000005cc8       0x68 /Users/wangjiadong/LPCXpresso/workspace/Lib_MCU/Debug/libLib_MCU.a(lpc17xx_uart.o)
                0x0000000000005cc8                UART_SendData
 .text.UART_ReceiveData
                0x0000000000005d30       0x64 /Users/wangjiadong/LPCXpresso/workspace/Lib_MCU/Debug/libLib_MCU.a(lpc17xx_uart.o)
                0x0000000000005d30                UART_ReceiveData
 .text.UART_IntConfig
                0x0000000000005d94      0x184 /Users/wangjiadong/LPCXpresso/workspace/Lib_MCU/Debug/libLib_MCU.a(lpc17xx_uart.o)
                0x0000000000005d94                UART_IntConfig
 .text.UART_TxCmd
                0x0000000000005f18       0xc8 /Users/wangjiadong/LPCXpresso/workspace/Lib_MCU/Debug/libLib_MCU.a(lpc17xx_uart.o)
                0x0000000000005f18                UART_TxCmd
 .text.UART_Send
                0x0000000000005fe0       0xe8 /Users/wangjiadong/LPCXpresso/workspace/Lib_MCU/Debug/libLib_MCU.a(lpc17xx_uart.o)
                0x0000000000005fe0                UART_Send
 .text.UART_Receive
                0x00000000000060c8       0xb8 /Users/wangjiadong/LPCXpresso/workspace/Lib_MCU/Debug/libLib_MCU.a(lpc17xx_uart.o)
                0x00000000000060c8                UART_Receive
 .text.CLKPWR_GetPCLKSEL
                0x0000000000006180       0x4c /Users/wangjiadong/LPCXpresso/workspace/Lib_MCU/Debug/libLib_MCU.a(lpc17xx_clkpwr.o)
                0x0000000000006180                CLKPWR_GetPCLKSEL
 .text.CLKPWR_GetPCLK
                0x00000000000061cc       0x64 /Users/wangjiadong/LPCXpresso/workspace/Lib_MCU/Debug/libLib_MCU.a(lpc17xx_clkpwr.o)
                0x00000000000061cc                CLKPWR_GetPCLK
 .text.CLKPWR_ConfigPPWR
                0x0000000000006230       0x58 /Users/wangjiadong/LPCXpresso/workspace/Lib_MCU/Debug/libLib_MCU.a(lpc17xx_clkpwr.o)
                0x0000000000006230                CLKPWR_ConfigPPWR
 .text.check_failed
                0x0000000000006288        0xc /Users/wangjiadong/LPCXpresso/workspace/Lib_MCU/Debug/libLib_MCU.a(lpc17xx_libcfg_default.o)
                0x0000000000006288                check_failed
 .text.__main   0x0000000000006294       0x14 /Applications/lpcxpresso_7.5.0_254/lpcxpresso/tools/bin/../lib/gcc/arm-none-eabi/4.8.4/../../../../arm-none-eabi/lib/armv7-m/libcr_semihost.a(_cr__main.o)
                0x0000000000006294                __main
                0x0000000000006294                __CR_SEMIHOST
 .text.memcpy   0x00000000000062a8        0x4 /Applications/lpcxpresso_7.5.0_254/lpcxpresso/tools/bin/../lib/gcc/arm-none-eabi/4.8.4/../../../../arm-none-eabi/lib/armv7-m/libcr_c.a(memcpy.o)
                0x00000000000062a8                memcpy
 .text.memset   0x00000000000062ac        0x4 /Applications/lpcxpresso_7.5.0_254/lpcxpresso/tools/bin/../lib/gcc/arm-none-eabi/4.8.4/../../../../arm-none-eabi/lib/armv7-m/libcr_c.a(memset.o)
                0x00000000000062ac                memset
 .text.fp_round
                0x00000000000062b0       0x4e /Applications/lpcxpresso_7.5.0_254/lpcxpresso/tools/bin/../lib/gcc/arm-none-eabi/4.8.4/../../../../arm-none-eabi/lib/armv7-m/libcr_c.a(fpprintf.o)
 .text.pr_dec.constprop.1
                0x00000000000062fe       0x26 /Applications/lpcxpresso_7.5.0_254/lpcxpresso/tools/bin/../lib/gcc/arm-none-eabi/4.8.4/../../../../arm-none-eabi/lib/armv7-m/libcr_c.a(fpprintf.o)
 .text.sprintf  0x0000000000006324       0x6c /Applications/lpcxpresso_7.5.0_254/lpcxpresso/tools/bin/../lib/gcc/arm-none-eabi/4.8.4/../../../../arm-none-eabi/lib/armv7-m/libcr_c.a(fpprintf.o)
                0x0000000000006324                sprintf
 .text.fp_display
                0x0000000000006390      0x998 /Applications/lpcxpresso_7.5.0_254/lpcxpresso/tools/bin/../lib/gcc/arm-none-eabi/4.8.4/../../../../arm-none-eabi/lib/armv7-m/libcr_c.a(fpprintf.o)
 .text.vsnprintf
                0x0000000000006d28       0x5c /Applications/lpcxpresso_7.5.0_254/lpcxpresso/tools/bin/../lib/gcc/arm-none-eabi/4.8.4/../../../../arm-none-eabi/lib/armv7-m/libcr_c.a(fpprintf.o)
                0x0000000000006d28                vsnprintf
 .text.printf   0x0000000000006d84       0x54 /Applications/lpcxpresso_7.5.0_254/lpcxpresso/tools/bin/../lib/gcc/arm-none-eabi/4.8.4/../../../../arm-none-eabi/lib/armv7-m/libcr_c.a(fpprintf.o)
                0x0000000000006d84                printf
 .text._initio  0x0000000000006dd8       0xa4 /Applications/lpcxpresso_7.5.0_254/lpcxpresso/tools/bin/../lib/gcc/arm-none-eabi/4.8.4/../../../../arm-none-eabi/lib/armv7-m/libcr_c.a(initio.o)
                0x0000000000006dd8                _initio
 .text.__vfprintf
                0x0000000000006e7c      0xca0 /Applications/lpcxpresso_7.5.0_254/lpcxpresso/tools/bin/../lib/gcc/arm-none-eabi/4.8.4/../../../../arm-none-eabi/lib/armv7-m/libcr_c.a(printf.o)
                0x0000000000006e7c                __vfprintf
 .text.ch_val   0x0000000000007b1c       0x30 /Applications/lpcxpresso_7.5.0_254/lpcxpresso/tools/bin/../lib/gcc/arm-none-eabi/4.8.4/../../../../arm-none-eabi/lib/armv7-m/libcr_c.a(scanf.o)
 .text.cr_rd_int
                0x0000000000007b4c      0x1c8 /Applications/lpcxpresso_7.5.0_254/lpcxpresso/tools/bin/../lib/gcc/arm-none-eabi/4.8.4/../../../../arm-none-eabi/lib/armv7-m/libcr_c.a(scanf.o)
 *fill*         0x0000000000007d14        0x4 
 .text.vfscanf  0x0000000000007d18      0x968 /Applications/lpcxpresso_7.5.0_254/lpcxpresso/tools/bin/../lib/gcc/arm-none-eabi/4.8.4/../../../../arm-none-eabi/lib/armv7-m/libcr_c.a(scanf.o)
                0x0000000000007d18                vfscanf
 .text.sscanf   0x0000000000008680       0x4c /Applications/lpcxpresso_7.5.0_254/lpcxpresso/tools/bin/../lib/gcc/arm-none-eabi/4.8.4/../../../../arm-none-eabi/lib/armv7-m/libcr_c.a(scanf.o)
                0x0000000000008680                sscanf
 .text.setvbuf  0x00000000000086cc       0x40 /Applications/lpcxpresso_7.5.0_254/lpcxpresso/tools/bin/../lib/gcc/arm-none-eabi/4.8.4/../../../../arm-none-eabi/lib/armv7-m/libcr_c.a(setvbuf.o)
                0x00000000000086cc                setvbuf
 *fill*         0x000000000000870c        0x4 
 .text.sqrt     0x0000000000008710      0x138 /Applications/lpcxpresso_7.5.0_254/lpcxpresso/tools/bin/../lib/gcc/arm-none-eabi/4.8.4/../../../../arm-none-eabi/lib/armv7-m/libcr_c.a(sqrt.o)
                0x0000000000008710                sqrt
 .text.strcpy   0x0000000000008848       0x40 /Applications/lpcxpresso_7.5.0_254/lpcxpresso/tools/bin/../lib/gcc/arm-none-eabi/4.8.4/../../../../arm-none-eabi/lib/armv7-m/libcr_c.a(strcpy.o)
                0x0000000000008848                strcpy
 .text.strlen   0x0000000000008888       0x4a /Applications/lpcxpresso_7.5.0_254/lpcxpresso/tools/bin/../lib/gcc/arm-none-eabi/4.8.4/../../../../arm-none-eabi/lib/armv7-m/libcr_c.a(strlen.o)
                0x0000000000008888                strlen
 .text.strncmp  0x00000000000088d2       0x54 /Applications/lpcxpresso_7.5.0_254/lpcxpresso/tools/bin/../lib/gcc/arm-none-eabi/4.8.4/../../../../arm-none-eabi/lib/armv7-m/libcr_c.a(strncmp.o)
                0x00000000000088d2                strncmp
 .text.strncpy  0x0000000000008926       0x58 /Applications/lpcxpresso_7.5.0_254/lpcxpresso/tools/bin/../lib/gcc/arm-none-eabi/4.8.4/../../../../arm-none-eabi/lib/armv7-m/libcr_c.a(strncpy.o)
                0x0000000000008926                strncpy
 .text.strstr   0x000000000000897e       0x1e /Applications/lpcxpresso_7.5.0_254/lpcxpresso/tools/bin/../lib/gcc/arm-none-eabi/4.8.4/../../../../arm-none-eabi/lib/armv7-m/libcr_c.a(strstr.o)
                0x000000000000897e                strstr
 .text.ungetc   0x000000000000899c       0x38 /Applications/lpcxpresso_7.5.0_254/lpcxpresso/tools/bin/../lib/gcc/arm-none-eabi/4.8.4/../../../../arm-none-eabi/lib/armv7-m/libcr_c.a(ungetc.o)
                0x000000000000899c                ungetc
 .text._Csys_read_
                0x00000000000089d4       0x22 /Applications/lpcxpresso_7.5.0_254/lpcxpresso/tools/bin/../lib/gcc/arm-none-eabi/4.8.4/../../../../arm-none-eabi/lib/armv7-m/libcr_c.a(__fillbuf.o)
                0x00000000000089d4                _Csys_read_
 *fill*         0x00000000000089f6        0x2 
 .text.__filbuf
                0x00000000000089f8      0x174 /Applications/lpcxpresso_7.5.0_254/lpcxpresso/tools/bin/../lib/gcc/arm-none-eabi/4.8.4/../../../../arm-none-eabi/lib/armv7-m/libcr_c.a(__fillbuf.o)
                0x00000000000089f8                __filbuf
 .text._deferredlazyseek
                0x0000000000008b6c       0x44 /Applications/lpcxpresso_7.5.0_254/lpcxpresso/tools/bin/../lib/gcc/arm-none-eabi/4.8.4/../../../../arm-none-eabi/lib/armv7-m/libcr_c.a(_deferredlazyseek.o)
                0x0000000000008b6c                _deferredlazyseek
 .text.__flsbuf
                0x0000000000008bb0      0x142 /Applications/lpcxpresso_7.5.0_254/lpcxpresso/tools/bin/../lib/gcc/arm-none-eabi/4.8.4/../../../../arm-none-eabi/lib/armv7-m/libcr_c.a(_deferredlazyseek.o)
                0x0000000000008bb0                __flsbuf
 .text._fdopen  0x0000000000008cf2       0x6a /Applications/lpcxpresso_7.5.0_254/lpcxpresso/tools/bin/../lib/gcc/arm-none-eabi/4.8.4/../../../../arm-none-eabi/lib/armv7-m/libcr_c.a(_fdopen.o)
                0x0000000000008cf2                _fdopen
 .text._fflush  0x0000000000008d5c       0x58 /Applications/lpcxpresso_7.5.0_254/lpcxpresso/tools/bin/../lib/gcc/arm-none-eabi/4.8.4/../../../../arm-none-eabi/lib/armv7-m/libcr_c.a(_fflush.o)
                0x0000000000008d5c                _fflush
 .text._frexpl  0x0000000000008db4       0x5c /Applications/lpcxpresso_7.5.0_254/lpcxpresso/tools/bin/../lib/gcc/arm-none-eabi/4.8.4/../../../../arm-none-eabi/lib/armv7-m/libcr_c.a(_frexpl.o)
                0x0000000000008db4                _frexpl
 .text._ldexpl  0x0000000000008e10       0x4c /Applications/lpcxpresso_7.5.0_254/lpcxpresso/tools/bin/../lib/gcc/arm-none-eabi/4.8.4/../../../../arm-none-eabi/lib/armv7-m/libcr_c.a(_ldexpl.o)
                0x0000000000008e10                _ldexpl
 .text._Cwritebuf
                0x0000000000008e5c       0x70 /Applications/lpcxpresso_7.5.0_254/lpcxpresso/tools/bin/../lib/gcc/arm-none-eabi/4.8.4/../../../../arm-none-eabi/lib/armv7-m/libcr_c.a(_writebuf.o)
                0x0000000000008e5c                _Cwritebuf
 .text.malloc   0x0000000000008ecc       0xc8 /Applications/lpcxpresso_7.5.0_254/lpcxpresso/tools/bin/../lib/gcc/arm-none-eabi/4.8.4/../../../../arm-none-eabi/lib/armv7-m/libcr_c.a(alloc.o)
                0x0000000000008ecc                malloc
 .text.free     0x0000000000008f94        0xc /Applications/lpcxpresso_7.5.0_254/lpcxpresso/tools/bin/../lib/gcc/arm-none-eabi/4.8.4/../../../../arm-none-eabi/lib/armv7-m/libcr_c.a(alloc.o)
                0x0000000000008f94                free
 .text._Csys_alloc
                0x0000000000008fa0       0x20 /Applications/lpcxpresso_7.5.0_254/lpcxpresso/tools/bin/../lib/gcc/arm-none-eabi/4.8.4/../../../../arm-none-eabi/lib/armv7-m/libcr_c.a(alloc.o)
                0x0000000000008fa0                _Csys_alloc
 .text.fclose   0x0000000000008fc0       0x6c /Applications/lpcxpresso_7.5.0_254/lpcxpresso/tools/bin/../lib/gcc/arm-none-eabi/4.8.4/../../../../arm-none-eabi/lib/armv7-m/libcr_c.a(fclose.o)
                0x0000000000008fc0                fclose
 .text.fflush   0x000000000000902c       0x30 /Applications/lpcxpresso_7.5.0_254/lpcxpresso/tools/bin/../lib/gcc/arm-none-eabi/4.8.4/../../../../arm-none-eabi/lib/armv7-m/libcr_c.a(fflush.o)
                0x000000000000902c                fflush
 .text.fseek    0x000000000000905c      0x10c /Applications/lpcxpresso_7.5.0_254/lpcxpresso/tools/bin/../lib/gcc/arm-none-eabi/4.8.4/../../../../arm-none-eabi/lib/armv7-m/libcr_c.a(fseek.o)
                0x000000000000905c                fseek
 .text.ftell    0x0000000000009168       0x4c /Applications/lpcxpresso_7.5.0_254/lpcxpresso/tools/bin/../lib/gcc/arm-none-eabi/4.8.4/../../../../arm-none-eabi/lib/armv7-m/libcr_c.a(ftell.o)
                0x0000000000009168                ftell
 .text.remove   0x00000000000091b4       0x14 /Applications/lpcxpresso_7.5.0_254/lpcxpresso/tools/bin/../lib/gcc/arm-none-eabi/4.8.4/../../../../arm-none-eabi/lib/armv7-m/libcr_c.a(remove.o)
                0x00000000000091b4                remove
 .text._sbrk    0x00000000000091c8       0x40 /Applications/lpcxpresso_7.5.0_254/lpcxpresso/tools/bin/../lib/gcc/arm-none-eabi/4.8.4/../../../../arm-none-eabi/lib/armv7-m/libcr_c.a(_cr_sbrk.o)
                0x00000000000091c8                _sbrk
 .text._do_fflush
                0x0000000000009208       0x44 /Applications/lpcxpresso_7.5.0_254/lpcxpresso/tools/bin/../lib/gcc/arm-none-eabi/4.8.4/../../../../arm-none-eabi/lib/armv7-m/libcr_c.a(_do_fflush.o)
                0x0000000000009208                _do_fflush
 .text.__check_heap_overflow
                0x000000000000924c       0x18 /Applications/lpcxpresso_7.5.0_254/lpcxpresso/tools/bin/../lib/gcc/arm-none-eabi/4.8.4/../../../../arm-none-eabi/lib/armv7-m/libcr_c.a(_cr_check_heap.o)
                0x000000000000924c                __check_heap_overflow
 .text.__aeabi_dmul
                0x0000000000009264      0x12c /Applications/lpcxpresso_7.5.0_254/lpcxpresso/tools/bin/../lib/gcc/arm-none-eabi/4.8.4/armv7-m/libcr_eabihelpers.a(double.o)
                0x0000000000009264                __aeabi_dmul
 .text.__aeabi_ddiv
                0x0000000000009390      0x16c /Applications/lpcxpresso_7.5.0_254/lpcxpresso/tools/bin/../lib/gcc/arm-none-eabi/4.8.4/armv7-m/libcr_eabihelpers.a(double.o)
                0x0000000000009390                __aeabi_ddiv
 .text.__aeabi_dsub
                0x00000000000094fc      0x228 /Applications/lpcxpresso_7.5.0_254/lpcxpresso/tools/bin/../lib/gcc/arm-none-eabi/4.8.4/armv7-m/libcr_eabihelpers.a(double.o)
                0x00000000000094fc                __aeabi_dsub
 .text.__aeabi_dadd
                0x0000000000009724      0x178 /Applications/lpcxpresso_7.5.0_254/lpcxpresso/tools/bin/../lib/gcc/arm-none-eabi/4.8.4/armv7-m/libcr_eabihelpers.a(double.o)
                0x0000000000009724                __aeabi_dadd
 .text.__aeabi_d2f
                0x000000000000989c       0x58 /Applications/lpcxpresso_7.5.0_254/lpcxpresso/tools/bin/../lib/gcc/arm-none-eabi/4.8.4/armv7-m/libcr_eabihelpers.a(double.o)
                0x000000000000989c                __aeabi_d2f
 .text.__aeabi_d2iz
                0x00000000000098f4       0x4c /Applications/lpcxpresso_7.5.0_254/lpcxpresso/tools/bin/../lib/gcc/arm-none-eabi/4.8.4/armv7-m/libcr_eabihelpers.a(double.o)
                0x00000000000098f4                __aeabi_d2iz
 .text.__bhs_ui2d
                0x0000000000009940       0x48 /Applications/lpcxpresso_7.5.0_254/lpcxpresso/tools/bin/../lib/gcc/arm-none-eabi/4.8.4/armv7-m/libcr_eabihelpers.a(double.o)
                0x0000000000009940                __bhs_ui2d
 .text.__aeabi_i2d
                0x0000000000009988       0x10 /Applications/lpcxpresso_7.5.0_254/lpcxpresso/tools/bin/../lib/gcc/arm-none-eabi/4.8.4/armv7-m/libcr_eabihelpers.a(double.o)
                0x0000000000009988                __aeabi_i2d
 .text.__aeabi_dcmpeq
                0x0000000000009998       0x40 /Applications/lpcxpresso_7.5.0_254/lpcxpresso/tools/bin/../lib/gcc/arm-none-eabi/4.8.4/armv7-m/libcr_eabihelpers.a(double.o)
                0x0000000000009998                __aeabi_dcmpeq
 .text.__aeabi_dcmplt
                0x00000000000099d8       0x70 /Applications/lpcxpresso_7.5.0_254/lpcxpresso/tools/bin/../lib/gcc/arm-none-eabi/4.8.4/armv7-m/libcr_eabihelpers.a(double.o)
                0x00000000000099d8                __aeabi_dcmplt
 .text.__aeabi_dcmpgt
                0x0000000000009a48       0x6c /Applications/lpcxpresso_7.5.0_254/lpcxpresso/tools/bin/../lib/gcc/arm-none-eabi/4.8.4/armv7-m/libcr_eabihelpers.a(double.o)
                0x0000000000009a48                __aeabi_dcmpgt
 .text.__aeabi_dcmple
                0x0000000000009ab4       0x68 /Applications/lpcxpresso_7.5.0_254/lpcxpresso/tools/bin/../lib/gcc/arm-none-eabi/4.8.4/armv7-m/libcr_eabihelpers.a(double.o)
                0x0000000000009ab4                __aeabi_dcmple
 .text.__aeabi_dcmpge
                0x0000000000009b1c       0x64 /Applications/lpcxpresso_7.5.0_254/lpcxpresso/tools/bin/../lib/gcc/arm-none-eabi/4.8.4/armv7-m/libcr_eabihelpers.a(double.o)
                0x0000000000009b1c                __aeabi_dcmpge
 .text.__bhs_ui2f.part.0
                0x0000000000009b80       0x20 /Applications/lpcxpresso_7.5.0_254/lpcxpresso/tools/bin/../lib/gcc/arm-none-eabi/4.8.4/armv7-m/libcr_eabihelpers.a(float.o)
 .text.__aeabi_fmul
                0x0000000000009ba0       0xbc /Applications/lpcxpresso_7.5.0_254/lpcxpresso/tools/bin/../lib/gcc/arm-none-eabi/4.8.4/armv7-m/libcr_eabihelpers.a(float.o)
                0x0000000000009ba0                __aeabi_fmul
 .text.__aeabi_fdiv
                0x0000000000009c5c       0xc0 /Applications/lpcxpresso_7.5.0_254/lpcxpresso/tools/bin/../lib/gcc/arm-none-eabi/4.8.4/armv7-m/libcr_eabihelpers.a(float.o)
                0x0000000000009c5c                __aeabi_fdiv
 .text.__aeabi_fsub
                0x0000000000009d1c       0xfc /Applications/lpcxpresso_7.5.0_254/lpcxpresso/tools/bin/../lib/gcc/arm-none-eabi/4.8.4/armv7-m/libcr_eabihelpers.a(float.o)
                0x0000000000009d1c                __aeabi_fsub
 .text.__aeabi_fadd
                0x0000000000009e18       0xb0 /Applications/lpcxpresso_7.5.0_254/lpcxpresso/tools/bin/../lib/gcc/arm-none-eabi/4.8.4/armv7-m/libcr_eabihelpers.a(float.o)
                0x0000000000009e18                __aeabi_fadd
 .text.__aeabi_f2iz
                0x0000000000009ec8       0x34 /Applications/lpcxpresso_7.5.0_254/lpcxpresso/tools/bin/../lib/gcc/arm-none-eabi/4.8.4/armv7-m/libcr_eabihelpers.a(float.o)
                0x0000000000009ec8                __aeabi_f2iz
 .text.__aeabi_i2f
                0x0000000000009efc       0x18 /Applications/lpcxpresso_7.5.0_254/lpcxpresso/tools/bin/../lib/gcc/arm-none-eabi/4.8.4/armv7-m/libcr_eabihelpers.a(float.o)
                0x0000000000009efc                __aeabi_i2f
 .text.__aeabi_f2d
                0x0000000000009f14       0x44 /Applications/lpcxpresso_7.5.0_254/lpcxpresso/tools/bin/../lib/gcc/arm-none-eabi/4.8.4/armv7-m/libcr_eabihelpers.a(float.o)
                0x0000000000009f14                __aeabi_f2d
 .text.__aeabi_fcmpgt
                0x0000000000009f58       0x3c /Applications/lpcxpresso_7.5.0_254/lpcxpresso/tools/bin/../lib/gcc/arm-none-eabi/4.8.4/armv7-m/libcr_eabihelpers.a(float.o)
                0x0000000000009f58                __aeabi_fcmpgt
 .text.__aeabi_memcpy
                0x0000000000009f94       0x3a /Applications/lpcxpresso_7.5.0_254/lpcxpresso/tools/bin/../lib/gcc/arm-none-eabi/4.8.4/armv7-m/libcr_eabihelpers.a(memcpy.o)
                0x0000000000009f94                __aeabi_memcpy
                0x0000000000009fa0                __aeabi_memcpy4
                0x0000000000009fa0                __aeabi_memcpy8
 .text.__aeabi_memset_lowlevel
                0x0000000000009fce       0x38 /Applications/lpcxpresso_7.5.0_254/lpcxpresso/tools/bin/../lib/gcc/arm-none-eabi/4.8.4/armv7-m/libcr_eabihelpers.a(memcpy.o)
                0x0000000000009fce                __aeabi_lowlevel_memset
 *fill*         0x000000000000a006        0x2 
 .text.__sys_appexit
                0x000000000000a008        0xc /Applications/lpcxpresso_7.5.0_254/lpcxpresso/tools/bin/../lib/gcc/arm-none-eabi/4.8.4/../../../../arm-none-eabi/lib/armv7-m/libcr_semihost.a(__sys_appexit.o)
                0x000000000000a008                __exit
                0x000000000000a008                __sys_appexit
 .text.__sys_close
                0x000000000000a014        0xc /Applications/lpcxpresso_7.5.0_254/lpcxpresso/tools/bin/../lib/gcc/arm-none-eabi/4.8.4/../../../../arm-none-eabi/lib/armv7-m/libcr_semihost.a(__sys_close.o)
                0x000000000000a014                __sys_close
 .text.__sys_flen
                0x000000000000a020        0xc /Applications/lpcxpresso_7.5.0_254/lpcxpresso/tools/bin/../lib/gcc/arm-none-eabi/4.8.4/../../../../arm-none-eabi/lib/armv7-m/libcr_semihost.a(__sys_flen.o)
                0x000000000000a020                __sys_flen
 .text.__sys_istty
                0x000000000000a02c        0xc /Applications/lpcxpresso_7.5.0_254/lpcxpresso/tools/bin/../lib/gcc/arm-none-eabi/4.8.4/../../../../arm-none-eabi/lib/armv7-m/libcr_semihost.a(__sys_istty.o)
                0x000000000000a02c                __sys_istty
 .text.__sys_read
                0x000000000000a038        0xc /Applications/lpcxpresso_7.5.0_254/lpcxpresso/tools/bin/../lib/gcc/arm-none-eabi/4.8.4/../../../../arm-none-eabi/lib/armv7-m/libcr_semihost.a(__sys_read.o)
                0x000000000000a038                __sys_read
 .text.__sys_readc
                0x000000000000a044        0x8 /Applications/lpcxpresso_7.5.0_254/lpcxpresso/tools/bin/../lib/gcc/arm-none-eabi/4.8.4/../../../../arm-none-eabi/lib/armv7-m/libcr_semihost.a(__sys_readc.o)
                0x000000000000a044                __readc
                0x000000000000a044                __sys_readc
 .text.__sys_remove
                0x000000000000a04c        0xc /Applications/lpcxpresso_7.5.0_254/lpcxpresso/tools/bin/../lib/gcc/arm-none-eabi/4.8.4/../../../../arm-none-eabi/lib/armv7-m/libcr_semihost.a(__sys_remove.o)
                0x000000000000a04c                __sys_remove
 .text.__sys_seek
                0x000000000000a058        0xc /Applications/lpcxpresso_7.5.0_254/lpcxpresso/tools/bin/../lib/gcc/arm-none-eabi/4.8.4/../../../../arm-none-eabi/lib/armv7-m/libcr_semihost.a(__sys_seek.o)
                0x000000000000a058                __sys_seek
 .text.__sys_tmpnam
                0x000000000000a064        0xc /Applications/lpcxpresso_7.5.0_254/lpcxpresso/tools/bin/../lib/gcc/arm-none-eabi/4.8.4/../../../../arm-none-eabi/lib/armv7-m/libcr_semihost.a(__sys_tmpnam.o)
                0x000000000000a064                __sys_tmpnam
 .text.__sys_write
                0x000000000000a070        0xc /Applications/lpcxpresso_7.5.0_254/lpcxpresso/tools/bin/../lib/gcc/arm-none-eabi/4.8.4/../../../../arm-none-eabi/lib/armv7-m/libcr_semihost.a(__sys_write.o)
                0x000000000000a070                __write
                0x000000000000a070                __sys_write
 *(.rodata .rodata.* .constdata .constdata.*)
 .rodata        0x000000000000a07c      0x108 ./src/GSM_3032.o
 .rodata        0x000000000000a184       0x68 ./src/fat_filelib.o
 .rodata        0x000000000000a1ec       0x48 ./src/fat_misc.o
 .rodata        0x000000000000a234      0x32c ./src/main.o
 .rodata        0x000000000000a560       0x18 /Users/wangjiadong/LPCXpresso/workspace/Lib_MCU/Debug/libLib_MCU.a(lpc17xx_uart.o)
 .rodata.str1.1
                0x000000000000a578       0x34 /Applications/lpcxpresso_7.5.0_254/lpcxpresso/tools/bin/../lib/gcc/arm-none-eabi/4.8.4/../../../../arm-none-eabi/lib/armv7-m/libcr_c.a(fpprintf.o)
                                         0x35 (size before relaxing)
 .rodata.str1.1
                0x000000000000a5ac        0x4 /Applications/lpcxpresso_7.5.0_254/lpcxpresso/tools/bin/../lib/gcc/arm-none-eabi/4.8.4/../../../../arm-none-eabi/lib/armv7-m/libcr_c.a(initio.o)
 .rodata.str1.1
                0x000000000000a5b0       0x31 /Applications/lpcxpresso_7.5.0_254/lpcxpresso/tools/bin/../lib/gcc/arm-none-eabi/4.8.4/../../../../arm-none-eabi/lib/armv7-m/libcr_c.a(printf.o)
                                         0x38 (size before relaxing)
 *fill*         0x000000000000a5e1        0x7 
 .rodata.__huge_val
                0x000000000000a5e8        0x8 /Applications/lpcxpresso_7.5.0_254/lpcxpresso/tools/bin/../lib/gcc/arm-none-eabi/4.8.4/../../../../arm-none-eabi/lib/armv7-m/libcr_c.a(_hugeval.o)
                0x000000000000a5e8                __huge_val
 .rodata.__huge_vall
                0x000000000000a5f0        0x8 /Applications/lpcxpresso_7.5.0_254/lpcxpresso/tools/bin/../lib/gcc/arm-none-eabi/4.8.4/../../../../arm-none-eabi/lib/armv7-m/libcr_c.a(_hugeval.o)
                0x000000000000a5f0                __huge_vall
 .rodata.str1.1
                0x000000000000a5f8       0x18 /Applications/lpcxpresso_7.5.0_254/lpcxpresso/tools/bin/../lib/gcc/arm-none-eabi/4.8.4/../../../../arm-none-eabi/lib/armv7-m/libcr_c.a(alloc.o)
 .rodata.__ctype
                0x000000000000a610      0x180 /Applications/lpcxpresso_7.5.0_254/lpcxpresso/tools/bin/../lib/gcc/arm-none-eabi/4.8.4/../../../../arm-none-eabi/lib/armv7-m/libcr_c.a(ctype.o)
                0x000000000000a610                __ctype
                0x000000000000a790                . = ALIGN (0x4)

.glue_7         0x000000000000a790        0x0
 .glue_7        0x0000000000000000        0x0 linker stubs

.glue_7t        0x000000000000a790        0x0
 .glue_7t       0x0000000000000000        0x0 linker stubs

.vfp11_veneer   0x000000000000a790        0x0
 .vfp11_veneer  0x0000000000000000        0x0 linker stubs

.v4_bx          0x000000000000a790        0x0
 .v4_bx         0x0000000000000000        0x0 linker stubs

.iplt           0x000000000000a790        0x0
 .iplt          0x0000000000000000        0x0 ./src/Bluetooth_3032.o

.rel.dyn        0x000000000000a790        0x0
 .rel.iplt      0x0000000000000000        0x0 ./src/Bluetooth_3032.o

.ARM.extab
 *(.ARM.extab* .gnu.linkonce.armextab.*)
                0x000000000000a790                __exidx_start = .

.ARM.exidx
 *(.ARM.exidx* .gnu.linkonce.armexidx.*)
                0x000000000000a790                __exidx_end = .
                0x000000000000a790                _etext = .

.data_RAM2      0x000000002007c000        0x0 load address 0x000000000000a790
 FILL mask 0xff
 *(.ramfunc.$RAM2)
 *(.ramfunc.$RamAHB32)
 *(.data.$RAM2*)
 *(.data.$RamAHB32*)
                0x000000002007c000                . = ALIGN (0x4)

.uninit_RESERVED
                0x0000000010000000        0x0
 *(.bss.$RESERVED*)
                0x0000000010000000                . = ALIGN (0x4)
                0x0000000010000000                _end_uninit_RESERVED = .

.data           0x0000000010000000      0x99c load address 0x000000000000a790
 FILL mask 0xff
                0x0000000010000000                _data = .
 *(vtable)
 *(.ramfunc*)
 *(.data*)
 .data.str      0x0000000010000000       0xc8 ./src/main.o
                0x0000000010000000                str
 .data.str_gsm  0x00000000100000c8      0x400 ./src/main.o
                0x00000000100000c8                str_gsm
 .data.response_last_gsm
                0x00000000100004c8      0x400 ./src/main.o
                0x00000000100004c8                response_last_gsm
 .data.str_bt   0x00000000100008c8       0xc8 ./src/main.o
                0x00000000100008c8                str_bt
 .data          0x0000000010000990        0x4 /Users/wangjiadong/LPCXpresso/workspace/Lib_CMSISv1p30_LPC17xx/Debug/libCMSISv1p30_LPC17xx.a(system_LPC17xx.o)
                0x0000000010000990                SystemCoreClock
 .data.neginf.4355
                0x0000000010000994        0x4 /Applications/lpcxpresso_7.5.0_254/lpcxpresso/tools/bin/../lib/gcc/arm-none-eabi/4.8.4/../../../../arm-none-eabi/lib/armv7-m/libcr_c.a(scanf.o)
 .data.posinf.4354
                0x0000000010000998        0x4 /Applications/lpcxpresso_7.5.0_254/lpcxpresso/tools/bin/../lib/gcc/arm-none-eabi/4.8.4/../../../../arm-none-eabi/lib/armv7-m/libcr_c.a(scanf.o)
                0x000000001000099c                . = ALIGN (0x4)
                0x000000001000099c                _edata = .

.igot.plt       0x000000001000099c        0x0 load address 0x000000000000b12c
 .igot.plt      0x0000000000000000        0x0 ./src/Bluetooth_3032.o

.bss_RAM2       0x000000002007c000        0x0
 *(.bss.$RAM2*)
 *(.bss.$RamAHB32*)
                0x000000002007c000                . = ALIGN (0x4)

.bss            0x00000000100009a0     0x1230
                0x00000000100009a0                _bss = .
 *(.bss*)
 .bss._files    0x00000000100009a0      0x888 ./src/fat_filelib.o
 .bss._filelib_init
                0x0000000010001228        0x4 ./src/fat_filelib.o
 .bss._filelib_valid
                0x000000001000122c        0x4 ./src/fat_filelib.o
 .bss._fs       0x0000000010001230      0x464 ./src/fat_filelib.o
 .bss._open_file_list
                0x0000000010001694        0x8 ./src/fat_filelib.o
 .bss._free_file_list
                0x000000001000169c        0x8 ./src/fat_filelib.o
 .bss.Timer     0x00000000100016a4        0x4 ./src/main.o
                0x00000000100016a4                Timer
 .bss.latitude  0x00000000100016a8        0x8 ./src/main.o
                0x00000000100016a8                latitude
 .bss.longitude
                0x00000000100016b0        0x8 ./src/main.o
                0x00000000100016b0                longitude
 .bss.velocity  0x00000000100016b8        0x8 ./src/main.o
                0x00000000100016b8                velocity
 .bss.date      0x00000000100016c0        0x4 ./src/main.o
                0x00000000100016c0                date
 .bss.time      0x00000000100016c4        0x4 ./src/main.o
                0x00000000100016c4                time
 .bss.empty_value
                0x00000000100016c8        0x4 ./src/main.o
                0x00000000100016c8                empty_value
 .bss.num       0x00000000100016cc        0x4 ./src/main.o
                0x00000000100016cc                num
 .bss.num_gsm   0x00000000100016d0        0x4 ./src/main.o
                0x00000000100016d0                num_gsm
 .bss.response_num_gsm
                0x00000000100016d4        0x4 ./src/main.o
                0x00000000100016d4                response_num_gsm
 .bss.BT_CMD    0x00000000100016d8        0x4 ./src/main.o
                0x00000000100016d8                BT_CMD
 .bss.SLEEP_STATUS
                0x00000000100016dc        0x4 ./src/main.o
                0x00000000100016dc                SLEEP_STATUS
 .bss.sleep_counter
                0x00000000100016e0        0x4 ./src/main.o
                0x00000000100016e0                sleep_counter
 .bss.emergency_counter
                0x00000000100016e4        0x4 ./src/main.o
                0x00000000100016e4                emergency_counter
 .bss.button_pressed
                0x00000000100016e8        0x4 ./src/main.o
                0x00000000100016e8                button_pressed
 .bss.emergency_status
                0x00000000100016ec        0x4 ./src/main.o
                0x00000000100016ec                emergency_status
 .bss.load_array
                0x00000000100016f0      0x320 ./src/main.o
                0x00000000100016f0                load_array
 .bss.load_array_position
                0x0000000010001a10        0x4 ./src/main.o
                0x0000000010001a10                load_array_position
 *fill*         0x0000000010001a14        0x4 
 .bss.avg_load  0x0000000010001a18        0x8 ./src/main.o
                0x0000000010001a18                avg_load
 .bss.max_load  0x0000000010001a20        0x8 ./src/main.o
                0x0000000010001a20                max_load
 .bss.min_load  0x0000000010001a28        0x8 ./src/main.o
                0x0000000010001a28                min_load
 .bss.std_load  0x0000000010001a30        0x8 ./src/main.o
                0x0000000010001a30                std_load
 .bss.num_bt    0x0000000010001a38        0x4 ./src/main.o
                0x0000000010001a38                num_bt
 .bss.GPS_timer
                0x0000000010001a3c        0x4 ./src/main.o
                0x0000000010001a3c                GPS_timer
 .bss.ticks.6001
                0x0000000010001a40        0x4 ./src/main.o
 .bss.Timer1    0x0000000010001a44        0x4 ./src/sd.o
 .bss.Timer2    0x0000000010001a48        0x4 ./src/sd.o
 .bss.errno     0x0000000010001a4c        0x4 /Applications/lpcxpresso_7.5.0_254/lpcxpresso/tools/bin/../lib/gcc/arm-none-eabi/4.8.4/../../../../arm-none-eabi/lib/armv7-m/libcr_c.a(errno.o)
                0x0000000010001a4c                errno
 *(COMMON)
 COMMON         0x0000000010001a50       0x34 ./src/sd.o
                0x0000000010001a50                CardType
                0x0000000010001a54                CardConfig
 COMMON         0x0000000010001a84        0x4 /Applications/lpcxpresso_7.5.0_254/lpcxpresso/tools/bin/../lib/gcc/arm-none-eabi/4.8.4/../../../../arm-none-eabi/lib/armv7-m/libcr_c.a(initio.o)
                0x0000000010001a84                _extra
 COMMON         0x0000000010001a88      0x140 /Applications/lpcxpresso_7.5.0_254/lpcxpresso/tools/bin/../lib/gcc/arm-none-eabi/4.8.4/../../../../arm-none-eabi/lib/armv7-m/libcr_c.a(stdio.o)
                0x0000000010001a88                __Ciob
 COMMON         0x0000000010001bc8        0x8 /Applications/lpcxpresso_7.5.0_254/lpcxpresso/tools/bin/../lib/gcc/arm-none-eabi/4.8.4/../../../../arm-none-eabi/lib/armv7-m/libcr_c.a(__init_alloc.o)
                0x0000000010001bc8                __heaps
                0x0000000010001bcc                __end_of_heap
                0x0000000010001bd0                . = ALIGN (0x4)
                0x0000000010001bd0                _ebss = .
                0x0000000010001bd0                PROVIDE (end, .)

.noinit_RAM2    0x000000002007c000        0x0
 *(.noinit.$RAM2*)
 *(.noinit.$RamAHB32*)
                0x000000002007c000                . = ALIGN (0x4)

.noinit         0x0000000010001bd0        0x0
                0x0000000010001bd0                _noinit = .
 *(.noinit*)
                0x0000000010001bd0                . = ALIGN (0x4)
                0x0000000010001bd0                _end_noinit = .
                0x0000000010001bd0                PROVIDE (_pvHeapStart, DEFINED (__user_heap_base)?__user_heap_base:.)
                0x0000000010008000                PROVIDE (_vStackTop, DEFINED (__user_stack_top)?__user_stack_top:(__top_RamLoc32 - 0x0))
OUTPUT(LPC1769_CMSIS_MCU_blinky.axf elf32-littlearm)

.debug_info     0x0000000000000000     0xad1b
 .debug_info    0x0000000000000000      0x6c8 ./src/Bluetooth_3032.o
 .debug_info    0x00000000000006c8      0x43c ./src/GPS_3032.o
 .debug_info    0x0000000000000b04      0x97a ./src/GSM_3032.o
 .debug_info    0x000000000000147e      0x584 ./src/Load_3032.o
 .debug_info    0x0000000000001a02      0x5b3 ./src/Temp_3032.o
 .debug_info    0x0000000000001fb5      0x2be ./src/cr_startup_lpc176x.o
 .debug_info    0x0000000000002273      0xb2e ./src/fat_access.o
 .debug_info    0x0000000000002da1      0x66c ./src/fat_cache.o
 .debug_info    0x000000000000340d     0x1303 ./src/fat_filelib.o
 .debug_info    0x0000000000004710      0x61d ./src/fat_misc.o
 .debug_info    0x0000000000004d2d      0x4c4 ./src/fat_string.o
 .debug_info    0x00000000000051f1      0x67e ./src/fat_table.o
 .debug_info    0x000000000000586f      0x654 ./src/fat_write.o
 .debug_info    0x0000000000005ec3     0x15aa ./src/main.o
 .debug_info    0x000000000000746d      0x4d5 ./src/sd.o
 .debug_info    0x0000000000007942      0x811 ./src/spi.o
 .debug_info    0x0000000000008153      0x2e3 /Users/wangjiadong/LPCXpresso/workspace/Lib_CMSISv1p30_LPC17xx/Debug/libCMSISv1p30_LPC17xx.a(system_LPC17xx.o)
 .debug_info    0x0000000000008436      0xac9 /Users/wangjiadong/LPCXpresso/workspace/Lib_MCU/Debug/libLib_MCU.a(lpc17xx_gpio.o)
 .debug_info    0x0000000000008eff      0x44a /Users/wangjiadong/LPCXpresso/workspace/Lib_MCU/Debug/libLib_MCU.a(lpc17xx_pinsel.o)
 .debug_info    0x0000000000009349     0x1381 /Users/wangjiadong/LPCXpresso/workspace/Lib_MCU/Debug/libLib_MCU.a(lpc17xx_uart.o)
 .debug_info    0x000000000000a6ca      0x58c /Users/wangjiadong/LPCXpresso/workspace/Lib_MCU/Debug/libLib_MCU.a(lpc17xx_clkpwr.o)
 .debug_info    0x000000000000ac56       0xc5 /Users/wangjiadong/LPCXpresso/workspace/Lib_MCU/Debug/libLib_MCU.a(lpc17xx_libcfg_default.o)

.debug_abbrev   0x0000000000000000     0x2543
 .debug_abbrev  0x0000000000000000      0x1e4 ./src/Bluetooth_3032.o
 .debug_abbrev  0x00000000000001e4      0x151 ./src/GPS_3032.o
 .debug_abbrev  0x0000000000000335      0x246 ./src/GSM_3032.o
 .debug_abbrev  0x000000000000057b      0x11e ./src/Load_3032.o
 .debug_abbrev  0x0000000000000699      0x138 ./src/Temp_3032.o
 .debug_abbrev  0x00000000000007d1      0x12b ./src/cr_startup_lpc176x.o
 .debug_abbrev  0x00000000000008fc      0x20a ./src/fat_access.o
 .debug_abbrev  0x0000000000000b06      0x1a1 ./src/fat_cache.o
 .debug_abbrev  0x0000000000000ca7      0x268 ./src/fat_filelib.o
 .debug_abbrev  0x0000000000000f0f      0x1ca ./src/fat_misc.o
 .debug_abbrev  0x00000000000010d9      0x15b ./src/fat_string.o
 .debug_abbrev  0x0000000000001234      0x1fb ./src/fat_table.o
 .debug_abbrev  0x000000000000142f      0x1ad ./src/fat_write.o
 .debug_abbrev  0x00000000000015dc      0x3b1 ./src/main.o
 .debug_abbrev  0x000000000000198d      0x1a1 ./src/sd.o
 .debug_abbrev  0x0000000000001b2e      0x1a3 ./src/spi.o
 .debug_abbrev  0x0000000000001cd1       0xe6 /Users/wangjiadong/LPCXpresso/workspace/Lib_CMSISv1p30_LPC17xx/Debug/libCMSISv1p30_LPC17xx.a(system_LPC17xx.o)
 .debug_abbrev  0x0000000000001db7      0x193 /Users/wangjiadong/LPCXpresso/workspace/Lib_MCU/Debug/libLib_MCU.a(lpc17xx_gpio.o)
 .debug_abbrev  0x0000000000001f4a      0x129 /Users/wangjiadong/LPCXpresso/workspace/Lib_MCU/Debug/libLib_MCU.a(lpc17xx_pinsel.o)
 .debug_abbrev  0x0000000000002073      0x2a8 /Users/wangjiadong/LPCXpresso/workspace/Lib_MCU/Debug/libLib_MCU.a(lpc17xx_uart.o)
 .debug_abbrev  0x000000000000231b      0x1bc /Users/wangjiadong/LPCXpresso/workspace/Lib_MCU/Debug/libLib_MCU.a(lpc17xx_clkpwr.o)
 .debug_abbrev  0x00000000000024d7       0x6c /Users/wangjiadong/LPCXpresso/workspace/Lib_MCU/Debug/libLib_MCU.a(lpc17xx_libcfg_default.o)

.debug_aranges  0x0000000000000000      0xad0
 .debug_aranges
                0x0000000000000000       0x40 ./src/Bluetooth_3032.o
 .debug_aranges
                0x0000000000000040       0x40 ./src/GPS_3032.o
 .debug_aranges
                0x0000000000000080       0x60 ./src/GSM_3032.o
 .debug_aranges
                0x00000000000000e0       0x38 ./src/Load_3032.o
 .debug_aranges
                0x0000000000000118       0x30 ./src/Temp_3032.o
 .debug_aranges
                0x0000000000000148       0x80 ./src/cr_startup_lpc176x.o
 .debug_aranges
                0x00000000000001c8       0x90 ./src/fat_access.o
 .debug_aranges
                0x0000000000000258       0x70 ./src/fat_cache.o
 .debug_aranges
                0x00000000000002c8      0x168 ./src/fat_filelib.o
 .debug_aranges
                0x0000000000000430       0x90 ./src/fat_misc.o
 .debug_aranges
                0x00000000000004c0       0x70 ./src/fat_string.o
 .debug_aranges
                0x0000000000000530       0x70 ./src/fat_table.o
 .debug_aranges
                0x00000000000005a0       0x38 ./src/fat_write.o
 .debug_aranges
                0x00000000000005d8      0x160 ./src/main.o
 .debug_aranges
                0x0000000000000738       0x68 ./src/sd.o
 .debug_aranges
                0x00000000000007a0       0x48 ./src/spi.o
 .debug_aranges
                0x00000000000007e8       0x28 /Users/wangjiadong/LPCXpresso/workspace/Lib_CMSISv1p30_LPC17xx/Debug/libCMSISv1p30_LPC17xx.a(system_LPC17xx.o)
 .debug_aranges
                0x0000000000000810       0xc8 /Users/wangjiadong/LPCXpresso/workspace/Lib_MCU/Debug/libLib_MCU.a(lpc17xx_gpio.o)
 .debug_aranges
                0x00000000000008d8       0x48 /Users/wangjiadong/LPCXpresso/workspace/Lib_MCU/Debug/libLib_MCU.a(lpc17xx_pinsel.o)
 .debug_aranges
                0x0000000000000920      0x130 /Users/wangjiadong/LPCXpresso/workspace/Lib_MCU/Debug/libLib_MCU.a(lpc17xx_uart.o)
 .debug_aranges
                0x0000000000000a50       0x60 /Users/wangjiadong/LPCXpresso/workspace/Lib_MCU/Debug/libLib_MCU.a(lpc17xx_clkpwr.o)
 .debug_aranges
                0x0000000000000ab0       0x20 /Users/wangjiadong/LPCXpresso/workspace/Lib_MCU/Debug/libLib_MCU.a(lpc17xx_libcfg_default.o)

.debug_ranges   0x0000000000000000      0x988
 .debug_ranges  0x0000000000000000       0x30 ./src/Bluetooth_3032.o
 .debug_ranges  0x0000000000000030       0x30 ./src/GPS_3032.o
 .debug_ranges  0x0000000000000060       0x50 ./src/GSM_3032.o
 .debug_ranges  0x00000000000000b0       0x28 ./src/Load_3032.o
 .debug_ranges  0x00000000000000d8       0x20 ./src/Temp_3032.o
 .debug_ranges  0x00000000000000f8       0x70 ./src/cr_startup_lpc176x.o
 .debug_ranges  0x0000000000000168       0x80 ./src/fat_access.o
 .debug_ranges  0x00000000000001e8       0x60 ./src/fat_cache.o
 .debug_ranges  0x0000000000000248      0x170 ./src/fat_filelib.o
 .debug_ranges  0x00000000000003b8       0x80 ./src/fat_misc.o
 .debug_ranges  0x0000000000000438       0x60 ./src/fat_string.o
 .debug_ranges  0x0000000000000498       0x60 ./src/fat_table.o
 .debug_ranges  0x00000000000004f8       0x28 ./src/fat_write.o
 .debug_ranges  0x0000000000000520      0x150 ./src/main.o
 .debug_ranges  0x0000000000000670       0x58 ./src/sd.o
 .debug_ranges  0x00000000000006c8       0x38 ./src/spi.o
 .debug_ranges  0x0000000000000700       0x18 /Users/wangjiadong/LPCXpresso/workspace/Lib_CMSISv1p30_LPC17xx/Debug/libCMSISv1p30_LPC17xx.a(system_LPC17xx.o)
 .debug_ranges  0x0000000000000718       0xb8 /Users/wangjiadong/LPCXpresso/workspace/Lib_MCU/Debug/libLib_MCU.a(lpc17xx_gpio.o)
 .debug_ranges  0x00000000000007d0       0x38 /Users/wangjiadong/LPCXpresso/workspace/Lib_MCU/Debug/libLib_MCU.a(lpc17xx_pinsel.o)
 .debug_ranges  0x0000000000000808      0x120 /Users/wangjiadong/LPCXpresso/workspace/Lib_MCU/Debug/libLib_MCU.a(lpc17xx_uart.o)
 .debug_ranges  0x0000000000000928       0x50 /Users/wangjiadong/LPCXpresso/workspace/Lib_MCU/Debug/libLib_MCU.a(lpc17xx_clkpwr.o)
 .debug_ranges  0x0000000000000978       0x10 /Users/wangjiadong/LPCXpresso/workspace/Lib_MCU/Debug/libLib_MCU.a(lpc17xx_libcfg_default.o)

.debug_macro    0x0000000000000000     0x5b77
 .debug_macro   0x0000000000000000       0xb3 ./src/Bluetooth_3032.o
 .debug_macro   0x00000000000000b3      0x856 ./src/Bluetooth_3032.o
 .debug_macro   0x0000000000000909       0x1c ./src/Bluetooth_3032.o
 .debug_macro   0x0000000000000925       0x22 ./src/Bluetooth_3032.o
 .debug_macro   0x0000000000000947       0x10 ./src/Bluetooth_3032.o
 .debug_macro   0x0000000000000957      0x12d ./src/Bluetooth_3032.o
 .debug_macro   0x0000000000000a84      0x5b2 ./src/Bluetooth_3032.o
 .debug_macro   0x0000000000001036      0x7b7 ./src/Bluetooth_3032.o
 .debug_macro   0x00000000000017ed      0x2c7 ./src/Bluetooth_3032.o
 .debug_macro   0x0000000000001ab4       0x63 ./src/Bluetooth_3032.o
 .debug_macro   0x0000000000001b17      0x143 ./src/Bluetooth_3032.o
 .debug_macro   0x0000000000001c5a       0x46 ./src/Bluetooth_3032.o
 .debug_macro   0x0000000000001ca0      0x32a ./src/Bluetooth_3032.o
 .debug_macro   0x0000000000001fca       0x9a ./src/Bluetooth_3032.o
 .debug_macro   0x0000000000002064       0xb1 ./src/GPS_3032.o
 .debug_macro   0x0000000000002115       0xc9 ./src/GSM_3032.o
 .debug_macro   0x00000000000021de       0xbc ./src/Load_3032.o
 .debug_macro   0x000000000000229a       0x4c ./src/Load_3032.o
 .debug_macro   0x00000000000022e6       0xb6 ./src/Temp_3032.o
 .debug_macro   0x000000000000239c       0x34 ./src/Temp_3032.o
 .debug_macro   0x00000000000023d0       0x52 ./src/cr_startup_lpc176x.o
 .debug_macro   0x0000000000002422      0x85c ./src/cr_startup_lpc176x.o
 .debug_macro   0x0000000000002c7e       0xb5 ./src/fat_access.o
 .debug_macro   0x0000000000002d33       0x4c ./src/fat_access.o
 .debug_macro   0x0000000000002d7f       0x2e ./src/fat_access.o
 .debug_macro   0x0000000000002dad      0x1ae ./src/fat_access.o
 .debug_macro   0x0000000000002f5b       0x3a ./src/fat_access.o
 .debug_macro   0x0000000000002f95       0x2e ./src/fat_access.o
 .debug_macro   0x0000000000002fc3       0xa8 ./src/fat_cache.o
 .debug_macro   0x000000000000306b       0x3a ./src/fat_cache.o
 .debug_macro   0x00000000000030a5       0x28 ./src/fat_cache.o
 .debug_macro   0x00000000000030cd       0xfe ./src/fat_filelib.o
 .debug_macro   0x00000000000031cb       0x28 ./src/fat_filelib.o
 .debug_macro   0x00000000000031f3       0x93 ./src/fat_misc.o
 .debug_macro   0x0000000000003286       0x28 ./src/fat_misc.o
 .debug_macro   0x00000000000032ae       0x50 ./src/fat_string.o
 .debug_macro   0x00000000000032fe       0x16 ./src/fat_string.o
 .debug_macro   0x0000000000003314       0xb5 ./src/fat_table.o
 .debug_macro   0x00000000000033c9       0xb5 ./src/fat_write.o
 .debug_macro   0x000000000000347e      0x14d ./src/main.o
 .debug_macro   0x00000000000035cb       0x52 ./src/main.o
 .debug_macro   0x000000000000361d       0x34 ./src/main.o
 .debug_macro   0x0000000000003651       0x52 ./src/main.o
 .debug_macro   0x00000000000036a3       0x28 ./src/main.o
 .debug_macro   0x00000000000036cb       0x1c ./src/main.o
 .debug_macro   0x00000000000036e7       0xc4 ./src/main.o
 .debug_macro   0x00000000000037ab      0x12e ./src/sd.o
 .debug_macro   0x00000000000038d9       0x1c ./src/sd.o
 .debug_macro   0x00000000000038f5      0x2c7 ./src/sd.o
 .debug_macro   0x0000000000003bbc       0x10 ./src/sd.o
 .debug_macro   0x0000000000003bcc       0x3a ./src/sd.o
 .debug_macro   0x0000000000003c06       0x95 ./src/spi.o
 .debug_macro   0x0000000000003c9b      0x113 /Users/wangjiadong/LPCXpresso/workspace/Lib_CMSISv1p30_LPC17xx/Debug/libCMSISv1p30_LPC17xx.a(system_LPC17xx.o)
 .debug_macro   0x0000000000003dae      0x850 /Users/wangjiadong/LPCXpresso/workspace/Lib_CMSISv1p30_LPC17xx/Debug/libCMSISv1p30_LPC17xx.a(system_LPC17xx.o)
 .debug_macro   0x00000000000045fe      0x7d5 /Users/wangjiadong/LPCXpresso/workspace/Lib_CMSISv1p30_LPC17xx/Debug/libCMSISv1p30_LPC17xx.a(system_LPC17xx.o)
 .debug_macro   0x0000000000004dd3       0x83 /Users/wangjiadong/LPCXpresso/workspace/Lib_MCU/Debug/libLib_MCU.a(lpc17xx_gpio.o)
 .debug_macro   0x0000000000004e56       0x40 /Users/wangjiadong/LPCXpresso/workspace/Lib_MCU/Debug/libLib_MCU.a(lpc17xx_gpio.o)
 .debug_macro   0x0000000000004e96       0xcb /Users/wangjiadong/LPCXpresso/workspace/Lib_MCU/Debug/libLib_MCU.a(lpc17xx_gpio.o)
 .debug_macro   0x0000000000004f61       0x7a /Users/wangjiadong/LPCXpresso/workspace/Lib_MCU/Debug/libLib_MCU.a(lpc17xx_pinsel.o)
 .debug_macro   0x0000000000004fdb       0x8c /Users/wangjiadong/LPCXpresso/workspace/Lib_MCU/Debug/libLib_MCU.a(lpc17xx_uart.o)
 .debug_macro   0x0000000000005067      0x324 /Users/wangjiadong/LPCXpresso/workspace/Lib_MCU/Debug/libLib_MCU.a(lpc17xx_uart.o)
 .debug_macro   0x000000000000538b      0x2fe /Users/wangjiadong/LPCXpresso/workspace/Lib_MCU/Debug/libLib_MCU.a(lpc17xx_uart.o)
 .debug_macro   0x0000000000005689       0x7a /Users/wangjiadong/LPCXpresso/workspace/Lib_MCU/Debug/libLib_MCU.a(lpc17xx_clkpwr.o)
 .debug_macro   0x0000000000005703      0x2f8 /Users/wangjiadong/LPCXpresso/workspace/Lib_MCU/Debug/libLib_MCU.a(lpc17xx_clkpwr.o)
 .debug_macro   0x00000000000059fb       0x5a /Users/wangjiadong/LPCXpresso/workspace/Lib_MCU/Debug/libLib_MCU.a(lpc17xx_libcfg_default.o)
 .debug_macro   0x0000000000005a55       0x5d /Users/wangjiadong/LPCXpresso/workspace/Lib_MCU/Debug/libLib_MCU.a(lpc17xx_libcfg_default.o)
 .debug_macro   0x0000000000005ab2       0xc5 /Users/wangjiadong/LPCXpresso/workspace/Lib_MCU/Debug/libLib_MCU.a(lpc17xx_libcfg_default.o)

.debug_line     0x0000000000000000     0x52ac
 .debug_line    0x0000000000000000      0x28e ./src/Bluetooth_3032.o
 .debug_line    0x000000000000028e      0x2b6 ./src/GPS_3032.o
 .debug_line    0x0000000000000544      0x363 ./src/GSM_3032.o
 .debug_line    0x00000000000008a7      0x2c0 ./src/Load_3032.o
 .debug_line    0x0000000000000b67      0x299 ./src/Temp_3032.o
 .debug_line    0x0000000000000e00      0x1bf ./src/cr_startup_lpc176x.o
 .debug_line    0x0000000000000fbf      0x4a9 ./src/fat_access.o
 .debug_line    0x0000000000001468      0x2a0 ./src/fat_cache.o
 .debug_line    0x0000000000001708      0x99b ./src/fat_filelib.o
 .debug_line    0x00000000000020a3      0x3df ./src/fat_misc.o
 .debug_line    0x0000000000002482      0x3a3 ./src/fat_string.o
 .debug_line    0x0000000000002825      0x37e ./src/fat_table.o
 .debug_line    0x0000000000002ba3      0x2d6 ./src/fat_write.o
 .debug_line    0x0000000000002e79      0x91c ./src/main.o
 .debug_line    0x0000000000003795      0x464 ./src/sd.o
 .debug_line    0x0000000000003bf9      0x23a ./src/spi.o
 .debug_line    0x0000000000003e33      0x201 /Users/wangjiadong/LPCXpresso/workspace/Lib_CMSISv1p30_LPC17xx/Debug/libCMSISv1p30_LPC17xx.a(system_LPC17xx.o)
 .debug_line    0x0000000000004034      0x3d9 /Users/wangjiadong/LPCXpresso/workspace/Lib_MCU/Debug/libLib_MCU.a(lpc17xx_gpio.o)
 .debug_line    0x000000000000440d      0x255 /Users/wangjiadong/LPCXpresso/workspace/Lib_MCU/Debug/libLib_MCU.a(lpc17xx_pinsel.o)
 .debug_line    0x0000000000004662      0x817 /Users/wangjiadong/LPCXpresso/workspace/Lib_MCU/Debug/libLib_MCU.a(lpc17xx_uart.o)
 .debug_line    0x0000000000004e79      0x2b4 /Users/wangjiadong/LPCXpresso/workspace/Lib_MCU/Debug/libLib_MCU.a(lpc17xx_clkpwr.o)
 .debug_line    0x000000000000512d      0x17f /Users/wangjiadong/LPCXpresso/workspace/Lib_MCU/Debug/libLib_MCU.a(lpc17xx_libcfg_default.o)

.debug_str      0x0000000000000000     0xff62
 .debug_str     0x0000000000000000     0xa15d ./src/Bluetooth_3032.o
                                       0xa1fb (size before relaxing)
 .debug_str     0x000000000000a15d       0x49 ./src/GPS_3032.o
                                       0x9fc1 (size before relaxing)
 .debug_str     0x000000000000a1a6      0x133 ./src/GSM_3032.o
                                       0xa2e5 (size before relaxing)
 .debug_str     0x000000000000a2d9      0x39a ./src/Load_3032.o
                                       0xa112 (size before relaxing)
 .debug_str     0x000000000000a673       0x5b ./src/Temp_3032.o
                                       0xa0f5 (size before relaxing)
 .debug_str     0x000000000000a6ce      0x2a8 ./src/cr_startup_lpc176x.o
                                       0x3d47 (size before relaxing)
 .debug_str     0x000000000000a976     0x10a8 ./src/fat_access.o
                                       0x3cdf (size before relaxing)
 .debug_str     0x000000000000ba1e      0x3d5 ./src/fat_cache.o
                                       0x3a9a (size before relaxing)
 .debug_str     0x000000000000bdf3      0x3ef ./src/fat_filelib.o
                                       0x4227 (size before relaxing)
 .debug_str     0x000000000000c1e2      0x1de ./src/fat_misc.o
                                       0x398e (size before relaxing)
 .debug_str     0x000000000000c3c0      0x25e ./src/fat_string.o
                                       0x2c1a (size before relaxing)
 .debug_str     0x000000000000c61e      0x2de ./src/fat_table.o
                                       0x3c85 (size before relaxing)
 .debug_str     0x000000000000c8fc      0x127 ./src/fat_write.o
                                       0x3b76 (size before relaxing)
 .debug_str     0x000000000000ca23      0xab2 ./src/main.o
                                       0xb8cf (size before relaxing)
 .debug_str     0x000000000000d4d5      0x3f2 ./src/sd.o
                                       0x7fac (size before relaxing)
 .debug_str     0x000000000000d8c7      0x26c ./src/spi.o
                                       0x802d (size before relaxing)
 .debug_str     0x000000000000db33      0x3b7 /Users/wangjiadong/LPCXpresso/workspace/Lib_CMSISv1p30_LPC17xx/Debug/libCMSISv1p30_LPC17xx.a(system_LPC17xx.o)
                                       0x7f0d (size before relaxing)
 .debug_str     0x000000000000deea      0x3a5 /Users/wangjiadong/LPCXpresso/workspace/Lib_MCU/Debug/libLib_MCU.a(lpc17xx_gpio.o)
                                       0x8360 (size before relaxing)
 .debug_str     0x000000000000e28f      0x121 /Users/wangjiadong/LPCXpresso/workspace/Lib_MCU/Debug/libLib_MCU.a(lpc17xx_pinsel.o)
                                       0x83a4 (size before relaxing)
 .debug_str     0x000000000000e3b0     0x1aba /Users/wangjiadong/LPCXpresso/workspace/Lib_MCU/Debug/libLib_MCU.a(lpc17xx_uart.o)
                                       0xb272 (size before relaxing)
 .debug_str     0x000000000000fe6a       0xcb /Users/wangjiadong/LPCXpresso/workspace/Lib_MCU/Debug/libLib_MCU.a(lpc17xx_clkpwr.o)
                                       0x9101 (size before relaxing)
 .debug_str     0x000000000000ff35       0x2d /Users/wangjiadong/LPCXpresso/workspace/Lib_MCU/Debug/libLib_MCU.a(lpc17xx_libcfg_default.o)
                                       0x3e39 (size before relaxing)

.comment        0x0000000000000000       0xe0
 .comment       0x0000000000000000       0x70 ./src/Bluetooth_3032.o
                                         0x71 (size before relaxing)
 .comment       0x0000000000000000       0x71 ./src/GPS_3032.o
 .comment       0x0000000000000000       0x71 ./src/GSM_3032.o
 .comment       0x0000000000000000       0x71 ./src/Load_3032.o
 .comment       0x0000000000000000       0x71 ./src/Temp_3032.o
 .comment       0x0000000000000000       0x71 ./src/cr_startup_lpc176x.o
 .comment       0x0000000000000000       0x71 ./src/fat_access.o
 .comment       0x0000000000000000       0x71 ./src/fat_cache.o
 .comment       0x0000000000000000       0x71 ./src/fat_filelib.o
 .comment       0x0000000000000000       0x71 ./src/fat_misc.o
 .comment       0x0000000000000000       0x71 ./src/fat_string.o
 .comment       0x0000000000000000       0x71 ./src/fat_table.o
 .comment       0x0000000000000000       0x71 ./src/fat_write.o
 .comment       0x0000000000000000       0x71 ./src/main.o
 .comment       0x0000000000000000       0x71 ./src/sd.o
 .comment       0x0000000000000000       0x71 ./src/spi.o
 .comment       0x0000000000000000       0x71 /Users/wangjiadong/LPCXpresso/workspace/Lib_CMSISv1p30_LPC17xx/Debug/libCMSISv1p30_LPC17xx.a(system_LPC17xx.o)
 .comment       0x0000000000000000       0x71 /Users/wangjiadong/LPCXpresso/workspace/Lib_MCU/Debug/libLib_MCU.a(lpc17xx_gpio.o)
 .comment       0x0000000000000000       0x71 /Users/wangjiadong/LPCXpresso/workspace/Lib_MCU/Debug/libLib_MCU.a(lpc17xx_pinsel.o)
 .comment       0x0000000000000000       0x71 /Users/wangjiadong/LPCXpresso/workspace/Lib_MCU/Debug/libLib_MCU.a(lpc17xx_uart.o)
 .comment       0x0000000000000000       0x71 /Users/wangjiadong/LPCXpresso/workspace/Lib_MCU/Debug/libLib_MCU.a(lpc17xx_clkpwr.o)
 .comment       0x0000000000000000       0x71 /Users/wangjiadong/LPCXpresso/workspace/Lib_MCU/Debug/libLib_MCU.a(lpc17xx_libcfg_default.o)
 .comment       0x0000000000000070       0x70 /Applications/lpcxpresso_7.5.0_254/lpcxpresso/tools/bin/../lib/gcc/arm-none-eabi/4.8.4/../../../../arm-none-eabi/lib/armv7-m/libcr_semihost.a(_cr__main.o)
                                         0x71 (size before relaxing)
 .comment       0x0000000000000000       0x71 /Applications/lpcxpresso_7.5.0_254/lpcxpresso/tools/bin/../lib/gcc/arm-none-eabi/4.8.4/../../../../arm-none-eabi/lib/armv7-m/libcr_c.a(memcpy.o)
 .comment       0x0000000000000000       0x71 /Applications/lpcxpresso_7.5.0_254/lpcxpresso/tools/bin/../lib/gcc/arm-none-eabi/4.8.4/../../../../arm-none-eabi/lib/armv7-m/libcr_c.a(memset.o)
 .comment       0x0000000000000000       0x71 /Applications/lpcxpresso_7.5.0_254/lpcxpresso/tools/bin/../lib/gcc/arm-none-eabi/4.8.4/../../../../arm-none-eabi/lib/armv7-m/libcr_c.a(fpprintf.o)
 .comment       0x0000000000000000       0x71 /Applications/lpcxpresso_7.5.0_254/lpcxpresso/tools/bin/../lib/gcc/arm-none-eabi/4.8.4/../../../../arm-none-eabi/lib/armv7-m/libcr_c.a(initio.o)
 .comment       0x0000000000000000       0x71 /Applications/lpcxpresso_7.5.0_254/lpcxpresso/tools/bin/../lib/gcc/arm-none-eabi/4.8.4/../../../../arm-none-eabi/lib/armv7-m/libcr_c.a(printf.o)
 .comment       0x0000000000000000       0x71 /Applications/lpcxpresso_7.5.0_254/lpcxpresso/tools/bin/../lib/gcc/arm-none-eabi/4.8.4/../../../../arm-none-eabi/lib/armv7-m/libcr_c.a(scanf.o)
 .comment       0x0000000000000000       0x71 /Applications/lpcxpresso_7.5.0_254/lpcxpresso/tools/bin/../lib/gcc/arm-none-eabi/4.8.4/../../../../arm-none-eabi/lib/armv7-m/libcr_c.a(setvbuf.o)
 .comment       0x0000000000000000       0x71 /Applications/lpcxpresso_7.5.0_254/lpcxpresso/tools/bin/../lib/gcc/arm-none-eabi/4.8.4/../../../../arm-none-eabi/lib/armv7-m/libcr_c.a(sqrt.o)
 .comment       0x0000000000000000       0x71 /Applications/lpcxpresso_7.5.0_254/lpcxpresso/tools/bin/../lib/gcc/arm-none-eabi/4.8.4/../../../../arm-none-eabi/lib/armv7-m/libcr_c.a(stdio.o)
 .comment       0x0000000000000000       0x71 /Applications/lpcxpresso_7.5.0_254/lpcxpresso/tools/bin/../lib/gcc/arm-none-eabi/4.8.4/../../../../arm-none-eabi/lib/armv7-m/libcr_c.a(strcpy.o)
 .comment       0x0000000000000000       0x71 /Applications/lpcxpresso_7.5.0_254/lpcxpresso/tools/bin/../lib/gcc/arm-none-eabi/4.8.4/../../../../arm-none-eabi/lib/armv7-m/libcr_c.a(strlen.o)
 .comment       0x0000000000000000       0x71 /Applications/lpcxpresso_7.5.0_254/lpcxpresso/tools/bin/../lib/gcc/arm-none-eabi/4.8.4/../../../../arm-none-eabi/lib/armv7-m/libcr_c.a(strncmp.o)
 .comment       0x0000000000000000       0x71 /Applications/lpcxpresso_7.5.0_254/lpcxpresso/tools/bin/../lib/gcc/arm-none-eabi/4.8.4/../../../../arm-none-eabi/lib/armv7-m/libcr_c.a(strncpy.o)
 .comment       0x0000000000000000       0x71 /Applications/lpcxpresso_7.5.0_254/lpcxpresso/tools/bin/../lib/gcc/arm-none-eabi/4.8.4/../../../../arm-none-eabi/lib/armv7-m/libcr_c.a(strstr.o)
 .comment       0x0000000000000000       0x71 /Applications/lpcxpresso_7.5.0_254/lpcxpresso/tools/bin/../lib/gcc/arm-none-eabi/4.8.4/../../../../arm-none-eabi/lib/armv7-m/libcr_c.a(ungetc.o)
 .comment       0x0000000000000000       0x71 /Applications/lpcxpresso_7.5.0_254/lpcxpresso/tools/bin/../lib/gcc/arm-none-eabi/4.8.4/../../../../arm-none-eabi/lib/armv7-m/libcr_c.a(__fillbuf.o)
 .comment       0x0000000000000000       0x71 /Applications/lpcxpresso_7.5.0_254/lpcxpresso/tools/bin/../lib/gcc/arm-none-eabi/4.8.4/../../../../arm-none-eabi/lib/armv7-m/libcr_c.a(_deferredlazyseek.o)
 .comment       0x0000000000000000       0x71 /Applications/lpcxpresso_7.5.0_254/lpcxpresso/tools/bin/../lib/gcc/arm-none-eabi/4.8.4/../../../../arm-none-eabi/lib/armv7-m/libcr_c.a(_fdopen.o)
 .comment       0x0000000000000000       0x71 /Applications/lpcxpresso_7.5.0_254/lpcxpresso/tools/bin/../lib/gcc/arm-none-eabi/4.8.4/../../../../arm-none-eabi/lib/armv7-m/libcr_c.a(_fflush.o)
 .comment       0x0000000000000000       0x71 /Applications/lpcxpresso_7.5.0_254/lpcxpresso/tools/bin/../lib/gcc/arm-none-eabi/4.8.4/../../../../arm-none-eabi/lib/armv7-m/libcr_c.a(_frexpl.o)
 .comment       0x0000000000000000       0x71 /Applications/lpcxpresso_7.5.0_254/lpcxpresso/tools/bin/../lib/gcc/arm-none-eabi/4.8.4/../../../../arm-none-eabi/lib/armv7-m/libcr_c.a(_hugeval.o)
 .comment       0x0000000000000000       0x71 /Applications/lpcxpresso_7.5.0_254/lpcxpresso/tools/bin/../lib/gcc/arm-none-eabi/4.8.4/../../../../arm-none-eabi/lib/armv7-m/libcr_c.a(_ldexpl.o)
 .comment       0x0000000000000000       0x71 /Applications/lpcxpresso_7.5.0_254/lpcxpresso/tools/bin/../lib/gcc/arm-none-eabi/4.8.4/../../../../arm-none-eabi/lib/armv7-m/libcr_c.a(_writebuf.o)
 .comment       0x0000000000000000       0x71 /Applications/lpcxpresso_7.5.0_254/lpcxpresso/tools/bin/../lib/gcc/arm-none-eabi/4.8.4/../../../../arm-none-eabi/lib/armv7-m/libcr_c.a(alloc.o)
 .comment       0x0000000000000000       0x71 /Applications/lpcxpresso_7.5.0_254/lpcxpresso/tools/bin/../lib/gcc/arm-none-eabi/4.8.4/../../../../arm-none-eabi/lib/armv7-m/libcr_c.a(ctype.o)
 .comment       0x0000000000000000       0x71 /Applications/lpcxpresso_7.5.0_254/lpcxpresso/tools/bin/../lib/gcc/arm-none-eabi/4.8.4/../../../../arm-none-eabi/lib/armv7-m/libcr_c.a(errno.o)
 .comment       0x0000000000000000       0x71 /Applications/lpcxpresso_7.5.0_254/lpcxpresso/tools/bin/../lib/gcc/arm-none-eabi/4.8.4/../../../../arm-none-eabi/lib/armv7-m/libcr_c.a(fclose.o)
 .comment       0x0000000000000000       0x71 /Applications/lpcxpresso_7.5.0_254/lpcxpresso/tools/bin/../lib/gcc/arm-none-eabi/4.8.4/../../../../arm-none-eabi/lib/armv7-m/libcr_c.a(fflush.o)
 .comment       0x0000000000000000       0x71 /Applications/lpcxpresso_7.5.0_254/lpcxpresso/tools/bin/../lib/gcc/arm-none-eabi/4.8.4/../../../../arm-none-eabi/lib/armv7-m/libcr_c.a(fseek.o)
 .comment       0x0000000000000000       0x71 /Applications/lpcxpresso_7.5.0_254/lpcxpresso/tools/bin/../lib/gcc/arm-none-eabi/4.8.4/../../../../arm-none-eabi/lib/armv7-m/libcr_c.a(ftell.o)
 .comment       0x0000000000000000       0x71 /Applications/lpcxpresso_7.5.0_254/lpcxpresso/tools/bin/../lib/gcc/arm-none-eabi/4.8.4/../../../../arm-none-eabi/lib/armv7-m/libcr_c.a(remove.o)
 .comment       0x0000000000000000       0x71 /Applications/lpcxpresso_7.5.0_254/lpcxpresso/tools/bin/../lib/gcc/arm-none-eabi/4.8.4/../../../../arm-none-eabi/lib/armv7-m/libcr_c.a(__init_alloc.o)
 .comment       0x0000000000000000       0x71 /Applications/lpcxpresso_7.5.0_254/lpcxpresso/tools/bin/../lib/gcc/arm-none-eabi/4.8.4/../../../../arm-none-eabi/lib/armv7-m/libcr_c.a(_cr_sbrk.o)
 .comment       0x0000000000000000       0x71 /Applications/lpcxpresso_7.5.0_254/lpcxpresso/tools/bin/../lib/gcc/arm-none-eabi/4.8.4/../../../../arm-none-eabi/lib/armv7-m/libcr_c.a(_do_fflush.o)
 .comment       0x0000000000000000       0x71 /Applications/lpcxpresso_7.5.0_254/lpcxpresso/tools/bin/../lib/gcc/arm-none-eabi/4.8.4/../../../../arm-none-eabi/lib/armv7-m/libcr_c.a(_cr_check_heap.o)
 .comment       0x0000000000000000       0x71 /Applications/lpcxpresso_7.5.0_254/lpcxpresso/tools/bin/../lib/gcc/arm-none-eabi/4.8.4/armv7-m/libcr_eabihelpers.a(double.o)
 .comment       0x0000000000000000       0x71 /Applications/lpcxpresso_7.5.0_254/lpcxpresso/tools/bin/../lib/gcc/arm-none-eabi/4.8.4/armv7-m/libcr_eabihelpers.a(float.o)

.ARM.attributes
                0x0000000000000000       0x31
 .ARM.attributes
                0x0000000000000000       0x33 ./src/Bluetooth_3032.o
 .ARM.attributes
                0x0000000000000033       0x33 ./src/GPS_3032.o
 .ARM.attributes
                0x0000000000000066       0x33 ./src/GSM_3032.o
 .ARM.attributes
                0x0000000000000099       0x33 ./src/Load_3032.o
 .ARM.attributes
                0x00000000000000cc       0x33 ./src/Temp_3032.o
 .ARM.attributes
                0x00000000000000ff       0x33 ./src/cr_startup_lpc176x.o
 .ARM.attributes
                0x0000000000000132       0x33 ./src/fat_access.o
 .ARM.attributes
                0x0000000000000165       0x33 ./src/fat_cache.o
 .ARM.attributes
                0x0000000000000198       0x33 ./src/fat_filelib.o
 .ARM.attributes
                0x00000000000001cb       0x33 ./src/fat_misc.o
 .ARM.attributes
                0x00000000000001fe       0x33 ./src/fat_string.o
 .ARM.attributes
                0x0000000000000231       0x33 ./src/fat_table.o
 .ARM.attributes
                0x0000000000000264       0x33 ./src/fat_write.o
 .ARM.attributes
                0x0000000000000297       0x33 ./src/main.o
 .ARM.attributes
                0x00000000000002ca       0x33 ./src/sd.o
 .ARM.attributes
                0x00000000000002fd       0x33 ./src/spi.o
 .ARM.attributes
                0x0000000000000330       0x33 /Users/wangjiadong/LPCXpresso/workspace/Lib_CMSISv1p30_LPC17xx/Debug/libCMSISv1p30_LPC17xx.a(system_LPC17xx.o)
 .ARM.attributes
                0x0000000000000363       0x33 /Users/wangjiadong/LPCXpresso/workspace/Lib_MCU/Debug/libLib_MCU.a(lpc17xx_gpio.o)
 .ARM.attributes
                0x0000000000000396       0x33 /Users/wangjiadong/LPCXpresso/workspace/Lib_MCU/Debug/libLib_MCU.a(lpc17xx_pinsel.o)
 .ARM.attributes
                0x00000000000003c9       0x33 /Users/wangjiadong/LPCXpresso/workspace/Lib_MCU/Debug/libLib_MCU.a(lpc17xx_uart.o)
 .ARM.attributes
                0x00000000000003fc       0x33 /Users/wangjiadong/LPCXpresso/workspace/Lib_MCU/Debug/libLib_MCU.a(lpc17xx_clkpwr.o)
 .ARM.attributes
                0x000000000000042f       0x33 /Users/wangjiadong/LPCXpresso/workspace/Lib_MCU/Debug/libLib_MCU.a(lpc17xx_libcfg_default.o)
 .ARM.attributes
                0x0000000000000462       0x33 /Applications/lpcxpresso_7.5.0_254/lpcxpresso/tools/bin/../lib/gcc/arm-none-eabi/4.8.4/../../../../arm-none-eabi/lib/armv7-m/libcr_semihost.a(_cr__main.o)
 .ARM.attributes
                0x0000000000000495       0x33 /Applications/lpcxpresso_7.5.0_254/lpcxpresso/tools/bin/../lib/gcc/arm-none-eabi/4.8.4/../../../../arm-none-eabi/lib/armv7-m/libcr_c.a(memcpy.o)
 .ARM.attributes
                0x00000000000004c8       0x33 /Applications/lpcxpresso_7.5.0_254/lpcxpresso/tools/bin/../lib/gcc/arm-none-eabi/4.8.4/../../../../arm-none-eabi/lib/armv7-m/libcr_c.a(memset.o)
 .ARM.attributes
                0x00000000000004fb       0x33 /Applications/lpcxpresso_7.5.0_254/lpcxpresso/tools/bin/../lib/gcc/arm-none-eabi/4.8.4/../../../../arm-none-eabi/lib/armv7-m/libcr_c.a(fpprintf.o)
 .ARM.attributes
                0x000000000000052e       0x33 /Applications/lpcxpresso_7.5.0_254/lpcxpresso/tools/bin/../lib/gcc/arm-none-eabi/4.8.4/../../../../arm-none-eabi/lib/armv7-m/libcr_c.a(initio.o)
 .ARM.attributes
                0x0000000000000561       0x33 /Applications/lpcxpresso_7.5.0_254/lpcxpresso/tools/bin/../lib/gcc/arm-none-eabi/4.8.4/../../../../arm-none-eabi/lib/armv7-m/libcr_c.a(printf.o)
 .ARM.attributes
                0x0000000000000594       0x33 /Applications/lpcxpresso_7.5.0_254/lpcxpresso/tools/bin/../lib/gcc/arm-none-eabi/4.8.4/../../../../arm-none-eabi/lib/armv7-m/libcr_c.a(scanf.o)
 .ARM.attributes
                0x00000000000005c7       0x33 /Applications/lpcxpresso_7.5.0_254/lpcxpresso/tools/bin/../lib/gcc/arm-none-eabi/4.8.4/../../../../arm-none-eabi/lib/armv7-m/libcr_c.a(setvbuf.o)
 .ARM.attributes
                0x00000000000005fa       0x33 /Applications/lpcxpresso_7.5.0_254/lpcxpresso/tools/bin/../lib/gcc/arm-none-eabi/4.8.4/../../../../arm-none-eabi/lib/armv7-m/libcr_c.a(sqrt.o)
 .ARM.attributes
                0x000000000000062d       0x33 /Applications/lpcxpresso_7.5.0_254/lpcxpresso/tools/bin/../lib/gcc/arm-none-eabi/4.8.4/../../../../arm-none-eabi/lib/armv7-m/libcr_c.a(stdio.o)
 .ARM.attributes
                0x0000000000000660       0x33 /Applications/lpcxpresso_7.5.0_254/lpcxpresso/tools/bin/../lib/gcc/arm-none-eabi/4.8.4/../../../../arm-none-eabi/lib/armv7-m/libcr_c.a(strcpy.o)
 .ARM.attributes
                0x0000000000000693       0x33 /Applications/lpcxpresso_7.5.0_254/lpcxpresso/tools/bin/../lib/gcc/arm-none-eabi/4.8.4/../../../../arm-none-eabi/lib/armv7-m/libcr_c.a(strlen.o)
 .ARM.attributes
                0x00000000000006c6       0x33 /Applications/lpcxpresso_7.5.0_254/lpcxpresso/tools/bin/../lib/gcc/arm-none-eabi/4.8.4/../../../../arm-none-eabi/lib/armv7-m/libcr_c.a(strncmp.o)
 .ARM.attributes
                0x00000000000006f9       0x33 /Applications/lpcxpresso_7.5.0_254/lpcxpresso/tools/bin/../lib/gcc/arm-none-eabi/4.8.4/../../../../arm-none-eabi/lib/armv7-m/libcr_c.a(strncpy.o)
 .ARM.attributes
                0x000000000000072c       0x33 /Applications/lpcxpresso_7.5.0_254/lpcxpresso/tools/bin/../lib/gcc/arm-none-eabi/4.8.4/../../../../arm-none-eabi/lib/armv7-m/libcr_c.a(strstr.o)
 .ARM.attributes
                0x000000000000075f       0x33 /Applications/lpcxpresso_7.5.0_254/lpcxpresso/tools/bin/../lib/gcc/arm-none-eabi/4.8.4/../../../../arm-none-eabi/lib/armv7-m/libcr_c.a(ungetc.o)
 .ARM.attributes
                0x0000000000000792       0x33 /Applications/lpcxpresso_7.5.0_254/lpcxpresso/tools/bin/../lib/gcc/arm-none-eabi/4.8.4/../../../../arm-none-eabi/lib/armv7-m/libcr_c.a(__fillbuf.o)
 .ARM.attributes
                0x00000000000007c5       0x33 /Applications/lpcxpresso_7.5.0_254/lpcxpresso/tools/bin/../lib/gcc/arm-none-eabi/4.8.4/../../../../arm-none-eabi/lib/armv7-m/libcr_c.a(_deferredlazyseek.o)
 .ARM.attributes
                0x00000000000007f8       0x33 /Applications/lpcxpresso_7.5.0_254/lpcxpresso/tools/bin/../lib/gcc/arm-none-eabi/4.8.4/../../../../arm-none-eabi/lib/armv7-m/libcr_c.a(_fdopen.o)
 .ARM.attributes