Archive member included because of file (symbol)

/Users/wangjiadong/LPCXpresso/workspace/Lib_CMSISv1p30_LPC17xx/Debug/libCMSISv1p30_LPC17xx.a(system_LPC17xx.o)
                              ./src/main.o (SystemCoreClock)
/Users/wangjiadong/LPCXpresso/workspace/Lib_MCU/Debug/libLib_MCU.a(lpc17xx_gpio.o)
                              ./src/GPS_3032.o (GPIO_SetDir)
/Users/wangjiadong/LPCXpresso/workspace/Lib_MCU/Debug/libLib_MCU.a(lpc17xx_pinsel.o)
                              ./src/Bluetooth_3032.o (PINSEL_ConfigPin)
/Users/wangjiadong/LPCXpresso/workspace/Lib_MCU/Debug/libLib_MCU.a(lpc17xx_uart.o)
                              ./src/Bluetooth_3032.o (UART_TxCmd)
/Users/wangjiadong/LPCXpresso/workspace/Lib_MCU/Debug/libLib_MCU.a(lpc17xx_clkpwr.o)
                              /Users/wangjiadong/LPCXpresso/workspace/Lib_MCU/Debug/libLib_MCU.a(lpc17xx_uart.o) (CLKPWR_GetPCLK)
/Users/wangjiadong/LPCXpresso/workspace/Lib_MCU/Debug/libLib_MCU.a(lpc17xx_libcfg_default.o)
                              /Users/wangjiadong/LPCXpresso/workspace/Lib_MCU/Debug/libLib_MCU.a(lpc17xx_uart.o) (check_failed)
/Applications/lpcxpresso_7.5.0_254/lpcxpresso/tools/bin/../lib/gcc/arm-none-eabi/4.8.4/../../../../arm-none-eabi/lib/armv7-m/libcr_semihost.a(_cr__main.o)
                              ./src/cr_startup_lpc176x.o (__main)
/Applications/lpcxpresso_7.5.0_254/lpcxpresso/tools/bin/../lib/gcc/arm-none-eabi/4.8.4/../../../../arm-none-eabi/lib/armv7-m/libcr_c.a(memcpy.o)
                              ./src/fat_access.o (memcpy)
/Applications/lpcxpresso_7.5.0_254/lpcxpresso/tools/bin/../lib/gcc/arm-none-eabi/4.8.4/../../../../arm-none-eabi/lib/armv7-m/libcr_c.a(memset.o)
                              ./src/fat_access.o (memset)
/Applications/lpcxpresso_7.5.0_254/lpcxpresso/tools/bin/../lib/gcc/arm-none-eabi/4.8.4/../../../../arm-none-eabi/lib/armv7-m/libcr_c.a(fpprintf.o)
                              ./src/main.o (sprintf)
/Applications/lpcxpresso_7.5.0_254/lpcxpresso/tools/bin/../lib/gcc/arm-none-eabi/4.8.4/../../../../arm-none-eabi/lib/armv7-m/libcr_c.a(initio.o)
                              /Applications/lpcxpresso_7.5.0_254/lpcxpresso/tools/bin/../lib/gcc/arm-none-eabi/4.8.4/../../../../arm-none-eabi/lib/armv7-m/libcr_semihost.a(_cr__main.o) (_initio)
/Applications/lpcxpresso_7.5.0_254/lpcxpresso/tools/bin/../lib/gcc/arm-none-eabi/4.8.4/../../../../arm-none-eabi/lib/armv7-m/libcr_c.a(printf.o)
                              /Applications/lpcxpresso_7.5.0_254/lpcxpresso/tools/bin/../lib/gcc/arm-none-eabi/4.8.4/../../../../arm-none-eabi/lib/armv7-m/libcr_c.a(fpprintf.o) (__vfprintf)
/Applications/lpcxpresso_7.5.0_254/lpcxpresso/tools/bin/../lib/gcc/arm-none-eabi/4.8.4/../../../../arm-none-eabi/lib/armv7-m/libcr_c.a(scanf.o)
                              ./src/main.o (sscanf)
/Applications/lpcxpresso_7.5.0_254/lpcxpresso/tools/bin/../lib/gcc/arm-none-eabi/4.8.4/../../../../arm-none-eabi/lib/armv7-m/libcr_c.a(setvbuf.o)
                              /Applications/lpcxpresso_7.5.0_254/lpcxpresso/tools/bin/../lib/gcc/arm-none-eabi/4.8.4/../../../../arm-none-eabi/lib/armv7-m/libcr_c.a(initio.o) (setvbuf)
/Applications/lpcxpresso_7.5.0_254/lpcxpresso/tools/bin/../lib/gcc/arm-none-eabi/4.8.4/../../../../arm-none-eabi/lib/armv7-m/libcr_c.a(stdio.o)
                              /Applications/lpcxpresso_7.5.0_254/lpcxpresso/tools/bin/../lib/gcc/arm-none-eabi/4.8.4/../../../../arm-none-eabi/lib/armv7-m/libcr_c.a(fpprintf.o) (__Ciob)
/Applications/lpcxpresso_7.5.0_254/lpcxpresso/tools/bin/../lib/gcc/arm-none-eabi/4.8.4/../../../../arm-none-eabi/lib/armv7-m/libcr_c.a(strlen.o)
                              ./src/Bluetooth_3032.o (strlen)
/Applications/lpcxpresso_7.5.0_254/lpcxpresso/tools/bin/../lib/gcc/arm-none-eabi/4.8.4/../../../../arm-none-eabi/lib/armv7-m/libcr_c.a(strncmp.o)
                              ./src/fat_access.o (strncmp)
/Applications/lpcxpresso_7.5.0_254/lpcxpresso/tools/bin/../lib/gcc/arm-none-eabi/4.8.4/../../../../arm-none-eabi/lib/armv7-m/libcr_c.a(strncpy.o)
                              ./src/fat_access.o (strncpy)
/Applications/lpcxpresso_7.5.0_254/lpcxpresso/tools/bin/../lib/gcc/arm-none-eabi/4.8.4/../../../../arm-none-eabi/lib/armv7-m/libcr_c.a(strstr.o)
                              ./src/main.o (strstr)
/Applications/lpcxpresso_7.5.0_254/lpcxpresso/tools/bin/../lib/gcc/arm-none-eabi/4.8.4/../../../../arm-none-eabi/lib/armv7-m/libcr_c.a(ungetc.o)
                              /Applications/lpcxpresso_7.5.0_254/lpcxpresso/tools/bin/../lib/gcc/arm-none-eabi/4.8.4/../../../../arm-none-eabi/lib/armv7-m/libcr_c.a(scanf.o) (ungetc)
/Applications/lpcxpresso_7.5.0_254/lpcxpresso/tools/bin/../lib/gcc/arm-none-eabi/4.8.4/../../../../arm-none-eabi/lib/armv7-m/libcr_c.a(__fillbuf.o)
                              /Applications/lpcxpresso_7.5.0_254/lpcxpresso/tools/bin/../lib/gcc/arm-none-eabi/4.8.4/../../../../arm-none-eabi/lib/armv7-m/libcr_c.a(scanf.o) (__filbuf)
[...]
Memory Configuration

Name             Origin             Length             Attributes
MFlash512        0x0000000000000000 0x0000000000080000 xr
RamLoc32         0x0000000010000000 0x0000000000008000 xrw
RamAHB32         0x000000002007c000 0x0000000000008000 xrw
*default*        0x0000000000000000 0xffffffffffffffff

Linker script and memory map

LOAD ./src/Bluetooth_3032.o
LOAD ./src/GPS_3032.o
LOAD ./src/Load_3032.o
LOAD ./src/Temp_3032.o
LOAD ./src/cr_startup_lpc176x.o
LOAD ./src/fat_access.o
LOAD ./src/fat_cache.o
LOAD ./src/fat_filelib.o
LOAD ./src/fat_format.o
LOAD ./src/fat_misc.o
LOAD ./src/fat_string.o
LOAD ./src/fat_table.o
LOAD ./src/fat_write.o
LOAD ./src/main.o
LOAD ./src/sd.o
LOAD ./src/spi.o
LOAD /Users/wangjiadong/LPCXpresso/workspace/Lib_CMSISv1p30_LPC17xx/Debug/libCMSISv1p30_LPC17xx.a
LOAD /Users/wangjiadong/LPCXpresso/workspace/Lib_MCU/Debug/libLib_MCU.a
START GROUP
LOAD /Applications/lpcxpresso_7.5.0_254/lpcxpresso/tools/bin/../lib/gcc/arm-none-eabi/4.8.4/../../../../arm-none-eabi/lib/armv7-m/libcr_semihost.a
LOAD /Applications/lpcxpresso_7.5.0_254/lpcxpresso/tools/bin/../lib/gcc/arm-none-eabi/4.8.4/../../../../arm-none-eabi/lib/armv7-m/libcr_c.a
LOAD /Applications/lpcxpresso_7.5.0_254/lpcxpresso/tools/bin/../lib/gcc/arm-none-eabi/4.8.4/armv7-m/libcr_eabihelpers.a
END GROUP
                0x0000000000080000                __top_MFlash512 = 0x80000
                0x0000000010008000                __top_RamLoc32 = 0x10008000
                0x0000000020084000                __top_RamAHB32 = 0x20084000

.text           0x0000000000000000     0x9e38
 FILL mask 0xff
                0x0000000000000000                __vectors_start__ = ABSOLUTE (.)
 *(.isr_vector)
 .isr_vector    0x0000000000000000       0xcc ./src/cr_startup_lpc176x.o
                0x0000000000000000                g_pfnVectors
                0x00000000000000cc                . = ALIGN (0x4)
                0x00000000000000cc                __section_table_start = .
                0x00000000000000cc                __data_section_table = .
                0x00000000000000cc        0x4 LONG 0x9e38 LOADADDR (.data)
                0x00000000000000d0        0x4 LONG 0x10000000 ADDR (.data)
                0x00000000000000d4        0x4 LONG 0x19c SIZEOF (.data)
                0x00000000000000d8        0x4 LONG 0x9e38 LOADADDR (.data_RAM2)
                0x00000000000000dc        0x4 LONG 0x2007c000 ADDR (.data_RAM2)
                0x00000000000000e0        0x4 LONG 0x0 SIZEOF (.data_RAM2)
                0x00000000000000e4                __data_section_table_end = .
                0x00000000000000e4                __bss_section_table = .
                0x00000000000000e4        0x4 LONG 0x100001a0 ADDR (.bss)
                0x00000000000000e8        0x4 LONG 0xec8 SIZEOF (.bss)
                0x00000000000000ec        0x4 LONG 0x2007c000 ADDR (.bss_RAM2)
                0x00000000000000f0        0x4 LONG 0x0 SIZEOF (.bss_RAM2)
                0x00000000000000f4                __bss_section_table_end = .
                0x00000000000000f4                __section_table_end = .
 *(.after_vectors*)
 .after_vectors
                0x00000000000000f4       0x78 ./src/cr_startup_lpc176x.o
                0x00000000000000f4                NMI_Handler
                0x00000000000000f6                HardFault_Handler
                0x00000000000000f8                MemManage_Handler
                0x00000000000000fa                BusFault_Handler
                0x00000000000000fc                UsageFault_Handler
                0x00000000000000fe                SVCall_Handler
                0x0000000000000100                DebugMon_Handler
                0x0000000000000102                PendSV_Handler
                0x0000000000000106                UART1_IRQHandler
                0x0000000000000106                EINT3_IRQHandler
                0x0000000000000106                CANActivity_IRQHandler
                0x0000000000000106                TIMER3_IRQHandler
                0x0000000000000106                UART0_IRQHandler
                0x0000000000000106                IntDefaultHandler
                0x0000000000000106                PLL0_IRQHandler
                0x0000000000000106                CAN_IRQHandler
                0x0000000000000106                PLL1_IRQHandler
                0x0000000000000106                SSP0_IRQHandler
                0x0000000000000106                I2S_IRQHandler
                0x0000000000000106                I2C2_IRQHandler
                0x0000000000000106                RTC_IRQHandler
                0x0000000000000106                TIMER0_IRQHandler
                0x0000000000000106                SPI_IRQHandler
                0x0000000000000106                EINT1_IRQHandler
                0x0000000000000106                TIMER1_IRQHandler
                0x0000000000000106                ADC_IRQHandler
                0x0000000000000106                SSP1_IRQHandler
                0x0000000000000106                USB_IRQHandler
                0x0000000000000106                BOD_IRQHandler
                0x0000000000000106                WDT_IRQHandler
                0x0000000000000106                QEI_IRQHandler
                0x0000000000000106                EINT0_IRQHandler
                0x0000000000000106                ENET_IRQHandler
                0x0000000000000106                TIMER2_IRQHandler
                0x0000000000000106                RIT_IRQHandler
                0x0000000000000106                I2C0_IRQHandler
                0x0000000000000106                USBActivity_IRQHandler
                0x0000000000000106                PWM1_IRQHandler
                0x0000000000000106                I2C1_IRQHandler
                0x0000000000000106                EINT2_IRQHandler
                0x0000000000000106                DMA_IRQHandler
                0x0000000000000106                MCPWM_IRQHandler
                0x0000000000000108                data_init
                0x000000000000011a                bss_init
                0x000000000000012a                ResetISR
 *(.text*)
 .text.NVIC_EnableIRQ
                0x000000000000016c       0x30 ./src/Bluetooth_3032.o
 .text.pinsel_uart3
                0x000000000000019c       0x2c ./src/Bluetooth_3032.o
                0x000000000000019c                pinsel_uart3
 .text.init_uart
                0x00000000000001c8       0x48 ./src/Bluetooth_3032.o
                0x00000000000001c8                init_uart
 .text.bt_send  0x0000000000000210       0x64 ./src/Bluetooth_3032.o
                0x0000000000000210                bt_send
 .text.init_bt  0x0000000000000274       0x10 ./src/Bluetooth_3032.o
                0x0000000000000274                init_bt
 .text.pinsel_uart2
                0x0000000000000284       0x2c ./src/GPS_3032.o
                0x0000000000000284                pinsel_uart2
 .text.GPS_switch_init
                0x00000000000002b0       0x38 ./src/GPS_3032.o
                0x00000000000002b0                GPS_switch_init
 .text.init_uart2
                0x00000000000002e8       0x4c ./src/GPS_3032.o
                0x00000000000002e8                init_uart2
 .text.init_load
                0x0000000000000334       0x68 ./src/Load_3032.o
                0x0000000000000334                init_load
 .text.read_load_1
                0x000000000000039c       0x48 ./src/Load_3032.o
                0x000000000000039c                read_load_1
 .text.read_load_2
                0x00000000000003e4       0x48 ./src/Load_3032.o
                0x00000000000003e4                read_load_2
 .text.read_load_3
                0x000000000000042c       0x48 ./src/Load_3032.o
                0x000000000000042c                read_load_3
 .text.init_gpio_2_8
                0x0000000000000474       0x38 ./src/Temp_3032.o
                0x0000000000000474                init_gpio_2_8
 .text.init_temp
                0x00000000000004ac       0x50 ./src/Temp_3032.o
                0x00000000000004ac                init_temp
 .text.read_temp
                0x00000000000004fc       0x48 ./src/Temp_3032.o
                0x00000000000004fc                read_temp
 .text.fatfs_init
                0x0000000000000544      0x404 ./src/fat_access.o
                0x0000000000000544                fatfs_init
 .text.fatfs_lba_of_cluster
                0x0000000000000948       0x58 ./src/fat_access.o
                0x0000000000000948                fatfs_lba_of_cluster
 .text.fatfs_sector_read
                0x00000000000009a0       0x24 ./src/fat_access.o
                0x00000000000009a0                fatfs_sector_read
 .text.fatfs_sector_write
                0x00000000000009c4       0x24 ./src/fat_access.o
                0x00000000000009c4                fatfs_sector_write
 .text.fatfs_sector_reader
                0x00000000000009e8       0xf4 ./src/fat_access.o
                0x00000000000009e8                fatfs_sector_reader
 .text.fatfs_write_sector
                0x0000000000000adc       0xdc ./src/fat_access.o
                0x0000000000000adc                fatfs_write_sector
 .text.fatfs_get_root_cluster
                0x0000000000000bb8       0x18 ./src/fat_access.o
                0x0000000000000bb8                fatfs_get_root_cluster
 .text.fatfs_get_file_entry
                0x0000000000000bd0      0x248 ./src/fat_access.o
                0x0000000000000bd0                fatfs_get_file_entry
 .text.fatfs_sfn_exists
                0x0000000000000e18       0x9c ./src/fat_access.o
                0x0000000000000e18                fatfs_sfn_exists
 .text.fatfs_update_file_length
                0x0000000000000eb4       0xd8 ./src/fat_access.o
                0x0000000000000eb4                fatfs_update_file_length
 .text.fatfs_list_directory_start
                0x0000000000000f8c       0x28 ./src/fat_access.o
                0x0000000000000f8c                fatfs_list_directory_start
 .text.fatfs_list_directory_next
                0x0000000000000fb4      0x2f8 ./src/fat_access.o
                0x0000000000000fb4                fatfs_list_directory_next
 .text.fatfs_cache_init
                0x00000000000012ac       0x18 ./src/fat_cache.o
                0x00000000000012ac                fatfs_cache_init
 .text.fatfs_cache_get_next_cluster
                0x00000000000012c4       0x1c ./src/fat_cache.o
                0x00000000000012c4                fatfs_cache_get_next_cluster
 .text.fatfs_cache_set_next_cluster
                0x00000000000012e0       0x1c ./src/fat_cache.o
                0x00000000000012e0                fatfs_cache_set_next_cluster
 .text.fat_list_init
                0x00000000000012fc       0x20 ./src/fat_filelib.o
 .text.fat_list_remove
                0x000000000000131c       0x4c ./src/fat_filelib.o
 .text.fat_list_insert_after
                0x0000000000001368       0x44 ./src/fat_filelib.o
 .text.fat_list_insert_before
                0x00000000000013ac       0x44 ./src/fat_filelib.o
 .text.fat_list_insert_first
                0x00000000000013f0       0x40 ./src/fat_filelib.o
 .text.fat_list_insert_last
                0x0000000000001430       0x30 ./src/fat_filelib.o
 .text.fat_list_pop_head
                0x0000000000001460       0x28 ./src/fat_filelib.o
 .text._allocate_file
                0x0000000000001488       0x3c ./src/fat_filelib.o
 .text._check_file_open
                0x00000000000014c4       0x7c ./src/fat_filelib.o
 .text._free_file
                0x0000000000001540       0x34 ./src/fat_filelib.o
 .text._open_directory
                0x0000000000001574       0xc8 ./src/fat_filelib.o
 .text._open_file
                0x000000000000163c      0x160 ./src/fat_filelib.o
 .text._create_file
                0x000000000000179c      0x238 ./src/fat_filelib.o
 .text._read_sectors
                0x00000000000019d4      0x130 ./src/fat_filelib.o
 .text.fl_init  0x0000000000001b04       0x5c ./src/fat_filelib.o
                0x0000000000001b04                fl_init
 .text.fl_attach_media
                0x0000000000001b60       0x5c ./src/fat_filelib.o
                0x0000000000001b60                fl_attach_media
 .text.fl_fopen
                0x0000000000001bbc      0x2f8 ./src/fat_filelib.o
                0x0000000000001bbc                fl_fopen
 .text._write_sectors
                0x0000000000001eb4      0x168 ./src/fat_filelib.o
 .text.fl_fflush
                0x000000000000201c       0x7c ./src/fat_filelib.o
                0x000000000000201c                fl_fflush
 .text.fl_fclose
                0x0000000000002098       0xa8 ./src/fat_filelib.o
                0x0000000000002098                fl_fclose
 .text.fl_fgetc
                0x0000000000002140       0x34 ./src/fat_filelib.o
                0x0000000000002140                fl_fgetc
 .text.fl_fgets
                0x0000000000002174       0x70 ./src/fat_filelib.o
                0x0000000000002174                fl_fgets
 .text.fl_fread
                0x00000000000021e4      0x1a0 ./src/fat_filelib.o
                0x00000000000021e4                fl_fread
 .text.fl_fwrite
                0x0000000000002384      0x224 ./src/fat_filelib.o
                0x0000000000002384                fl_fwrite
 .text.fl_fputs
                0x00000000000025a8       0x38 ./src/fat_filelib.o
                0x00000000000025a8                fl_fputs
 .text.fl_listdirectory
                0x00000000000025e0       0xc0 ./src/fat_filelib.o
                0x00000000000025e0                fl_listdirectory
 .text.fl_opendir
                0x00000000000026a0       0x98 ./src/fat_filelib.o
                0x00000000000026a0                fl_opendir
 .text.fl_readdir
                0x0000000000002738       0x60 ./src/fat_filelib.o
                0x0000000000002738                fl_readdir
 .text.fl_closedir
                0x0000000000002798       0x18 ./src/fat_filelib.o
                0x0000000000002798                fl_closedir
 .text.fatfs_lfn_cache_init
                0x00000000000027b0       0x50 ./src/fat_misc.o
                0x00000000000027b0                fatfs_lfn_cache_init
 .text.fatfs_lfn_cache_entry
                0x0000000000002800      0x1f4 ./src/fat_misc.o
                0x0000000000002800                fatfs_lfn_cache_entry
 .text.fatfs_lfn_cache_get
                0x00000000000029f4       0x58 ./src/fat_misc.o
                0x00000000000029f4                fatfs_lfn_cache_get
 .text.fatfs_entry_lfn_text
                0x0000000000002a4c       0x28 ./src/fat_misc.o
                0x0000000000002a4c                fatfs_entry_lfn_text
 .text.fatfs_entry_lfn_invalid
                0x0000000000002a74       0x40 ./src/fat_misc.o
                0x0000000000002a74                fatfs_entry_lfn_invalid
 .text.fatfs_entry_lfn_exists
                0x0000000000002ab4       0x54 ./src/fat_misc.o
                0x0000000000002ab4                fatfs_entry_lfn_exists
 .text.fatfs_entry_sfn_only
                0x0000000000002b08       0x48 ./src/fat_misc.o
                0x0000000000002b08                fatfs_entry_sfn_only
 .text.fatfs_entry_is_dir
                0x0000000000002b50       0x28 ./src/fat_misc.o
                0x0000000000002b50                fatfs_entry_is_dir
 .text.fatfs_entry_is_file
                0x0000000000002b78       0x28 ./src/fat_misc.o
                0x0000000000002b78                fatfs_entry_is_file
 .text.fatfs_lfn_entries_required
                0x0000000000002ba0       0x38 ./src/fat_misc.o
                0x0000000000002ba0                fatfs_lfn_entries_required
 .text.fatfs_filename_to_lfn
                0x0000000000002bd8      0x128 ./src/fat_misc.o
                0x0000000000002bd8                fatfs_filename_to_lfn
 .text.fatfs_sfn_create_entry
                0x0000000000002d00       0xb4 ./src/fat_misc.o
                0x0000000000002d00                fatfs_sfn_create_entry
 .text.fatfs_lfn_create_sfn
                0x0000000000002db4      0x198 ./src/fat_misc.o
                0x0000000000002db4                fatfs_lfn_create_sfn
 .text.fatfs_itoa
                0x0000000000002f4c       0x98 ./src/fat_misc.o
 .text.fatfs_lfn_generate_tail
                0x0000000000002fe4       0x78 ./src/fat_misc.o
                0x0000000000002fe4                fatfs_lfn_generate_tail
 .text.fatfs_total_path_levels
                0x000000000000305c       0x94 ./src/fat_string.o
                0x000000000000305c                fatfs_total_path_levels
 .text.fatfs_get_substring
                0x00000000000030f0       0xe8 ./src/fat_string.o
                0x00000000000030f0                fatfs_get_substring
 .text.fatfs_split_path
                0x00000000000031d8       0x90 ./src/fat_string.o
                0x00000000000031d8                fatfs_split_path
 .text.FileString_StrCmpNoCase
                0x0000000000003268       0x84 ./src/fat_string.o
 .text.FileString_GetExtension
                0x00000000000032ec       0x40 ./src/fat_string.o
 .text.FileString_TrimLength
                0x000000000000332c       0x50 ./src/fat_string.o
 .text.fatfs_compare_names
                0x000000000000337c       0xf8 ./src/fat_string.o
                0x000000000000337c                fatfs_compare_names
 .text.fatfs_get_sfn_display_name
                0x0000000000003474       0x68 ./src/fat_string.o
                0x0000000000003474                fatfs_get_sfn_display_name
 .text.fatfs_fat_init
                0x00000000000034dc       0xc0 ./src/fat_table.o
                0x00000000000034dc                fatfs_fat_init
 .text.fatfs_fat_writeback
                0x000000000000359c       0x84 ./src/fat_table.o
 .text.fatfs_fat_read_sector
                0x0000000000003620      0x100 ./src/fat_table.o
 .text.fatfs_fat_purge
                0x0000000000003720       0x48 ./src/fat_table.o
                0x0000000000003720                fatfs_fat_purge
 .text.fatfs_find_next_cluster
                0x0000000000003768      0x120 ./src/fat_table.o
                0x0000000000003768                fatfs_find_next_cluster
 .text.fatfs_set_fs_info_next_free_cluster
                0x0000000000003888       0xb8 ./src/fat_table.o
                0x0000000000003888                fatfs_set_fs_info_next_free_cluster
 .text.fatfs_find_blank_cluster
                0x0000000000003940      0x114 ./src/fat_table.o
                0x0000000000003940                fatfs_find_blank_cluster
 .text.fatfs_fat_set_cluster
                0x0000000000003a54      0x100 ./src/fat_table.o
                0x0000000000003a54                fatfs_fat_set_cluster
 .text.fatfs_free_cluster_chain
                0x0000000000003b54       0x40 ./src/fat_table.o
                0x0000000000003b54                fatfs_free_cluster_chain
 .text.fatfs_fat_add_cluster_to_chain
                0x0000000000003b94       0x64 ./src/fat_table.o
                0x0000000000003b94                fatfs_fat_add_cluster_to_chain
 .text.fatfs_add_free_space
                0x0000000000003bf8       0x8c ./src/fat_write.o
                0x0000000000003bf8                fatfs_add_free_space
 .text.fatfs_allocate_free_space
                0x0000000000003c84       0xbc ./src/fat_write.o
                0x0000000000003c84                fatfs_allocate_free_space
 .text.fatfs_find_free_dir_offset
                0x0000000000003d40      0x1cc ./src/fat_write.o
 .text.fatfs_add_file_entry
                0x0000000000003f0c      0x1c8 ./src/fat_write.o
                0x0000000000003f0c                fatfs_add_file_entry
 .text.NVIC_EnableIRQ
                0x00000000000040d4       0x30 ./src/main.o
 .text.NVIC_SetPriority
                0x0000000000004104       0x54 ./src/main.o
 .text.SysTick_Config
                0x0000000000004158       0x44 ./src/main.o
 .text.media_read
                0x000000000000419c       0x2c ./src/main.o
                0x000000000000419c                media_read
 .text.media_write
                0x00000000000041c8       0x2c ./src/main.o
                0x00000000000041c8                media_write
 .text.load_write
                0x00000000000041f4       0x90 ./src/main.o
                0x00000000000041f4                load_write
 .text.load_read_line
                0x0000000000004284       0x20 ./src/main.o
                0x0000000000004284                load_read_line
 .text.location_write
                0x00000000000042a4       0x94 ./src/main.o
                0x00000000000042a4                location_write
 .text.systick_delay
                0x0000000000004338       0x2c ./src/main.o
 .text.SysTick_Handler
                0x0000000000004364       0x40 ./src/main.o
                0x0000000000004364                SysTick_Handler
 .text.SD_init_3032
                0x00000000000043a4       0x80 ./src/main.o
                0x00000000000043a4                SD_init_3032
 .text.init_timer_3032
                0x0000000000004424        0xc ./src/main.o
                0x0000000000004424                init_timer_3032
 .text.initialization_3032
                0x0000000000004430       0x20 ./src/main.o
                0x0000000000004430                initialization_3032
 .text.UART2_IRQHandler
                0x0000000000004450      0x268 ./src/main.o
                0x0000000000004450                UART2_IRQHandler
 .text.UART3_IRQHandler
                0x00000000000046b8       0x80 ./src/main.o
                0x00000000000046b8                UART3_IRQHandler
 .text.clean_up_load_file
                0x0000000000004738       0x50 ./src/main.o
                0x0000000000004738                clean_up_load_file
 .text.main     0x0000000000004788      0x164 ./src/main.o
                0x0000000000004788                main
 .text.disk_timerproc
                0x00000000000048ec       0x48 ./src/sd.o
                0x00000000000048ec                disk_timerproc
 .text.SD_Init  0x0000000000004934      0x1a4 ./src/sd.o
                0x0000000000004934                SD_Init
 .text.SD_WaitForReady
                0x0000000000004ad8       0x30 ./src/sd.o
                0x0000000000004ad8                SD_WaitForReady
 .text.SD_SendCommand
                0x0000000000004b08       0xe0 ./src/sd.o
                0x0000000000004b08                SD_SendCommand
 .text.SD_SendACommand
                0x0000000000004be8       0x44 ./src/sd.o
                0x0000000000004be8                SD_SendACommand
 .text.SD_ReadSector
                0x0000000000004c2c       0xbc ./src/sd.o
                0x0000000000004c2c                SD_ReadSector
 .text.SD_WriteSector
                0x0000000000004ce8       0xb8 ./src/sd.o
                0x0000000000004ce8                SD_WriteSector
 .text.SD_ReadConfiguration
                0x0000000000004da0      0x214 ./src/sd.o
                0x0000000000004da0                SD_ReadConfiguration
 .text.SD_RecvDataBlock
                0x0000000000004fb4       0x6c ./src/sd.o
                0x0000000000004fb4                SD_RecvDataBlock
 .text.SD_SendDataBlock
                0x0000000000005020       0x8c ./src/sd.o
                0x0000000000005020                SD_SendDataBlock
 .text.SPI_Init
                0x00000000000050ac       0xa4 ./src/spi.o
                0x00000000000050ac                SPI_Init
 .text.SPI_ConfigClockRate
                0x0000000000005150       0x20 ./src/spi.o
                0x0000000000005150                SPI_ConfigClockRate
 .text.SPI_CS_Low
                0x0000000000005170       0x1c ./src/spi.o
                0x0000000000005170                SPI_CS_Low
 .text.SPI_CS_High
                0x000000000000518c       0x1c ./src/spi.o
                0x000000000000518c                SPI_CS_High
 .text.SPI_SendByte
                0x00000000000051a8       0x34 ./src/spi.o
                0x00000000000051a8                SPI_SendByte
 .text.SPI_RecvByte
                0x00000000000051dc       0x10 ./src/spi.o
                0x00000000000051dc                SPI_RecvByte
 .text.SystemInit
                0x00000000000051ec      0x140 /Users/wangjiadong/LPCXpresso/workspace/Lib_CMSISv1p30_LPC17xx/Debug/libCMSISv1p30_LPC17xx.a(system_LPC17xx.o)
                0x00000000000051ec                SystemInit
 .text.GPIO_GetPointer
                0x000000000000532c       0x74 /Users/wangjiadong/LPCXpresso/workspace/Lib_MCU/Debug/libLib_MCU.a(lpc17xx_gpio.o)
 .text.GPIO_SetDir
                0x00000000000053a0       0x48 /Users/wangjiadong/LPCXpresso/workspace/Lib_MCU/Debug/libLib_MCU.a(lpc17xx_gpio.o)
                0x00000000000053a0                GPIO_SetDir
 .text.GPIO_SetValue
                0x00000000000053e8       0x28 /Users/wangjiadong/LPCXpresso/workspace/Lib_MCU/Debug/libLib_MCU.a(lpc17xx_gpio.o)
                0x00000000000053e8                GPIO_SetValue
 .text.PINSEL_SetPinFunc
                0x0000000000005410       0x84 /Users/wangjiadong/LPCXpresso/workspace/Lib_MCU/Debug/libLib_MCU.a(lpc17xx_pinsel.o)
                0x0000000000005410                PINSEL_SetPinFunc
 .text.PINSEL_SetResistorMode
                0x0000000000005494       0x84 /Users/wangjiadong/LPCXpresso/workspace/Lib_MCU/Debug/libLib_MCU.a(lpc17xx_pinsel.o)
                0x0000000000005494                PINSEL_SetResistorMode
 .text.PINSEL_SetOpenDrainMode
                0x0000000000005518       0x6c /Users/wangjiadong/LPCXpresso/workspace/Lib_MCU/Debug/libLib_MCU.a(lpc17xx_pinsel.o)
                0x0000000000005518                PINSEL_SetOpenDrainMode
 .text.PINSEL_ConfigPin
                0x0000000000005584       0x50 /Users/wangjiadong/LPCXpresso/workspace/Lib_MCU/Debug/libLib_MCU.a(lpc17xx_pinsel.o)
                0x0000000000005584                PINSEL_ConfigPin
 .text.uart_set_divisors
                0x00000000000055d4      0x214 /Users/wangjiadong/LPCXpresso/workspace/Lib_MCU/Debug/libLib_MCU.a(lpc17xx_uart.o)
                0x00000000000055d4                uart_set_divisors
 .text.UART_Init
                0x00000000000057e8      0x2ec /Users/wangjiadong/LPCXpresso/workspace/Lib_MCU/Debug/libLib_MCU.a(lpc17xx_uart.o)
                0x00000000000057e8                UART_Init
 .text.UART_SendData
                0x0000000000005ad4       0x68 /Users/wangjiadong/LPCXpresso/workspace/Lib_MCU/Debug/libLib_MCU.a(lpc17xx_uart.o)
                0x0000000000005ad4                UART_SendData
 .text.UART_ReceiveData
                0x0000000000005b3c       0x64 /Users/wangjiadong/LPCXpresso/workspace/Lib_MCU/Debug/libLib_MCU.a(lpc17xx_uart.o)
                0x0000000000005b3c                UART_ReceiveData
 .text.UART_IntConfig
                0x0000000000005ba0      0x184 /Users/wangjiadong/LPCXpresso/workspace/Lib_MCU/Debug/libLib_MCU.a(lpc17xx_uart.o)
                0x0000000000005ba0                UART_IntConfig
 .text.UART_TxCmd
                0x0000000000005d24       0xc8 /Users/wangjiadong/LPCXpresso/workspace/Lib_MCU/Debug/libLib_MCU.a(lpc17xx_uart.o)
                0x0000000000005d24                UART_TxCmd
 .text.UART_Send
                0x0000000000005dec       0xe8 /Users/wangjiadong/LPCXpresso/workspace/Lib_MCU/Debug/libLib_MCU.a(lpc17xx_uart.o)
                0x0000000000005dec                UART_Send
 .text.UART_Receive
                0x0000000000005ed4       0xb8 /Users/wangjiadong/LPCXpresso/workspace/Lib_MCU/Debug/libLib_MCU.a(lpc17xx_uart.o)
                0x0000000000005ed4                UART_Receive
 .text.CLKPWR_GetPCLKSEL
                0x0000000000005f8c       0x4c /Users/wangjiadong/LPCXpresso/workspace/Lib_MCU/Debug/libLib_MCU.a(lpc17xx_clkpwr.o)
                0x0000000000005f8c                CLKPWR_GetPCLKSEL
 .text.CLKPWR_GetPCLK
                0x0000000000005fd8       0x64 /Users/wangjiadong/LPCXpresso/workspace/Lib_MCU/Debug/libLib_MCU.a(lpc17xx_clkpwr.o)
                0x0000000000005fd8                CLKPWR_GetPCLK
 .text.CLKPWR_ConfigPPWR
                0x000000000000603c       0x58 /Users/wangjiadong/LPCXpresso/workspace/Lib_MCU/Debug/libLib_MCU.a(lpc17xx_clkpwr.o)
                0x000000000000603c                CLKPWR_ConfigPPWR
 .text.check_failed
                0x0000000000006094        0xc /Users/wangjiadong/LPCXpresso/workspace/Lib_MCU/Debug/libLib_MCU.a(lpc17xx_libcfg_default.o)
                0x0000000000006094                check_failed
 .text.__main   0x00000000000060a0       0x14 /Applications/lpcxpresso_7.5.0_254/lpcxpresso/tools/bin/../lib/gcc/arm-none-eabi/4.8.4/../../../../arm-none-eabi/lib/armv7-m/libcr_semihost.a(_cr__main.o)
                0x00000000000060a0                __main
                0x00000000000060a0                __CR_SEMIHOST
 .text.memcpy   0x00000000000060b4        0x4 /Applications/lpcxpresso_7.5.0_254/lpcxpresso/tools/bin/../lib/gcc/arm-none-eabi/4.8.4/../../../../arm-none-eabi/lib/armv7-m/libcr_c.a(memcpy.o)
                0x00000000000060b4                memcpy
 .text.memset   0x00000000000060b8        0x4 /Applications/lpcxpresso_7.5.0_254/lpcxpresso/tools/bin/../lib/gcc/arm-none-eabi/4.8.4/../../../../arm-none-eabi/lib/armv7-m/libcr_c.a(memset.o)
                0x00000000000060b8                memset
 .text.fp_round
                0x00000000000060bc       0x4e /Applications/lpcxpresso_7.5.0_254/lpcxpresso/tools/bin/../lib/gcc/arm-none-eabi/4.8.4/../../../../arm-none-eabi/lib/armv7-m/libcr_c.a(fpprintf.o)
 .text.pr_dec.constprop.1
                0x000000000000610a       0x26 /Applications/lpcxpresso_7.5.0_254/lpcxpresso/tools/bin/../lib/gcc/arm-none-eabi/4.8.4/../../../../arm-none-eabi/lib/armv7-m/libcr_c.a(fpprintf.o)
 .text.sprintf  0x0000000000006130       0x6c /Applications/lpcxpresso_7.5.0_254/lpcxpresso/tools/bin/../lib/gcc/arm-none-eabi/4.8.4/../../../../arm-none-eabi/lib/armv7-m/libcr_c.a(fpprintf.o)
                0x0000000000006130                sprintf
 *fill*         0x000000000000619c        0x4 
 .text.fp_display
                0x00000000000061a0      0x998 /Applications/lpcxpresso_7.5.0_254/lpcxpresso/tools/bin/../lib/gcc/arm-none-eabi/4.8.4/../../../../arm-none-eabi/lib/armv7-m/libcr_c.a(fpprintf.o)
 .text.vsnprintf
                0x0000000000006b38       0x5c /Applications/lpcxpresso_7.5.0_254/lpcxpresso/tools/bin/../lib/gcc/arm-none-eabi/4.8.4/../../../../arm-none-eabi/lib/armv7-m/libcr_c.a(fpprintf.o)
                0x0000000000006b38                vsnprintf
 .text.printf   0x0000000000006b94       0x54 /Applications/lpcxpresso_7.5.0_254/lpcxpresso/tools/bin/../lib/gcc/arm-none-eabi/4.8.4/../../../../arm-none-eabi/lib/armv7-m/libcr_c.a(fpprintf.o)
                0x0000000000006b94                printf
 .text._initio  0x0000000000006be8       0xa4 /Applications/lpcxpresso_7.5.0_254/lpcxpresso/tools/bin/../lib/gcc/arm-none-eabi/4.8.4/../../../../arm-none-eabi/lib/armv7-m/libcr_c.a(initio.o)
                0x0000000000006be8                _initio
 .text.__vfprintf
                0x0000000000006c8c      0xca0 /Applications/lpcxpresso_7.5.0_254/lpcxpresso/tools/bin/../lib/gcc/arm-none-eabi/4.8.4/../../../../arm-none-eabi/lib/armv7-m/libcr_c.a(printf.o)
                0x0000000000006c8c                __vfprintf
 .text.ch_val   0x000000000000792c       0x30 /Applications/lpcxpresso_7.5.0_254/lpcxpresso/tools/bin/../lib/gcc/arm-none-eabi/4.8.4/../../../../arm-none-eabi/lib/armv7-m/libcr_c.a(scanf.o)
 .text.cr_rd_int
                0x000000000000795c      0x1c8 /Applications/lpcxpresso_7.5.0_254/lpcxpresso/tools/bin/../lib/gcc/arm-none-eabi/4.8.4/../../../../arm-none-eabi/lib/armv7-m/libcr_c.a(scanf.o)
 *fill*         0x0000000000007b24        0x4 
 .text.vfscanf  0x0000000000007b28      0x968 /Applications/lpcxpresso_7.5.0_254/lpcxpresso/tools/bin/../lib/gcc/arm-none-eabi/4.8.4/../../../../arm-none-eabi/lib/armv7-m/libcr_c.a(scanf.o)
                0x0000000000007b28                vfscanf
 .text.sscanf   0x0000000000008490       0x4c /Applications/lpcxpresso_7.5.0_254/lpcxpresso/tools/bin/../lib/gcc/arm-none-eabi/4.8.4/../../../../arm-none-eabi/lib/armv7-m/libcr_c.a(scanf.o)
                0x0000000000008490                sscanf
 .text.setvbuf  0x00000000000084dc       0x40 /Applications/lpcxpresso_7.5.0_254/lpcxpresso/tools/bin/../lib/gcc/arm-none-eabi/4.8.4/../../../../arm-none-eabi/lib/armv7-m/libcr_c.a(setvbuf.o)
                0x00000000000084dc                setvbuf
 .text.strlen   0x000000000000851c       0x4a /Applications/lpcxpresso_7.5.0_254/lpcxpresso/tools/bin/../lib/gcc/arm-none-eabi/4.8.4/../../../../arm-none-eabi/lib/armv7-m/libcr_c.a(strlen.o)
                0x000000000000851c                strlen
 .text.strncmp  0x0000000000008566       0x54 /Applications/lpcxpresso_7.5.0_254/lpcxpresso/tools/bin/../lib/gcc/arm-none-eabi/4.8.4/../../../../arm-none-eabi/lib/armv7-m/libcr_c.a(strncmp.o)
                0x0000000000008566                strncmp
 .text.strncpy  0x00000000000085ba       0x58 /Applications/lpcxpresso_7.5.0_254/lpcxpresso/tools/bin/../lib/gcc/arm-none-eabi/4.8.4/../../../../arm-none-eabi/lib/armv7-m/libcr_c.a(strncpy.o)
                0x00000000000085ba                strncpy
 .text.strstr   0x0000000000008612       0x1e /Applications/lpcxpresso_7.5.0_254/lpcxpresso/tools/bin/../lib/gcc/arm-none-eabi/4.8.4/../../../../arm-none-eabi/lib/armv7-m/libcr_c.a(strstr.o)
                0x0000000000008612                strstr
 .text.ungetc   0x0000000000008630       0x38 /Applications/lpcxpresso_7.5.0_254/lpcxpresso/tools/bin/../lib/gcc/arm-none-eabi/4.8.4/../../../../arm-none-eabi/lib/armv7-m/libcr_c.a(ungetc.o)
                0x0000000000008630                ungetc
 .text._Csys_read_
                0x0000000000008668       0x22 /Applications/lpcxpresso_7.5.0_254/lpcxpresso/tools/bin/../lib/gcc/arm-none-eabi/4.8.4/../../../../arm-none-eabi/lib/armv7-m/libcr_c.a(__fillbuf.o)
                0x0000000000008668                _Csys_read_
 *fill*         0x000000000000868a        0x2 
 .text.__filbuf
                0x000000000000868c      0x174 /Applications/lpcxpresso_7.5.0_254/lpcxpresso/tools/bin/../lib/gcc/arm-none-eabi/4.8.4/../../../../arm-none-eabi/lib/armv7-m/libcr_c.a(__fillbuf.o)
                0x000000000000868c                __filbuf
 .text._deferredlazyseek
                0x0000000000008800       0x44 /Applications/lpcxpresso_7.5.0_254/lpcxpresso/tools/bin/../lib/gcc/arm-none-eabi/4.8.4/../../../../arm-none-eabi/lib/armv7-m/libcr_c.a(_deferredlazyseek.o)
                0x0000000000008800                _deferredlazyseek
 .text.__flsbuf
                0x0000000000008844      0x142 /Applications/lpcxpresso_7.5.0_254/lpcxpresso/tools/bin/../lib/gcc/arm-none-eabi/4.8.4/../../../../arm-none-eabi/lib/armv7-m/libcr_c.a(_deferredlazyseek.o)
                0x0000000000008844                __flsbuf
 .text._fdopen  0x0000000000008986       0x6a /Applications/lpcxpresso_7.5.0_254/lpcxpresso/tools/bin/../lib/gcc/arm-none-eabi/4.8.4/../../../../arm-none-eabi/lib/armv7-m/libcr_c.a(_fdopen.o)
                0x0000000000008986                _fdopen
 .text._fflush  0x00000000000089f0       0x58 /Applications/lpcxpresso_7.5.0_254/lpcxpresso/tools/bin/../lib/gcc/arm-none-eabi/4.8.4/../../../../arm-none-eabi/lib/armv7-m/libcr_c.a(_fflush.o)
                0x00000000000089f0                _fflush
 .text._frexpl  0x0000000000008a48       0x5c /Applications/lpcxpresso_7.5.0_254/lpcxpresso/tools/bin/../lib/gcc/arm-none-eabi/4.8.4/../../../../arm-none-eabi/lib/armv7-m/libcr_c.a(_frexpl.o)
                0x0000000000008a48                _frexpl
 .text._ldexpl  0x0000000000008aa4       0x4c /Applications/lpcxpresso_7.5.0_254/lpcxpresso/tools/bin/../lib/gcc/arm-none-eabi/4.8.4/../../../../arm-none-eabi/lib/armv7-m/libcr_c.a(_ldexpl.o)
                0x0000000000008aa4                _ldexpl
 .text._Cwritebuf
                0x0000000000008af0       0x70 /Applications/lpcxpresso_7.5.0_254/lpcxpresso/tools/bin/../lib/gcc/arm-none-eabi/4.8.4/../../../../arm-none-eabi/lib/armv7-m/libcr_c.a(_writebuf.o)
                0x0000000000008af0                _Cwritebuf
 .text.malloc   0x0000000000008b60       0xc8 /Applications/lpcxpresso_7.5.0_254/lpcxpresso/tools/bin/../lib/gcc/arm-none-eabi/4.8.4/../../../../arm-none-eabi/lib/armv7-m/libcr_c.a(alloc.o)
                0x0000000000008b60                malloc
 .text.free     0x0000000000008c28        0xc /Applications/lpcxpresso_7.5.0_254/lpcxpresso/tools/bin/../lib/gcc/arm-none-eabi/4.8.4/../../../../arm-none-eabi/lib/armv7-m/libcr_c.a(alloc.o)
                0x0000000000008c28                free
 .text._Csys_alloc
                0x0000000000008c34       0x20 /Applications/lpcxpresso_7.5.0_254/lpcxpresso/tools/bin/../lib/gcc/arm-none-eabi/4.8.4/../../../../arm-none-eabi/lib/armv7-m/libcr_c.a(alloc.o)
                0x0000000000008c34                _Csys_alloc
 .text.fclose   0x0000000000008c54       0x6c /Applications/lpcxpresso_7.5.0_254/lpcxpresso/tools/bin/../lib/gcc/arm-none-eabi/4.8.4/../../../../arm-none-eabi/lib/armv7-m/libcr_c.a(fclose.o)
                0x0000000000008c54                fclose
 .text.fflush   0x0000000000008cc0       0x30 /Applications/lpcxpresso_7.5.0_254/lpcxpresso/tools/bin/../lib/gcc/arm-none-eabi/4.8.4/../../../../arm-none-eabi/lib/armv7-m/libcr_c.a(fflush.o)
                0x0000000000008cc0                fflush
 .text.fseek    0x0000000000008cf0      0x10c /Applications/lpcxpresso_7.5.0_254/lpcxpresso/tools/bin/../lib/gcc/arm-none-eabi/4.8.4/../../../../arm-none-eabi/lib/armv7-m/libcr_c.a(fseek.o)
                0x0000000000008cf0                fseek
 .text.ftell    0x0000000000008dfc       0x4c /Applications/lpcxpresso_7.5.0_254/lpcxpresso/tools/bin/../lib/gcc/arm-none-eabi/4.8.4/../../../../arm-none-eabi/lib/armv7-m/libcr_c.a(ftell.o)
                0x0000000000008dfc                ftell
 .text.remove   0x0000000000008e48       0x14 /Applications/lpcxpresso_7.5.0_254/lpcxpresso/tools/bin/../lib/gcc/arm-none-eabi/4.8.4/../../../../arm-none-eabi/lib/armv7-m/libcr_c.a(remove.o)
                0x0000000000008e48                remove
 .text._sbrk    0x0000000000008e5c       0x40 /Applications/lpcxpresso_7.5.0_254/lpcxpresso/tools/bin/../lib/gcc/arm-none-eabi/4.8.4/../../../../arm-none-eabi/lib/armv7-m/libcr_c.a(_cr_sbrk.o)
                0x0000000000008e5c                _sbrk
 .text._do_fflush
                0x0000000000008e9c       0x44 /Applications/lpcxpresso_7.5.0_254/lpcxpresso/tools/bin/../lib/gcc/arm-none-eabi/4.8.4/../../../../arm-none-eabi/lib/armv7-m/libcr_c.a(_do_fflush.o)
                0x0000000000008e9c                _do_fflush
 .text.__check_heap_overflow
                0x0000000000008ee0       0x18 /Applications/lpcxpresso_7.5.0_254/lpcxpresso/tools/bin/../lib/gcc/arm-none-eabi/4.8.4/../../../../arm-none-eabi/lib/armv7-m/libcr_c.a(_cr_check_heap.o)
                0x0000000000008ee0                __check_heap_overflow
 .text.__aeabi_dmul
                0x0000000000008ef8      0x12c /Applications/lpcxpresso_7.5.0_254/lpcxpresso/tools/bin/../lib/gcc/arm-none-eabi/4.8.4/armv7-m/libcr_eabihelpers.a(double.o)
                0x0000000000008ef8                __aeabi_dmul
 .text.__aeabi_ddiv
                0x0000000000009024      0x16c /Applications/lpcxpresso_7.5.0_254/lpcxpresso/tools/bin/../lib/gcc/arm-none-eabi/4.8.4/armv7-m/libcr_eabihelpers.a(double.o)
                0x0000000000009024                __aeabi_ddiv
 .text.__aeabi_dsub
                0x0000000000009190      0x228 /Applications/lpcxpresso_7.5.0_254/lpcxpresso/tools/bin/../lib/gcc/arm-none-eabi/4.8.4/armv7-m/libcr_eabihelpers.a(double.o)
                0x0000000000009190                __aeabi_dsub
 .text.__aeabi_dadd
                0x00000000000093b8      0x178 /Applications/lpcxpresso_7.5.0_254/lpcxpresso/tools/bin/../lib/gcc/arm-none-eabi/4.8.4/armv7-m/libcr_eabihelpers.a(double.o)
                0x00000000000093b8                __aeabi_dadd
 .text.__aeabi_d2f
                0x0000000000009530       0x58 /Applications/lpcxpresso_7.5.0_254/lpcxpresso/tools/bin/../lib/gcc/arm-none-eabi/4.8.4/armv7-m/libcr_eabihelpers.a(double.o)
                0x0000000000009530                __aeabi_d2f
 .text.__aeabi_d2iz
                0x0000000000009588       0x4c /Applications/lpcxpresso_7.5.0_254/lpcxpresso/tools/bin/../lib/gcc/arm-none-eabi/4.8.4/armv7-m/libcr_eabihelpers.a(double.o)
                0x0000000000009588                __aeabi_d2iz
 .text.__bhs_ui2d
                0x00000000000095d4       0x48 /Applications/lpcxpresso_7.5.0_254/lpcxpresso/tools/bin/../lib/gcc/arm-none-eabi/4.8.4/armv7-m/libcr_eabihelpers.a(double.o)
                0x00000000000095d4                __bhs_ui2d
 .text.__aeabi_i2d
                0x000000000000961c       0x10 /Applications/lpcxpresso_7.5.0_254/lpcxpresso/tools/bin/../lib/gcc/arm-none-eabi/4.8.4/armv7-m/libcr_eabihelpers.a(double.o)
                0x000000000000961c                __aeabi_i2d
 .text.__aeabi_dcmpeq
                0x000000000000962c       0x40 /Applications/lpcxpresso_7.5.0_254/lpcxpresso/tools/bin/../lib/gcc/arm-none-eabi/4.8.4/armv7-m/libcr_eabihelpers.a(double.o)
                0x000000000000962c                __aeabi_dcmpeq
 .text.__aeabi_dcmplt
                0x000000000000966c       0x70 /Applications/lpcxpresso_7.5.0_254/lpcxpresso/tools/bin/../lib/gcc/arm-none-eabi/4.8.4/armv7-m/libcr_eabihelpers.a(double.o)
                0x000000000000966c                __aeabi_dcmplt
 .text.__aeabi_dcmpgt
                0x00000000000096dc       0x6c /Applications/lpcxpresso_7.5.0_254/lpcxpresso/tools/bin/../lib/gcc/arm-none-eabi/4.8.4/armv7-m/libcr_eabihelpers.a(double.o)
                0x00000000000096dc                __aeabi_dcmpgt
 .text.__aeabi_dcmple
                0x0000000000009748       0x68 /Applications/lpcxpresso_7.5.0_254/lpcxpresso/tools/bin/../lib/gcc/arm-none-eabi/4.8.4/armv7-m/libcr_eabihelpers.a(double.o)
                0x0000000000009748                __aeabi_dcmple
 .text.__aeabi_dcmpge
                0x00000000000097b0       0x64 /Applications/lpcxpresso_7.5.0_254/lpcxpresso/tools/bin/../lib/gcc/arm-none-eabi/4.8.4/armv7-m/libcr_eabihelpers.a(double.o)
                0x00000000000097b0                __aeabi_dcmpge
 .text.__aeabi_f2iz
                0x0000000000009814       0x34 /Applications/lpcxpresso_7.5.0_254/lpcxpresso/tools/bin/../lib/gcc/arm-none-eabi/4.8.4/armv7-m/libcr_eabihelpers.a(float.o)
                0x0000000000009814                __aeabi_f2iz
 .text.__aeabi_f2d
                0x0000000000009848       0x44 /Applications/lpcxpresso_7.5.0_254/lpcxpresso/tools/bin/../lib/gcc/arm-none-eabi/4.8.4/armv7-m/libcr_eabihelpers.a(float.o)
                0x0000000000009848                __aeabi_f2d
 .text.__aeabi_memcpy
                0x000000000000988c       0x3a /Applications/lpcxpresso_7.5.0_254/lpcxpresso/tools/bin/../lib/gcc/arm-none-eabi/4.8.4/armv7-m/libcr_eabihelpers.a(memcpy.o)
                0x000000000000988c                __aeabi_memcpy
                0x0000000000009898                __aeabi_memcpy4
                0x0000000000009898                __aeabi_memcpy8
 .text.__aeabi_memset_lowlevel
                0x00000000000098c6       0x38 /Applications/lpcxpresso_7.5.0_254/lpcxpresso/tools/bin/../lib/gcc/arm-none-eabi/4.8.4/armv7-m/libcr_eabihelpers.a(memcpy.o)
                0x00000000000098c6                __aeabi_lowlevel_memset
 *fill*         0x00000000000098fe        0x2 
 .text.__sys_appexit
                0x0000000000009900        0xc /Applications/lpcxpresso_7.5.0_254/lpcxpresso/tools/bin/../lib/gcc/arm-none-eabi/4.8.4/../../../../arm-none-eabi/lib/armv7-m/libcr_semihost.a(__sys_appexit.o)
                0x0000000000009900                __exit
                0x0000000000009900                __sys_appexit
 .text.__sys_close
                0x000000000000990c        0xc /Applications/lpcxpresso_7.5.0_254/lpcxpresso/tools/bin/../lib/gcc/arm-none-eabi/4.8.4/../../../../arm-none-eabi/lib/armv7-m/libcr_semihost.a(__sys_close.o)
                0x000000000000990c                __sys_close
 .text.__sys_flen
                0x0000000000009918        0xc /Applications/lpcxpresso_7.5.0_254/lpcxpresso/tools/bin/../lib/gcc/arm-none-eabi/4.8.4/../../../../arm-none-eabi/lib/armv7-m/libcr_semihost.a(__sys_flen.o)
                0x0000000000009918                __sys_flen
 .text.__sys_istty
                0x0000000000009924        0xc /Applications/lpcxpresso_7.5.0_254/lpcxpresso/tools/bin/../lib/gcc/arm-none-eabi/4.8.4/../../../../arm-none-eabi/lib/armv7-m/libcr_semihost.a(__sys_istty.o)
                0x0000000000009924                __sys_istty
 .text.__sys_read
                0x0000000000009930        0xc /Applications/lpcxpresso_7.5.0_254/lpcxpresso/tools/bin/../lib/gcc/arm-none-eabi/4.8.4/../../../../arm-none-eabi/lib/armv7-m/libcr_semihost.a(__sys_read.o)
                0x0000000000009930                __sys_read
 .text.__sys_readc
                0x000000000000993c        0x8 /Applications/lpcxpresso_7.5.0_254/lpcxpresso/tools/bin/../lib/gcc/arm-none-eabi/4.8.4/../../../../arm-none-eabi/lib/armv7-m/libcr_semihost.a(__sys_readc.o)
                0x000000000000993c                __readc
                0x000000000000993c                __sys_readc
 .text.__sys_remove
                0x0000000000009944        0xc /Applications/lpcxpresso_7.5.0_254/lpcxpresso/tools/bin/../lib/gcc/arm-none-eabi/4.8.4/../../../../arm-none-eabi/lib/armv7-m/libcr_semihost.a(__sys_remove.o)
                0x0000000000009944                __sys_remove
 .text.__sys_seek
                0x0000000000009950        0xc /Applications/lpcxpresso_7.5.0_254/lpcxpresso/tools/bin/../lib/gcc/arm-none-eabi/4.8.4/../../../../arm-none-eabi/lib/armv7-m/libcr_semihost.a(__sys_seek.o)
                0x0000000000009950                __sys_seek
 .text.__sys_tmpnam
                0x000000000000995c        0xc /Applications/lpcxpresso_7.5.0_254/lpcxpresso/tools/bin/../lib/gcc/arm-none-eabi/4.8.4/../../../../arm-none-eabi/lib/armv7-m/libcr_semihost.a(__sys_tmpnam.o)
                0x000000000000995c                __sys_tmpnam
 .text.__sys_write
                0x0000000000009968        0xc /Applications/lpcxpresso_7.5.0_254/lpcxpresso/tools/bin/../lib/gcc/arm-none-eabi/4.8.4/../../../../arm-none-eabi/lib/armv7-m/libcr_semihost.a(__sys_write.o)
                0x0000000000009968                __write
                0x0000000000009968                __sys_write
 *(.rodata .rodata.* .constdata .constdata.*)
 .rodata        0x0000000000009974       0x68 ./src/fat_filelib.o
 .rodata        0x00000000000099dc       0x48 ./src/fat_misc.o
 .rodata        0x0000000000009a24      0x1ec ./src/main.o
 .rodata        0x0000000000009c10       0x18 /Users/wangjiadong/LPCXpresso/workspace/Lib_MCU/Debug/libLib_MCU.a(lpc17xx_uart.o)
 .rodata.str1.1
                0x0000000000009c28       0x34 /Applications/lpcxpresso_7.5.0_254/lpcxpresso/tools/bin/../lib/gcc/arm-none-eabi/4.8.4/../../../../arm-none-eabi/lib/armv7-m/libcr_c.a(fpprintf.o)
                                         0x35 (size before relaxing)
 .rodata.str1.1
                0x0000000000009c5c        0x4 /Applications/lpcxpresso_7.5.0_254/lpcxpresso/tools/bin/../lib/gcc/arm-none-eabi/4.8.4/../../../../arm-none-eabi/lib/armv7-m/libcr_c.a(initio.o)
 .rodata.str1.1
                0x0000000000009c60       0x31 /Applications/lpcxpresso_7.5.0_254/lpcxpresso/tools/bin/../lib/gcc/arm-none-eabi/4.8.4/../../../../arm-none-eabi/lib/armv7-m/libcr_c.a(printf.o)
                                         0x38 (size before relaxing)
 *fill*         0x0000000000009c91        0x7 
 .rodata.__huge_vall
                0x0000000000009c98        0x8 /Applications/lpcxpresso_7.5.0_254/lpcxpresso/tools/bin/../lib/gcc/arm-none-eabi/4.8.4/../../../../arm-none-eabi/lib/armv7-m/libcr_c.a(_hugeval.o)
                0x0000000000009c98                __huge_vall
 .rodata.str1.1
                0x0000000000009ca0       0x18 /Applications/lpcxpresso_7.5.0_254/lpcxpresso/tools/bin/../lib/gcc/arm-none-eabi/4.8.4/../../../../arm-none-eabi/lib/armv7-m/libcr_c.a(alloc.o)
 .rodata.__ctype
                0x0000000000009cb8      0x180 /Applications/lpcxpresso_7.5.0_254/lpcxpresso/tools/bin/../lib/gcc/arm-none-eabi/4.8.4/../../../../arm-none-eabi/lib/armv7-m/libcr_c.a(ctype.o)
                0x0000000000009cb8                __ctype
                0x0000000000009e38                . = ALIGN (0x4)

.glue_7         0x0000000000009e38        0x0
 .glue_7        0x0000000000000000        0x0 linker stubs

.glue_7t        0x0000000000009e38        0x0
 .glue_7t       0x0000000000000000        0x0 linker stubs

.vfp11_veneer   0x0000000000009e38        0x0
 .vfp11_veneer  0x0000000000000000        0x0 linker stubs

.v4_bx          0x0000000000009e38        0x0
 .v4_bx         0x0000000000000000        0x0 linker stubs

.iplt           0x0000000000009e38        0x0
 .iplt          0x0000000000000000        0x0 ./src/Bluetooth_3032.o

.rel.dyn        0x0000000000009e38        0x0
 .rel.iplt      0x0000000000000000        0x0 ./src/Bluetooth_3032.o

.ARM.extab
 *(.ARM.extab* .gnu.linkonce.armextab.*)
                0x0000000000009e38                __exidx_start = .

.ARM.exidx
 *(.ARM.exidx* .gnu.linkonce.armexidx.*)
                0x0000000000009e38                __exidx_end = .
                0x0000000000009e38                _etext = .

.data_RAM2      0x000000002007c000        0x0 load address 0x0000000000009e38
 FILL mask 0xff
 *(.ramfunc.$RAM2)
 *(.ramfunc.$RamAHB32)
 *(.data.$RAM2*)
 *(.data.$RamAHB32*)
                0x000000002007c000                . = ALIGN (0x4)

.uninit_RESERVED
                0x0000000010000000        0x0
 *(.bss.$RESERVED*)
                0x0000000010000000                . = ALIGN (0x4)
                0x0000000010000000                _end_uninit_RESERVED = .

.data           0x0000000010000000      0x19c load address 0x0000000000009e38
 FILL mask 0xff
                0x0000000010000000                _data = .
 *(vtable)
 *(.ramfunc*)
 *(.data*)
 .data.str      0x0000000010000000       0xc8 ./src/main.o
                0x0000000010000000                str
 .data.str_bt   0x00000000100000c8       0xc8 ./src/main.o
                0x00000000100000c8                str_bt
 .data          0x0000000010000190        0x4 /Users/wangjiadong/LPCXpresso/workspace/Lib_CMSISv1p30_LPC17xx/Debug/libCMSISv1p30_LPC17xx.a(system_LPC17xx.o)
                0x0000000010000190                SystemCoreClock
 .data.neginf.4355
                0x0000000010000194        0x4 /Applications/lpcxpresso_7.5.0_254/lpcxpresso/tools/bin/../lib/gcc/arm-none-eabi/4.8.4/../../../../arm-none-eabi/lib/armv7-m/libcr_c.a(scanf.o)
 .data.posinf.4354
                0x0000000010000198        0x4 /Applications/lpcxpresso_7.5.0_254/lpcxpresso/tools/bin/../lib/gcc/arm-none-eabi/4.8.4/../../../../arm-none-eabi/lib/armv7-m/libcr_c.a(scanf.o)
                0x000000001000019c                . = ALIGN (0x4)
                0x000000001000019c                _edata = .

.igot.plt       0x000000001000019c        0x0 load address 0x0000000000009fd4
 .igot.plt      0x0000000000000000        0x0 ./src/Bluetooth_3032.o

.bss_RAM2       0x000000002007c000        0x0
 *(.bss.$RAM2*)
 *(.bss.$RamAHB32*)
                0x000000002007c000                . = ALIGN (0x4)

.bss            0x00000000100001a0      0xec8
                0x00000000100001a0                _bss = .
 *(.bss*)
 .bss._files    0x00000000100001a0      0x888 ./src/fat_filelib.o
 .bss._filelib_init
                0x0000000010000a28        0x4 ./src/fat_filelib.o
 .bss._filelib_valid
                0x0000000010000a2c        0x4 ./src/fat_filelib.o
 .bss._fs       0x0000000010000a30      0x464 ./src/fat_filelib.o
 .bss._open_file_list
                0x0000000010000e94        0x8 ./src/fat_filelib.o
 .bss._free_file_list
                0x0000000010000e9c        0x8 ./src/fat_filelib.o
 .bss.Timer     0x0000000010000ea4        0x4 ./src/main.o
                0x0000000010000ea4                Timer
 .bss.latitude  0x0000000010000ea8        0x8 ./src/main.o
                0x0000000010000ea8                latitude
 .bss.longitude
                0x0000000010000eb0        0x8 ./src/main.o
                0x0000000010000eb0                longitude
 .bss.velocity  0x0000000010000eb8        0x8 ./src/main.o
                0x0000000010000eb8                velocity
 .bss.date      0x0000000010000ec0        0x4 ./src/main.o
                0x0000000010000ec0                date
 .bss.time      0x0000000010000ec4        0x4 ./src/main.o
                0x0000000010000ec4                time
 .bss.num       0x0000000010000ec8        0x4 ./src/main.o
                0x0000000010000ec8                num
 .bss.BT_CMD    0x0000000010000ecc        0x4 ./src/main.o
                0x0000000010000ecc                BT_CMD
 .bss.num_bt    0x0000000010000ed0        0x4 ./src/main.o
                0x0000000010000ed0                num_bt
 .bss.GPS_timer
                0x0000000010000ed4        0x4 ./src/main.o
                0x0000000010000ed4                GPS_timer
 .bss.ticks.5809
                0x0000000010000ed8        0x4 ./src/main.o
 .bss.Timer1    0x0000000010000edc        0x4 ./src/sd.o
 .bss.Timer2    0x0000000010000ee0        0x4 ./src/sd.o
 .bss.errno     0x0000000010000ee4        0x4 /Applications/lpcxpresso_7.5.0_254/lpcxpresso/tools/bin/../lib/gcc/arm-none-eabi/4.8.4/../../../../arm-none-eabi/lib/armv7-m/libcr_c.a(errno.o)
                0x0000000010000ee4                errno
 *(COMMON)
 COMMON         0x0000000010000ee8       0x34 ./src/sd.o
                0x0000000010000ee8                CardType
                0x0000000010000eec                CardConfig
 COMMON         0x0000000010000f1c        0x4 /Applications/lpcxpresso_7.5.0_254/lpcxpresso/tools/bin/../lib/gcc/arm-none-eabi/4.8.4/../../../../arm-none-eabi/lib/armv7-m/libcr_c.a(initio.o)
                0x0000000010000f1c                _extra
 COMMON         0x0000000010000f20      0x140 /Applications/lpcxpresso_7.5.0_254/lpcxpresso/tools/bin/../lib/gcc/arm-none-eabi/4.8.4/../../../../arm-none-eabi/lib/armv7-m/libcr_c.a(stdio.o)
                0x0000000010000f20                __Ciob
 COMMON         0x0000000010001060        0x8 /Applications/lpcxpresso_7.5.0_254/lpcxpresso/tools/bin/../lib/gcc/arm-none-eabi/4.8.4/../../../../arm-none-eabi/lib/armv7-m/libcr_c.a(__init_alloc.o)
                0x0000000010001060                __heaps
                0x0000000010001064                __end_of_heap
                0x0000000010001068                . = ALIGN (0x4)
                0x0000000010001068                _ebss = .
                0x0000000010001068                PROVIDE (end, .)

.noinit_RAM2    0x000000002007c000        0x0
 *(.noinit.$RAM2*)
 *(.noinit.$RamAHB32*)
                0x000000002007c000                . = ALIGN (0x4)

.noinit         0x0000000010001068        0x0
                0x0000000010001068                _noinit = .
 *(.noinit*)
                0x0000000010001068                . = ALIGN (0x4)
                0x0000000010001068                _end_noinit = .
                0x0000000010001068                PROVIDE (_pvHeapStart, DEFINED (__user_heap_base)?__user_heap_base:.)
                0x0000000010008000                PROVIDE (_vStackTop, DEFINED (__user_stack_top)?__user_stack_top:(__top_RamLoc32 - 0x0))
OUTPUT(LPC1769_CMSIS_MCU_blinky.axf elf32-littlearm)

.debug_info     0x0000000000000000     0x9cf9
 .debug_info    0x0000000000000000      0x6c8 ./src/Bluetooth_3032.o
 .debug_info    0x00000000000006c8      0x43c ./src/GPS_3032.o
 .debug_info    0x0000000000000b04      0x584 ./src/Load_3032.o
 .debug_info    0x0000000000001088      0x5b3 ./src/Temp_3032.o
 .debug_info    0x000000000000163b      0x2be ./src/cr_startup_lpc176x.o
 .debug_info    0x00000000000018f9      0xb2e ./src/fat_access.o
 .debug_info    0x0000000000002427      0x66c ./src/fat_cache.o
 .debug_info    0x0000000000002a93     0x1303 ./src/fat_filelib.o
 .debug_info    0x0000000000003d96      0x61d ./src/fat_misc.o
 .debug_info    0x00000000000043b3      0x4c4 ./src/fat_string.o
 .debug_info    0x0000000000004877      0x67e ./src/fat_table.o
 .debug_info    0x0000000000004ef5      0x654 ./src/fat_write.o
 .debug_info    0x0000000000005549      0xf02 ./src/main.o
 .debug_info    0x000000000000644b      0x4d5 ./src/sd.o
 .debug_info    0x0000000000006920      0x811 ./src/spi.o
 .debug_info    0x0000000000007131      0x2e3 /Users/wangjiadong/LPCXpresso/workspace/Lib_CMSISv1p30_LPC17xx/Debug/libCMSISv1p30_LPC17xx.a(system_LPC17xx.o)
 .debug_info    0x0000000000007414      0xac9 /Users/wangjiadong/LPCXpresso/workspace/Lib_MCU/Debug/libLib_MCU.a(lpc17xx_gpio.o)
 .debug_info    0x0000000000007edd      0x44a /Users/wangjiadong/LPCXpresso/workspace/Lib_MCU/Debug/libLib_MCU.a(lpc17xx_pinsel.o)
 .debug_info    0x0000000000008327     0x1381 /Users/wangjiadong/LPCXpresso/workspace/Lib_MCU/Debug/libLib_MCU.a(lpc17xx_uart.o)
 .debug_info    0x00000000000096a8      0x58c /Users/wangjiadong/LPCXpresso/workspace/Lib_MCU/Debug/libLib_MCU.a(lpc17xx_clkpwr.o)
 .debug_info    0x0000000000009c34       0xc5 /Users/wangjiadong/LPCXpresso/workspace/Lib_MCU/Debug/libLib_MCU.a(lpc17xx_libcfg_default.o)

.debug_abbrev   0x0000000000000000     0x227f
 .debug_abbrev  0x0000000000000000      0x1e4 ./src/Bluetooth_3032.o
 .debug_abbrev  0x00000000000001e4      0x151 ./src/GPS_3032.o
 .debug_abbrev  0x0000000000000335      0x11e ./src/Load_3032.o
 .debug_abbrev  0x0000000000000453      0x138 ./src/Temp_3032.o
 .debug_abbrev  0x000000000000058b      0x12b ./src/cr_startup_lpc176x.o
 .debug_abbrev  0x00000000000006b6      0x20a ./src/fat_access.o
 .debug_abbrev  0x00000000000008c0      0x1a1 ./src/fat_cache.o
 .debug_abbrev  0x0000000000000a61      0x268 ./src/fat_filelib.o
 .debug_abbrev  0x0000000000000cc9      0x1ca ./src/fat_misc.o
 .debug_abbrev  0x0000000000000e93      0x15b ./src/fat_string.o
 .debug_abbrev  0x0000000000000fee      0x1fb ./src/fat_table.o
 .debug_abbrev  0x00000000000011e9      0x1ad ./src/fat_write.o
 .debug_abbrev  0x0000000000001396      0x333 ./src/main.o
 .debug_abbrev  0x00000000000016c9      0x1a1 ./src/sd.o
 .debug_abbrev  0x000000000000186a      0x1a3 ./src/spi.o
 .debug_abbrev  0x0000000000001a0d       0xe6 /Users/wangjiadong/LPCXpresso/workspace/Lib_CMSISv1p30_LPC17xx/Debug/libCMSISv1p30_LPC17xx.a(system_LPC17xx.o)
 .debug_abbrev  0x0000000000001af3      0x193 /Users/wangjiadong/LPCXpresso/workspace/Lib_MCU/Debug/libLib_MCU.a(lpc17xx_gpio.o)
 .debug_abbrev  0x0000000000001c86      0x129 /Users/wangjiadong/LPCXpresso/workspace/Lib_MCU/Debug/libLib_MCU.a(lpc17xx_pinsel.o)
 .debug_abbrev  0x0000000000001daf      0x2a8 /Users/wangjiadong/LPCXpresso/workspace/Lib_MCU/Debug/libLib_MCU.a(lpc17xx_uart.o)
 .debug_abbrev  0x0000000000002057      0x1bc /Users/wangjiadong/LPCXpresso/workspace/Lib_MCU/Debug/libLib_MCU.a(lpc17xx_clkpwr.o)
 .debug_abbrev  0x0000000000002213       0x6c /Users/wangjiadong/LPCXpresso/workspace/Lib_MCU/Debug/libLib_MCU.a(lpc17xx_libcfg_default.o)

.debug_aranges  0x0000000000000000      0xa00
 .debug_aranges
                0x0000000000000000       0x40 ./src/Bluetooth_3032.o
 .debug_aranges
                0x0000000000000040       0x40 ./src/GPS_3032.o
 .debug_aranges
                0x0000000000000080       0x38 ./src/Load_3032.o
 .debug_aranges
                0x00000000000000b8       0x30 ./src/Temp_3032.o
 .debug_aranges
                0x00000000000000e8       0x80 ./src/cr_startup_lpc176x.o
 .debug_aranges
                0x0000000000000168       0x90 ./src/fat_access.o
 .debug_aranges
                0x00000000000001f8       0x70 ./src/fat_cache.o
 .debug_aranges
                0x0000000000000268      0x168 ./src/fat_filelib.o
 .debug_aranges
                0x00000000000003d0       0x90 ./src/fat_misc.o
 .debug_aranges
                0x0000000000000460       0x70 ./src/fat_string.o
 .debug_aranges
                0x00000000000004d0       0x70 ./src/fat_table.o
 .debug_aranges
                0x0000000000000540       0x38 ./src/fat_write.o
 .debug_aranges
                0x0000000000000578       0xf0 ./src/main.o
 .debug_aranges
                0x0000000000000668       0x68 ./src/sd.o
 .debug_aranges
                0x00000000000006d0       0x48 ./src/spi.o
 .debug_aranges
                0x0000000000000718       0x28 /Users/wangjiadong/LPCXpresso/workspace/Lib_CMSISv1p30_LPC17xx/Debug/libCMSISv1p30_LPC17xx.a(system_LPC17xx.o)
 .debug_aranges
                0x0000000000000740       0xc8 /Users/wangjiadong/LPCXpresso/workspace/Lib_MCU/Debug/libLib_MCU.a(lpc17xx_gpio.o)
 .debug_aranges
                0x0000000000000808       0x48 /Users/wangjiadong/LPCXpresso/workspace/Lib_MCU/Debug/libLib_MCU.a(lpc17xx_pinsel.o)
 .debug_aranges
                0x0000000000000850      0x130 /Users/wangjiadong/LPCXpresso/workspace/Lib_MCU/Debug/libLib_MCU.a(lpc17xx_uart.o)
 .debug_aranges
                0x0000000000000980       0x60 /Users/wangjiadong/LPCXpresso/workspace/Lib_MCU/Debug/libLib_MCU.a(lpc17xx_clkpwr.o)
 .debug_aranges
                0x00000000000009e0       0x20 /Users/wangjiadong/LPCXpresso/workspace/Lib_MCU/Debug/libLib_MCU.a(lpc17xx_libcfg_default.o)

.debug_ranges   0x0000000000000000      0x8c8
 .debug_ranges  0x0000000000000000       0x30 ./src/Bluetooth_3032.o
 .debug_ranges  0x0000000000000030       0x30 ./src/GPS_3032.o
 .debug_ranges  0x0000000000000060       0x28 ./src/Load_3032.o
 .debug_ranges  0x0000000000000088       0x20 ./src/Temp_3032.o
 .debug_ranges  0x00000000000000a8       0x70 ./src/cr_startup_lpc176x.o
 .debug_ranges  0x0000000000000118       0x80 ./src/fat_access.o
 .debug_ranges  0x0000000000000198       0x60 ./src/fat_cache.o
 .debug_ranges  0x00000000000001f8      0x170 ./src/fat_filelib.o
 .debug_ranges  0x0000000000000368       0x80 ./src/fat_misc.o
 .debug_ranges  0x00000000000003e8       0x60 ./src/fat_string.o
 .debug_ranges  0x0000000000000448       0x60 ./src/fat_table.o
 .debug_ranges  0x00000000000004a8       0x28 ./src/fat_write.o
 .debug_ranges  0x00000000000004d0       0xe0 ./src/main.o
 .debug_ranges  0x00000000000005b0       0x58 ./src/sd.o
 .debug_ranges  0x0000000000000608       0x38 ./src/spi.o
 .debug_ranges  0x0000000000000640       0x18 /Users/wangjiadong/LPCXpresso/workspace/Lib_CMSISv1p30_LPC17xx/Debug/libCMSISv1p30_LPC17xx.a(system_LPC17xx.o)
 .debug_ranges  0x0000000000000658       0xb8 /Users/wangjiadong/LPCXpresso/workspace/Lib_MCU/Debug/libLib_MCU.a(lpc17xx_gpio.o)
 .debug_ranges  0x0000000000000710       0x38 /Users/wangjiadong/LPCXpresso/workspace/Lib_MCU/Debug/libLib_MCU.a(lpc17xx_pinsel.o)
 .debug_ranges  0x0000000000000748      0x120 /Users/wangjiadong/LPCXpresso/workspace/Lib_MCU/Debug/libLib_MCU.a(lpc17xx_uart.o)
 .debug_ranges  0x0000000000000868       0x50 /Users/wangjiadong/LPCXpresso/workspace/Lib_MCU/Debug/libLib_MCU.a(lpc17xx_clkpwr.o)
 .debug_ranges  0x00000000000008b8       0x10 /Users/wangjiadong/LPCXpresso/workspace/Lib_MCU/Debug/libLib_MCU.a(lpc17xx_libcfg_default.o)

.debug_macro    0x0000000000000000     0x59dd
 .debug_macro   0x0000000000000000       0xb3 ./src/Bluetooth_3032.o
 .debug_macro   0x00000000000000b3      0x856 ./src/Bluetooth_3032.o
 .debug_macro   0x0000000000000909       0x1c ./src/Bluetooth_3032.o
 .debug_macro   0x0000000000000925       0x22 ./src/Bluetooth_3032.o
 .debug_macro   0x0000000000000947       0x10 ./src/Bluetooth_3032.o
 .debug_macro   0x0000000000000957      0x12d ./src/Bluetooth_3032.o
 .debug_macro   0x0000000000000a84      0x5b2 ./src/Bluetooth_3032.o
 .debug_macro   0x0000000000001036      0x7b7 ./src/Bluetooth_3032.o
 .debug_macro   0x00000000000017ed      0x2c7 ./src/Bluetooth_3032.o
 .debug_macro   0x0000000000001ab4       0x63 ./src/Bluetooth_3032.o
 .debug_macro   0x0000000000001b17      0x143 ./src/Bluetooth_3032.o
 .debug_macro   0x0000000000001c5a       0x46 ./src/Bluetooth_3032.o
 .debug_macro   0x0000000000001ca0      0x32a ./src/Bluetooth_3032.o
 .debug_macro   0x0000000000001fca       0x9a ./src/Bluetooth_3032.o
 .debug_macro   0x0000000000002064       0xb1 ./src/GPS_3032.o
 .debug_macro   0x0000000000002115       0xbc ./src/Load_3032.o
 .debug_macro   0x00000000000021d1       0x4c ./src/Load_3032.o
 .debug_macro   0x000000000000221d       0xb6 ./src/Temp_3032.o
 .debug_macro   0x00000000000022d3       0x34 ./src/Temp_3032.o
 .debug_macro   0x0000000000002307       0x52 ./src/cr_startup_lpc176x.o
 .debug_macro   0x0000000000002359      0x85c ./src/cr_startup_lpc176x.o
 .debug_macro   0x0000000000002bb5       0xb5 ./src/fat_access.o
 .debug_macro   0x0000000000002c6a       0x4c ./src/fat_access.o
 .debug_macro   0x0000000000002cb6       0x2e ./src/fat_access.o
 .debug_macro   0x0000000000002ce4      0x1ae ./src/fat_access.o
 .debug_macro   0x0000000000002e92       0x3a ./src/fat_access.o
 .debug_macro   0x0000000000002ecc       0x2e ./src/fat_access.o
 .debug_macro   0x0000000000002efa       0xa8 ./src/fat_cache.o
 .debug_macro   0x0000000000002fa2       0x3a ./src/fat_cache.o
 .debug_macro   0x0000000000002fdc       0x28 ./src/fat_cache.o
 .debug_macro   0x0000000000003004       0xfe ./src/fat_filelib.o
 .debug_macro   0x0000000000003102       0x28 ./src/fat_filelib.o
 .debug_macro   0x000000000000312a       0x93 ./src/fat_misc.o
 .debug_macro   0x00000000000031bd       0x28 ./src/fat_misc.o
 .debug_macro   0x00000000000031e5       0x50 ./src/fat_string.o
 .debug_macro   0x0000000000003235       0x16 ./src/fat_string.o
 .debug_macro   0x000000000000324b       0xb5 ./src/fat_table.o
 .debug_macro   0x0000000000003300       0xb5 ./src/fat_write.o
 .debug_macro   0x00000000000033b5      0x140 ./src/main.o
 .debug_macro   0x00000000000034f5       0x52 ./src/main.o
 .debug_macro   0x0000000000003547       0x34 ./src/main.o
 .debug_macro   0x000000000000357b       0x52 ./src/main.o
 .debug_macro   0x00000000000035cd       0x28 ./src/main.o
 .debug_macro   0x00000000000035f5       0x1c ./src/main.o
 .debug_macro   0x0000000000003611      0x12e ./src/sd.o
 .debug_macro   0x000000000000373f       0x1c ./src/sd.o
 .debug_macro   0x000000000000375b      0x2c7 ./src/sd.o
 .debug_macro   0x0000000000003a22       0x10 ./src/sd.o
 .debug_macro   0x0000000000003a32       0x3a ./src/sd.o
 .debug_macro   0x0000000000003a6c       0x95 ./src/spi.o
 .debug_macro   0x0000000000003b01      0x113 /Users/wangjiadong/LPCXpresso/workspace/Lib_CMSISv1p30_LPC17xx/Debug/libCMSISv1p30_LPC17xx.a(system_LPC17xx.o)
 .debug_macro   0x0000000000003c14      0x850 /Users/wangjiadong/LPCXpresso/workspace/Lib_CMSISv1p30_LPC17xx/Debug/libCMSISv1p30_LPC17xx.a(system_LPC17xx.o)
 .debug_macro   0x0000000000004464      0x7d5 /Users/wangjiadong/LPCXpresso/workspace/Lib_CMSISv1p30_LPC17xx/Debug/libCMSISv1p30_LPC17xx.a(system_LPC17xx.o)
 .debug_macro   0x0000000000004c39       0x83 /Users/wangjiadong/LPCXpresso/workspace/Lib_MCU/Debug/libLib_MCU.a(lpc17xx_gpio.o)
 .debug_macro   0x0000000000004cbc       0x40 /Users/wangjiadong/LPCXpresso/workspace/Lib_MCU/Debug/libLib_MCU.a(lpc17xx_gpio.o)
 .debug_macro   0x0000000000004cfc       0xcb /Users/wangjiadong/LPCXpresso/workspace/Lib_MCU/Debug/libLib_MCU.a(lpc17xx_gpio.o)
 .debug_macro   0x0000000000004dc7       0x7a /Users/wangjiadong/LPCXpresso/workspace/Lib_MCU/Debug/libLib_MCU.a(lpc17xx_pinsel.o)
 .debug_macro   0x0000000000004e41       0x8c /Users/wangjiadong/LPCXpresso/workspace/Lib_MCU/Debug/libLib_MCU.a(lpc17xx_uart.o)
 .debug_macro   0x0000000000004ecd      0x324 /Users/wangjiadong/LPCXpresso/workspace/Lib_MCU/Debug/libLib_MCU.a(lpc17xx_uart.o)
 .debug_macro   0x00000000000051f1      0x2fe /Users/wangjiadong/LPCXpresso/workspace/Lib_MCU/Debug/libLib_MCU.a(lpc17xx_uart.o)
 .debug_macro   0x00000000000054ef       0x7a /Users/wangjiadong/LPCXpresso/workspace/Lib_MCU/Debug/libLib_MCU.a(lpc17xx_clkpwr.o)
 .debug_macro   0x0000000000005569      0x2f8 /Users/wangjiadong/LPCXpresso/workspace/Lib_MCU/Debug/libLib_MCU.a(lpc17xx_clkpwr.o)
 .debug_macro   0x0000000000005861       0x5a /Users/wangjiadong/LPCXpresso/workspace/Lib_MCU/Debug/libLib_MCU.a(lpc17xx_libcfg_default.o)
 .debug_macro   0x00000000000058bb       0x5d /Users/wangjiadong/LPCXpresso/workspace/Lib_MCU/Debug/libLib_MCU.a(lpc17xx_libcfg_default.o)
 .debug_macro   0x0000000000005918       0xc5 /Users/wangjiadong/LPCXpresso/workspace/Lib_MCU/Debug/libLib_MCU.a(lpc17xx_libcfg_default.o)

.debug_line     0x0000000000000000     0x4c5c
 .debug_line    0x0000000000000000      0x28e ./src/Bluetooth_3032.o
 .debug_line    0x000000000000028e      0x2b6 ./src/GPS_3032.o
 .debug_line    0x0000000000000544      0x2c0 ./src/Load_3032.o
 .debug_line    0x0000000000000804      0x299 ./src/Temp_3032.o
 .debug_line    0x0000000000000a9d      0x1bf ./src/cr_startup_lpc176x.o
 .debug_line    0x0000000000000c5c      0x4a9 ./src/fat_access.o
 .debug_line    0x0000000000001105      0x2a0 ./src/fat_cache.o
 .debug_line    0x00000000000013a5      0x99b ./src/fat_filelib.o
 .debug_line    0x0000000000001d40      0x3df ./src/fat_misc.o
 .debug_line    0x000000000000211f      0x3a3 ./src/fat_string.o
 .debug_line    0x00000000000024c2      0x37e ./src/fat_table.o
 .debug_line    0x0000000000002840      0x2d6 ./src/fat_write.o
 .debug_line    0x0000000000002b16      0x62f ./src/main.o
 .debug_line    0x0000000000003145      0x464 ./src/sd.o
 .debug_line    0x00000000000035a9      0x23a ./src/spi.o
 .debug_line    0x00000000000037e3      0x201 /Users/wangjiadong/LPCXpresso/workspace/Lib_CMSISv1p30_LPC17xx/Debug/libCMSISv1p30_LPC17xx.a(system_LPC17xx.o)
 .debug_line    0x00000000000039e4      0x3d9 /Users/wangjiadong/LPCXpresso/workspace/Lib_MCU/Debug/libLib_MCU.a(lpc17xx_gpio.o)
 .debug_line    0x0000000000003dbd      0x255 /Users/wangjiadong/LPCXpresso/workspace/Lib_MCU/Debug/libLib_MCU.a(lpc17xx_pinsel.o)
 .debug_line    0x0000000000004012      0x817 /Users/wangjiadong/LPCXpresso/workspace/Lib_MCU/Debug/libLib_MCU.a(lpc17xx_uart.o)
 .debug_line    0x0000000000004829      0x2b4 /Users/wangjiadong/LPCXpresso/workspace/Lib_MCU/Debug/libLib_MCU.a(lpc17xx_clkpwr.o)
 .debug_line    0x0000000000004add      0x17f /Users/wangjiadong/LPCXpresso/workspace/Lib_MCU/Debug/libLib_MCU.a(lpc17xx_libcfg_default.o)

.debug_str      0x0000000000000000     0xf760
 .debug_str     0x0000000000000000     0xa15d ./src/Bluetooth_3032.o
                                       0xa1fb (size before relaxing)
 .debug_str     0x000000000000a15d       0x49 ./src/GPS_3032.o
                                       0x9fc1 (size before relaxing)
 .debug_str     0x000000000000a1a6      0x39a ./src/Load_3032.o
                                       0xa112 (size before relaxing)
 .debug_str     0x000000000000a540       0x5b ./src/Temp_3032.o
                                       0xa0f5 (size before relaxing)
 .debug_str     0x000000000000a59b      0x2a8 ./src/cr_startup_lpc176x.o
                                       0x3d47 (size before relaxing)
 .debug_str     0x000000000000a843     0x10a8 ./src/fat_access.o
                                       0x3cdf (size before relaxing)
 .debug_str     0x000000000000b8eb      0x3d5 ./src/fat_cache.o
                                       0x3a9a (size before relaxing)
 .debug_str     0x000000000000bcc0      0x404 ./src/fat_filelib.o
                                       0x4227 (size before relaxing)
 .debug_str     0x000000000000c0c4      0x1de ./src/fat_misc.o
                                       0x398e (size before relaxing)
 .debug_str     0x000000000000c2a2      0x25e ./src/fat_string.o
                                       0x2c1a (size before relaxing)
 .debug_str     0x000000000000c500      0x2de ./src/fat_table.o
                                       0x3c85 (size before relaxing)
 .debug_str     0x000000000000c7de      0x127 ./src/fat_write.o
                                       0x3b76 (size before relaxing)
 .debug_str     0x000000000000c905      0x3b7 ./src/main.o
                                       0xb15c (size before relaxing)
 .debug_str     0x000000000000ccbc      0x3f7 ./src/sd.o
                                       0x7fac (size before relaxing)
 .debug_str     0x000000000000d0b3      0x26c ./src/spi.o
                                       0x802d (size before relaxing)
 .debug_str     0x000000000000d31f      0x3b7 /Users/wangjiadong/LPCXpresso/workspace/Lib_CMSISv1p30_LPC17xx/Debug/libCMSISv1p30_LPC17xx.a(system_LPC17xx.o)
                                       0x7f0d (size before relaxing)
 .debug_str     0x000000000000d6d6      0x3a5 /Users/wangjiadong/LPCXpresso/workspace/Lib_MCU/Debug/libLib_MCU.a(lpc17xx_gpio.o)
                                       0x8360 (size before relaxing)
 .debug_str     0x000000000000da7b      0x121 /Users/wangjiadong/LPCXpresso/workspace/Lib_MCU/Debug/libLib_MCU.a(lpc17xx_pinsel.o)
                                       0x83a4 (size before relaxing)
 .debug_str     0x000000000000db9c     0x1acc /Users/wangjiadong/LPCXpresso/workspace/Lib_MCU/Debug/libLib_MCU.a(lpc17xx_uart.o)
                                       0xb272 (size before relaxing)
 .debug_str     0x000000000000f668       0xcb /Users/wangjiadong/LPCXpresso/workspace/Lib_MCU/Debug/libLib_MCU.a(lpc17xx_clkpwr.o)
                                       0x9101 (size before relaxing)
 .debug_str     0x000000000000f733       0x2d /Users/wangjiadong/LPCXpresso/workspace/Lib_MCU/Debug/libLib_MCU.a(lpc17xx_libcfg_default.o)
                                       0x3e39 (size before relaxing)

.comment        0x0000000000000000       0xe0
 .comment       0x0000000000000000       0x70 ./src/Bluetooth_3032.o
                                         0x71 (size before relaxing)
 .comment       0x0000000000000000       0x71 ./src/GPS_3032.o
 .comment       0x0000000000000000       0x71 ./src/Load_3032.o
 .comment       0x0000000000000000       0x71 ./src/Temp_3032.o
 .comment       0x0000000000000000       0x71 ./src/cr_startup_lpc176x.o
 .comment       0x0000000000000000       0x71 ./src/fat_access.o
 .comment       0x0000000000000000       0x71 ./src/fat_cache.o
 .comment       0x0000000000000000       0x71 ./src/fat_filelib.o
 .comment       0x0000000000000000       0x71 ./src/fat_misc.o
 .comment       0x0000000000000000       0x71 ./src/fat_string.o
 .comment       0x0000000000000000       0x71 ./src/fat_table.o
 .comment       0x0000000000000000       0x71 ./src/fat_write.o
 .comment       0x0000000000000000       0x71 ./src/main.o
 .comment       0x0000000000000000       0x71 ./src/sd.o
 .comment       0x0000000000000000       0x71 ./src/spi.o
 .comment       0x0000000000000000       0x71 /Users/wangjiadong/LPCXpresso/workspace/Lib_CMSISv1p30_LPC17xx/Debug/libCMSISv1p30_LPC17xx.a(system_LPC17xx.o)
 .comment       0x0000000000000000       0x71 /Users/wangjiadong/LPCXpresso/workspace/Lib_MCU/Debug/libLib_MCU.a(lpc17xx_gpio.o)
 .comment       0x0000000000000000       0x71 /Users/wangjiadong/LPCXpresso/workspace/Lib_MCU/Debug/libLib_MCU.a(lpc17xx_pinsel.o)
 .comment       0x0000000000000000       0x71 /Users/wangjiadong/LPCXpresso/workspace/Lib_MCU/Debug/libLib_MCU.a(lpc17xx_uart.o)
 .comment       0x0000000000000000       0x71 /Users/wangjiadong/LPCXpresso/workspace/Lib_MCU/Debug/libLib_MCU.a(lpc17xx_clkpwr.o)
 .comment       0x0000000000000000       0x71 /Users/wangjiadong/LPCXpresso/workspace/Lib_MCU/Debug/libLib_MCU.a(lpc17xx_libcfg_default.o)
 .comment       0x0000000000000070       0x70 /Applications/lpcxpresso_7.5.0_254/lpcxpresso/tools/bin/../lib/gcc/arm-none-eabi/4.8.4/../../../../arm-none-eabi/lib/armv7-m/libcr_semihost.a(_cr__main.o)
                                         0x71 (size before relaxing)
 .comment       0x0000000000000000       0x71 /Applications/lpcxpresso_7.5.0_254/lpcxpresso/tools/bin/../lib/gcc/arm-none-eabi/4.8.4/../../../../arm-none-eabi/lib/armv7-m/libcr_c.a(memcpy.o)
 .comment       0x0000000000000000       0x71 /Applications/lpcxpresso_7.5.0_254/lpcxpresso/tools/bin/../lib/gcc/arm-none-eabi/4.8.4/../../../../arm-none-eabi/lib/armv7-m/libcr_c.a(memset.o)
 .comment       0x0000000000000000       0x71 /Applications/lpcxpresso_7.5.0_254/lpcxpresso/tools/bin/../lib/gcc/arm-none-eabi/4.8.4/../../../../arm-none-eabi/lib/armv7-m/libcr_c.a(fpprintf.o)
 .comment       0x0000000000000000       0x71 /Applications/lpcxpresso_7.5.0_254/lpcxpresso/tools/bin/../lib/gcc/arm-none-eabi/4.8.4/../../../../arm-none-eabi/lib/armv7-m/libcr_c.a(initio.o)
 .comment       0x0000000000000000       0x71 /Applications/lpcxpresso_7.5.0_254/lpcxpresso/tools/bin/../lib/gcc/arm-none-eabi/4.8.4/../../../../arm-none-eabi/lib/armv7-m/libcr_c.a(printf.o)
 .comment       0x0000000000000000       0x71 /Applications/lpcxpresso_7.5.0_254/lpcxpresso/tools/bin/../lib/gcc/arm-none-eabi/4.8.4/../../../../arm-none-eabi/lib/armv7-m/libcr_c.a(scanf.o)
 .comment       0x0000000000000000       0x71 /Applications/lpcxpresso_7.5.0_254/lpcxpresso/tools/bin/../lib/gcc/arm-none-eabi/4.8.4/../../../../arm-none-eabi/lib/armv7-m/libcr_c.a(setvbuf.o)
 .comment       0x0000000000000000       0x71 /Applications/lpcxpresso_7.5.0_254/lpcxpresso/tools/bin/../lib/gcc/arm-none-eabi/4.8.4/../../../../arm-none-eabi/lib/armv7-m/libcr_c.a(stdio.o)
 .comment       0x0000000000000000       0x71 /Applications/lpcxpresso_7.5.0_254/lpcxpresso/tools/bin/../lib/gcc/arm-none-eabi/4.8.4/../../../../arm-none-eabi/lib/armv7-m/libcr_c.a(strlen.o)
 .comment       0x0000000000000000       0x71 /Applications/lpcxpresso_7.5.0_254/lpcxpresso/tools/bin/../lib/gcc/arm-none-eabi/4.8.4/../../../../arm-none-eabi/lib/armv7-m/libcr_c.a(strncmp.o)
 .comment       0x0000000000000000       0x71 /Applications/lpcxpresso_7.5.0_254/lpcxpresso/tools/bin/../lib/gcc/arm-none-eabi/4.8.4/../../../../arm-none-eabi/lib/armv7-m/libcr_c.a(strncpy.o)
 .comment       0x0000000000000000       0x71 /Applications/lpcxpresso_7.5.0_254/lpcxpresso/tools/bin/../lib/gcc/arm-none-eabi/4.8.4/../../../../arm-none-eabi/lib/armv7-m/libcr_c.a(strstr.o)
 .comment       0x0000000000000000       0x71 /Applications/lpcxpresso_7.5.0_254/lpcxpresso/tools/bin/../lib/gcc/arm-none-eabi/4.8.4/../../../../arm-none-eabi/lib/armv7-m/libcr_c.a(ungetc.o)
 .comment       0x0000000000000000       0x71 /Applications/lpcxpresso_7.5.0_254/lpcxpresso/tools/bin/../lib/gcc/arm-none-eabi/4.8.4/../../../../arm-none-eabi/lib/armv7-m/libcr_c.a(__fillbuf.o)
 .comment       0x0000000000000000       0x71 /Applications/lpcxpresso_7.5.0_254/lpcxpresso/tools/bin/../lib/gcc/arm-none-eabi/4.8.4/../../../../arm-none-eabi/lib/armv7-m/libcr_c.a(_deferredlazyseek.o)
 .comment       0x0000000000000000       0x71 /Applications/lpcxpresso_7.5.0_254/lpcxpresso/tools/bin/../lib/gcc/arm-none-eabi/4.8.4/../../../../arm-none-eabi/lib/armv7-m/libcr_c.a(_fdopen.o)
 .comment       0x0000000000000000       0x71 /Applications/lpcxpresso_7.5.0_254/lpcxpresso/tools/bin/../lib/gcc/arm-none-eabi/4.8.4/../../../../arm-none-eabi/lib/armv7-m/libcr_c.a(_fflush.o)
 .comment       0x0000000000000000       0x71 /Applications/lpcxpresso_7.5.0_254/lpcxpresso/tools/bin/../lib/gcc/arm-none-eabi/4.8.4/../../../../arm-none-eabi/lib/armv7-m/libcr_c.a(_frexpl.o)
 .comment       0x0000000000000000       0x71 /Applications/lpcxpresso_7.5.0_254/lpcxpresso/tools/bin/../lib/gcc/arm-none-eabi/4.8.4/../../../../arm-none-eabi/lib/armv7-m/libcr_c.a(_hugeval.o)
 .comment       0x0000000000000000       0x71 /Applications/lpcxpresso_7.5.0_254/lpcxpresso/tools/bin/../lib/gcc/arm-none-eabi/4.8.4/../../../../arm-none-eabi/lib/armv7-m/libcr_c.a(_ldexpl.o)
 .comment       0x0000000000000000       0x71 /Applications/lpcxpresso_7.5.0_254/lpcxpresso/tools/bin/../lib/gcc/arm-none-eabi/4.8.4/../../../../arm-none-eabi/lib/armv7-m/libcr_c.a(_writebuf.o)
 .comment       0x0000000000000000       0x71 /Applications/lpcxpresso_7.5.0_254/lpcxpresso/tools/bin/../lib/gcc/arm-none-eabi/4.8.4/../../../../arm-none-eabi/lib/armv7-m/libcr_c.a(alloc.o)
 .comment       0x0000000000000000       0x71 /Applications/lpcxpresso_7.5.0_254/lpcxpresso/tools/bin/../lib/gcc/arm-none-eabi/4.8.4/../../../../arm-none-eabi/lib/armv7-m/libcr_c.a(ctype.o)
 .comment       0x0000000000000000       0x71 /Applications/lpcxpresso_7.5.0_254/lpcxpresso/tools/bin/../lib/gcc/arm-none-eabi/4.8.4/../../../../arm-none-eabi/lib/armv7-m/libcr_c.a(errno.o)
 .comment       0x0000000000000000       0x71 /Applications/lpcxpresso_7.5.0_254/lpcxpresso/tools/bin/../lib/gcc/arm-none-eabi/4.8.4/../../../../arm-none-eabi/lib/armv7-m/libcr_c.a(fclose.o)
 .comment       0x0000000000000000       0x71 /Applications/lpcxpresso_7.5.0_254/lpcxpresso/tools/bin/../lib/gcc/arm-none-eabi/4.8.4/../../../../arm-none-eabi/lib/armv7-m/libcr_c.a(fflush.o)
 .comment       0x0000000000000000       0x71 /Applications/lpcxpresso_7.5.0_254/lpcxpresso/tools/bin/../lib/gcc/arm-none-eabi/4.8.4/../../../../arm-none-eabi/lib/armv7-m/libcr_c.a(fseek.o)
 .comment       0x0000000000000000       0x71 /Applications/lpcxpresso_7.5.0_254/lpcxpresso/tools/bin/../lib/gcc/arm-none-eabi/4.8.4/../../../../arm-none-eabi/lib/armv7-m/libcr_c.a(ftell.o)
 .comment       0x0000000000000000       0x71 /Applications/lpcxpresso_7.5.0_254/lpcxpresso/tools/bin/../lib/gcc/arm-none-eabi/4.8.4/../../../../arm-none-eabi/lib/armv7-m/libcr_c.a(remove.o)
 .comment       0x0000000000000000       0x71 /Applications/lpcxpresso_7.5.0_254/lpcxpresso/tools/bin/../lib/gcc/arm-none-eabi/4.8.4/../../../../arm-none-eabi/lib/armv7-m/libcr_c.a(__init_alloc.o)
 .comment       0x0000000000000000       0x71 /Applications/lpcxpresso_7.5.0_254/lpcxpresso/tools/bin/../lib/gcc/arm-none-eabi/4.8.4/../../../../arm-none-eabi/lib/armv7-m/libcr_c.a(_cr_sbrk.o)
 .comment       0x0000000000000000       0x71 /Applications/lpcxpresso_7.5.0_254/lpcxpresso/tools/bin/../lib/gcc/arm-none-eabi/4.8.4/../../../../arm-none-eabi/lib/armv7-m/libcr_c.a(_do_fflush.o)
 .comment       0x0000000000000000       0x71 /Applications/lpcxpresso_7.5.0_254/lpcxpresso/tools/bin/../lib/gcc/arm-none-eabi/4.8.4/../../../../arm-none-eabi/lib/armv7-m/libcr_c.a(_cr_check_heap.o)
 .comment       0x0000000000000000       0x71 /Applications/lpcxpresso_7.5.0_254/lpcxpresso/tools/bin/../lib/gcc/arm-none-eabi/4.8.4/armv7-m/libcr_eabihelpers.a(double.o)
 .comment       0x0000000000000000       0x71 /Applications/lpcxpresso_7.5.0_254/lpcxpresso/tools/bin/../lib/gcc/arm-none-eabi/4.8.4/armv7-m/libcr_eabihelpers.a(float.o)

.ARM.attributes
                0x0000000000000000       0x31
 .ARM.attributes
                0x0000000000000000       0x33 ./src/Bluetooth_3032.o
 .ARM.attributes
                0x0000000000000033       0x33 ./src/GPS_3032.o
 .ARM.attributes
                0x0000000000000066       0x33 ./src/Load_3032.o
 .ARM.attributes
                0x0000000000000099       0x33 ./src/Temp_3032.o
 .ARM.attributes
                0x00000000000000cc       0x33 ./src/cr_startup_lpc176x.o
 .ARM.attributes
                0x00000000000000ff       0x33 ./src/fat_access.o
 .ARM.attributes
                0x0000000000000132       0x33 ./src/fat_cache.o
 .ARM.attributes
                0x0000000000000165       0x33 ./src/fat_filelib.o
 .ARM.attributes
                0x0000000000000198       0x33 ./src/fat_misc.o
 .ARM.attributes
                0x00000000000001cb       0x33 ./src/fat_string.o
 .ARM.attributes
                0x00000000000001fe       0x33 ./src/fat_table.o
 .ARM.attributes
                0x0000000000000231       0x33 ./src/fat_write.o
 .ARM.attributes
                0x0000000000000264       0x33 ./src/main.o
 .ARM.attributes
                0x0000000000000297       0x33 ./src/sd.o
 .ARM.attributes
                0x00000000000002ca       0x33 ./src/spi.o
 .ARM.attributes
                0x00000000000002fd       0x33 /Users/wangjiadong/LPCXpresso/workspace/Lib_CMSISv1p30_LPC17xx/Debug/libCMSISv1p30_LPC17xx.a(system_LPC17xx.o)
 .ARM.attributes
                0x0000000000000330       0x33 /Users/wangjiadong/LPCXpresso/workspace/Lib_MCU/Debug/libLib_MCU.a(lpc17xx_gpio.o)
 .ARM.attributes
                0x0000000000000363       0x33 /Users/wangjiadong/LPCXpresso/workspace/Lib_MCU/Debug/libLib_MCU.a(lpc17xx_pinsel.o)
 .ARM.attributes
                0x0000000000000396       0x33 /Users/wangjiadong/LPCXpresso/workspace/Lib_MCU/Debug/libLib_MCU.a(lpc17xx_uart.o)
 .ARM.attributes
                0x00000000000003c9       0x33 /Users/wangjiadong/LPCXpresso/workspace/Lib_MCU/Debug/libLib_MCU.a(lpc17xx_clkpwr.o)
 .ARM.attributes
                0x00000000000003fc       0x33 /Users/wangjiadong/LPCXpresso/workspace/Lib_MCU/Debug/libLib_MCU.a(lpc17xx_libcfg_default.o)
 .ARM.attributes
                0x000000000000042f       0x33 /Applications/lpcxpresso_7.5.0_254/lpcxpresso/tools/bin/../lib/gcc/arm-none-eabi/4.8.4/../../../../arm-none-eabi/lib/armv7-m/libcr_semihost.a(_cr__main.o)
 .ARM.attributes
                0x0000000000000462       0x33 /Applications/lpcxpresso_7.5.0_254/lpcxpresso/tools/bin/../lib/gcc/arm-none-eabi/4.8.4/../../../../arm-none-eabi/lib/armv7-m/libcr_c.a(memcpy.o)
 .ARM.attributes
                0x0000000000000495       0x33 /Applications/lpcxpresso_7.5.0_254/lpcxpresso/tools/bin/../lib/gcc/arm-none-eabi/4.8.4/../../../../arm-none-eabi/lib/armv7-m/libcr_c.a(memset.o)
 .ARM.attributes
                0x00000000000004c8       0x33 /Applications/lpcxpresso_7.5.0_254/lpcxpresso/tools/bin/../lib/gcc/arm-none-eabi/4.8.4/../../../../arm-none-eabi/lib/armv7-m/libcr_c.a(fpprintf.o)
 .ARM.attributes
                0x00000000000004fb       0x33 /Applications/lpcxpresso_7.5.0_254/lpcxpresso/tools/bin/../lib/gcc/arm-none-eabi/4.8.4/../../../../arm-none-eabi/lib/armv7-m/libcr_c.a(initio.o)
 .ARM.attributes
                0x000000000000052e       0x33 /Applications/lpcxpresso_7.5.0_254/lpcxpresso/tools/bin/../lib/gcc/arm-none-eabi/4.8.4/../../../../arm-none-eabi/lib/armv7-m/libcr_c.a(printf.o)
 .ARM.attributes
                0x0000000000000561       0x33 /Applications/lpcxpresso_7.5.0_254/lpcxpresso/tools/bin/../lib/gcc/arm-none-eabi/4.8.4/../../../../arm-none-eabi/lib/armv7-m/libcr_c.a(scanf.o)
 .ARM.attributes
                0x0000000000000594       0x33 /Applications/lpcxpresso_7.5.0_254/lpcxpresso/tools/bin/../lib/gcc/arm-none-eabi/4.8.4/../../../../arm-none-eabi/lib/armv7-m/libcr_c.a(setvbuf.o)
 .ARM.attributes
                0x00000000000005c7       0x33 /Applications/lpcxpresso_7.5.0_254/lpcxpresso/tools/bin/../lib/gcc/arm-none-eabi/4.8.4/../../../../arm-none-eabi/lib/armv7-m/libcr_c.a(stdio.o)
 .ARM.attributes
                0x00000000000005fa       0x33 /Applications/lpcxpresso_7.5.0_254/lpcxpresso/tools/bin/../lib/gcc/arm-none-eabi/4.8.4/../../../../arm-none-eabi/lib/armv7-m/libcr_c.a(strlen.o)
 .ARM.attributes
                0x000000000000062d       0x33 /Applications/lpcxpresso_7.5.0_254/lpcxpresso/tools/bin/../lib/gcc/arm-none-eabi/4.8.4/../../../../arm-none-eabi/lib/armv7-m/libcr_c.a(strncmp.o)
 .ARM.attributes
                0x0000000000000660       0x33 /Applications/lpcxpresso_7.5.0_254/lpcxpresso/tools/bin/../lib/gcc/arm-none-eabi/4.8.4/../../../../arm-none-eabi/lib/armv7-m/libcr_c.a(strncpy.o)
 .ARM.attributes
                0x0000000000000693       0x33 /Applications/lpcxpresso_7.5.0_254/lpcxpresso/tools/bin/../lib/gcc/arm-none-eabi/4.8.4/../../../../arm-none-eabi/lib/armv7-m/libcr_c.a(strstr.o)
 .ARM.attributes
                0x00000000000006c6       0x33 /Applications/lpcxpresso_7.5.0_254/lpcxpresso/tools/bin/../lib/gcc/arm-none-eabi/4.8.4/../../../../arm-none-eabi/lib/armv7-m/libcr_c.a(ungetc.o)
 .ARM.attributes
                0x00000000000006f9       0x33 /Applications/lpcxpresso_7.5.0_254/lpcxpresso/tools/bin/../lib/gcc/arm-none-eabi/4.8.4/../../../../arm-none-eabi/lib/armv7-m/libcr_c.a(__fillbuf.o)
 .ARM.attributes
                0x000000000000072c       0x33 /Applications/lpcxpresso_7.5.0_254/lpcxpresso/tools/bin/../lib/gcc/arm-none-eabi/4.8.4/../../../../arm-none-eabi/lib/armv7-m/libcr_c.a(_deferredlazyseek.o)
 .ARM.attributes
                0x000000000000075f       0x33 /Applications/lpcxpresso_7.5.0_254/lpcxpresso/tools/bin/../lib/gcc/arm-none-eabi/4.8.4/../../../../arm-none-eabi/lib/armv7-m/libcr_c.a(_fdopen.o)
 .ARM.attributes
                0x0000000000000792       0x33 /Applications/lpcxpresso_7.5.0_254/lpcxpresso/tools/bin/../lib/gcc/arm-none-eabi/4.8.4/../../../../arm-none-eabi/lib/armv7-m/libcr_c.a(_fflush.o)
 .ARM.attributes
                0x00000000000007c5       0x33 /Applications/lpcxpresso_7.5.0_254/lpcxpresso/tools/bin/../lib/gcc/arm-none-eabi/4.8.4/../../../../arm-none-eabi/lib/armv7-m/libcr_c.a(_frexpl.o)
 .ARM.attributes
                0x00000000000007f8       0x33 /Applications/lpcxpresso_7.5.0_254/lpcxpresso/tools/bin/../lib/gcc/arm-none-eabi/4.8.4/../../../../arm-none-eabi/lib/armv7-m/libcr_c.a(_hugeval.o)
 .ARM.attributes
                0x000000000000082b       0x33 /Applications/lpcxpresso_7.5.0_254/lpcxpresso/tools/bin/../lib/gcc/arm-none-eabi/4.8.4/../../../../arm-none-eabi/lib/armv7-m/libcr_c.a(_ldexpl.o)
 .ARM.attributes
                0x000000000000085e       0x33 /Applications/lpcxpresso_7.5.0_254/lpcxpresso/tools/bin/../lib/gcc/arm-none-eabi/4.8.4/../../../../arm-none-eabi/lib/armv7-m/libcr_c.a(_writebuf.o)
 .ARM.attributes
                0x0000000000000891       0x33 /Applications/lpcxpresso_7.5.0_254/lpcxpresso/tools/bin/../lib/gcc/arm-none-eabi/4.8.4/../../../../arm-none-eabi/lib/armv7-m/libcr_c.a(alloc.o)
 .ARM.attributes
                0x00000000000008c4       0x33 /Applications/lpcxpresso_7.5.0_254/lpcxpresso/tools/bin/../lib/gcc/arm-none-eabi/4.8.4/../../../../arm-none-eabi/lib/armv7-m/libcr_c.a(ctype.o)
 .ARM.attributes
                0x00000000000008f7       0x33 /Applications/lpcxpresso_7.5.0_254/lpcxpresso/tools/bin/../lib/gcc/arm-none-eabi/4.8.4/../../../../arm-none-eabi/lib/armv7-m/libcr_c.a(errno.o)
 .ARM.attributes
                0x000000000000092a       0x33 /Applications/lpcxpresso_7.5.0_254/lpcxpresso/tools/bin/../lib/gcc/arm-none-eabi/4.8.4/../../../../arm-none-eabi/lib/armv7-m/libcr_c.a(fclose.o)
 .ARM.attributes
                0x000000000000095d       0x33 /Applications/lpcxpresso_7.5.0_254/lpcxpresso/tools/bin/../lib/gcc/arm-none-eabi/4.8.4/../../../../arm-none-eabi/lib/armv7-m/libcr_c.a(fflush.o)
 .ARM.attributes
                0x0000000000000990       0x33 /Applications/lpcxpresso_7.5.0_254/lpcxpresso/tools/bin/../lib/gcc/arm-none-eabi/4.8.4/../../../../arm-none-eabi/lib/armv7-m/libcr_c.a(fseek.o)
 .ARM.attributes
                0x00000000000009c3       0x33 /Applications/lpcxpresso_7.5.0_254/lpcxpresso/tools/bin/../lib/gcc/arm-none-eabi/4.8.4/../../../../arm-none-eabi/lib/armv7-m/libcr_c.a(ftell.o)
 .ARM.attributes
                0x00000000000009f6       0x33 /Applications/lpcxpresso_7.5.0_254/lpcxpresso/tools/bin/../lib/gcc/arm-none-eabi/4.8.4/../../../../arm-none-eabi/lib/armv7-m/libcr_c.a(remove.o)
 .ARM.attributes
                0x0000000000000a29       0x33 /Applications/lpcxpresso_7.5.0_254/lpcxpresso/tools/bin/../lib/gcc/arm-none-eabi/4.8.4/../../../../arm-none-eabi/lib/armv7-m/libcr_c.a(__init_alloc.o)
 .ARM.attributes
                0x0000000000000a5c       0x33 /Applications/lpcxpresso_7.5.0_254/lpcxpresso/tools/bin/../lib/gcc/arm-none-eabi/4.8.4/../../../../arm-none-eabi/lib/armv7-m/libcr_c.a(_cr_sbrk.o)
 .ARM.attributes
                0x0000000000000a8f       0x33 /Applications/lpcxpresso_7.5.0_254/lpcxpresso/tools/bin/../lib/gcc/arm-none-eabi/4.8.4/../../../../arm-none-eabi/lib/armv7-m/libcr_c.a(_do_fflush.o)
 .ARM.attributes
                0x0000000000000ac2       0x33 /Applications/lpcxpresso_7.5.0_254/lpcxpresso/tools/bin/../lib/gcc/arm-none-eabi/4.8.4/../../../../arm-none-eabi/lib/armv7-m/libcr_c.a(_cr_check_heap.o)
 .ARM.attributes
                0x0000000000000af5       0x33 /Applications/lpcxpresso_7.5.0_254/lpcxpresso/tools/bin/../lib/gcc/arm-none-eabi/4.8.4/armv7-m/libcr_eabihelpers.a(double.o)
 .ARM.attributes
                0x0000000000000b28       0x33 /Applications/lpcxpresso_7.5.0_254/lpcxpresso/tools/bin/../lib/gcc/arm-none-eabi/4.8.4/armv7-m/libcr_eabihelpers.a(float.o)
 .ARM.attributes
                0x0000000000000b5b       0x21 /Applications/lpcxpresso_7.5.0_254/lpcxpresso/tools/bin/../lib/gcc/arm-none-eabi/4.8.4/armv7-m/libcr_eabihelpers.a(memcpy.o)
 .ARM.attributes
                0x0000000000000b7c       0x21 /Applications/lpcxpresso_7.5.0_254/lpcxpresso/tools/bin/../lib/gcc/arm-none-eabi/4.8.4/../../../../arm-none-eabi/lib/armv7-m/libcr_semihost.a(__sys_appexit.o)
 .ARM.attributes
                0x0000000000000b9d       0x21 /Applications/lpcxpresso_7.5.0_254/lpcxpresso/tools/bin/../lib/gcc/arm-none-eabi/4.8.4/../../../../arm-none-eabi/lib/armv7-m/libcr_semihost.a(__sys_close.o)
 .ARM.attributes
                0x0000000000000bbe       0x21 /Applications/lpcxpresso_7.5.0_254/lpcxpresso/tools/bin/../lib/gcc/arm-none-eabi/4.8.4/../../../../arm-none-eabi/lib/armv7-m/libcr_semihost.a(__sys_flen.o)
 .ARM.attributes
                0x0000000000000bdf       0x21 /Applications/lpcxpresso_7.5.0_254/lpcxpresso/tools/bin/../lib/gcc/arm-none-eabi/4.8.4/../../../../arm-none-eabi/lib/armv7-m/libcr_semihost.a(__sys_istty.o)
 .ARM.attributes
                0x0000000000000c00       0x21 /Applications/lpcxpresso_7.5.0_254/lpcxpresso/tools/bin/../lib/gcc/arm-none-eabi/4.8.4/../../../../arm-none-eabi/lib/armv7-m/libcr_semihost.a(__sys_read.o)
 .ARM.attributes
                0x0000000000000c21       0x21 /Applications/lpcxpresso_7.5.0_254/lpcxpresso/tools/bin/../lib/gcc/arm-none-eabi/4.8.4/../../../../arm-none-eabi/lib/armv7-m/libcr_semihost.a(__sys_readc.o)
 .ARM.attributes
                0x0000000000000c42       0x21 /Applications/lpcxpresso_7.5.0_254/lpcxpresso/tools/bin/../lib/gcc/arm-none-eabi/4.8.4/../../../../arm-none-eabi/lib/armv7-m/libcr_semihost.a(__sys_remove.o)
 .ARM.attributes
                0x0000000000000c63       0x21 /Applications/lpcxpresso_7.5.0_254/lpcxpresso/tools/bin/../lib/gcc/arm-none-eabi/4.8.4/../../../../arm-none-eabi/lib/armv7-m/libcr_semihost.a(__sys_seek.o)
 .ARM.attributes
                0x0000000000000c84       0x21 /Applications/lpcxpresso_7.5.0_254/lpcxpresso/tools/bin/../lib/gcc/arm-none-eabi/4.8.4/../../../../arm-none-eabi/lib/armv7-m/libcr_semihost.a(__sys_tmpnam.o)
 .ARM.attributes
                0x0000000000000ca5       0x21 /Applications/lpcxpresso_7.5.0_254/lpcxpresso/tools/bin/../lib/gcc/arm-none-eabi/4.8.4/../../../../arm-none-eabi/lib/armv7-m/libcr_semihost.a(__sys_write.o)

.debug_frame    0x0000000000000000     0x1f30
 .debug_frame   0x0000000000000000       0xa8 ./src/Bluetooth_3032.o
 .debug_frame   0x00000000000000a8       0xa8 ./src/GPS_3032.o
 .debug_frame   0x0000000000000150       0x7c ./src/Load_3032.o
 .debug_frame   0x00000000000001cc       0x68 ./src/Temp_3032.o
 .debug_frame   0x0000000000000234       0xf0 ./src/cr_startup_lpc176x.o