Archive member included because of file (symbol)

/Users/wangjiadong/LPCXpresso/workspace/Lib_CMSISv1p30_LPC17xx/Debug/libCMSISv1p30_LPC17xx.a(system_LPC17xx.o)
                              ./src/main.o (SystemCoreClock)
/Users/wangjiadong/LPCXpresso/workspace/Lib_MCU/Debug/libLib_MCU.a(lpc17xx_gpio.o)
                              ./src/GPS_3032.o (GPIO_SetDir)
/Users/wangjiadong/LPCXpresso/workspace/Lib_MCU/Debug/libLib_MCU.a(lpc17xx_pinsel.o)
                              ./src/Bluetooth_3032.o (PINSEL_ConfigPin)
/Users/wangjiadong/LPCXpresso/workspace/Lib_MCU/Debug/libLib_MCU.a(lpc17xx_uart.o)
                              ./src/Bluetooth_3032.o (UART_TxCmd)
/Users/wangjiadong/LPCXpresso/workspace/Lib_MCU/Debug/libLib_MCU.a(lpc17xx_clkpwr.o)
                              /Users/wangjiadong/LPCXpresso/workspace/Lib_MCU/Debug/libLib_MCU.a(lpc17xx_uart.o) (CLKPWR_GetPCLK)
/Users/wangjiadong/LPCXpresso/workspace/Lib_MCU/Debug/libLib_MCU.a(lpc17xx_libcfg_default.o)
                              /Users/wangjiadong/LPCXpresso/workspace/Lib_MCU/Debug/libLib_MCU.a(lpc17xx_uart.o) (check_failed)
/Applications/lpcxpresso_7.5.0_254/lpcxpresso/tools/bin/../lib/gcc/arm-none-eabi/4.8.4/../../../../arm-none-eabi/lib/armv7-m/libcr_semihost.a(_cr__main.o)
                              ./src/cr_startup_lpc176x.o (__main)
/Applications/lpcxpresso_7.5.0_254/lpcxpresso/tools/bin/../lib/gcc/arm-none-eabi/4.8.4/../../../../arm-none-eabi/lib/armv7-m/libcr_c.a(memcpy.o)
                              ./src/fat_access.o (memcpy)
/Applications/lpcxpresso_7.5.0_254/lpcxpresso/tools/bin/../lib/gcc/arm-none-eabi/4.8.4/../../../../arm-none-eabi/lib/armv7-m/libcr_c.a(memset.o)
                              ./src/GSM_3032.o (memset)
/Applications/lpcxpresso_7.5.0_254/lpcxpresso/tools/bin/../lib/gcc/arm-none-eabi/4.8.4/../../../../arm-none-eabi/lib/armv7-m/libcr_c.a(fpprintf.o)
                              ./src/GSM_3032.o (sprintf)
/Applications/lpcxpresso_7.5.0_254/lpcxpresso/tools/bin/../lib/gcc/arm-none-eabi/4.8.4/../../../../arm-none-eabi/lib/armv7-m/libcr_c.a(initio.o)
                              /Applications/lpcxpresso_7.5.0_254/lpcxpresso/tools/bin/../lib/gcc/arm-none-eabi/4.8.4/../../../../arm-none-eabi/lib/armv7-m/libcr_semihost.a(_cr__main.o) (_initio)
/Applications/lpcxpresso_7.5.0_254/lpcxpresso/tools/bin/../lib/gcc/arm-none-eabi/4.8.4/../../../../arm-none-eabi/lib/armv7-m/libcr_c.a(printf.o)
                              /Applications/lpcxpresso_7.5.0_254/lpcxpresso/tools/bin/../lib/gcc/arm-none-eabi/4.8.4/../../../../arm-none-eabi/lib/armv7-m/libcr_c.a(fpprintf.o) (__vfprintf)
/Applications/lpcxpresso_7.5.0_254/lpcxpresso/tools/bin/../lib/gcc/arm-none-eabi/4.8.4/../../../../arm-none-eabi/lib/armv7-m/libcr_c.a(scanf.o)
                              ./src/main.o (sscanf)
/Applications/lpcxpresso_7.5.0_254/lpcxpresso/tools/bin/../lib/gcc/arm-none-eabi/4.8.4/../../../../arm-none-eabi/lib/armv7-m/libcr_c.a(setvbuf.o)
                              /Applications/lpcxpresso_7.5.0_254/lpcxpresso/tools/bin/../lib/gcc/arm-none-eabi/4.8.4/../../../../arm-none-eabi/lib/armv7-m/libcr_c.a(initio.o) (setvbuf)
/Applications/lpcxpresso_7.5.0_254/lpcxpresso/tools/bin/../lib/gcc/arm-none-eabi/4.8.4/../../../../arm-none-eabi/lib/armv7-m/libcr_c.a(sqrt.o)
                              ./src/main.o (sqrt)
/Applications/lpcxpresso_7.5.0_254/lpcxpresso/tools/bin/../lib/gcc/arm-none-eabi/4.8.4/../../../../arm-none-eabi/lib/armv7-m/libcr_c.a(stdio.o)
                              /Applications/lpcxpresso_7.5.0_254/lpcxpresso/tools/bin/../lib/gcc/arm-none-eabi/4.8.4/../../../../arm-none-eabi/lib/armv7-m/libcr_c.a(fpprintf.o) (__Ciob)
/Applications/lpcxpresso_7.5.0_254/lpcxpresso/tools/bin/../lib/gcc/arm-none-eabi/4.8.4/../../../../arm-none-eabi/lib/armv7-m/libcr_c.a(strcpy.o)
                              ./src/main.o (strcpy)
/Applications/lpcxpresso_7.5.0_254/lpcxpresso/tools/bin/../lib/gcc/arm-none-eabi/4.8.4/../../../../arm-none-eabi/lib/armv7-m/libcr_c.a(strlen.o)
                              ./src/Bluetooth_3032.o (strlen)
/Applications/lpcxpresso_7.5.0_254/lpcxpresso/tools/bin/../lib/gcc/arm-none-eabi/4.8.4/../../../../arm-none-eabi/lib/armv7-m/libcr_c.a(strncmp.o)
                              ./src/fat_access.o (strncmp)
/Applications/lpcxpresso_7.5.0_254/lpcxpresso/tools/bin/../lib/gcc/arm-none-eabi/4.8.4/../../../../arm-none-eabi/lib/armv7-m/libcr_c.a(strncpy.o)
                              ./src/fat_access.o (strncpy)
/Applications/lpcxpresso_7.5.0_254/lpcxpresso/tools/bin/../lib/gcc/arm-none-eabi/4.8.4/../../../../arm-none-eabi/lib/armv7-m/libcr_c.a(strstr.o)
                              ./src/main.o (strstr)
/Applications/lpcxpresso_7.5.0_254/lpcxpresso/tools/bin/../lib/gcc/arm-none-eabi/4.8.4/../../../../arm-none-eabi/lib/armv7-m/libcr_c.a(ungetc.o)
[...]
Memory Configuration

Name             Origin             Length             Attributes
MFlash512        0x0000000000000000 0x0000000000080000 xr
RamLoc32         0x0000000010000000 0x0000000000008000 xrw
RamAHB32         0x000000002007c000 0x0000000000008000 xrw
*default*        0x0000000000000000 0xffffffffffffffff

Linker script and memory map

LOAD ./src/Bluetooth_3032.o
LOAD ./src/GPS_3032.o
LOAD ./src/GSM_3032.o
LOAD ./src/Load_3032.o
LOAD ./src/Temp_3032.o
LOAD ./src/cr_startup_lpc176x.o
LOAD ./src/fat_access.o
LOAD ./src/fat_cache.o
LOAD ./src/fat_filelib.o
LOAD ./src/fat_format.o
LOAD ./src/fat_misc.o
LOAD ./src/fat_string.o
LOAD ./src/fat_table.o
LOAD ./src/fat_write.o
LOAD ./src/main.o
LOAD ./src/sd.o
LOAD ./src/spi.o
LOAD /Users/wangjiadong/LPCXpresso/workspace/Lib_CMSISv1p30_LPC17xx/Debug/libCMSISv1p30_LPC17xx.a
LOAD /Users/wangjiadong/LPCXpresso/workspace/Lib_MCU/Debug/libLib_MCU.a
START GROUP
LOAD /Applications/lpcxpresso_7.5.0_254/lpcxpresso/tools/bin/../lib/gcc/arm-none-eabi/4.8.4/../../../../arm-none-eabi/lib/armv7-m/libcr_semihost.a
LOAD /Applications/lpcxpresso_7.5.0_254/lpcxpresso/tools/bin/../lib/gcc/arm-none-eabi/4.8.4/../../../../arm-none-eabi/lib/armv7-m/libcr_c.a
LOAD /Applications/lpcxpresso_7.5.0_254/lpcxpresso/tools/bin/../lib/gcc/arm-none-eabi/4.8.4/armv7-m/libcr_eabihelpers.a
END GROUP
                0x0000000000080000                __top_MFlash512 = 0x80000
                0x0000000010008000                __top_RamLoc32 = 0x10008000
                0x0000000020084000                __top_RamAHB32 = 0x20084000

.text           0x0000000000000000     0xac68
 FILL mask 0xff
                0x0000000000000000                __vectors_start__ = ABSOLUTE (.)
 *(.isr_vector)
 .isr_vector    0x0000000000000000       0xcc ./src/cr_startup_lpc176x.o
                0x0000000000000000                g_pfnVectors
                0x00000000000000cc                . = ALIGN (0x4)
                0x00000000000000cc                __section_table_start = .
                0x00000000000000cc                __data_section_table = .
                0x00000000000000cc        0x4 LONG 0xac68 LOADADDR (.data)
                0x00000000000000d0        0x4 LONG 0x10000000 ADDR (.data)
                0x00000000000000d4        0x4 LONG 0x99c SIZEOF (.data)
                0x00000000000000d8        0x4 LONG 0xac68 LOADADDR (.data_RAM2)
                0x00000000000000dc        0x4 LONG 0x2007c000 ADDR (.data_RAM2)
                0x00000000000000e0        0x4 LONG 0x0 SIZEOF (.data_RAM2)
                0x00000000000000e4                __data_section_table_end = .
                0x00000000000000e4                __bss_section_table = .
                0x00000000000000e4        0x4 LONG 0x100009a0 ADDR (.bss)
                0x00000000000000e8        0x4 LONG 0x1248 SIZEOF (.bss)
                0x00000000000000ec        0x4 LONG 0x2007c000 ADDR (.bss_RAM2)
                0x00000000000000f0        0x4 LONG 0x0 SIZEOF (.bss_RAM2)
                0x00000000000000f4                __bss_section_table_end = .
                0x00000000000000f4                __section_table_end = .
 *(.after_vectors*)
 .after_vectors
                0x00000000000000f4       0x78 ./src/cr_startup_lpc176x.o
                0x00000000000000f4                NMI_Handler
                0x00000000000000f6                HardFault_Handler
                0x00000000000000f8                MemManage_Handler
                0x00000000000000fa                BusFault_Handler
                0x00000000000000fc                UsageFault_Handler
                0x00000000000000fe                SVCall_Handler
                0x0000000000000100                DebugMon_Handler
                0x0000000000000102                PendSV_Handler
                0x0000000000000106                UART1_IRQHandler
                0x0000000000000106                EINT3_IRQHandler
                0x0000000000000106                CANActivity_IRQHandler
                0x0000000000000106                TIMER3_IRQHandler
                0x0000000000000106                IntDefaultHandler
                0x0000000000000106                PLL0_IRQHandler
                0x0000000000000106                CAN_IRQHandler
                0x0000000000000106                PLL1_IRQHandler
                0x0000000000000106                SSP0_IRQHandler
                0x0000000000000106                I2S_IRQHandler
                0x0000000000000106                I2C2_IRQHandler
                0x0000000000000106                RTC_IRQHandler
                0x0000000000000106                TIMER0_IRQHandler
                0x0000000000000106                SPI_IRQHandler
                0x0000000000000106                EINT1_IRQHandler
                0x0000000000000106                TIMER1_IRQHandler
                0x0000000000000106                ADC_IRQHandler
                0x0000000000000106                SSP1_IRQHandler
                0x0000000000000106                USB_IRQHandler
                0x0000000000000106                BOD_IRQHandler
                0x0000000000000106                WDT_IRQHandler
                0x0000000000000106                QEI_IRQHandler
                0x0000000000000106                EINT0_IRQHandler
                0x0000000000000106                ENET_IRQHandler
                0x0000000000000106                TIMER2_IRQHandler
                0x0000000000000106                RIT_IRQHandler
                0x0000000000000106                I2C0_IRQHandler
                0x0000000000000106                USBActivity_IRQHandler
                0x0000000000000106                PWM1_IRQHandler
                0x0000000000000106                I2C1_IRQHandler
                0x0000000000000106                EINT2_IRQHandler
                0x0000000000000106                DMA_IRQHandler
                0x0000000000000106                MCPWM_IRQHandler
                0x0000000000000108                data_init
                0x000000000000011a                bss_init
                0x000000000000012a                ResetISR
 *(.text*)
 .text.NVIC_EnableIRQ
                0x000000000000016c       0x30 ./src/Bluetooth_3032.o
 .text.pinsel_uart3
                0x000000000000019c       0x2c ./src/Bluetooth_3032.o
                0x000000000000019c                pinsel_uart3
 .text.init_uart
                0x00000000000001c8       0x48 ./src/Bluetooth_3032.o
                0x00000000000001c8                init_uart
 .text.bt_send  0x0000000000000210       0x64 ./src/Bluetooth_3032.o
                0x0000000000000210                bt_send
 .text.init_bt  0x0000000000000274       0x10 ./src/Bluetooth_3032.o
                0x0000000000000274                init_bt
 .text.pinsel_uart2
                0x0000000000000284       0x2c ./src/GPS_3032.o
                0x0000000000000284                pinsel_uart2
 .text.GPS_switch_init
                0x00000000000002b0       0x38 ./src/GPS_3032.o
                0x00000000000002b0                GPS_switch_init
 .text.init_uart2
                0x00000000000002e8       0x4c ./src/GPS_3032.o
                0x00000000000002e8                init_uart2
 .text.NVIC_EnableIRQ
                0x0000000000000334       0x30 ./src/GSM_3032.o
 .text.pinsel_uart0
                0x0000000000000364       0x2c ./src/GSM_3032.o
                0x0000000000000364                pinsel_uart0
 .text.init_uart0
                0x0000000000000390       0x48 ./src/GSM_3032.o
                0x0000000000000390                init_uart0
 .text.init_gsm
                0x00000000000003d8       0x10 ./src/GSM_3032.o
                0x00000000000003d8                init_gsm
 .text.init_load
                0x00000000000003e8       0x68 ./src/Load_3032.o
                0x00000000000003e8                init_load
 .text.read_load_1
                0x0000000000000450       0x48 ./src/Load_3032.o
                0x0000000000000450                read_load_1
 .text.read_load_2
                0x0000000000000498       0x48 ./src/Load_3032.o
                0x0000000000000498                read_load_2
 .text.read_load_3
                0x00000000000004e0       0x48 ./src/Load_3032.o
                0x00000000000004e0                read_load_3
 .text.init_gpio_2_8
                0x0000000000000528       0x38 ./src/Temp_3032.o
                0x0000000000000528                init_gpio_2_8
 .text.init_temp
                0x0000000000000560       0x50 ./src/Temp_3032.o
                0x0000000000000560                init_temp
 .text.read_temp
                0x00000000000005b0       0x48 ./src/Temp_3032.o
                0x00000000000005b0                read_temp
 .text.fatfs_init
                0x00000000000005f8      0x404 ./src/fat_access.o
                0x00000000000005f8                fatfs_init
 .text.fatfs_lba_of_cluster
                0x00000000000009fc       0x58 ./src/fat_access.o
                0x00000000000009fc                fatfs_lba_of_cluster
 .text.fatfs_sector_read
                0x0000000000000a54       0x24 ./src/fat_access.o
                0x0000000000000a54                fatfs_sector_read
 .text.fatfs_sector_write
                0x0000000000000a78       0x24 ./src/fat_access.o
                0x0000000000000a78                fatfs_sector_write
 .text.fatfs_sector_reader
                0x0000000000000a9c       0xf4 ./src/fat_access.o
                0x0000000000000a9c                fatfs_sector_reader
 .text.fatfs_write_sector
                0x0000000000000b90       0xdc ./src/fat_access.o
                0x0000000000000b90                fatfs_write_sector
 .text.fatfs_get_root_cluster
                0x0000000000000c6c       0x18 ./src/fat_access.o
                0x0000000000000c6c                fatfs_get_root_cluster
 .text.fatfs_get_file_entry
                0x0000000000000c84      0x248 ./src/fat_access.o
                0x0000000000000c84                fatfs_get_file_entry
 .text.fatfs_sfn_exists
                0x0000000000000ecc       0x9c ./src/fat_access.o
                0x0000000000000ecc                fatfs_sfn_exists
 .text.fatfs_update_file_length
                0x0000000000000f68       0xd8 ./src/fat_access.o
                0x0000000000000f68                fatfs_update_file_length
 .text.fatfs_list_directory_start
                0x0000000000001040       0x28 ./src/fat_access.o
                0x0000000000001040                fatfs_list_directory_start
 .text.fatfs_list_directory_next
                0x0000000000001068      0x2f8 ./src/fat_access.o
                0x0000000000001068                fatfs_list_directory_next
 .text.fatfs_cache_init
                0x0000000000001360       0x18 ./src/fat_cache.o
                0x0000000000001360                fatfs_cache_init
 .text.fatfs_cache_get_next_cluster
                0x0000000000001378       0x1c ./src/fat_cache.o
                0x0000000000001378                fatfs_cache_get_next_cluster
 .text.fatfs_cache_set_next_cluster
                0x0000000000001394       0x1c ./src/fat_cache.o
                0x0000000000001394                fatfs_cache_set_next_cluster
 .text.fat_list_init
                0x00000000000013b0       0x20 ./src/fat_filelib.o
 .text.fat_list_remove
                0x00000000000013d0       0x4c ./src/fat_filelib.o
 .text.fat_list_insert_after
                0x000000000000141c       0x44 ./src/fat_filelib.o
 .text.fat_list_insert_before
                0x0000000000001460       0x44 ./src/fat_filelib.o
 .text.fat_list_insert_first
                0x00000000000014a4       0x40 ./src/fat_filelib.o
 .text.fat_list_insert_last
                0x00000000000014e4       0x30 ./src/fat_filelib.o
 .text.fat_list_pop_head
                0x0000000000001514       0x28 ./src/fat_filelib.o
 .text._allocate_file
                0x000000000000153c       0x3c ./src/fat_filelib.o
 .text._check_file_open
                0x0000000000001578       0x7c ./src/fat_filelib.o
 .text._free_file
                0x00000000000015f4       0x34 ./src/fat_filelib.o
 .text._open_directory
                0x0000000000001628       0xc8 ./src/fat_filelib.o
 .text._open_file
                0x00000000000016f0      0x160 ./src/fat_filelib.o
 .text._create_file
                0x0000000000001850      0x238 ./src/fat_filelib.o
 .text._read_sectors
                0x0000000000001a88      0x130 ./src/fat_filelib.o
 .text.fl_init  0x0000000000001bb8       0x5c ./src/fat_filelib.o
                0x0000000000001bb8                fl_init
 .text.fl_attach_media
                0x0000000000001c14       0x5c ./src/fat_filelib.o
                0x0000000000001c14                fl_attach_media
 .text.fl_fopen
                0x0000000000001c70      0x2f8 ./src/fat_filelib.o
                0x0000000000001c70                fl_fopen
 .text._write_sectors
                0x0000000000001f68      0x168 ./src/fat_filelib.o
 .text.fl_fflush
                0x00000000000020d0       0x7c ./src/fat_filelib.o
                0x00000000000020d0                fl_fflush
 .text.fl_fclose
                0x000000000000214c       0xa8 ./src/fat_filelib.o
                0x000000000000214c                fl_fclose
 .text.fl_fgetc
                0x00000000000021f4       0x34 ./src/fat_filelib.o
                0x00000000000021f4                fl_fgetc
 .text.fl_fgets
                0x0000000000002228       0x70 ./src/fat_filelib.o
                0x0000000000002228                fl_fgets
 .text.fl_fread
                0x0000000000002298      0x1a0 ./src/fat_filelib.o
                0x0000000000002298                fl_fread
 .text.fl_fwrite
                0x0000000000002438      0x224 ./src/fat_filelib.o
                0x0000000000002438                fl_fwrite
 .text.fl_fputs
                0x000000000000265c       0x38 ./src/fat_filelib.o
                0x000000000000265c                fl_fputs
 .text.fl_listdirectory
                0x0000000000002694       0xc0 ./src/fat_filelib.o
                0x0000000000002694                fl_listdirectory
 .text.fl_opendir
                0x0000000000002754       0x98 ./src/fat_filelib.o
                0x0000000000002754                fl_opendir
 .text.fl_readdir
                0x00000000000027ec       0x60 ./src/fat_filelib.o
                0x00000000000027ec                fl_readdir
 .text.fl_closedir
                0x000000000000284c       0x18 ./src/fat_filelib.o
                0x000000000000284c                fl_closedir
 .text.fatfs_lfn_cache_init
                0x0000000000002864       0x50 ./src/fat_misc.o
                0x0000000000002864                fatfs_lfn_cache_init
 .text.fatfs_lfn_cache_entry
                0x00000000000028b4      0x1f4 ./src/fat_misc.o
                0x00000000000028b4                fatfs_lfn_cache_entry
 .text.fatfs_lfn_cache_get
                0x0000000000002aa8       0x58 ./src/fat_misc.o
                0x0000000000002aa8                fatfs_lfn_cache_get
 .text.fatfs_entry_lfn_text
                0x0000000000002b00       0x28 ./src/fat_misc.o
                0x0000000000002b00                fatfs_entry_lfn_text
 .text.fatfs_entry_lfn_invalid
                0x0000000000002b28       0x40 ./src/fat_misc.o
                0x0000000000002b28                fatfs_entry_lfn_invalid
 .text.fatfs_entry_lfn_exists
                0x0000000000002b68       0x54 ./src/fat_misc.o
                0x0000000000002b68                fatfs_entry_lfn_exists
 .text.fatfs_entry_sfn_only
                0x0000000000002bbc       0x48 ./src/fat_misc.o
                0x0000000000002bbc                fatfs_entry_sfn_only
 .text.fatfs_entry_is_dir
                0x0000000000002c04       0x28 ./src/fat_misc.o
                0x0000000000002c04                fatfs_entry_is_dir
 .text.fatfs_entry_is_file
                0x0000000000002c2c       0x28 ./src/fat_misc.o
                0x0000000000002c2c                fatfs_entry_is_file
 .text.fatfs_lfn_entries_required
                0x0000000000002c54       0x38 ./src/fat_misc.o
                0x0000000000002c54                fatfs_lfn_entries_required
 .text.fatfs_filename_to_lfn
                0x0000000000002c8c      0x128 ./src/fat_misc.o
                0x0000000000002c8c                fatfs_filename_to_lfn
 .text.fatfs_sfn_create_entry
                0x0000000000002db4       0xb4 ./src/fat_misc.o
                0x0000000000002db4                fatfs_sfn_create_entry
 .text.fatfs_lfn_create_sfn
                0x0000000000002e68      0x198 ./src/fat_misc.o
                0x0000000000002e68                fatfs_lfn_create_sfn
 .text.fatfs_itoa
                0x0000000000003000       0x98 ./src/fat_misc.o
 .text.fatfs_lfn_generate_tail
                0x0000000000003098       0x78 ./src/fat_misc.o
                0x0000000000003098                fatfs_lfn_generate_tail
 .text.fatfs_total_path_levels
                0x0000000000003110       0x94 ./src/fat_string.o
                0x0000000000003110                fatfs_total_path_levels
 .text.fatfs_get_substring
                0x00000000000031a4       0xe8 ./src/fat_string.o
                0x00000000000031a4                fatfs_get_substring
 .text.fatfs_split_path
                0x000000000000328c       0x90 ./src/fat_string.o
                0x000000000000328c                fatfs_split_path
 .text.FileString_StrCmpNoCase
                0x000000000000331c       0x84 ./src/fat_string.o
 .text.FileString_GetExtension
                0x00000000000033a0       0x40 ./src/fat_string.o
 .text.FileString_TrimLength
                0x00000000000033e0       0x50 ./src/fat_string.o
 .text.fatfs_compare_names
                0x0000000000003430       0xf8 ./src/fat_string.o
                0x0000000000003430                fatfs_compare_names
 .text.fatfs_get_sfn_display_name
                0x0000000000003528       0x68 ./src/fat_string.o
                0x0000000000003528                fatfs_get_sfn_display_name
 .text.fatfs_fat_init
                0x0000000000003590       0xc0 ./src/fat_table.o
                0x0000000000003590                fatfs_fat_init
 .text.fatfs_fat_writeback
                0x0000000000003650       0x84 ./src/fat_table.o
 .text.fatfs_fat_read_sector
                0x00000000000036d4      0x100 ./src/fat_table.o
 .text.fatfs_fat_purge
                0x00000000000037d4       0x48 ./src/fat_table.o
                0x00000000000037d4                fatfs_fat_purge
 .text.fatfs_find_next_cluster
                0x000000000000381c      0x120 ./src/fat_table.o
                0x000000000000381c                fatfs_find_next_cluster
 .text.fatfs_set_fs_info_next_free_cluster
                0x000000000000393c       0xb8 ./src/fat_table.o
                0x000000000000393c                fatfs_set_fs_info_next_free_cluster
 .text.fatfs_find_blank_cluster
                0x00000000000039f4      0x114 ./src/fat_table.o
                0x00000000000039f4                fatfs_find_blank_cluster
 .text.fatfs_fat_set_cluster
                0x0000000000003b08      0x100 ./src/fat_table.o
                0x0000000000003b08                fatfs_fat_set_cluster
 .text.fatfs_free_cluster_chain
                0x0000000000003c08       0x40 ./src/fat_table.o
                0x0000000000003c08                fatfs_free_cluster_chain
 .text.fatfs_fat_add_cluster_to_chain
                0x0000000000003c48       0x64 ./src/fat_table.o
                0x0000000000003c48                fatfs_fat_add_cluster_to_chain
 .text.fatfs_add_free_space
                0x0000000000003cac       0x8c ./src/fat_write.o
                0x0000000000003cac                fatfs_add_free_space
 .text.fatfs_allocate_free_space
                0x0000000000003d38       0xbc ./src/fat_write.o
                0x0000000000003d38                fatfs_allocate_free_space
 .text.fatfs_find_free_dir_offset
                0x0000000000003df4      0x1cc ./src/fat_write.o
 .text.fatfs_add_file_entry
                0x0000000000003fc0      0x1c8 ./src/fat_write.o
                0x0000000000003fc0                fatfs_add_file_entry
 .text.NVIC_EnableIRQ
                0x0000000000004188       0x30 ./src/main.o
 .text.NVIC_SetPriority
                0x00000000000041b8       0x54 ./src/main.o
 .text.SysTick_Config
                0x000000000000420c       0x44 ./src/main.o
 .text.media_read
                0x0000000000004250       0x2c ./src/main.o
                0x0000000000004250                media_read
 .text.media_write
                0x000000000000427c       0x2c ./src/main.o
                0x000000000000427c                media_write
 .text.load_read_line
                0x00000000000042a8       0x20 ./src/main.o
                0x00000000000042a8                load_read_line
 .text.location_write
                0x00000000000042c8       0x94 ./src/main.o
                0x00000000000042c8                location_write
 .text.systick_delay
                0x000000000000435c       0x2c ./src/main.o
 .text.SysTick_Handler
                0x0000000000004388       0xb0 ./src/main.o
                0x0000000000004388                SysTick_Handler
 .text.SD_init_3032
                0x0000000000004438       0x80 ./src/main.o
                0x0000000000004438                SD_init_3032
 .text.init_timer_3032
                0x00000000000044b8        0xc ./src/main.o
                0x00000000000044b8                init_timer_3032
 .text.Buttons_LEDs_init
                0x00000000000044c4       0x38 ./src/main.o
                0x00000000000044c4                Buttons_LEDs_init
 .text.initialization_3032
                0x00000000000044fc       0x28 ./src/main.o
                0x00000000000044fc                initialization_3032
 .text.UART2_IRQHandler
                0x0000000000004524      0x2d0 ./src/main.o
                0x0000000000004524                UART2_IRQHandler
 .text.UART3_IRQHandler
                0x00000000000047f4       0x80 ./src/main.o
                0x00000000000047f4                UART3_IRQHandler
 .text.UART0_IRQHandler
                0x0000000000004874       0x80 ./src/main.o
                0x0000000000004874                UART0_IRQHandler
 .text.clean_up_load_file
                0x00000000000048f4       0x50 ./src/main.o
                0x00000000000048f4                clean_up_load_file
 .text.load_data
                0x0000000000004944      0x2ac ./src/main.o
                0x0000000000004944                load_data
 .text.analyze_data
                0x0000000000004bf0      0x248 ./src/main.o
                0x0000000000004bf0                analyze_data
 .text.sleep_load_detect
                0x0000000000004e38       0xdc ./src/main.o
                0x0000000000004e38                sleep_load_detect
 .text.main     0x0000000000004f14      0x188 ./src/main.o
                0x0000000000004f14                main
 .text.disk_timerproc
                0x000000000000509c       0x48 ./src/sd.o
                0x000000000000509c                disk_timerproc
 .text.SD_Init  0x00000000000050e4      0x1a4 ./src/sd.o
                0x00000000000050e4                SD_Init
 .text.SD_WaitForReady
                0x0000000000005288       0x30 ./src/sd.o
                0x0000000000005288                SD_WaitForReady
 .text.SD_SendCommand
                0x00000000000052b8       0xe0 ./src/sd.o
                0x00000000000052b8                SD_SendCommand
 .text.SD_SendACommand
                0x0000000000005398       0x44 ./src/sd.o
                0x0000000000005398                SD_SendACommand
 .text.SD_ReadSector
                0x00000000000053dc       0xbc ./src/sd.o
                0x00000000000053dc                SD_ReadSector
 .text.SD_WriteSector
                0x0000000000005498       0xb8 ./src/sd.o
                0x0000000000005498                SD_WriteSector
 .text.SD_ReadConfiguration
                0x0000000000005550      0x214 ./src/sd.o
                0x0000000000005550                SD_ReadConfiguration
 .text.SD_RecvDataBlock
                0x0000000000005764       0x6c ./src/sd.o
                0x0000000000005764                SD_RecvDataBlock
 .text.SD_SendDataBlock
                0x00000000000057d0       0x8c ./src/sd.o
                0x00000000000057d0                SD_SendDataBlock
 .text.SPI_Init
                0x000000000000585c       0xa4 ./src/spi.o
                0x000000000000585c                SPI_Init
 .text.SPI_ConfigClockRate
                0x0000000000005900       0x20 ./src/spi.o
                0x0000000000005900                SPI_ConfigClockRate
 .text.SPI_CS_Low
                0x0000000000005920       0x1c ./src/spi.o
                0x0000000000005920                SPI_CS_Low
 .text.SPI_CS_High
                0x000000000000593c       0x1c ./src/spi.o
                0x000000000000593c                SPI_CS_High
 .text.SPI_SendByte
                0x0000000000005958       0x34 ./src/spi.o
                0x0000000000005958                SPI_SendByte
 .text.SPI_RecvByte
                0x000000000000598c       0x10 ./src/spi.o
                0x000000000000598c                SPI_RecvByte
 .text.SystemInit
                0x000000000000599c      0x140 /Users/wangjiadong/LPCXpresso/workspace/Lib_CMSISv1p30_LPC17xx/Debug/libCMSISv1p30_LPC17xx.a(system_LPC17xx.o)
                0x000000000000599c                SystemInit
 .text.GPIO_GetPointer
                0x0000000000005adc       0x74 /Users/wangjiadong/LPCXpresso/workspace/Lib_MCU/Debug/libLib_MCU.a(lpc17xx_gpio.o)
 .text.GPIO_SetDir
                0x0000000000005b50       0x48 /Users/wangjiadong/LPCXpresso/workspace/Lib_MCU/Debug/libLib_MCU.a(lpc17xx_gpio.o)
                0x0000000000005b50                GPIO_SetDir
 .text.GPIO_SetValue
                0x0000000000005b98       0x28 /Users/wangjiadong/LPCXpresso/workspace/Lib_MCU/Debug/libLib_MCU.a(lpc17xx_gpio.o)
                0x0000000000005b98                GPIO_SetValue
 .text.PINSEL_SetPinFunc
                0x0000000000005bc0       0x84 /Users/wangjiadong/LPCXpresso/workspace/Lib_MCU/Debug/libLib_MCU.a(lpc17xx_pinsel.o)
                0x0000000000005bc0                PINSEL_SetPinFunc
 .text.PINSEL_SetResistorMode
                0x0000000000005c44       0x84 /Users/wangjiadong/LPCXpresso/workspace/Lib_MCU/Debug/libLib_MCU.a(lpc17xx_pinsel.o)
                0x0000000000005c44                PINSEL_SetResistorMode
 .text.PINSEL_SetOpenDrainMode
                0x0000000000005cc8       0x6c /Users/wangjiadong/LPCXpresso/workspace/Lib_MCU/Debug/libLib_MCU.a(lpc17xx_pinsel.o)
                0x0000000000005cc8                PINSEL_SetOpenDrainMode
 .text.PINSEL_ConfigPin
                0x0000000000005d34       0x50 /Users/wangjiadong/LPCXpresso/workspace/Lib_MCU/Debug/libLib_MCU.a(lpc17xx_pinsel.o)
                0x0000000000005d34                PINSEL_ConfigPin
 .text.uart_set_divisors
                0x0000000000005d84      0x214 /Users/wangjiadong/LPCXpresso/workspace/Lib_MCU/Debug/libLib_MCU.a(lpc17xx_uart.o)
                0x0000000000005d84                uart_set_divisors
 .text.UART_Init
                0x0000000000005f98      0x2ec /Users/wangjiadong/LPCXpresso/workspace/Lib_MCU/Debug/libLib_MCU.a(lpc17xx_uart.o)
                0x0000000000005f98                UART_Init
 .text.UART_SendData
                0x0000000000006284       0x68 /Users/wangjiadong/LPCXpresso/workspace/Lib_MCU/Debug/libLib_MCU.a(lpc17xx_uart.o)
                0x0000000000006284                UART_SendData
 .text.UART_ReceiveData
                0x00000000000062ec       0x64 /Users/wangjiadong/LPCXpresso/workspace/Lib_MCU/Debug/libLib_MCU.a(lpc17xx_uart.o)
                0x00000000000062ec                UART_ReceiveData
 .text.UART_IntConfig
                0x0000000000006350      0x184 /Users/wangjiadong/LPCXpresso/workspace/Lib_MCU/Debug/libLib_MCU.a(lpc17xx_uart.o)
                0x0000000000006350                UART_IntConfig
 .text.UART_TxCmd
                0x00000000000064d4       0xc8 /Users/wangjiadong/LPCXpresso/workspace/Lib_MCU/Debug/libLib_MCU.a(lpc17xx_uart.o)
                0x00000000000064d4                UART_TxCmd
 .text.UART_Send
                0x000000000000659c       0xe8 /Users/wangjiadong/LPCXpresso/workspace/Lib_MCU/Debug/libLib_MCU.a(lpc17xx_uart.o)
                0x000000000000659c                UART_Send
 .text.UART_Receive
                0x0000000000006684       0xb8 /Users/wangjiadong/LPCXpresso/workspace/Lib_MCU/Debug/libLib_MCU.a(lpc17xx_uart.o)
                0x0000000000006684                UART_Receive
 .text.CLKPWR_GetPCLKSEL
                0x000000000000673c       0x4c /Users/wangjiadong/LPCXpresso/workspace/Lib_MCU/Debug/libLib_MCU.a(lpc17xx_clkpwr.o)
                0x000000000000673c                CLKPWR_GetPCLKSEL
 .text.CLKPWR_GetPCLK
                0x0000000000006788       0x64 /Users/wangjiadong/LPCXpresso/workspace/Lib_MCU/Debug/libLib_MCU.a(lpc17xx_clkpwr.o)
                0x0000000000006788                CLKPWR_GetPCLK
 .text.CLKPWR_ConfigPPWR
                0x00000000000067ec       0x58 /Users/wangjiadong/LPCXpresso/workspace/Lib_MCU/Debug/libLib_MCU.a(lpc17xx_clkpwr.o)
                0x00000000000067ec                CLKPWR_ConfigPPWR
 .text.check_failed
                0x0000000000006844        0xc /Users/wangjiadong/LPCXpresso/workspace/Lib_MCU/Debug/libLib_MCU.a(lpc17xx_libcfg_default.o)
                0x0000000000006844                check_failed
 .text.__main   0x0000000000006850       0x14 /Applications/lpcxpresso_7.5.0_254/lpcxpresso/tools/bin/../lib/gcc/arm-none-eabi/4.8.4/../../../../arm-none-eabi/lib/armv7-m/libcr_semihost.a(_cr__main.o)
                0x0000000000006850                __main
                0x0000000000006850                __CR_SEMIHOST
 .text.memcpy   0x0000000000006864        0x4 /Applications/lpcxpresso_7.5.0_254/lpcxpresso/tools/bin/../lib/gcc/arm-none-eabi/4.8.4/../../../../arm-none-eabi/lib/armv7-m/libcr_c.a(memcpy.o)
                0x0000000000006864                memcpy
 .text.memset   0x0000000000006868        0x4 /Applications/lpcxpresso_7.5.0_254/lpcxpresso/tools/bin/../lib/gcc/arm-none-eabi/4.8.4/../../../../arm-none-eabi/lib/armv7-m/libcr_c.a(memset.o)
                0x0000000000006868                memset
 .text.fp_round
                0x000000000000686c       0x4e /Applications/lpcxpresso_7.5.0_254/lpcxpresso/tools/bin/../lib/gcc/arm-none-eabi/4.8.4/../../../../arm-none-eabi/lib/armv7-m/libcr_c.a(fpprintf.o)
 .text.pr_dec.constprop.1
                0x00000000000068ba       0x26 /Applications/lpcxpresso_7.5.0_254/lpcxpresso/tools/bin/../lib/gcc/arm-none-eabi/4.8.4/../../../../arm-none-eabi/lib/armv7-m/libcr_c.a(fpprintf.o)
 .text.sprintf  0x00000000000068e0       0x6c /Applications/lpcxpresso_7.5.0_254/lpcxpresso/tools/bin/../lib/gcc/arm-none-eabi/4.8.4/../../../../arm-none-eabi/lib/armv7-m/libcr_c.a(fpprintf.o)
                0x00000000000068e0                sprintf
 *fill*         0x000000000000694c        0x4 
 .text.fp_display
                0x0000000000006950      0x998 /Applications/lpcxpresso_7.5.0_254/lpcxpresso/tools/bin/../lib/gcc/arm-none-eabi/4.8.4/../../../../arm-none-eabi/lib/armv7-m/libcr_c.a(fpprintf.o)
 .text.vsnprintf
                0x00000000000072e8       0x5c /Applications/lpcxpresso_7.5.0_254/lpcxpresso/tools/bin/../lib/gcc/arm-none-eabi/4.8.4/../../../../arm-none-eabi/lib/armv7-m/libcr_c.a(fpprintf.o)
                0x00000000000072e8                vsnprintf
 .text.printf   0x0000000000007344       0x54 /Applications/lpcxpresso_7.5.0_254/lpcxpresso/tools/bin/../lib/gcc/arm-none-eabi/4.8.4/../../../../arm-none-eabi/lib/armv7-m/libcr_c.a(fpprintf.o)
                0x0000000000007344                printf
 .text._initio  0x0000000000007398       0xa4 /Applications/lpcxpresso_7.5.0_254/lpcxpresso/tools/bin/../lib/gcc/arm-none-eabi/4.8.4/../../../../arm-none-eabi/lib/armv7-m/libcr_c.a(initio.o)
                0x0000000000007398                _initio
 .text.__vfprintf
                0x000000000000743c      0xca0 /Applications/lpcxpresso_7.5.0_254/lpcxpresso/tools/bin/../lib/gcc/arm-none-eabi/4.8.4/../../../../arm-none-eabi/lib/armv7-m/libcr_c.a(printf.o)
                0x000000000000743c                __vfprintf
 .text.ch_val   0x00000000000080dc       0x30 /Applications/lpcxpresso_7.5.0_254/lpcxpresso/tools/bin/../lib/gcc/arm-none-eabi/4.8.4/../../../../arm-none-eabi/lib/armv7-m/libcr_c.a(scanf.o)
 .text.cr_rd_int
                0x000000000000810c      0x1c8 /Applications/lpcxpresso_7.5.0_254/lpcxpresso/tools/bin/../lib/gcc/arm-none-eabi/4.8.4/../../../../arm-none-eabi/lib/armv7-m/libcr_c.a(scanf.o)
 *fill*         0x00000000000082d4        0x4 
 .text.vfscanf  0x00000000000082d8      0x968 /Applications/lpcxpresso_7.5.0_254/lpcxpresso/tools/bin/../lib/gcc/arm-none-eabi/4.8.4/../../../../arm-none-eabi/lib/armv7-m/libcr_c.a(scanf.o)
                0x00000000000082d8                vfscanf
 .text.sscanf   0x0000000000008c40       0x4c /Applications/lpcxpresso_7.5.0_254/lpcxpresso/tools/bin/../lib/gcc/arm-none-eabi/4.8.4/../../../../arm-none-eabi/lib/armv7-m/libcr_c.a(scanf.o)
                0x0000000000008c40                sscanf
 .text.setvbuf  0x0000000000008c8c       0x40 /Applications/lpcxpresso_7.5.0_254/lpcxpresso/tools/bin/../lib/gcc/arm-none-eabi/4.8.4/../../../../arm-none-eabi/lib/armv7-m/libcr_c.a(setvbuf.o)
                0x0000000000008c8c                setvbuf
 *fill*         0x0000000000008ccc        0x4 
 .text.sqrt     0x0000000000008cd0      0x138 /Applications/lpcxpresso_7.5.0_254/lpcxpresso/tools/bin/../lib/gcc/arm-none-eabi/4.8.4/../../../../arm-none-eabi/lib/armv7-m/libcr_c.a(sqrt.o)
                0x0000000000008cd0                sqrt
 .text.strcpy   0x0000000000008e08       0x40 /Applications/lpcxpresso_7.5.0_254/lpcxpresso/tools/bin/../lib/gcc/arm-none-eabi/4.8.4/../../../../arm-none-eabi/lib/armv7-m/libcr_c.a(strcpy.o)
                0x0000000000008e08                strcpy
 .text.strlen   0x0000000000008e48       0x4a /Applications/lpcxpresso_7.5.0_254/lpcxpresso/tools/bin/../lib/gcc/arm-none-eabi/4.8.4/../../../../arm-none-eabi/lib/armv7-m/libcr_c.a(strlen.o)
                0x0000000000008e48                strlen
 .text.strncmp  0x0000000000008e92       0x54 /Applications/lpcxpresso_7.5.0_254/lpcxpresso/tools/bin/../lib/gcc/arm-none-eabi/4.8.4/../../../../arm-none-eabi/lib/armv7-m/libcr_c.a(strncmp.o)
                0x0000000000008e92                strncmp
 .text.strncpy  0x0000000000008ee6       0x58 /Applications/lpcxpresso_7.5.0_254/lpcxpresso/tools/bin/../lib/gcc/arm-none-eabi/4.8.4/../../../../arm-none-eabi/lib/armv7-m/libcr_c.a(strncpy.o)
                0x0000000000008ee6                strncpy
 .text.strstr   0x0000000000008f3e       0x1e /Applications/lpcxpresso_7.5.0_254/lpcxpresso/tools/bin/../lib/gcc/arm-none-eabi/4.8.4/../../../../arm-none-eabi/lib/armv7-m/libcr_c.a(strstr.o)
                0x0000000000008f3e                strstr
 .text.ungetc   0x0000000000008f5c       0x38 /Applications/lpcxpresso_7.5.0_254/lpcxpresso/tools/bin/../lib/gcc/arm-none-eabi/4.8.4/../../../../arm-none-eabi/lib/armv7-m/libcr_c.a(ungetc.o)
                0x0000000000008f5c                ungetc
 .text._Csys_read_
                0x0000000000008f94       0x22 /Applications/lpcxpresso_7.5.0_254/lpcxpresso/tools/bin/../lib/gcc/arm-none-eabi/4.8.4/../../../../arm-none-eabi/lib/armv7-m/libcr_c.a(__fillbuf.o)
                0x0000000000008f94                _Csys_read_
 *fill*         0x0000000000008fb6        0x2 
 .text.__filbuf
                0x0000000000008fb8      0x174 /Applications/lpcxpresso_7.5.0_254/lpcxpresso/tools/bin/../lib/gcc/arm-none-eabi/4.8.4/../../../../arm-none-eabi/lib/armv7-m/libcr_c.a(__fillbuf.o)
                0x0000000000008fb8                __filbuf
 .text._deferredlazyseek
                0x000000000000912c       0x44 /Applications/lpcxpresso_7.5.0_254/lpcxpresso/tools/bin/../lib/gcc/arm-none-eabi/4.8.4/../../../../arm-none-eabi/lib/armv7-m/libcr_c.a(_deferredlazyseek.o)
                0x000000000000912c                _deferredlazyseek
 .text.__flsbuf
                0x0000000000009170      0x142 /Applications/lpcxpresso_7.5.0_254/lpcxpresso/tools/bin/../lib/gcc/arm-none-eabi/4.8.4/../../../../arm-none-eabi/lib/armv7-m/libcr_c.a(_deferredlazyseek.o)
                0x0000000000009170                __flsbuf
 .text._fdopen  0x00000000000092b2       0x6a /Applications/lpcxpresso_7.5.0_254/lpcxpresso/tools/bin/../lib/gcc/arm-none-eabi/4.8.4/../../../../arm-none-eabi/lib/armv7-m/libcr_c.a(_fdopen.o)
                0x00000000000092b2                _fdopen
 .text._fflush  0x000000000000931c       0x58 /Applications/lpcxpresso_7.5.0_254/lpcxpresso/tools/bin/../lib/gcc/arm-none-eabi/4.8.4/../../../../arm-none-eabi/lib/armv7-m/libcr_c.a(_fflush.o)
                0x000000000000931c                _fflush
 .text._frexpl  0x0000000000009374       0x5c /Applications/lpcxpresso_7.5.0_254/lpcxpresso/tools/bin/../lib/gcc/arm-none-eabi/4.8.4/../../../../arm-none-eabi/lib/armv7-m/libcr_c.a(_frexpl.o)
                0x0000000000009374                _frexpl
 .text._ldexpl  0x00000000000093d0       0x4c /Applications/lpcxpresso_7.5.0_254/lpcxpresso/tools/bin/../lib/gcc/arm-none-eabi/4.8.4/../../../../arm-none-eabi/lib/armv7-m/libcr_c.a(_ldexpl.o)
                0x00000000000093d0                _ldexpl
 .text._Cwritebuf
                0x000000000000941c       0x70 /Applications/lpcxpresso_7.5.0_254/lpcxpresso/tools/bin/../lib/gcc/arm-none-eabi/4.8.4/../../../../arm-none-eabi/lib/armv7-m/libcr_c.a(_writebuf.o)
                0x000000000000941c                _Cwritebuf
 .text.malloc   0x000000000000948c       0xc8 /Applications/lpcxpresso_7.5.0_254/lpcxpresso/tools/bin/../lib/gcc/arm-none-eabi/4.8.4/../../../../arm-none-eabi/lib/armv7-m/libcr_c.a(alloc.o)
                0x000000000000948c                malloc
 .text.free     0x0000000000009554        0xc /Applications/lpcxpresso_7.5.0_254/lpcxpresso/tools/bin/../lib/gcc/arm-none-eabi/4.8.4/../../../../arm-none-eabi/lib/armv7-m/libcr_c.a(alloc.o)
                0x0000000000009554                free
 .text._Csys_alloc
                0x0000000000009560       0x20 /Applications/lpcxpresso_7.5.0_254/lpcxpresso/tools/bin/../lib/gcc/arm-none-eabi/4.8.4/../../../../arm-none-eabi/lib/armv7-m/libcr_c.a(alloc.o)
                0x0000000000009560                _Csys_alloc
 .text.fclose   0x0000000000009580       0x6c /Applications/lpcxpresso_7.5.0_254/lpcxpresso/tools/bin/../lib/gcc/arm-none-eabi/4.8.4/../../../../arm-none-eabi/lib/armv7-m/libcr_c.a(fclose.o)
                0x0000000000009580                fclose
 .text.fflush   0x00000000000095ec       0x30 /Applications/lpcxpresso_7.5.0_254/lpcxpresso/tools/bin/../lib/gcc/arm-none-eabi/4.8.4/../../../../arm-none-eabi/lib/armv7-m/libcr_c.a(fflush.o)
                0x00000000000095ec                fflush
 .text.fseek    0x000000000000961c      0x10c /Applications/lpcxpresso_7.5.0_254/lpcxpresso/tools/bin/../lib/gcc/arm-none-eabi/4.8.4/../../../../arm-none-eabi/lib/armv7-m/libcr_c.a(fseek.o)
                0x000000000000961c                fseek
 .text.ftell    0x0000000000009728       0x4c /Applications/lpcxpresso_7.5.0_254/lpcxpresso/tools/bin/../lib/gcc/arm-none-eabi/4.8.4/../../../../arm-none-eabi/lib/armv7-m/libcr_c.a(ftell.o)
                0x0000000000009728                ftell
 .text.remove   0x0000000000009774       0x14 /Applications/lpcxpresso_7.5.0_254/lpcxpresso/tools/bin/../lib/gcc/arm-none-eabi/4.8.4/../../../../arm-none-eabi/lib/armv7-m/libcr_c.a(remove.o)
                0x0000000000009774                remove
 .text._sbrk    0x0000000000009788       0x40 /Applications/lpcxpresso_7.5.0_254/lpcxpresso/tools/bin/../lib/gcc/arm-none-eabi/4.8.4/../../../../arm-none-eabi/lib/armv7-m/libcr_c.a(_cr_sbrk.o)
                0x0000000000009788                _sbrk
 .text._do_fflush
                0x00000000000097c8       0x44 /Applications/lpcxpresso_7.5.0_254/lpcxpresso/tools/bin/../lib/gcc/arm-none-eabi/4.8.4/../../../../arm-none-eabi/lib/armv7-m/libcr_c.a(_do_fflush.o)
                0x00000000000097c8                _do_fflush
 .text.__check_heap_overflow
                0x000000000000980c       0x18 /Applications/lpcxpresso_7.5.0_254/lpcxpresso/tools/bin/../lib/gcc/arm-none-eabi/4.8.4/../../../../arm-none-eabi/lib/armv7-m/libcr_c.a(_cr_check_heap.o)
                0x000000000000980c                __check_heap_overflow
 .text.__aeabi_dmul
                0x0000000000009824      0x12c /Applications/lpcxpresso_7.5.0_254/lpcxpresso/tools/bin/../lib/gcc/arm-none-eabi/4.8.4/armv7-m/libcr_eabihelpers.a(double.o)
                0x0000000000009824                __aeabi_dmul
 .text.__aeabi_ddiv
                0x0000000000009950      0x16c /Applications/lpcxpresso_7.5.0_254/lpcxpresso/tools/bin/../lib/gcc/arm-none-eabi/4.8.4/armv7-m/libcr_eabihelpers.a(double.o)
                0x0000000000009950                __aeabi_ddiv
 .text.__aeabi_dsub
                0x0000000000009abc      0x228 /Applications/lpcxpresso_7.5.0_254/lpcxpresso/tools/bin/../lib/gcc/arm-none-eabi/4.8.4/armv7-m/libcr_eabihelpers.a(double.o)
                0x0000000000009abc                __aeabi_dsub
 .text.__aeabi_dadd
                0x0000000000009ce4      0x178 /Applications/lpcxpresso_7.5.0_254/lpcxpresso/tools/bin/../lib/gcc/arm-none-eabi/4.8.4/armv7-m/libcr_eabihelpers.a(double.o)
                0x0000000000009ce4                __aeabi_dadd
 .text.__aeabi_d2f
                0x0000000000009e5c       0x58 /Applications/lpcxpresso_7.5.0_254/lpcxpresso/tools/bin/../lib/gcc/arm-none-eabi/4.8.4/armv7-m/libcr_eabihelpers.a(double.o)
                0x0000000000009e5c                __aeabi_d2f
 .text.__aeabi_d2iz
                0x0000000000009eb4       0x4c /Applications/lpcxpresso_7.5.0_254/lpcxpresso/tools/bin/../lib/gcc/arm-none-eabi/4.8.4/armv7-m/libcr_eabihelpers.a(double.o)
                0x0000000000009eb4                __aeabi_d2iz
 .text.__bhs_ui2d
                0x0000000000009f00       0x48 /Applications/lpcxpresso_7.5.0_254/lpcxpresso/tools/bin/../lib/gcc/arm-none-eabi/4.8.4/armv7-m/libcr_eabihelpers.a(double.o)
                0x0000000000009f00                __bhs_ui2d
 .text.__aeabi_i2d
                0x0000000000009f48       0x10 /Applications/lpcxpresso_7.5.0_254/lpcxpresso/tools/bin/../lib/gcc/arm-none-eabi/4.8.4/armv7-m/libcr_eabihelpers.a(double.o)
                0x0000000000009f48                __aeabi_i2d
 .text.__aeabi_dcmpeq
                0x0000000000009f58       0x40 /Applications/lpcxpresso_7.5.0_254/lpcxpresso/tools/bin/../lib/gcc/arm-none-eabi/4.8.4/armv7-m/libcr_eabihelpers.a(double.o)
                0x0000000000009f58                __aeabi_dcmpeq
 .text.__aeabi_dcmplt
                0x0000000000009f98       0x70 /Applications/lpcxpresso_7.5.0_254/lpcxpresso/tools/bin/../lib/gcc/arm-none-eabi/4.8.4/armv7-m/libcr_eabihelpers.a(double.o)
                0x0000000000009f98                __aeabi_dcmplt
 .text.__aeabi_dcmpgt
                0x000000000000a008       0x6c /Applications/lpcxpresso_7.5.0_254/lpcxpresso/tools/bin/../lib/gcc/arm-none-eabi/4.8.4/armv7-m/libcr_eabihelpers.a(double.o)
                0x000000000000a008                __aeabi_dcmpgt
 .text.__aeabi_dcmple
                0x000000000000a074       0x68 /Applications/lpcxpresso_7.5.0_254/lpcxpresso/tools/bin/../lib/gcc/arm-none-eabi/4.8.4/armv7-m/libcr_eabihelpers.a(double.o)
                0x000000000000a074                __aeabi_dcmple
 .text.__aeabi_dcmpge
                0x000000000000a0dc       0x64 /Applications/lpcxpresso_7.5.0_254/lpcxpresso/tools/bin/../lib/gcc/arm-none-eabi/4.8.4/armv7-m/libcr_eabihelpers.a(double.o)
                0x000000000000a0dc                __aeabi_dcmpge
 .text.__bhs_ui2f.part.0
                0x000000000000a140       0x20 /Applications/lpcxpresso_7.5.0_254/lpcxpresso/tools/bin/../lib/gcc/arm-none-eabi/4.8.4/armv7-m/libcr_eabihelpers.a(float.o)
 .text.__aeabi_fmul
                0x000000000000a160       0xbc /Applications/lpcxpresso_7.5.0_254/lpcxpresso/tools/bin/../lib/gcc/arm-none-eabi/4.8.4/armv7-m/libcr_eabihelpers.a(float.o)
                0x000000000000a160                __aeabi_fmul
 .text.__aeabi_fdiv
                0x000000000000a21c       0xc0 /Applications/lpcxpresso_7.5.0_254/lpcxpresso/tools/bin/../lib/gcc/arm-none-eabi/4.8.4/armv7-m/libcr_eabihelpers.a(float.o)
                0x000000000000a21c                __aeabi_fdiv
 .text.__aeabi_fsub
                0x000000000000a2dc       0xfc /Applications/lpcxpresso_7.5.0_254/lpcxpresso/tools/bin/../lib/gcc/arm-none-eabi/4.8.4/armv7-m/libcr_eabihelpers.a(float.o)
                0x000000000000a2dc                __aeabi_fsub
 .text.__aeabi_fadd
                0x000000000000a3d8       0xb0 /Applications/lpcxpresso_7.5.0_254/lpcxpresso/tools/bin/../lib/gcc/arm-none-eabi/4.8.4/armv7-m/libcr_eabihelpers.a(float.o)
                0x000000000000a3d8                __aeabi_fadd
 .text.__aeabi_f2iz
                0x000000000000a488       0x34 /Applications/lpcxpresso_7.5.0_254/lpcxpresso/tools/bin/../lib/gcc/arm-none-eabi/4.8.4/armv7-m/libcr_eabihelpers.a(float.o)
                0x000000000000a488                __aeabi_f2iz
 .text.__aeabi_i2f
                0x000000000000a4bc       0x18 /Applications/lpcxpresso_7.5.0_254/lpcxpresso/tools/bin/../lib/gcc/arm-none-eabi/4.8.4/armv7-m/libcr_eabihelpers.a(float.o)
                0x000000000000a4bc                __aeabi_i2f
 .text.__aeabi_f2d
                0x000000000000a4d4       0x44 /Applications/lpcxpresso_7.5.0_254/lpcxpresso/tools/bin/../lib/gcc/arm-none-eabi/4.8.4/armv7-m/libcr_eabihelpers.a(float.o)
                0x000000000000a4d4                __aeabi_f2d
 .text.__aeabi_fcmpgt
                0x000000000000a518       0x3c /Applications/lpcxpresso_7.5.0_254/lpcxpresso/tools/bin/../lib/gcc/arm-none-eabi/4.8.4/armv7-m/libcr_eabihelpers.a(float.o)
                0x000000000000a518                __aeabi_fcmpgt
 .text.__aeabi_fcmpge
                0x000000000000a554       0x40 /Applications/lpcxpresso_7.5.0_254/lpcxpresso/tools/bin/../lib/gcc/arm-none-eabi/4.8.4/armv7-m/libcr_eabihelpers.a(float.o)
                0x000000000000a554                __aeabi_fcmpge
 .text.__aeabi_memcpy
                0x000000000000a594       0x3a /Applications/lpcxpresso_7.5.0_254/lpcxpresso/tools/bin/../lib/gcc/arm-none-eabi/4.8.4/armv7-m/libcr_eabihelpers.a(memcpy.o)
                0x000000000000a594                __aeabi_memcpy
                0x000000000000a5a0                __aeabi_memcpy4
                0x000000000000a5a0                __aeabi_memcpy8
 .text.__aeabi_memset_lowlevel
                0x000000000000a5ce       0x38 /Applications/lpcxpresso_7.5.0_254/lpcxpresso/tools/bin/../lib/gcc/arm-none-eabi/4.8.4/armv7-m/libcr_eabihelpers.a(memcpy.o)
                0x000000000000a5ce                __aeabi_lowlevel_memset
 *fill*         0x000000000000a606        0x2 
 .text.__sys_appexit
                0x000000000000a608        0xc /Applications/lpcxpresso_7.5.0_254/lpcxpresso/tools/bin/../lib/gcc/arm-none-eabi/4.8.4/../../../../arm-none-eabi/lib/armv7-m/libcr_semihost.a(__sys_appexit.o)
                0x000000000000a608                __exit
                0x000000000000a608                __sys_appexit
 .text.__sys_close
                0x000000000000a614        0xc /Applications/lpcxpresso_7.5.0_254/lpcxpresso/tools/bin/../lib/gcc/arm-none-eabi/4.8.4/../../../../arm-none-eabi/lib/armv7-m/libcr_semihost.a(__sys_close.o)
                0x000000000000a614                __sys_close
 .text.__sys_flen
                0x000000000000a620        0xc /Applications/lpcxpresso_7.5.0_254/lpcxpresso/tools/bin/../lib/gcc/arm-none-eabi/4.8.4/../../../../arm-none-eabi/lib/armv7-m/libcr_semihost.a(__sys_flen.o)
                0x000000000000a620                __sys_flen
 .text.__sys_istty
                0x000000000000a62c        0xc /Applications/lpcxpresso_7.5.0_254/lpcxpresso/tools/bin/../lib/gcc/arm-none-eabi/4.8.4/../../../../arm-none-eabi/lib/armv7-m/libcr_semihost.a(__sys_istty.o)
                0x000000000000a62c                __sys_istty
 .text.__sys_read
                0x000000000000a638        0xc /Applications/lpcxpresso_7.5.0_254/lpcxpresso/tools/bin/../lib/gcc/arm-none-eabi/4.8.4/../../../../arm-none-eabi/lib/armv7-m/libcr_semihost.a(__sys_read.o)
                0x000000000000a638                __sys_read
 .text.__sys_readc
                0x000000000000a644        0x8 /Applications/lpcxpresso_7.5.0_254/lpcxpresso/tools/bin/../lib/gcc/arm-none-eabi/4.8.4/../../../../arm-none-eabi/lib/armv7-m/libcr_semihost.a(__sys_readc.o)
                0x000000000000a644                __readc
                0x000000000000a644                __sys_readc
 .text.__sys_remove
                0x000000000000a64c        0xc /Applications/lpcxpresso_7.5.0_254/lpcxpresso/tools/bin/../lib/gcc/arm-none-eabi/4.8.4/../../../../arm-none-eabi/lib/armv7-m/libcr_semihost.a(__sys_remove.o)
                0x000000000000a64c                __sys_remove
 .text.__sys_seek
                0x000000000000a658        0xc /Applications/lpcxpresso_7.5.0_254/lpcxpresso/tools/bin/../lib/gcc/arm-none-eabi/4.8.4/../../../../arm-none-eabi/lib/armv7-m/libcr_semihost.a(__sys_seek.o)
                0x000000000000a658                __sys_seek
 .text.__sys_tmpnam
                0x000000000000a664        0xc /Applications/lpcxpresso_7.5.0_254/lpcxpresso/tools/bin/../lib/gcc/arm-none-eabi/4.8.4/../../../../arm-none-eabi/lib/armv7-m/libcr_semihost.a(__sys_tmpnam.o)
                0x000000000000a664                __sys_tmpnam
 .text.__sys_write
                0x000000000000a670        0xc /Applications/lpcxpresso_7.5.0_254/lpcxpresso/tools/bin/../lib/gcc/arm-none-eabi/4.8.4/../../../../arm-none-eabi/lib/armv7-m/libcr_semihost.a(__sys_write.o)
                0x000000000000a670                __write
                0x000000000000a670                __sys_write
 *(.rodata .rodata.* .constdata .constdata.*)
 .rodata        0x000000000000a67c       0x68 ./src/fat_filelib.o
 .rodata        0x000000000000a6e4       0x48 ./src/fat_misc.o
 .rodata        0x000000000000a72c      0x30c ./src/main.o
 .rodata        0x000000000000aa38       0x18 /Users/wangjiadong/LPCXpresso/workspace/Lib_MCU/Debug/libLib_MCU.a(lpc17xx_uart.o)
 .rodata.str1.1
                0x000000000000aa50       0x34 /Applications/lpcxpresso_7.5.0_254/lpcxpresso/tools/bin/../lib/gcc/arm-none-eabi/4.8.4/../../../../arm-none-eabi/lib/armv7-m/libcr_c.a(fpprintf.o)
                                         0x35 (size before relaxing)
 .rodata.str1.1
                0x000000000000aa84        0x4 /Applications/lpcxpresso_7.5.0_254/lpcxpresso/tools/bin/../lib/gcc/arm-none-eabi/4.8.4/../../../../arm-none-eabi/lib/armv7-m/libcr_c.a(initio.o)
 .rodata.str1.1
                0x000000000000aa88       0x31 /Applications/lpcxpresso_7.5.0_254/lpcxpresso/tools/bin/../lib/gcc/arm-none-eabi/4.8.4/../../../../arm-none-eabi/lib/armv7-m/libcr_c.a(printf.o)
                                         0x38 (size before relaxing)
 *fill*         0x000000000000aab9        0x7 
 .rodata.__huge_val
                0x000000000000aac0        0x8 /Applications/lpcxpresso_7.5.0_254/lpcxpresso/tools/bin/../lib/gcc/arm-none-eabi/4.8.4/../../../../arm-none-eabi/lib/armv7-m/libcr_c.a(_hugeval.o)
                0x000000000000aac0                __huge_val
 .rodata.__huge_vall
                0x000000000000aac8        0x8 /Applications/lpcxpresso_7.5.0_254/lpcxpresso/tools/bin/../lib/gcc/arm-none-eabi/4.8.4/../../../../arm-none-eabi/lib/armv7-m/libcr_c.a(_hugeval.o)
                0x000000000000aac8                __huge_vall
 .rodata.str1.1
                0x000000000000aad0       0x18 /Applications/lpcxpresso_7.5.0_254/lpcxpresso/tools/bin/../lib/gcc/arm-none-eabi/4.8.4/../../../../arm-none-eabi/lib/armv7-m/libcr_c.a(alloc.o)
 .rodata.__ctype
                0x000000000000aae8      0x180 /Applications/lpcxpresso_7.5.0_254/lpcxpresso/tools/bin/../lib/gcc/arm-none-eabi/4.8.4/../../../../arm-none-eabi/lib/armv7-m/libcr_c.a(ctype.o)
                0x000000000000aae8                __ctype
                0x000000000000ac68                . = ALIGN (0x4)

.glue_7         0x000000000000ac68        0x0
 .glue_7        0x0000000000000000        0x0 linker stubs

.glue_7t        0x000000000000ac68        0x0
 .glue_7t       0x0000000000000000        0x0 linker stubs

.vfp11_veneer   0x000000000000ac68        0x0
 .vfp11_veneer  0x0000000000000000        0x0 linker stubs

.v4_bx          0x000000000000ac68        0x0
 .v4_bx         0x0000000000000000        0x0 linker stubs

.iplt           0x000000000000ac68        0x0
 .iplt          0x0000000000000000        0x0 ./src/Bluetooth_3032.o

.rel.dyn        0x000000000000ac68        0x0
 .rel.iplt      0x0000000000000000        0x0 ./src/Bluetooth_3032.o

.ARM.extab
 *(.ARM.extab* .gnu.linkonce.armextab.*)
                0x000000000000ac68                __exidx_start = .

.ARM.exidx
 *(.ARM.exidx* .gnu.linkonce.armexidx.*)
                0x000000000000ac68                __exidx_end = .
                0x000000000000ac68                _etext = .

.data_RAM2      0x000000002007c000        0x0 load address 0x000000000000ac68
 FILL mask 0xff
 *(.ramfunc.$RAM2)
 *(.ramfunc.$RamAHB32)
 *(.data.$RAM2*)
 *(.data.$RamAHB32*)
                0x000000002007c000                . = ALIGN (0x4)

.uninit_RESERVED
                0x0000000010000000        0x0
 *(.bss.$RESERVED*)
                0x0000000010000000                . = ALIGN (0x4)
                0x0000000010000000                _end_uninit_RESERVED = .

.data           0x0000000010000000      0x99c load address 0x000000000000ac68
 FILL mask 0xff
                0x0000000010000000                _data = .
 *(vtable)
 *(.ramfunc*)
 *(.data*)
 .data.str      0x0000000010000000       0xc8 ./src/main.o
                0x0000000010000000                str
 .data.str_gsm  0x00000000100000c8      0x400 ./src/main.o
                0x00000000100000c8                str_gsm
 .data.response_last_gsm
                0x00000000100004c8      0x400 ./src/main.o
                0x00000000100004c8                response_last_gsm
 .data.str_bt   0x00000000100008c8       0xc8 ./src/main.o
                0x00000000100008c8                str_bt
 .data          0x0000000010000990        0x4 /Users/wangjiadong/LPCXpresso/workspace/Lib_CMSISv1p30_LPC17xx/Debug/libCMSISv1p30_LPC17xx.a(system_LPC17xx.o)
                0x0000000010000990                SystemCoreClock
 .data.neginf.4355
                0x0000000010000994        0x4 /Applications/lpcxpresso_7.5.0_254/lpcxpresso/tools/bin/../lib/gcc/arm-none-eabi/4.8.4/../../../../arm-none-eabi/lib/armv7-m/libcr_c.a(scanf.o)
 .data.posinf.4354
                0x0000000010000998        0x4 /Applications/lpcxpresso_7.5.0_254/lpcxpresso/tools/bin/../lib/gcc/arm-none-eabi/4.8.4/../../../../arm-none-eabi/lib/armv7-m/libcr_c.a(scanf.o)
                0x000000001000099c                . = ALIGN (0x4)
                0x000000001000099c                _edata = .

.igot.plt       0x000000001000099c        0x0 load address 0x000000000000b604
 .igot.plt      0x0000000000000000        0x0 ./src/Bluetooth_3032.o

.bss_RAM2       0x000000002007c000        0x0
 *(.bss.$RAM2*)
 *(.bss.$RamAHB32*)
                0x000000002007c000                . = ALIGN (0x4)

.bss            0x00000000100009a0     0x1248
                0x00000000100009a0                _bss = .
 *(.bss*)
 .bss._files    0x00000000100009a0      0x888 ./src/fat_filelib.o
 .bss._filelib_init
                0x0000000010001228        0x4 ./src/fat_filelib.o
 .bss._filelib_valid
                0x000000001000122c        0x4 ./src/fat_filelib.o
 .bss._fs       0x0000000010001230      0x464 ./src/fat_filelib.o
 .bss._open_file_list
                0x0000000010001694        0x8 ./src/fat_filelib.o
 .bss._free_file_list
                0x000000001000169c        0x8 ./src/fat_filelib.o
 .bss.Timer     0x00000000100016a4        0x4 ./src/main.o
                0x00000000100016a4                Timer
 .bss.latitude  0x00000000100016a8        0x8 ./src/main.o
                0x00000000100016a8                latitude
 .bss.longitude
                0x00000000100016b0        0x8 ./src/main.o
                0x00000000100016b0                longitude
 .bss.velocity  0x00000000100016b8        0x8 ./src/main.o
                0x00000000100016b8                velocity
 .bss.date      0x00000000100016c0        0x4 ./src/main.o
                0x00000000100016c0                date
 .bss.time      0x00000000100016c4        0x4 ./src/main.o
                0x00000000100016c4                time
 .bss.num       0x00000000100016c8        0x4 ./src/main.o
                0x00000000100016c8                num
 .bss.num_gsm   0x00000000100016cc        0x4 ./src/main.o
                0x00000000100016cc                num_gsm
 .bss.response_num_gsm
                0x00000000100016d0        0x4 ./src/main.o
                0x00000000100016d0                response_num_gsm
 .bss.BT_CMD    0x00000000100016d4        0x4 ./src/main.o
                0x00000000100016d4                BT_CMD
 .bss.BUTTON_CMD
                0x00000000100016d8        0x4 ./src/main.o
                0x00000000100016d8                BUTTON_CMD
 .bss.SLEEP_STATUS
                0x00000000100016dc        0x4 ./src/main.o
                0x00000000100016dc                SLEEP_STATUS
 .bss.sleep_counter
                0x00000000100016e0        0x4 ./src/main.o
                0x00000000100016e0                sleep_counter
 .bss.emergency_counter
                0x00000000100016e4        0x4 ./src/main.o
                0x00000000100016e4                emergency_counter
 .bss.button_pressed
                0x00000000100016e8        0x4 ./src/main.o
                0x00000000100016e8                button_pressed
 .bss.emergency_status
                0x00000000100016ec        0x4 ./src/main.o
                0x00000000100016ec                emergency_status
 .bss.load_array
                0x00000000100016f0      0x320 ./src/main.o
                0x00000000100016f0                load_array
 .bss.load_array_position
                0x0000000010001a10        0x4 ./src/main.o
                0x0000000010001a10                load_array_position
 *fill*         0x0000000010001a14        0x4 
 .bss.avg_load  0x0000000010001a18        0x8 ./src/main.o
                0x0000000010001a18                avg_load
 .bss.max_load  0x0000000010001a20        0x8 ./src/main.o
                0x0000000010001a20                max_load
 .bss.min_load  0x0000000010001a28        0x8 ./src/main.o
                0x0000000010001a28                min_load
 .bss.std_load  0x0000000010001a30        0x8 ./src/main.o
                0x0000000010001a30                std_load
 .bss.body_status
                0x0000000010001a38        0x4 ./src/main.o
                0x0000000010001a38                body_status
 *fill*         0x0000000010001a3c        0x4 
 .bss.accuracy  0x0000000010001a40        0x8 ./src/main.o
                0x0000000010001a40                accuracy
 .bss.weight    0x0000000010001a48        0x8 ./src/main.o
                0x0000000010001a48                weight
 .bss.num_bt    0x0000000010001a50        0x4 ./src/main.o
                0x0000000010001a50                num_bt
 .bss.GPS_timer
                0x0000000010001a54        0x4 ./src/main.o
                0x0000000010001a54                GPS_timer
 .bss.ticks.5996
                0x0000000010001a58        0x4 ./src/main.o
 .bss.Timer1    0x0000000010001a5c        0x4 ./src/sd.o
 .bss.Timer2    0x0000000010001a60        0x4 ./src/sd.o
 .bss.errno     0x0000000010001a64        0x4 /Applications/lpcxpresso_7.5.0_254/lpcxpresso/tools/bin/../lib/gcc/arm-none-eabi/4.8.4/../../../../arm-none-eabi/lib/armv7-m/libcr_c.a(errno.o)
                0x0000000010001a64                errno
 *(COMMON)
 COMMON         0x0000000010001a68       0x34 ./src/sd.o
                0x0000000010001a68                CardType
                0x0000000010001a6c                CardConfig
 COMMON         0x0000000010001a9c        0x4 /Applications/lpcxpresso_7.5.0_254/lpcxpresso/tools/bin/../lib/gcc/arm-none-eabi/4.8.4/../../../../arm-none-eabi/lib/armv7-m/libcr_c.a(initio.o)
                0x0000000010001a9c                _extra
 COMMON         0x0000000010001aa0      0x140 /Applications/lpcxpresso_7.5.0_254/lpcxpresso/tools/bin/../lib/gcc/arm-none-eabi/4.8.4/../../../../arm-none-eabi/lib/armv7-m/libcr_c.a(stdio.o)
                0x0000000010001aa0                __Ciob
 COMMON         0x0000000010001be0        0x8 /Applications/lpcxpresso_7.5.0_254/lpcxpresso/tools/bin/../lib/gcc/arm-none-eabi/4.8.4/../../../../arm-none-eabi/lib/armv7-m/libcr_c.a(__init_alloc.o)
                0x0000000010001be0                __heaps
                0x0000000010001be4                __end_of_heap
                0x0000000010001be8                . = ALIGN (0x4)
                0x0000000010001be8                _ebss = .
                0x0000000010001be8                PROVIDE (end, .)

.noinit_RAM2    0x000000002007c000        0x0
 *(.noinit.$RAM2*)
 *(.noinit.$RamAHB32*)
                0x000000002007c000                . = ALIGN (0x4)

.noinit         0x0000000010001be8        0x0
                0x0000000010001be8                _noinit = .
 *(.noinit*)
                0x0000000010001be8                . = ALIGN (0x4)
                0x0000000010001be8                _end_noinit = .
                0x0000000010001be8                PROVIDE (_pvHeapStart, DEFINED (__user_heap_base)?__user_heap_base:.)
                0x0000000010008000                PROVIDE (_vStackTop, DEFINED (__user_stack_top)?__user_stack_top:(__top_RamLoc32 - 0x0))
OUTPUT(LPC1769_CMSIS_MCU_blinky.axf elf32-littlearm)

.debug_info     0x0000000000000000     0xac18
 .debug_info    0x0000000000000000      0x6c8 ./src/Bluetooth_3032.o
 .debug_info    0x00000000000006c8      0x43c ./src/GPS_3032.o
 .debug_info    0x0000000000000b04      0x916 ./src/GSM_3032.o
 .debug_info    0x000000000000141a      0x584 ./src/Load_3032.o
 .debug_info    0x000000000000199e      0x5b3 ./src/Temp_3032.o
 .debug_info    0x0000000000001f51      0x2be ./src/cr_startup_lpc176x.o
 .debug_info    0x000000000000220f      0xb2e ./src/fat_access.o
 .debug_info    0x0000000000002d3d      0x66c ./src/fat_cache.o
 .debug_info    0x00000000000033a9     0x1303 ./src/fat_filelib.o
 .debug_info    0x00000000000046ac      0x61d ./src/fat_misc.o
 .debug_info    0x0000000000004cc9      0x4c4 ./src/fat_string.o
 .debug_info    0x000000000000518d      0x67e ./src/fat_table.o
 .debug_info    0x000000000000580b      0x654 ./src/fat_write.o
 .debug_info    0x0000000000005e5f     0x150b ./src/main.o
 .debug_info    0x000000000000736a      0x4d5 ./src/sd.o
 .debug_info    0x000000000000783f      0x811 ./src/spi.o
 .debug_info    0x0000000000008050      0x2e3 /Users/wangjiadong/LPCXpresso/workspace/Lib_CMSISv1p30_LPC17xx/Debug/libCMSISv1p30_LPC17xx.a(system_LPC17xx.o)
 .debug_info    0x0000000000008333      0xac9 /Users/wangjiadong/LPCXpresso/workspace/Lib_MCU/Debug/libLib_MCU.a(lpc17xx_gpio.o)
 .debug_info    0x0000000000008dfc      0x44a /Users/wangjiadong/LPCXpresso/workspace/Lib_MCU/Debug/libLib_MCU.a(lpc17xx_pinsel.o)
 .debug_info    0x0000000000009246     0x1381 /Users/wangjiadong/LPCXpresso/workspace/Lib_MCU/Debug/libLib_MCU.a(lpc17xx_uart.o)
 .debug_info    0x000000000000a5c7      0x58c /Users/wangjiadong/LPCXpresso/workspace/Lib_MCU/Debug/libLib_MCU.a(lpc17xx_clkpwr.o)
 .debug_info    0x000000000000ab53       0xc5 /Users/wangjiadong/LPCXpresso/workspace/Lib_MCU/Debug/libLib_MCU.a(lpc17xx_libcfg_default.o)

.debug_abbrev   0x0000000000000000     0x2552
 .debug_abbrev  0x0000000000000000      0x1e4 ./src/Bluetooth_3032.o
 .debug_abbrev  0x00000000000001e4      0x151 ./src/GPS_3032.o
 .debug_abbrev  0x0000000000000335      0x230 ./src/GSM_3032.o
 .debug_abbrev  0x0000000000000565      0x11e ./src/Load_3032.o
 .debug_abbrev  0x0000000000000683      0x138 ./src/Temp_3032.o
 .debug_abbrev  0x00000000000007bb      0x12b ./src/cr_startup_lpc176x.o
 .debug_abbrev  0x00000000000008e6      0x20a ./src/fat_access.o
 .debug_abbrev  0x0000000000000af0      0x1a1 ./src/fat_cache.o
 .debug_abbrev  0x0000000000000c91      0x268 ./src/fat_filelib.o
 .debug_abbrev  0x0000000000000ef9      0x1ca ./src/fat_misc.o
 .debug_abbrev  0x00000000000010c3      0x15b ./src/fat_string.o
 .debug_abbrev  0x000000000000121e      0x1fb ./src/fat_table.o
 .debug_abbrev  0x0000000000001419      0x1ad ./src/fat_write.o
 .debug_abbrev  0x00000000000015c6      0x3d6 ./src/main.o
 .debug_abbrev  0x000000000000199c      0x1a1 ./src/sd.o
 .debug_abbrev  0x0000000000001b3d      0x1a3 ./src/spi.o
 .debug_abbrev  0x0000000000001ce0       0xe6 /Users/wangjiadong/LPCXpresso/workspace/Lib_CMSISv1p30_LPC17xx/Debug/libCMSISv1p30_LPC17xx.a(system_LPC17xx.o)
 .debug_abbrev  0x0000000000001dc6      0x193 /Users/wangjiadong/LPCXpresso/workspace/Lib_MCU/Debug/libLib_MCU.a(lpc17xx_gpio.o)
 .debug_abbrev  0x0000000000001f59      0x129 /Users/wangjiadong/LPCXpresso/workspace/Lib_MCU/Debug/libLib_MCU.a(lpc17xx_pinsel.o)
 .debug_abbrev  0x0000000000002082      0x2a8 /Users/wangjiadong/LPCXpresso/workspace/Lib_MCU/Debug/libLib_MCU.a(lpc17xx_uart.o)
 .debug_abbrev  0x000000000000232a      0x1bc /Users/wangjiadong/LPCXpresso/workspace/Lib_MCU/Debug/libLib_MCU.a(lpc17xx_clkpwr.o)
 .debug_abbrev  0x00000000000024e6       0x6c /Users/wangjiadong/LPCXpresso/workspace/Lib_MCU/Debug/libLib_MCU.a(lpc17xx_libcfg_default.o)

.debug_aranges  0x0000000000000000      0xab8
 .debug_aranges
                0x0000000000000000       0x40 ./src/Bluetooth_3032.o
 .debug_aranges
                0x0000000000000040       0x40 ./src/GPS_3032.o
 .debug_aranges
                0x0000000000000080       0x58 ./src/GSM_3032.o
 .debug_aranges
                0x00000000000000d8       0x38 ./src/Load_3032.o
 .debug_aranges
                0x0000000000000110       0x30 ./src/Temp_3032.o
 .debug_aranges
                0x0000000000000140       0x80 ./src/cr_startup_lpc176x.o
 .debug_aranges
                0x00000000000001c0       0x90 ./src/fat_access.o
 .debug_aranges
                0x0000000000000250       0x70 ./src/fat_cache.o
 .debug_aranges
                0x00000000000002c0      0x168 ./src/fat_filelib.o
 .debug_aranges
                0x0000000000000428       0x90 ./src/fat_misc.o
 .debug_aranges
                0x00000000000004b8       0x70 ./src/fat_string.o
 .debug_aranges
                0x0000000000000528       0x70 ./src/fat_table.o
 .debug_aranges
                0x0000000000000598       0x38 ./src/fat_write.o
 .debug_aranges
                0x00000000000005d0      0x150 ./src/main.o
 .debug_aranges
                0x0000000000000720       0x68 ./src/sd.o
 .debug_aranges
                0x0000000000000788       0x48 ./src/spi.o
 .debug_aranges
                0x00000000000007d0       0x28 /Users/wangjiadong/LPCXpresso/workspace/Lib_CMSISv1p30_LPC17xx/Debug/libCMSISv1p30_LPC17xx.a(system_LPC17xx.o)
 .debug_aranges
                0x00000000000007f8       0xc8 /Users/wangjiadong/LPCXpresso/workspace/Lib_MCU/Debug/libLib_MCU.a(lpc17xx_gpio.o)
 .debug_aranges
                0x00000000000008c0       0x48 /Users/wangjiadong/LPCXpresso/workspace/Lib_MCU/Debug/libLib_MCU.a(lpc17xx_pinsel.o)
 .debug_aranges
                0x0000000000000908      0x130 /Users/wangjiadong/LPCXpresso/workspace/Lib_MCU/Debug/libLib_MCU.a(lpc17xx_uart.o)
 .debug_aranges
                0x0000000000000a38       0x60 /Users/wangjiadong/LPCXpresso/workspace/Lib_MCU/Debug/libLib_MCU.a(lpc17xx_clkpwr.o)
 .debug_aranges
                0x0000000000000a98       0x20 /Users/wangjiadong/LPCXpresso/workspace/Lib_MCU/Debug/libLib_MCU.a(lpc17xx_libcfg_default.o)

.debug_ranges   0x0000000000000000      0x970
 .debug_ranges  0x0000000000000000       0x30 ./src/Bluetooth_3032.o
 .debug_ranges  0x0000000000000030       0x30 ./src/GPS_3032.o
 .debug_ranges  0x0000000000000060       0x48 ./src/GSM_3032.o
 .debug_ranges  0x00000000000000a8       0x28 ./src/Load_3032.o
 .debug_ranges  0x00000000000000d0       0x20 ./src/Temp_3032.o
 .debug_ranges  0x00000000000000f0       0x70 ./src/cr_startup_lpc176x.o
 .debug_ranges  0x0000000000000160       0x80 ./src/fat_access.o
 .debug_ranges  0x00000000000001e0       0x60 ./src/fat_cache.o
 .debug_ranges  0x0000000000000240      0x170 ./src/fat_filelib.o
 .debug_ranges  0x00000000000003b0       0x80 ./src/fat_misc.o
 .debug_ranges  0x0000000000000430       0x60 ./src/fat_string.o
 .debug_ranges  0x0000000000000490       0x60 ./src/fat_table.o
 .debug_ranges  0x00000000000004f0       0x28 ./src/fat_write.o
 .debug_ranges  0x0000000000000518      0x140 ./src/main.o
 .debug_ranges  0x0000000000000658       0x58 ./src/sd.o
 .debug_ranges  0x00000000000006b0       0x38 ./src/spi.o
 .debug_ranges  0x00000000000006e8       0x18 /Users/wangjiadong/LPCXpresso/workspace/Lib_CMSISv1p30_LPC17xx/Debug/libCMSISv1p30_LPC17xx.a(system_LPC17xx.o)
 .debug_ranges  0x0000000000000700       0xb8 /Users/wangjiadong/LPCXpresso/workspace/Lib_MCU/Debug/libLib_MCU.a(lpc17xx_gpio.o)
 .debug_ranges  0x00000000000007b8       0x38 /Users/wangjiadong/LPCXpresso/workspace/Lib_MCU/Debug/libLib_MCU.a(lpc17xx_pinsel.o)
 .debug_ranges  0x00000000000007f0      0x120 /Users/wangjiadong/LPCXpresso/workspace/Lib_MCU/Debug/libLib_MCU.a(lpc17xx_uart.o)
 .debug_ranges  0x0000000000000910       0x50 /Users/wangjiadong/LPCXpresso/workspace/Lib_MCU/Debug/libLib_MCU.a(lpc17xx_clkpwr.o)
 .debug_ranges  0x0000000000000960       0x10 /Users/wangjiadong/LPCXpresso/workspace/Lib_MCU/Debug/libLib_MCU.a(lpc17xx_libcfg_default.o)

.debug_macro    0x0000000000000000     0x5b77
 .debug_macro   0x0000000000000000       0xb3 ./src/Bluetooth_3032.o
 .debug_macro   0x00000000000000b3      0x856 ./src/Bluetooth_3032.o
 .debug_macro   0x0000000000000909       0x1c ./src/Bluetooth_3032.o
 .debug_macro   0x0000000000000925       0x22 ./src/Bluetooth_3032.o
 .debug_macro   0x0000000000000947       0x10 ./src/Bluetooth_3032.o
 .debug_macro   0x0000000000000957      0x12d ./src/Bluetooth_3032.o
 .debug_macro   0x0000000000000a84      0x5b2 ./src/Bluetooth_3032.o
 .debug_macro   0x0000000000001036      0x7b7 ./src/Bluetooth_3032.o
 .debug_macro   0x00000000000017ed      0x2c7 ./src/Bluetooth_3032.o
 .debug_macro   0x0000000000001ab4       0x63 ./src/Bluetooth_3032.o
 .debug_macro   0x0000000000001b17      0x143 ./src/Bluetooth_3032.o
 .debug_macro   0x0000000000001c5a       0x46 ./src/Bluetooth_3032.o
 .debug_macro   0x0000000000001ca0      0x32a ./src/Bluetooth_3032.o
 .debug_macro   0x0000000000001fca       0x9a ./src/Bluetooth_3032.o
 .debug_macro   0x0000000000002064       0xb1 ./src/GPS_3032.o
 .debug_macro   0x0000000000002115       0xc9 ./src/GSM_3032.o
 .debug_macro   0x00000000000021de       0xbc ./src/Load_3032.o
 .debug_macro   0x000000000000229a       0x4c ./src/Load_3032.o
 .debug_macro   0x00000000000022e6       0xb6 ./src/Temp_3032.o
 .debug_macro   0x000000000000239c       0x34 ./src/Temp_3032.o
 .debug_macro   0x00000000000023d0       0x52 ./src/cr_startup_lpc176x.o
 .debug_macro   0x0000000000002422      0x85c ./src/cr_startup_lpc176x.o
 .debug_macro   0x0000000000002c7e       0xb5 ./src/fat_access.o
 .debug_macro   0x0000000000002d33       0x4c ./src/fat_access.o
 .debug_macro   0x0000000000002d7f       0x2e ./src/fat_access.o
 .debug_macro   0x0000000000002dad      0x1ae ./src/fat_access.o
 .debug_macro   0x0000000000002f5b       0x3a ./src/fat_access.o
 .debug_macro   0x0000000000002f95       0x2e ./src/fat_access.o
 .debug_macro   0x0000000000002fc3       0xa8 ./src/fat_cache.o
 .debug_macro   0x000000000000306b       0x3a ./src/fat_cache.o
 .debug_macro   0x00000000000030a5       0x28 ./src/fat_cache.o
 .debug_macro   0x00000000000030cd       0xfe ./src/fat_filelib.o
 .debug_macro   0x00000000000031cb       0x28 ./src/fat_filelib.o
 .debug_macro   0x00000000000031f3       0x93 ./src/fat_misc.o
 .debug_macro   0x0000000000003286       0x28 ./src/fat_misc.o
 .debug_macro   0x00000000000032ae       0x50 ./src/fat_string.o
 .debug_macro   0x00000000000032fe       0x16 ./src/fat_string.o
 .debug_macro   0x0000000000003314       0xb5 ./src/fat_table.o
 .debug_macro   0x00000000000033c9       0xb5 ./src/fat_write.o
 .debug_macro   0x000000000000347e      0x14d ./src/main.o
 .debug_macro   0x00000000000035cb       0x52 ./src/main.o
 .debug_macro   0x000000000000361d       0x34 ./src/main.o
 .debug_macro   0x0000000000003651       0x52 ./src/main.o
 .debug_macro   0x00000000000036a3       0x28 ./src/main.o
 .debug_macro   0x00000000000036cb       0x1c ./src/main.o
 .debug_macro   0x00000000000036e7       0xc4 ./src/main.o
 .debug_macro   0x00000000000037ab      0x12e ./src/sd.o
 .debug_macro   0x00000000000038d9       0x1c ./src/sd.o
 .debug_macro   0x00000000000038f5      0x2c7 ./src/sd.o
 .debug_macro   0x0000000000003bbc       0x10 ./src/sd.o
 .debug_macro   0x0000000000003bcc       0x3a ./src/sd.o
 .debug_macro   0x0000000000003c06       0x95 ./src/spi.o
 .debug_macro   0x0000000000003c9b      0x113 /Users/wangjiadong/LPCXpresso/workspace/Lib_CMSISv1p30_LPC17xx/Debug/libCMSISv1p30_LPC17xx.a(system_LPC17xx.o)
 .debug_macro   0x0000000000003dae      0x850 /Users/wangjiadong/LPCXpresso/workspace/Lib_CMSISv1p30_LPC17xx/Debug/libCMSISv1p30_LPC17xx.a(system_LPC17xx.o)
 .debug_macro   0x00000000000045fe      0x7d5 /Users/wangjiadong/LPCXpresso/workspace/Lib_CMSISv1p30_LPC17xx/Debug/libCMSISv1p30_LPC17xx.a(system_LPC17xx.o)
 .debug_macro   0x0000000000004dd3       0x83 /Users/wangjiadong/LPCXpresso/workspace/Lib_MCU/Debug/libLib_MCU.a(lpc17xx_gpio.o)
 .debug_macro   0x0000000000004e56       0x40 /Users/wangjiadong/LPCXpresso/workspace/Lib_MCU/Debug/libLib_MCU.a(lpc17xx_gpio.o)
 .debug_macro   0x0000000000004e96       0xcb /Users/wangjiadong/LPCXpresso/workspace/Lib_MCU/Debug/libLib_MCU.a(lpc17xx_gpio.o)
 .debug_macro   0x0000000000004f61       0x7a /Users/wangjiadong/LPCXpresso/workspace/Lib_MCU/Debug/libLib_MCU.a(lpc17xx_pinsel.o)
 .debug_macro   0x0000000000004fdb       0x8c /Users/wangjiadong/LPCXpresso/workspace/Lib_MCU/Debug/libLib_MCU.a(lpc17xx_uart.o)
 .debug_macro   0x0000000000005067      0x324 /Users/wangjiadong/LPCXpresso/workspace/Lib_MCU/Debug/libLib_MCU.a(lpc17xx_uart.o)
 .debug_macro   0x000000000000538b      0x2fe /Users/wangjiadong/LPCXpresso/workspace/Lib_MCU/Debug/libLib_MCU.a(lpc17xx_uart.o)
 .debug_macro   0x0000000000005689       0x7a /Users/wangjiadong/LPCXpresso/workspace/Lib_MCU/Debug/libLib_MCU.a(lpc17xx_clkpwr.o)
 .debug_macro   0x0000000000005703      0x2f8 /Users/wangjiadong/LPCXpresso/workspace/Lib_MCU/Debug/libLib_MCU.a(lpc17xx_clkpwr.o)
 .debug_macro   0x00000000000059fb       0x5a /Users/wangjiadong/LPCXpresso/workspace/Lib_MCU/Debug/libLib_MCU.a(lpc17xx_libcfg_default.o)
 .debug_macro   0x0000000000005a55       0x5d /Users/wangjiadong/LPCXpresso/workspace/Lib_MCU/Debug/libLib_MCU.a(lpc17xx_libcfg_default.o)
 .debug_macro   0x0000000000005ab2       0xc5 /Users/wangjiadong/LPCXpresso/workspace/Lib_MCU/Debug/libLib_MCU.a(lpc17xx_libcfg_default.o)

.debug_line     0x0000000000000000     0x5221
 .debug_line    0x0000000000000000      0x28e ./src/Bluetooth_3032.o
 .debug_line    0x000000000000028e      0x2b6 ./src/GPS_3032.o
 .debug_line    0x0000000000000544      0x32e ./src/GSM_3032.o
 .debug_line    0x0000000000000872      0x2c0 ./src/Load_3032.o
 .debug_line    0x0000000000000b32      0x299 ./src/Temp_3032.o
 .debug_line    0x0000000000000dcb      0x1bf ./src/cr_startup_lpc176x.o
 .debug_line    0x0000000000000f8a      0x4a9 ./src/fat_access.o
 .debug_line    0x0000000000001433      0x2a0 ./src/fat_cache.o
 .debug_line    0x00000000000016d3      0x99b ./src/fat_filelib.o
 .debug_line    0x000000000000206e      0x3df ./src/fat_misc.o
 .debug_line    0x000000000000244d      0x3a3 ./src/fat_string.o
 .debug_line    0x00000000000027f0      0x37e ./src/fat_table.o
 .debug_line    0x0000000000002b6e      0x2d6 ./src/fat_write.o
 .debug_line    0x0000000000002e44      0x8c6 ./src/main.o
 .debug_line    0x000000000000370a      0x464 ./src/sd.o
 .debug_line    0x0000000000003b6e      0x23a ./src/spi.o
 .debug_line    0x0000000000003da8      0x201 /Users/wangjiadong/LPCXpresso/workspace/Lib_CMSISv1p30_LPC17xx/Debug/libCMSISv1p30_LPC17xx.a(system_LPC17xx.o)
 .debug_line    0x0000000000003fa9      0x3d9 /Users/wangjiadong/LPCXpresso/workspace/Lib_MCU/Debug/libLib_MCU.a(lpc17xx_gpio.o)
 .debug_line    0x0000000000004382      0x255 /Users/wangjiadong/LPCXpresso/workspace/Lib_MCU/Debug/libLib_MCU.a(lpc17xx_pinsel.o)
 .debug_line    0x00000000000045d7      0x817 /Users/wangjiadong/LPCXpresso/workspace/Lib_MCU/Debug/libLib_MCU.a(lpc17xx_uart.o)
 .debug_line    0x0000000000004dee      0x2b4 /Users/wangjiadong/LPCXpresso/workspace/Lib_MCU/Debug/libLib_MCU.a(lpc17xx_clkpwr.o)
 .debug_line    0x00000000000050a2      0x17f /Users/wangjiadong/LPCXpresso/workspace/Lib_MCU/Debug/libLib_MCU.a(lpc17xx_libcfg_default.o)

.debug_str      0x0000000000000000     0xff31
 .debug_str     0x0000000000000000     0xa15d ./src/Bluetooth_3032.o
                                       0xa1fb (size before relaxing)
 .debug_str     0x000000000000a15d       0x49 ./src/GPS_3032.o
                                       0x9fc1 (size before relaxing)
 .debug_str     0x000000000000a1a6      0x11b ./src/GSM_3032.o
                                       0xa2cd (size before relaxing)
 .debug_str     0x000000000000a2c1      0x39a ./src/Load_3032.o
                                       0xa112 (size before relaxing)
 .debug_str     0x000000000000a65b       0x5b ./src/Temp_3032.o
                                       0xa0f5 (size before relaxing)
 .debug_str     0x000000000000a6b6      0x2a8 ./src/cr_startup_lpc176x.o
                                       0x3d47 (size before relaxing)
 .debug_str     0x000000000000a95e     0x10a8 ./src/fat_access.o
                                       0x3cdf (size before relaxing)
 .debug_str     0x000000000000ba06      0x3d5 ./src/fat_cache.o
                                       0x3a9a (size before relaxing)
 .debug_str     0x000000000000bddb      0x3ef ./src/fat_filelib.o
                                       0x4227 (size before relaxing)
 .debug_str     0x000000000000c1ca      0x1de ./src/fat_misc.o
                                       0x398e (size before relaxing)
 .debug_str     0x000000000000c3a8      0x25e ./src/fat_string.o
                                       0x2c1a (size before relaxing)
 .debug_str     0x000000000000c606      0x2de ./src/fat_table.o
                                       0x3c85 (size before relaxing)
 .debug_str     0x000000000000c8e4      0x127 ./src/fat_write.o
                                       0x3b76 (size before relaxing)
 .debug_str     0x000000000000ca0b      0xa99 ./src/main.o
                                       0xb8b6 (size before relaxing)
 .debug_str     0x000000000000d4a4      0x3f2 ./src/sd.o
                                       0x7fac (size before relaxing)
 .debug_str     0x000000000000d896      0x26c ./src/spi.o
                                       0x802d (size before relaxing)
 .debug_str     0x000000000000db02      0x3b7 /Users/wangjiadong/LPCXpresso/workspace/Lib_CMSISv1p30_LPC17xx/Debug/libCMSISv1p30_LPC17xx.a(system_LPC17xx.o)
                                       0x7f0d (size before relaxing)
 .debug_str     0x000000000000deb9      0x3a5 /Users/wangjiadong/LPCXpresso/workspace/Lib_MCU/Debug/libLib_MCU.a(lpc17xx_gpio.o)
                                       0x8360 (size before relaxing)
 .debug_str     0x000000000000e25e      0x121 /Users/wangjiadong/LPCXpresso/workspace/Lib_MCU/Debug/libLib_MCU.a(lpc17xx_pinsel.o)
                                       0x83a4 (size before relaxing)
 .debug_str     0x000000000000e37f     0x1aba /Users/wangjiadong/LPCXpresso/workspace/Lib_MCU/Debug/libLib_MCU.a(lpc17xx_uart.o)
                                       0xb272 (size before relaxing)
 .debug_str     0x000000000000fe39       0xcb /Users/wangjiadong/LPCXpresso/workspace/Lib_MCU/Debug/libLib_MCU.a(lpc17xx_clkpwr.o)
                                       0x9101 (size before relaxing)
 .debug_str     0x000000000000ff04       0x2d /Users/wangjiadong/LPCXpresso/workspace/Lib_MCU/Debug/libLib_MCU.a(lpc17xx_libcfg_default.o)
                                       0x3e39 (size before relaxing)

.comment        0x0000000000000000       0xe0
 .comment       0x0000000000000000       0x70 ./src/Bluetooth_3032.o
                                         0x71 (size before relaxing)
 .comment       0x0000000000000000       0x71 ./src/GPS_3032.o
 .comment       0x0000000000000000       0x71 ./src/GSM_3032.o
 .comment       0x0000000000000000       0x71 ./src/Load_3032.o
 .comment       0x0000000000000000       0x71 ./src/Temp_3032.o
 .comment       0x0000000000000000       0x71 ./src/cr_startup_lpc176x.o
 .comment       0x0000000000000000       0x71 ./src/fat_access.o
 .comment       0x0000000000000000       0x71 ./src/fat_cache.o
 .comment       0x0000000000000000       0x71 ./src/fat_filelib.o
 .comment       0x0000000000000000       0x71 ./src/fat_misc.o
 .comment       0x0000000000000000       0x71 ./src/fat_string.o
 .comment       0x0000000000000000       0x71 ./src/fat_table.o
 .comment       0x0000000000000000       0x71 ./src/fat_write.o
 .comment       0x0000000000000000       0x71 ./src/main.o
 .comment       0x0000000000000000       0x71 ./src/sd.o
 .comment       0x0000000000000000       0x71 ./src/spi.o
 .comment       0x0000000000000000       0x71 /Users/wangjiadong/LPCXpresso/workspace/Lib_CMSISv1p30_LPC17xx/Debug/libCMSISv1p30_LPC17xx.a(system_LPC17xx.o)
 .comment       0x0000000000000000       0x71 /Users/wangjiadong/LPCXpresso/workspace/Lib_MCU/Debug/libLib_MCU.a(lpc17xx_gpio.o)
 .comment       0x0000000000000000       0x71 /Users/wangjiadong/LPCXpresso/workspace/Lib_MCU/Debug/libLib_MCU.a(lpc17xx_pinsel.o)
 .comment       0x0000000000000000       0x71 /Users/wangjiadong/LPCXpresso/workspace/Lib_MCU/Debug/libLib_MCU.a(lpc17xx_uart.o)
 .comment       0x0000000000000000       0x71 /Users/wangjiadong/LPCXpresso/workspace/Lib_MCU/Debug/libLib_MCU.a(lpc17xx_clkpwr.o)
 .comment       0x0000000000000000       0x71 /Users/wangjiadong/LPCXpresso/workspace/Lib_MCU/Debug/libLib_MCU.a(lpc17xx_libcfg_default.o)
 .comment       0x0000000000000070       0x70 /Applications/lpcxpresso_7.5.0_254/lpcxpresso/tools/bin/../lib/gcc/arm-none-eabi/4.8.4/../../../../arm-none-eabi/lib/armv7-m/libcr_semihost.a(_cr__main.o)
                                         0x71 (size before relaxing)
 .comment       0x0000000000000000       0x71 /Applications/lpcxpresso_7.5.0_254/lpcxpresso/tools/bin/../lib/gcc/arm-none-eabi/4.8.4/../../../../arm-none-eabi/lib/armv7-m/libcr_c.a(memcpy.o)
 .comment       0x0000000000000000       0x71 /Applications/lpcxpresso_7.5.0_254/lpcxpresso/tools/bin/../lib/gcc/arm-none-eabi/4.8.4/../../../../arm-none-eabi/lib/armv7-m/libcr_c.a(memset.o)
 .comment       0x0000000000000000       0x71 /Applications/lpcxpresso_7.5.0_254/lpcxpresso/tools/bin/../lib/gcc/arm-none-eabi/4.8.4/../../../../arm-none-eabi/lib/armv7-m/libcr_c.a(fpprintf.o)
 .comment       0x0000000000000000       0x71 /Applications/lpcxpresso_7.5.0_254/lpcxpresso/tools/bin/../lib/gcc/arm-none-eabi/4.8.4/../../../../arm-none-eabi/lib/armv7-m/libcr_c.a(initio.o)
 .comment       0x0000000000000000       0x71 /Applications/lpcxpresso_7.5.0_254/lpcxpresso/tools/bin/../lib/gcc/arm-none-eabi/4.8.4/../../../../arm-none-eabi/lib/armv7-m/libcr_c.a(printf.o)
 .comment       0x0000000000000000       0x71 /Applications/lpcxpresso_7.5.0_254/lpcxpresso/tools/bin/../lib/gcc/arm-none-eabi/4.8.4/../../../../arm-none-eabi/lib/armv7-m/libcr_c.a(scanf.o)
 .comment       0x0000000000000000       0x71 /Applications/lpcxpresso_7.5.0_254/lpcxpresso/tools/bin/../lib/gcc/arm-none-eabi/4.8.4/../../../../arm-none-eabi/lib/armv7-m/libcr_c.a(setvbuf.o)
 .comment       0x0000000000000000       0x71 /Applications/lpcxpresso_7.5.0_254/lpcxpresso/tools/bin/../lib/gcc/arm-none-eabi/4.8.4/../../../../arm-none-eabi/lib/armv7-m/libcr_c.a(sqrt.o)
 .comment       0x0000000000000000       0x71 /Applications/lpcxpresso_7.5.0_254/lpcxpresso/tools/bin/../lib/gcc/arm-none-eabi/4.8.4/../../../../arm-none-eabi/lib/armv7-m/libcr_c.a(stdio.o)
 .comment       0x0000000000000000       0x71 /Applications/lpcxpresso_7.5.0_254/lpcxpresso/tools/bin/../lib/gcc/arm-none-eabi/4.8.4/../../../../arm-none-eabi/lib/armv7-m/libcr_c.a(strcpy.o)
 .comment       0x0000000000000000       0x71 /Applications/lpcxpresso_7.5.0_254/lpcxpresso/tools/bin/../lib/gcc/arm-none-eabi/4.8.4/../../../../arm-none-eabi/lib/armv7-m/libcr_c.a(strlen.o)
 .comment       0x0000000000000000       0x71 /Applications/lpcxpresso_7.5.0_254/lpcxpresso/tools/bin/../lib/gcc/arm-none-eabi/4.8.4/../../../../arm-none-eabi/lib/armv7-m/libcr_c.a(strncmp.o)
 .comment       0x0000000000000000       0x71 /Applications/lpcxpresso_7.5.0_254/lpcxpresso/tools/bin/../lib/gcc/arm-none-eabi/4.8.4/../../../../arm-none-eabi/lib/armv7-m/libcr_c.a(strncpy.o)
 .comment       0x0000000000000000       0x71 /Applications/lpcxpresso_7.5.0_254/lpcxpresso/tools/bin/../lib/gcc/arm-none-eabi/4.8.4/../../../../arm-none-eabi/lib/armv7-m/libcr_c.a(strstr.o)
 .comment       0x0000000000000000       0x71 /Applications/lpcxpresso_7.5.0_254/lpcxpresso/tools/bin/../lib/gcc/arm-none-eabi/4.8.4/../../../../arm-none-eabi/lib/armv7-m/libcr_c.a(ungetc.o)
 .comment       0x0000000000000000       0x71 /Applications/lpcxpresso_7.5.0_254/lpcxpresso/tools/bin/../lib/gcc/arm-none-eabi/4.8.4/../../../../arm-none-eabi/lib/armv7-m/libcr_c.a(__fillbuf.o)
 .comment       0x0000000000000000       0x71 /Applications/lpcxpresso_7.5.0_254/lpcxpresso/tools/bin/../lib/gcc/arm-none-eabi/4.8.4/../../../../arm-none-eabi/lib/armv7-m/libcr_c.a(_deferredlazyseek.o)
 .comment       0x0000000000000000       0x71 /Applications/lpcxpresso_7.5.0_254/lpcxpresso/tools/bin/../lib/gcc/arm-none-eabi/4.8.4/../../../../arm-none-eabi/lib/armv7-m/libcr_c.a(_fdopen.o)
 .comment       0x0000000000000000       0x71 /Applications/lpcxpresso_7.5.0_254/lpcxpresso/tools/bin/../lib/gcc/arm-none-eabi/4.8.4/../../../../arm-none-eabi/lib/armv7-m/libcr_c.a(_fflush.o)
 .comment       0x0000000000000000       0x71 /Applications/lpcxpresso_7.5.0_254/lpcxpresso/tools/bin/../lib/gcc/arm-none-eabi/4.8.4/../../../../arm-none-eabi/lib/armv7-m/libcr_c.a(_frexpl.o)
 .comment       0x0000000000000000       0x71 /Applications/lpcxpresso_7.5.0_254/lpcxpresso/tools/bin/../lib/gcc/arm-none-eabi/4.8.4/../../../../arm-none-eabi/lib/armv7-m/libcr_c.a(_hugeval.o)
 .comment       0x0000000000000000       0x71 /Applications/lpcxpresso_7.5.0_254/lpcxpresso/tools/bin/../lib/gcc/arm-none-eabi/4.8.4/../../../../arm-none-eabi/lib/armv7-m/libcr_c.a(_ldexpl.o)
 .comment       0x0000000000000000       0x71 /Applications/lpcxpresso_7.5.0_254/lpcxpresso/tools/bin/../lib/gcc/arm-none-eabi/4.8.4/../../../../arm-none-eabi/lib/armv7-m/libcr_c.a(_writebuf.o)
 .comment       0x0000000000000000       0x71 /Applications/lpcxpresso_7.5.0_254/lpcxpresso/tools/bin/../lib/gcc/arm-none-eabi/4.8.4/../../../../arm-none-eabi/lib/armv7-m/libcr_c.a(alloc.o)
 .comment       0x0000000000000000       0x71 /Applications/lpcxpresso_7.5.0_254/lpcxpresso/tools/bin/../lib/gcc/arm-none-eabi/4.8.4/../../../../arm-none-eabi/lib/armv7-m/libcr_c.a(ctype.o)
 .comment       0x0000000000000000       0x71 /Applications/lpcxpresso_7.5.0_254/lpcxpresso/tools/bin/../lib/gcc/arm-none-eabi/4.8.4/../../../../arm-none-eabi/lib/armv7-m/libcr_c.a(errno.o)
 .comment       0x0000000000000000       0x71 /Applications/lpcxpresso_7.5.0_254/lpcxpresso/tools/bin/../lib/gcc/arm-none-eabi/4.8.4/../../../../arm-none-eabi/lib/armv7-m/libcr_c.a(fclose.o)
 .comment       0x0000000000000000       0x71 /Applications/lpcxpresso_7.5.0_254/lpcxpresso/tools/bin/../lib/gcc/arm-none-eabi/4.8.4/../../../../arm-none-eabi/lib/armv7-m/libcr_c.a(fflush.o)
 .comment       0x0000000000000000       0x71 /Applications/lpcxpresso_7.5.0_254/lpcxpresso/tools/bin/../lib/gcc/arm-none-eabi/4.8.4/../../../../arm-none-eabi/lib/armv7-m/libcr_c.a(fseek.o)
 .comment       0x0000000000000000       0x71 /Applications/lpcxpresso_7.5.0_254/lpcxpresso/tools/bin/../lib/gcc/arm-none-eabi/4.8.4/../../../../arm-none-eabi/lib/armv7-m/libcr_c.a(ftell.o)
 .comment       0x0000000000000000       0x71 /Applications/lpcxpresso_7.5.0_254/lpcxpresso/tools/bin/../lib/gcc/arm-none-eabi/4.8.4/../../../../arm-none-eabi/lib/armv7-m/libcr_c.a(remove.o)
 .comment       0x0000000000000000       0x71 /Applications/lpcxpresso_7.5.0_254/lpcxpresso/tools/bin/../lib/gcc/arm-none-eabi/4.8.4/../../../../arm-none-eabi/lib/armv7-m/libcr_c.a(__init_alloc.o)
 .comment       0x0000000000000000       0x71 /Applications/lpcxpresso_7.5.0_254/lpcxpresso/tools/bin/../lib/gcc/arm-none-eabi/4.8.4/../../../../arm-none-eabi/lib/armv7-m/libcr_c.a(_cr_sbrk.o)
 .comment       0x0000000000000000       0x71 /Applications/lpcxpresso_7.5.0_254/lpcxpresso/tools/bin/../lib/gcc/arm-none-eabi/4.8.4/../../../../arm-none-eabi/lib/armv7-m/libcr_c.a(_do_fflush.o)
 .comment       0x0000000000000000       0x71 /Applications/lpcxpresso_7.5.0_254/lpcxpresso/tools/bin/../lib/gcc/arm-none-eabi/4.8.4/../../../../arm-none-eabi/lib/armv7-m/libcr_c.a(_cr_check_heap.o)
 .comment       0x0000000000000000       0x71 /Applications/lpcxpresso_7.5.0_254/lpcxpresso/tools/bin/../lib/gcc/arm-none-eabi/4.8.4/armv7-m/libcr_eabihelpers.a(double.o)
 .comment       0x0000000000000000       0x71 /Applications/lpcxpresso_7.5.0_254/lpcxpresso/tools/bin/../lib/gcc/arm-none-eabi/4.8.4/armv7-m/libcr_eabihelpers.a(float.o)

.ARM.attributes
                0x0000000000000000       0x31
 .ARM.attributes
                0x0000000000000000       0x33 ./src/Bluetooth_3032.o
 .ARM.attributes
                0x0000000000000033       0x33 ./src/GPS_3032.o
 .ARM.attributes
                0x0000000000000066       0x33 ./src/GSM_3032.o
 .ARM.attributes
                0x0000000000000099       0x33 ./src/Load_3032.o
 .ARM.attributes
                0x00000000000000cc       0x33 ./src/Temp_3032.o
 .ARM.attributes
                0x00000000000000ff       0x33 ./src/cr_startup_lpc176x.o
 .ARM.attributes
                0x0000000000000132       0x33 ./src/fat_access.o
 .ARM.attributes
                0x0000000000000165       0x33 ./src/fat_cache.o
 .ARM.attributes
                0x0000000000000198       0x33 ./src/fat_filelib.o
 .ARM.attributes
                0x00000000000001cb       0x33 ./src/fat_misc.o
 .ARM.attributes
                0x00000000000001fe       0x33 ./src/fat_string.o
 .ARM.attributes
                0x0000000000000231       0x33 ./src/fat_table.o
 .ARM.attributes
                0x0000000000000264       0x33 ./src/fat_write.o
 .ARM.attributes
                0x0000000000000297       0x33 ./src/main.o
 .ARM.attributes
                0x00000000000002ca       0x33 ./src/sd.o
 .ARM.attributes
                0x00000000000002fd       0x33 ./src/spi.o
 .ARM.attributes
                0x0000000000000330       0x33 /Users/wangjiadong/LPCXpresso/workspace/Lib_CMSISv1p30_LPC17xx/Debug/libCMSISv1p30_LPC17xx.a(system_LPC17xx.o)
 .ARM.attributes
                0x0000000000000363       0x33 /Users/wangjiadong/LPCXpresso/workspace/Lib_MCU/Debug/libLib_MCU.a(lpc17xx_gpio.o)
 .ARM.attributes
                0x0000000000000396       0x33 /Users/wangjiadong/LPCXpresso/workspace/Lib_MCU/Debug/libLib_MCU.a(lpc17xx_pinsel.o)
 .ARM.attributes
                0x00000000000003c9       0x33 /Users/wangjiadong/LPCXpresso/workspace/Lib_MCU/Debug/libLib_MCU.a(lpc17xx_uart.o)
 .ARM.attributes
                0x00000000000003fc       0x33 /Users/wangjiadong/LPCXpresso/workspace/Lib_MCU/Debug/libLib_MCU.a(lpc17xx_clkpwr.o)
 .ARM.attributes
                0x000000000000042f       0x33 /Users/wangjiadong/LPCXpresso/workspace/Lib_MCU/Debug/libLib_MCU.a(lpc17xx_libcfg_default.o)
 .ARM.attributes
                0x0000000000000462       0x33 /Applications/lpcxpresso_7.5.0_254/lpcxpresso/tools/bin/../lib/gcc/arm-none-eabi/4.8.4/../../../../arm-none-eabi/lib/armv7-m/libcr_semihost.a(_cr__main.o)
 .ARM.attributes
                0x0000000000000495       0x33 /Applications/lpcxpresso_7.5.0_254/lpcxpresso/tools/bin/../lib/gcc/arm-none-eabi/4.8.4/../../../../arm-none-eabi/lib/armv7-m/libcr_c.a(memcpy.o)
 .ARM.attributes
                0x00000000000004c8       0x33 /Applications/lpcxpresso_7.5.0_254/lpcxpresso/tools/bin/../lib/gcc/arm-none-eabi/4.8.4/../../../../arm-none-eabi/lib/armv7-m/libcr_c.a(memset.o)
 .ARM.attributes
                0x00000000000004fb       0x33 /Applications/lpcxpresso_7.5.0_254/lpcxpresso/tools/bin/../lib/gcc/arm-none-eabi/4.8.4/../../../../arm-none-eabi/lib/armv7-m/libcr_c.a(fpprintf.o)
 .ARM.attributes
                0x000000000000052e       0x33 /Applications/lpcxpresso_7.5.0_254/lpcxpresso/tools/bin/../lib/gcc/arm-none-eabi/4.8.4/../../../../arm-none-eabi/lib/armv7-m/libcr_c.a(initio.o)
 .ARM.attributes
                0x0000000000000561       0x33 /Applications/lpcxpresso_7.5.0_254/lpcxpresso/tools/bin/../lib/gcc/arm-none-eabi/4.8.4/../../../../arm-none-eabi/lib/armv7-m/libcr_c.a(printf.o)
 .ARM.attributes
                0x0000000000000594       0x33 /Applications/lpcxpresso_7.5.0_254/lpcxpresso/tools/bin/../lib/gcc/arm-none-eabi/4.8.4/../../../../arm-none-eabi/lib/armv7-m/libcr_c.a(scanf.o)
 .ARM.attributes
                0x00000000000005c7       0x33 /Applications/lpcxpresso_7.5.0_254/lpcxpresso/tools/bin/../lib/gcc/arm-none-eabi/4.8.4/../../../../arm-none-eabi/lib/armv7-m/libcr_c.a(setvbuf.o)
 .ARM.attributes
                0x00000000000005fa       0x33 /Applications/lpcxpresso_7.5.0_254/lpcxpresso/tools/bin/../lib/gcc/arm-none-eabi/4.8.4/../../../../arm-none-eabi/lib/armv7-m/libcr_c.a(sqrt.o)
 .ARM.attributes
                0x000000000000062d       0x33 /Applications/lpcxpresso_7.5.0_254/lpcxpresso/tools/bin/../lib/gcc/arm-none-eabi/4.8.4/../../../../arm-none-eabi/lib/armv7-m/libcr_c.a(stdio.o)
 .ARM.attributes
                0x0000000000000660       0x33 /Applications/lpcxpresso_7.5.0_254/lpcxpresso/tools/bin/../lib/gcc/arm-none-eabi/4.8.4/../../../../arm-none-eabi/lib/armv7-m/libcr_c.a(strcpy.o)
 .ARM.attributes
                0x0000000000000693       0x33 /Applications/lpcxpresso_7.5.0_254/lpcxpresso/tools/bin/../lib/gcc/arm-none-eabi/4.8.4/../../../../arm-none-eabi/lib/armv7-m/libcr_c.a(strlen.o)
 .ARM.attributes
                0x00000000000006c6       0x33 /Applications/lpcxpresso_7.5.0_254/lpcxpresso/tools/bin/../lib/gcc/arm-none-eabi/4.8.4/../../../../arm-none-eabi/lib/armv7-m/libcr_c.a(strncmp.o)