Archive member included because of file (symbol)

/Users/wangjiadong/LPCXpresso/workspace/Lib_CMSISv1p30_LPC17xx/Debug/libCMSISv1p30_LPC17xx.a(system_LPC17xx.o)
                              ./src/main.o (SystemCoreClock)
/Users/wangjiadong/LPCXpresso/workspace/Lib_MCU/Debug/libLib_MCU.a(lpc17xx_gpio.o)
                              ./src/GPS_3032.o (GPIO_SetDir)
/Users/wangjiadong/LPCXpresso/workspace/Lib_MCU/Debug/libLib_MCU.a(lpc17xx_pinsel.o)
                              ./src/Bluetooth_3032.o (PINSEL_ConfigPin)
/Users/wangjiadong/LPCXpresso/workspace/Lib_MCU/Debug/libLib_MCU.a(lpc17xx_uart.o)
                              ./src/Bluetooth_3032.o (UART_TxCmd)
/Users/wangjiadong/LPCXpresso/workspace/Lib_MCU/Debug/libLib_MCU.a(lpc17xx_clkpwr.o)
                              /Users/wangjiadong/LPCXpresso/workspace/Lib_MCU/Debug/libLib_MCU.a(lpc17xx_uart.o) (CLKPWR_GetPCLK)
/Users/wangjiadong/LPCXpresso/workspace/Lib_MCU/Debug/libLib_MCU.a(lpc17xx_libcfg_default.o)
                              /Users/wangjiadong/LPCXpresso/workspace/Lib_MCU/Debug/libLib_MCU.a(lpc17xx_uart.o) (check_failed)
/Applications/lpcxpresso_7.5.0_254/lpcxpresso/tools/bin/../lib/gcc/arm-none-eabi/4.8.4/../../../../arm-none-eabi/lib/armv7-m/libcr_semihost.a(_cr__main.o)
                              ./src/cr_startup_lpc176x.o (__main)
/Applications/lpcxpresso_7.5.0_254/lpcxpresso/tools/bin/../lib/gcc/arm-none-eabi/4.8.4/../../../../arm-none-eabi/lib/armv7-m/libcr_c.a(memcpy.o)
                              ./src/fat_access.o (memcpy)
/Applications/lpcxpresso_7.5.0_254/lpcxpresso/tools/bin/../lib/gcc/arm-none-eabi/4.8.4/../../../../arm-none-eabi/lib/armv7-m/libcr_c.a(memset.o)
                              ./src/GSM_3032.o (memset)
/Applications/lpcxpresso_7.5.0_254/lpcxpresso/tools/bin/../lib/gcc/arm-none-eabi/4.8.4/../../../../arm-none-eabi/lib/armv7-m/libcr_c.a(fpprintf.o)
                              ./src/GSM_3032.o (sprintf)
/Applications/lpcxpresso_7.5.0_254/lpcxpresso/tools/bin/../lib/gcc/arm-none-eabi/4.8.4/../../../../arm-none-eabi/lib/armv7-m/libcr_c.a(initio.o)
                              /Applications/lpcxpresso_7.5.0_254/lpcxpresso/tools/bin/../lib/gcc/arm-none-eabi/4.8.4/../../../../arm-none-eabi/lib/armv7-m/libcr_semihost.a(_cr__main.o) (_initio)
/Applications/lpcxpresso_7.5.0_254/lpcxpresso/tools/bin/../lib/gcc/arm-none-eabi/4.8.4/../../../../arm-none-eabi/lib/armv7-m/libcr_c.a(printf.o)
                              /Applications/lpcxpresso_7.5.0_254/lpcxpresso/tools/bin/../lib/gcc/arm-none-eabi/4.8.4/../../../../arm-none-eabi/lib/armv7-m/libcr_c.a(fpprintf.o) (__vfprintf)
/Applications/lpcxpresso_7.5.0_254/lpcxpresso/tools/bin/../lib/gcc/arm-none-eabi/4.8.4/../../../../arm-none-eabi/lib/armv7-m/libcr_c.a(scanf.o)
                              ./src/main.o (scanf)
/Applications/lpcxpresso_7.5.0_254/lpcxpresso/tools/bin/../lib/gcc/arm-none-eabi/4.8.4/../../../../arm-none-eabi/lib/armv7-m/libcr_c.a(setvbuf.o)
                              /Applications/lpcxpresso_7.5.0_254/lpcxpresso/tools/bin/../lib/gcc/arm-none-eabi/4.8.4/../../../../arm-none-eabi/lib/armv7-m/libcr_c.a(initio.o) (setvbuf)
/Applications/lpcxpresso_7.5.0_254/lpcxpresso/tools/bin/../lib/gcc/arm-none-eabi/4.8.4/../../../../arm-none-eabi/lib/armv7-m/libcr_c.a(sqrt.o)
                              ./src/main.o (sqrt)
/Applications/lpcxpresso_7.5.0_254/lpcxpresso/tools/bin/../lib/gcc/arm-none-eabi/4.8.4/../../../../arm-none-eabi/lib/armv7-m/libcr_c.a(stdio.o)
                              /Applications/lpcxpresso_7.5.0_254/lpcxpresso/tools/bin/../lib/gcc/arm-none-eabi/4.8.4/../../../../arm-none-eabi/lib/armv7-m/libcr_c.a(fpprintf.o) (__Ciob)
/Applications/lpcxpresso_7.5.0_254/lpcxpresso/tools/bin/../lib/gcc/arm-none-eabi/4.8.4/../../../../arm-none-eabi/lib/armv7-m/libcr_c.a(strcpy.o)
                              ./src/main.o (strcpy)
/Applications/lpcxpresso_7.5.0_254/lpcxpresso/tools/bin/../lib/gcc/arm-none-eabi/4.8.4/../../../../arm-none-eabi/lib/armv7-m/libcr_c.a(strlen.o)
                              ./src/Bluetooth_3032.o (strlen)
/Applications/lpcxpresso_7.5.0_254/lpcxpresso/tools/bin/../lib/gcc/arm-none-eabi/4.8.4/../../../../arm-none-eabi/lib/armv7-m/libcr_c.a(strncmp.o)
                              ./src/fat_access.o (strncmp)
/Applications/lpcxpresso_7.5.0_254/lpcxpresso/tools/bin/../lib/gcc/arm-none-eabi/4.8.4/../../../../arm-none-eabi/lib/armv7-m/libcr_c.a(strncpy.o)
                              ./src/fat_access.o (strncpy)
/Applications/lpcxpresso_7.5.0_254/lpcxpresso/tools/bin/../lib/gcc/arm-none-eabi/4.8.4/../../../../arm-none-eabi/lib/armv7-m/libcr_c.a(strstr.o)
                              ./src/main.o (strstr)
/Applications/lpcxpresso_7.5.0_254/lpcxpresso/tools/bin/../lib/gcc/arm-none-eabi/4.8.4/../../../../arm-none-eabi/lib/armv7-m/libcr_c.a(ungetc.o)
                              /Applications/lpcxpresso_7.5.0_254/lpcxpresso/tools/bin/../lib/gcc/arm-none-eabi/4.8.4/../../../../arm-none-eabi/lib/armv7-m/libcr_c.a(scanf.o) (ungetc)
[...]
Memory Configuration

Name             Origin             Length             Attributes
MFlash512        0x0000000000000000 0x0000000000080000 xr
RamLoc32         0x0000000010000000 0x0000000000008000 xrw
RamAHB32         0x000000002007c000 0x0000000000008000 xrw
*default*        0x0000000000000000 0xffffffffffffffff

Linker script and memory map

LOAD ./src/Bluetooth_3032.o
LOAD ./src/GPS_3032.o
LOAD ./src/GSM_3032.o
LOAD ./src/Load_3032.o
LOAD ./src/Temp_3032.o
LOAD ./src/cr_startup_lpc176x.o
LOAD ./src/fat_access.o
LOAD ./src/fat_cache.o
LOAD ./src/fat_filelib.o
LOAD ./src/fat_format.o
LOAD ./src/fat_misc.o
LOAD ./src/fat_string.o
LOAD ./src/fat_table.o
LOAD ./src/fat_write.o
LOAD ./src/main.o
LOAD ./src/sd.o
LOAD ./src/spi.o
LOAD /Users/wangjiadong/LPCXpresso/workspace/Lib_CMSISv1p30_LPC17xx/Debug/libCMSISv1p30_LPC17xx.a
LOAD /Users/wangjiadong/LPCXpresso/workspace/Lib_MCU/Debug/libLib_MCU.a
START GROUP
LOAD /Applications/lpcxpresso_7.5.0_254/lpcxpresso/tools/bin/../lib/gcc/arm-none-eabi/4.8.4/../../../../arm-none-eabi/lib/armv7-m/libcr_semihost.a
LOAD /Applications/lpcxpresso_7.5.0_254/lpcxpresso/tools/bin/../lib/gcc/arm-none-eabi/4.8.4/../../../../arm-none-eabi/lib/armv7-m/libcr_c.a
LOAD /Applications/lpcxpresso_7.5.0_254/lpcxpresso/tools/bin/../lib/gcc/arm-none-eabi/4.8.4/armv7-m/libcr_eabihelpers.a
END GROUP
                0x0000000000080000                __top_MFlash512 = 0x80000
                0x0000000010008000                __top_RamLoc32 = 0x10008000
                0x0000000020084000                __top_RamAHB32 = 0x20084000

.text           0x0000000000000000     0xa1e8
 FILL mask 0xff
                0x0000000000000000                __vectors_start__ = ABSOLUTE (.)
 *(.isr_vector)
 .isr_vector    0x0000000000000000       0xcc ./src/cr_startup_lpc176x.o
                0x0000000000000000                g_pfnVectors
                0x00000000000000cc                . = ALIGN (0x4)
                0x00000000000000cc                __section_table_start = .
                0x00000000000000cc                __data_section_table = .
                0x00000000000000cc        0x4 LONG 0xa1e8 LOADADDR (.data)
                0x00000000000000d0        0x4 LONG 0x10000000 ADDR (.data)
                0x00000000000000d4        0x4 LONG 0x99c SIZEOF (.data)
                0x00000000000000d8        0x4 LONG 0xa1e8 LOADADDR (.data_RAM2)
                0x00000000000000dc        0x4 LONG 0x2007c000 ADDR (.data_RAM2)
                0x00000000000000e0        0x4 LONG 0x0 SIZEOF (.data_RAM2)
                0x00000000000000e4                __data_section_table_end = .
                0x00000000000000e4                __bss_section_table = .
                0x00000000000000e4        0x4 LONG 0x100009a0 ADDR (.bss)
                0x00000000000000e8        0x4 LONG 0xed4 SIZEOF (.bss)
                0x00000000000000ec        0x4 LONG 0x2007c000 ADDR (.bss_RAM2)
                0x00000000000000f0        0x4 LONG 0x0 SIZEOF (.bss_RAM2)
                0x00000000000000f4                __bss_section_table_end = .
                0x00000000000000f4                __section_table_end = .
 *(.after_vectors*)
 .after_vectors
                0x00000000000000f4       0x78 ./src/cr_startup_lpc176x.o
                0x00000000000000f4                NMI_Handler
                0x00000000000000f6                HardFault_Handler
                0x00000000000000f8                MemManage_Handler
                0x00000000000000fa                BusFault_Handler
                0x00000000000000fc                UsageFault_Handler
                0x00000000000000fe                SVCall_Handler
                0x0000000000000100                DebugMon_Handler
                0x0000000000000102                PendSV_Handler
                0x0000000000000106                UART1_IRQHandler
                0x0000000000000106                EINT3_IRQHandler
                0x0000000000000106                CANActivity_IRQHandler
                0x0000000000000106                TIMER3_IRQHandler
                0x0000000000000106                IntDefaultHandler
                0x0000000000000106                PLL0_IRQHandler
                0x0000000000000106                CAN_IRQHandler
                0x0000000000000106                PLL1_IRQHandler
                0x0000000000000106                SSP0_IRQHandler
                0x0000000000000106                I2S_IRQHandler
                0x0000000000000106                I2C2_IRQHandler
                0x0000000000000106                RTC_IRQHandler
                0x0000000000000106                TIMER0_IRQHandler
                0x0000000000000106                SPI_IRQHandler
                0x0000000000000106                EINT1_IRQHandler
                0x0000000000000106                TIMER1_IRQHandler
                0x0000000000000106                ADC_IRQHandler
                0x0000000000000106                SSP1_IRQHandler
                0x0000000000000106                USB_IRQHandler
                0x0000000000000106                BOD_IRQHandler
                0x0000000000000106                WDT_IRQHandler
                0x0000000000000106                QEI_IRQHandler
                0x0000000000000106                EINT0_IRQHandler
                0x0000000000000106                ENET_IRQHandler
                0x0000000000000106                TIMER2_IRQHandler
                0x0000000000000106                RIT_IRQHandler
                0x0000000000000106                I2C0_IRQHandler
                0x0000000000000106                USBActivity_IRQHandler
                0x0000000000000106                PWM1_IRQHandler
                0x0000000000000106                I2C1_IRQHandler
                0x0000000000000106                EINT2_IRQHandler
                0x0000000000000106                DMA_IRQHandler
                0x0000000000000106                MCPWM_IRQHandler
                0x0000000000000108                data_init
                0x000000000000011a                bss_init
                0x000000000000012a                ResetISR
 *(.text*)
 .text.NVIC_EnableIRQ
                0x000000000000016c       0x30 ./src/Bluetooth_3032.o
 .text.pinsel_uart3
                0x000000000000019c       0x2c ./src/Bluetooth_3032.o
                0x000000000000019c                pinsel_uart3
 .text.init_uart
                0x00000000000001c8       0x48 ./src/Bluetooth_3032.o
                0x00000000000001c8                init_uart
 .text.init_bt  0x0000000000000210       0x10 ./src/Bluetooth_3032.o
                0x0000000000000210                init_bt
 .text.pinsel_uart2
                0x0000000000000220       0x2c ./src/GPS_3032.o
                0x0000000000000220                pinsel_uart2
 .text.GPS_switch_init
                0x000000000000024c       0x38 ./src/GPS_3032.o
                0x000000000000024c                GPS_switch_init
 .text.init_uart2
                0x0000000000000284       0x4c ./src/GPS_3032.o
                0x0000000000000284                init_uart2
 .text.NVIC_EnableIRQ
                0x00000000000002d0       0x30 ./src/GSM_3032.o
 .text.pinsel_uart0
                0x0000000000000300       0x2c ./src/GSM_3032.o
                0x0000000000000300                pinsel_uart0
 .text.init_uart0
                0x000000000000032c       0x48 ./src/GSM_3032.o
                0x000000000000032c                init_uart0
 .text.init_gsm
                0x0000000000000374       0x10 ./src/GSM_3032.o
                0x0000000000000374                init_gsm
 .text.init_load
                0x0000000000000384       0x68 ./src/Load_3032.o
                0x0000000000000384                init_load
 .text.read_load_1
                0x00000000000003ec       0x48 ./src/Load_3032.o
                0x00000000000003ec                read_load_1
 .text.read_load_2
                0x0000000000000434       0x48 ./src/Load_3032.o
                0x0000000000000434                read_load_2
 .text.read_load_3
                0x000000000000047c       0x48 ./src/Load_3032.o
                0x000000000000047c                read_load_3
 .text.init_gpio_2_8
                0x00000000000004c4       0x38 ./src/Temp_3032.o
                0x00000000000004c4                init_gpio_2_8
 .text.init_temp
                0x00000000000004fc       0x50 ./src/Temp_3032.o
                0x00000000000004fc                init_temp
 .text.fatfs_init
                0x000000000000054c      0x404 ./src/fat_access.o
                0x000000000000054c                fatfs_init
 .text.fatfs_lba_of_cluster
                0x0000000000000950       0x58 ./src/fat_access.o
                0x0000000000000950                fatfs_lba_of_cluster
 .text.fatfs_sector_write
                0x00000000000009a8       0x24 ./src/fat_access.o
                0x00000000000009a8                fatfs_sector_write
 .text.fatfs_sector_reader
                0x00000000000009cc       0xf4 ./src/fat_access.o
                0x00000000000009cc                fatfs_sector_reader
 .text.fatfs_write_sector
                0x0000000000000ac0       0xdc ./src/fat_access.o
                0x0000000000000ac0                fatfs_write_sector
 .text.fatfs_get_root_cluster
                0x0000000000000b9c       0x18 ./src/fat_access.o
                0x0000000000000b9c                fatfs_get_root_cluster
 .text.fatfs_get_file_entry
                0x0000000000000bb4      0x248 ./src/fat_access.o
                0x0000000000000bb4                fatfs_get_file_entry
 .text.fatfs_sfn_exists
                0x0000000000000dfc       0x9c ./src/fat_access.o
                0x0000000000000dfc                fatfs_sfn_exists
 .text.fatfs_update_file_length
                0x0000000000000e98       0xd8 ./src/fat_access.o
                0x0000000000000e98                fatfs_update_file_length
 .text.fatfs_mark_file_deleted
                0x0000000000000f70       0xd8 ./src/fat_access.o
                0x0000000000000f70                fatfs_mark_file_deleted
 .text.fatfs_list_directory_start
                0x0000000000001048       0x28 ./src/fat_access.o
                0x0000000000001048                fatfs_list_directory_start
 .text.fatfs_list_directory_next
                0x0000000000001070      0x2f8 ./src/fat_access.o
                0x0000000000001070                fatfs_list_directory_next
 .text.fatfs_cache_init
                0x0000000000001368       0x18 ./src/fat_cache.o
                0x0000000000001368                fatfs_cache_init
 .text.fatfs_cache_get_next_cluster
                0x0000000000001380       0x1c ./src/fat_cache.o
                0x0000000000001380                fatfs_cache_get_next_cluster
 .text.fatfs_cache_set_next_cluster
                0x000000000000139c       0x1c ./src/fat_cache.o
                0x000000000000139c                fatfs_cache_set_next_cluster
 .text.fat_list_init
                0x00000000000013b8       0x20 ./src/fat_filelib.o
 .text.fat_list_remove
                0x00000000000013d8       0x4c ./src/fat_filelib.o
 .text.fat_list_insert_after
                0x0000000000001424       0x44 ./src/fat_filelib.o
 .text.fat_list_insert_before
                0x0000000000001468       0x44 ./src/fat_filelib.o
 .text.fat_list_insert_first
                0x00000000000014ac       0x40 ./src/fat_filelib.o
 .text.fat_list_insert_last
                0x00000000000014ec       0x30 ./src/fat_filelib.o
 .text.fat_list_pop_head
                0x000000000000151c       0x28 ./src/fat_filelib.o
 .text._allocate_file
                0x0000000000001544       0x3c ./src/fat_filelib.o
 .text._check_file_open
                0x0000000000001580       0x7c ./src/fat_filelib.o
 .text._free_file
                0x00000000000015fc       0x34 ./src/fat_filelib.o
 .text._open_directory
                0x0000000000001630       0xc8 ./src/fat_filelib.o
 .text._open_file
                0x00000000000016f8      0x160 ./src/fat_filelib.o
 .text._create_file
                0x0000000000001858      0x238 ./src/fat_filelib.o
 .text.fl_init  0x0000000000001a90       0x5c ./src/fat_filelib.o
                0x0000000000001a90                fl_init
 .text.fl_attach_media
                0x0000000000001aec       0x5c ./src/fat_filelib.o
                0x0000000000001aec                fl_attach_media
 .text.fl_fopen
                0x0000000000001b48      0x2f8 ./src/fat_filelib.o
                0x0000000000001b48                fl_fopen
 .text._write_sectors
                0x0000000000001e40      0x168 ./src/fat_filelib.o
 .text.fl_fflush
                0x0000000000001fa8       0x7c ./src/fat_filelib.o
                0x0000000000001fa8                fl_fflush
 .text.fl_fclose
                0x0000000000002024       0xa8 ./src/fat_filelib.o
                0x0000000000002024                fl_fclose
 .text.fl_remove
                0x00000000000020cc       0x84 ./src/fat_filelib.o
                0x00000000000020cc                fl_remove
 .text.fl_listdirectory
                0x0000000000002150       0xc0 ./src/fat_filelib.o
                0x0000000000002150                fl_listdirectory
 .text.fl_opendir
                0x0000000000002210       0x98 ./src/fat_filelib.o
                0x0000000000002210                fl_opendir
 .text.fl_readdir
                0x00000000000022a8       0x60 ./src/fat_filelib.o
                0x00000000000022a8                fl_readdir
 .text.fl_closedir
                0x0000000000002308       0x18 ./src/fat_filelib.o
                0x0000000000002308                fl_closedir
 .text.fatfs_lfn_cache_init
                0x0000000000002320       0x50 ./src/fat_misc.o
                0x0000000000002320                fatfs_lfn_cache_init
 .text.fatfs_lfn_cache_entry
                0x0000000000002370      0x1f4 ./src/fat_misc.o
                0x0000000000002370                fatfs_lfn_cache_entry
 .text.fatfs_lfn_cache_get
                0x0000000000002564       0x58 ./src/fat_misc.o
                0x0000000000002564                fatfs_lfn_cache_get
 .text.fatfs_entry_lfn_text
                0x00000000000025bc       0x28 ./src/fat_misc.o
                0x00000000000025bc                fatfs_entry_lfn_text
 .text.fatfs_entry_lfn_invalid
                0x00000000000025e4       0x40 ./src/fat_misc.o
                0x00000000000025e4                fatfs_entry_lfn_invalid
 .text.fatfs_entry_lfn_exists
                0x0000000000002624       0x54 ./src/fat_misc.o
                0x0000000000002624                fatfs_entry_lfn_exists
 .text.fatfs_entry_sfn_only
                0x0000000000002678       0x48 ./src/fat_misc.o
                0x0000000000002678                fatfs_entry_sfn_only
 .text.fatfs_entry_is_dir
                0x00000000000026c0       0x28 ./src/fat_misc.o
                0x00000000000026c0                fatfs_entry_is_dir
 .text.fatfs_entry_is_file
                0x00000000000026e8       0x28 ./src/fat_misc.o
                0x00000000000026e8                fatfs_entry_is_file
 .text.fatfs_lfn_entries_required
                0x0000000000002710       0x38 ./src/fat_misc.o
                0x0000000000002710                fatfs_lfn_entries_required
 .text.fatfs_filename_to_lfn
                0x0000000000002748      0x128 ./src/fat_misc.o
                0x0000000000002748                fatfs_filename_to_lfn
 .text.fatfs_sfn_create_entry
                0x0000000000002870       0xb4 ./src/fat_misc.o
                0x0000000000002870                fatfs_sfn_create_entry
 .text.fatfs_lfn_create_sfn
                0x0000000000002924      0x198 ./src/fat_misc.o
                0x0000000000002924                fatfs_lfn_create_sfn
 .text.fatfs_itoa
                0x0000000000002abc       0x98 ./src/fat_misc.o
 .text.fatfs_lfn_generate_tail
                0x0000000000002b54       0x78 ./src/fat_misc.o
                0x0000000000002b54                fatfs_lfn_generate_tail
 .text.fatfs_total_path_levels
                0x0000000000002bcc       0x94 ./src/fat_string.o
                0x0000000000002bcc                fatfs_total_path_levels
 .text.fatfs_get_substring
                0x0000000000002c60       0xe8 ./src/fat_string.o
                0x0000000000002c60                fatfs_get_substring
 .text.fatfs_split_path
                0x0000000000002d48       0x90 ./src/fat_string.o
                0x0000000000002d48                fatfs_split_path
 .text.FileString_StrCmpNoCase
                0x0000000000002dd8       0x84 ./src/fat_string.o
 .text.FileString_GetExtension
                0x0000000000002e5c       0x40 ./src/fat_string.o
 .text.FileString_TrimLength
                0x0000000000002e9c       0x50 ./src/fat_string.o
 .text.fatfs_compare_names
                0x0000000000002eec       0xf8 ./src/fat_string.o
                0x0000000000002eec                fatfs_compare_names
 .text.fatfs_get_sfn_display_name
                0x0000000000002fe4       0x68 ./src/fat_string.o
                0x0000000000002fe4                fatfs_get_sfn_display_name
 .text.fatfs_fat_init
                0x000000000000304c       0xc0 ./src/fat_table.o
                0x000000000000304c                fatfs_fat_init
 .text.fatfs_fat_writeback
                0x000000000000310c       0x84 ./src/fat_table.o
 .text.fatfs_fat_read_sector
                0x0000000000003190      0x100 ./src/fat_table.o
 .text.fatfs_fat_purge
                0x0000000000003290       0x48 ./src/fat_table.o
                0x0000000000003290                fatfs_fat_purge
 .text.fatfs_find_next_cluster
                0x00000000000032d8      0x120 ./src/fat_table.o
                0x00000000000032d8                fatfs_find_next_cluster
 .text.fatfs_set_fs_info_next_free_cluster
                0x00000000000033f8       0xb8 ./src/fat_table.o
                0x00000000000033f8                fatfs_set_fs_info_next_free_cluster
 .text.fatfs_find_blank_cluster
                0x00000000000034b0      0x114 ./src/fat_table.o
                0x00000000000034b0                fatfs_find_blank_cluster
 .text.fatfs_fat_set_cluster
                0x00000000000035c4      0x100 ./src/fat_table.o
                0x00000000000035c4                fatfs_fat_set_cluster
 .text.fatfs_free_cluster_chain
                0x00000000000036c4       0x40 ./src/fat_table.o
                0x00000000000036c4                fatfs_free_cluster_chain
 .text.fatfs_fat_add_cluster_to_chain
                0x0000000000003704       0x64 ./src/fat_table.o
                0x0000000000003704                fatfs_fat_add_cluster_to_chain
 .text.fatfs_add_free_space
                0x0000000000003768       0x8c ./src/fat_write.o
                0x0000000000003768                fatfs_add_free_space
 .text.fatfs_allocate_free_space
                0x00000000000037f4       0xbc ./src/fat_write.o
                0x00000000000037f4                fatfs_allocate_free_space
 .text.fatfs_find_free_dir_offset
                0x00000000000038b0      0x1cc ./src/fat_write.o
 .text.fatfs_add_file_entry
                0x0000000000003a7c      0x1c8 ./src/fat_write.o
                0x0000000000003a7c                fatfs_add_file_entry
 .text.NVIC_EnableIRQ
                0x0000000000003c44       0x30 ./src/main.o
 .text.NVIC_SetPriority
                0x0000000000003c74       0x54 ./src/main.o
 .text.SysTick_Config
                0x0000000000003cc8       0x44 ./src/main.o
 .text.media_read
                0x0000000000003d0c       0x2c ./src/main.o
                0x0000000000003d0c                media_read
 .text.media_write
                0x0000000000003d38       0x2c ./src/main.o
                0x0000000000003d38                media_write
 .text.clean_up_files
                0x0000000000003d64       0x10 ./src/main.o
                0x0000000000003d64                clean_up_files
 .text.systick_delay
                0x0000000000003d74       0x2c ./src/main.o
 .text.SysTick_Handler
                0x0000000000003da0       0x40 ./src/main.o
                0x0000000000003da0                SysTick_Handler
 .text.SD_init_3032
                0x0000000000003de0       0x80 ./src/main.o
                0x0000000000003de0                SD_init_3032
 .text.init_timer_3032
                0x0000000000003e60        0xc ./src/main.o
                0x0000000000003e60                init_timer_3032
 .text.Buttons_LEDs_init
                0x0000000000003e6c        0xc ./src/main.o
                0x0000000000003e6c                Buttons_LEDs_init
 .text.initialization_3032
                0x0000000000003e78       0x28 ./src/main.o
                0x0000000000003e78                initialization_3032
 .text.UART2_IRQHandler
                0x0000000000003ea0      0x268 ./src/main.o
                0x0000000000003ea0                UART2_IRQHandler
 .text.UART3_IRQHandler
                0x0000000000004108       0x80 ./src/main.o
                0x0000000000004108                UART3_IRQHandler
 .text.UART0_IRQHandler
                0x0000000000004188       0x80 ./src/main.o
                0x0000000000004188                UART0_IRQHandler
 .text.load_calibration
                0x0000000000004208      0x550 ./src/main.o
                0x0000000000004208                load_calibration
 .text.main     0x0000000000004758       0x78 ./src/main.o
                0x0000000000004758                main
 .text.disk_timerproc
                0x00000000000047d0       0x48 ./src/sd.o
                0x00000000000047d0                disk_timerproc
 .text.SD_Init  0x0000000000004818      0x1a4 ./src/sd.o
                0x0000000000004818                SD_Init
 .text.SD_WaitForReady
                0x00000000000049bc       0x30 ./src/sd.o
                0x00000000000049bc                SD_WaitForReady
 .text.SD_SendCommand
                0x00000000000049ec       0xe0 ./src/sd.o
                0x00000000000049ec                SD_SendCommand
 .text.SD_SendACommand
                0x0000000000004acc       0x44 ./src/sd.o
                0x0000000000004acc                SD_SendACommand
 .text.SD_ReadSector
                0x0000000000004b10       0xbc ./src/sd.o
                0x0000000000004b10                SD_ReadSector
 .text.SD_WriteSector
                0x0000000000004bcc       0xb8 ./src/sd.o
                0x0000000000004bcc                SD_WriteSector
 .text.SD_ReadConfiguration
                0x0000000000004c84      0x214 ./src/sd.o
                0x0000000000004c84                SD_ReadConfiguration
 .text.SD_RecvDataBlock
                0x0000000000004e98       0x6c ./src/sd.o
                0x0000000000004e98                SD_RecvDataBlock
 .text.SD_SendDataBlock
                0x0000000000004f04       0x8c ./src/sd.o
                0x0000000000004f04                SD_SendDataBlock
 .text.SPI_Init
                0x0000000000004f90       0xa4 ./src/spi.o
                0x0000000000004f90                SPI_Init
 .text.SPI_ConfigClockRate
                0x0000000000005034       0x20 ./src/spi.o
                0x0000000000005034                SPI_ConfigClockRate
 .text.SPI_CS_Low
                0x0000000000005054       0x1c ./src/spi.o
                0x0000000000005054                SPI_CS_Low
 .text.SPI_CS_High
                0x0000000000005070       0x1c ./src/spi.o
                0x0000000000005070                SPI_CS_High
 .text.SPI_SendByte
                0x000000000000508c       0x34 ./src/spi.o
                0x000000000000508c                SPI_SendByte
 .text.SPI_RecvByte
                0x00000000000050c0       0x10 ./src/spi.o
                0x00000000000050c0                SPI_RecvByte
 .text.SystemInit
                0x00000000000050d0      0x140 /Users/wangjiadong/LPCXpresso/workspace/Lib_CMSISv1p30_LPC17xx/Debug/libCMSISv1p30_LPC17xx.a(system_LPC17xx.o)
                0x00000000000050d0                SystemInit
 .text.GPIO_GetPointer
                0x0000000000005210       0x74 /Users/wangjiadong/LPCXpresso/workspace/Lib_MCU/Debug/libLib_MCU.a(lpc17xx_gpio.o)
 .text.GPIO_SetDir
                0x0000000000005284       0x48 /Users/wangjiadong/LPCXpresso/workspace/Lib_MCU/Debug/libLib_MCU.a(lpc17xx_gpio.o)
                0x0000000000005284                GPIO_SetDir
 .text.GPIO_SetValue
                0x00000000000052cc       0x28 /Users/wangjiadong/LPCXpresso/workspace/Lib_MCU/Debug/libLib_MCU.a(lpc17xx_gpio.o)
                0x00000000000052cc                GPIO_SetValue
 .text.PINSEL_SetPinFunc
                0x00000000000052f4       0x84 /Users/wangjiadong/LPCXpresso/workspace/Lib_MCU/Debug/libLib_MCU.a(lpc17xx_pinsel.o)
                0x00000000000052f4                PINSEL_SetPinFunc
 .text.PINSEL_SetResistorMode
                0x0000000000005378       0x84 /Users/wangjiadong/LPCXpresso/workspace/Lib_MCU/Debug/libLib_MCU.a(lpc17xx_pinsel.o)
                0x0000000000005378                PINSEL_SetResistorMode
 .text.PINSEL_SetOpenDrainMode
                0x00000000000053fc       0x6c /Users/wangjiadong/LPCXpresso/workspace/Lib_MCU/Debug/libLib_MCU.a(lpc17xx_pinsel.o)
                0x00000000000053fc                PINSEL_SetOpenDrainMode
 .text.PINSEL_ConfigPin
                0x0000000000005468       0x50 /Users/wangjiadong/LPCXpresso/workspace/Lib_MCU/Debug/libLib_MCU.a(lpc17xx_pinsel.o)
                0x0000000000005468                PINSEL_ConfigPin
 .text.uart_set_divisors
                0x00000000000054b8      0x214 /Users/wangjiadong/LPCXpresso/workspace/Lib_MCU/Debug/libLib_MCU.a(lpc17xx_uart.o)
                0x00000000000054b8                uart_set_divisors
 .text.UART_Init
                0x00000000000056cc      0x2ec /Users/wangjiadong/LPCXpresso/workspace/Lib_MCU/Debug/libLib_MCU.a(lpc17xx_uart.o)
                0x00000000000056cc                UART_Init
 .text.UART_ReceiveData
                0x00000000000059b8       0x64 /Users/wangjiadong/LPCXpresso/workspace/Lib_MCU/Debug/libLib_MCU.a(lpc17xx_uart.o)
                0x00000000000059b8                UART_ReceiveData
 .text.UART_IntConfig
                0x0000000000005a1c      0x184 /Users/wangjiadong/LPCXpresso/workspace/Lib_MCU/Debug/libLib_MCU.a(lpc17xx_uart.o)
                0x0000000000005a1c                UART_IntConfig
 .text.UART_TxCmd
                0x0000000000005ba0       0xc8 /Users/wangjiadong/LPCXpresso/workspace/Lib_MCU/Debug/libLib_MCU.a(lpc17xx_uart.o)
                0x0000000000005ba0                UART_TxCmd
 .text.UART_Receive
                0x0000000000005c68       0xb8 /Users/wangjiadong/LPCXpresso/workspace/Lib_MCU/Debug/libLib_MCU.a(lpc17xx_uart.o)
                0x0000000000005c68                UART_Receive
 .text.CLKPWR_GetPCLKSEL
                0x0000000000005d20       0x4c /Users/wangjiadong/LPCXpresso/workspace/Lib_MCU/Debug/libLib_MCU.a(lpc17xx_clkpwr.o)
                0x0000000000005d20                CLKPWR_GetPCLKSEL
 .text.CLKPWR_GetPCLK
                0x0000000000005d6c       0x64 /Users/wangjiadong/LPCXpresso/workspace/Lib_MCU/Debug/libLib_MCU.a(lpc17xx_clkpwr.o)
                0x0000000000005d6c                CLKPWR_GetPCLK
 .text.CLKPWR_ConfigPPWR
                0x0000000000005dd0       0x58 /Users/wangjiadong/LPCXpresso/workspace/Lib_MCU/Debug/libLib_MCU.a(lpc17xx_clkpwr.o)
                0x0000000000005dd0                CLKPWR_ConfigPPWR
 .text.check_failed
                0x0000000000005e28        0xc /Users/wangjiadong/LPCXpresso/workspace/Lib_MCU/Debug/libLib_MCU.a(lpc17xx_libcfg_default.o)
                0x0000000000005e28                check_failed
 .text.__main   0x0000000000005e34       0x14 /Applications/lpcxpresso_7.5.0_254/lpcxpresso/tools/bin/../lib/gcc/arm-none-eabi/4.8.4/../../../../arm-none-eabi/lib/armv7-m/libcr_semihost.a(_cr__main.o)
                0x0000000000005e34                __main
                0x0000000000005e34                __CR_SEMIHOST
 .text.memcpy   0x0000000000005e48        0x4 /Applications/lpcxpresso_7.5.0_254/lpcxpresso/tools/bin/../lib/gcc/arm-none-eabi/4.8.4/../../../../arm-none-eabi/lib/armv7-m/libcr_c.a(memcpy.o)
                0x0000000000005e48                memcpy
 .text.memset   0x0000000000005e4c        0x4 /Applications/lpcxpresso_7.5.0_254/lpcxpresso/tools/bin/../lib/gcc/arm-none-eabi/4.8.4/../../../../arm-none-eabi/lib/armv7-m/libcr_c.a(memset.o)
                0x0000000000005e4c                memset
 .text.fp_round
                0x0000000000005e50       0x4e /Applications/lpcxpresso_7.5.0_254/lpcxpresso/tools/bin/../lib/gcc/arm-none-eabi/4.8.4/../../../../arm-none-eabi/lib/armv7-m/libcr_c.a(fpprintf.o)
 .text.pr_dec.constprop.1
                0x0000000000005e9e       0x26 /Applications/lpcxpresso_7.5.0_254/lpcxpresso/tools/bin/../lib/gcc/arm-none-eabi/4.8.4/../../../../arm-none-eabi/lib/armv7-m/libcr_c.a(fpprintf.o)
 .text.sprintf  0x0000000000005ec4       0x6c /Applications/lpcxpresso_7.5.0_254/lpcxpresso/tools/bin/../lib/gcc/arm-none-eabi/4.8.4/../../../../arm-none-eabi/lib/armv7-m/libcr_c.a(fpprintf.o)
                0x0000000000005ec4                sprintf
 .text.fp_display
                0x0000000000005f30      0x998 /Applications/lpcxpresso_7.5.0_254/lpcxpresso/tools/bin/../lib/gcc/arm-none-eabi/4.8.4/../../../../arm-none-eabi/lib/armv7-m/libcr_c.a(fpprintf.o)
 .text.vsnprintf
                0x00000000000068c8       0x5c /Applications/lpcxpresso_7.5.0_254/lpcxpresso/tools/bin/../lib/gcc/arm-none-eabi/4.8.4/../../../../arm-none-eabi/lib/armv7-m/libcr_c.a(fpprintf.o)
                0x00000000000068c8                vsnprintf
 .text.printf   0x0000000000006924       0x54 /Applications/lpcxpresso_7.5.0_254/lpcxpresso/tools/bin/../lib/gcc/arm-none-eabi/4.8.4/../../../../arm-none-eabi/lib/armv7-m/libcr_c.a(fpprintf.o)
                0x0000000000006924                printf
 .text._initio  0x0000000000006978       0xa4 /Applications/lpcxpresso_7.5.0_254/lpcxpresso/tools/bin/../lib/gcc/arm-none-eabi/4.8.4/../../../../arm-none-eabi/lib/armv7-m/libcr_c.a(initio.o)
                0x0000000000006978                _initio
 .text.__vfprintf
                0x0000000000006a1c      0xca0 /Applications/lpcxpresso_7.5.0_254/lpcxpresso/tools/bin/../lib/gcc/arm-none-eabi/4.8.4/../../../../arm-none-eabi/lib/armv7-m/libcr_c.a(printf.o)
                0x0000000000006a1c                __vfprintf
 .text.ch_val   0x00000000000076bc       0x30 /Applications/lpcxpresso_7.5.0_254/lpcxpresso/tools/bin/../lib/gcc/arm-none-eabi/4.8.4/../../../../arm-none-eabi/lib/armv7-m/libcr_c.a(scanf.o)
 .text.cr_rd_int
                0x00000000000076ec      0x1c8 /Applications/lpcxpresso_7.5.0_254/lpcxpresso/tools/bin/../lib/gcc/arm-none-eabi/4.8.4/../../../../arm-none-eabi/lib/armv7-m/libcr_c.a(scanf.o)
 *fill*         0x00000000000078b4        0x4 
 .text.vfscanf  0x00000000000078b8      0x968 /Applications/lpcxpresso_7.5.0_254/lpcxpresso/tools/bin/../lib/gcc/arm-none-eabi/4.8.4/../../../../arm-none-eabi/lib/armv7-m/libcr_c.a(scanf.o)
                0x00000000000078b8                vfscanf
 .text.scanf    0x0000000000008220       0x20 /Applications/lpcxpresso_7.5.0_254/lpcxpresso/tools/bin/../lib/gcc/arm-none-eabi/4.8.4/../../../../arm-none-eabi/lib/armv7-m/libcr_c.a(scanf.o)
                0x0000000000008220                scanf
 .text.sscanf   0x0000000000008240       0x4c /Applications/lpcxpresso_7.5.0_254/lpcxpresso/tools/bin/../lib/gcc/arm-none-eabi/4.8.4/../../../../arm-none-eabi/lib/armv7-m/libcr_c.a(scanf.o)
                0x0000000000008240                sscanf
 .text.setvbuf  0x000000000000828c       0x40 /Applications/lpcxpresso_7.5.0_254/lpcxpresso/tools/bin/../lib/gcc/arm-none-eabi/4.8.4/../../../../arm-none-eabi/lib/armv7-m/libcr_c.a(setvbuf.o)
                0x000000000000828c                setvbuf
 *fill*         0x00000000000082cc        0x4 
 .text.sqrt     0x00000000000082d0      0x138 /Applications/lpcxpresso_7.5.0_254/lpcxpresso/tools/bin/../lib/gcc/arm-none-eabi/4.8.4/../../../../arm-none-eabi/lib/armv7-m/libcr_c.a(sqrt.o)
                0x00000000000082d0                sqrt
 .text.strcpy   0x0000000000008408       0x40 /Applications/lpcxpresso_7.5.0_254/lpcxpresso/tools/bin/../lib/gcc/arm-none-eabi/4.8.4/../../../../arm-none-eabi/lib/armv7-m/libcr_c.a(strcpy.o)
                0x0000000000008408                strcpy
 .text.strlen   0x0000000000008448       0x4a /Applications/lpcxpresso_7.5.0_254/lpcxpresso/tools/bin/../lib/gcc/arm-none-eabi/4.8.4/../../../../arm-none-eabi/lib/armv7-m/libcr_c.a(strlen.o)
                0x0000000000008448                strlen
 .text.strncmp  0x0000000000008492       0x54 /Applications/lpcxpresso_7.5.0_254/lpcxpresso/tools/bin/../lib/gcc/arm-none-eabi/4.8.4/../../../../arm-none-eabi/lib/armv7-m/libcr_c.a(strncmp.o)
                0x0000000000008492                strncmp
 .text.strncpy  0x00000000000084e6       0x58 /Applications/lpcxpresso_7.5.0_254/lpcxpresso/tools/bin/../lib/gcc/arm-none-eabi/4.8.4/../../../../arm-none-eabi/lib/armv7-m/libcr_c.a(strncpy.o)
                0x00000000000084e6                strncpy
 .text.strstr   0x000000000000853e       0x1e /Applications/lpcxpresso_7.5.0_254/lpcxpresso/tools/bin/../lib/gcc/arm-none-eabi/4.8.4/../../../../arm-none-eabi/lib/armv7-m/libcr_c.a(strstr.o)
                0x000000000000853e                strstr
 .text.ungetc   0x000000000000855c       0x38 /Applications/lpcxpresso_7.5.0_254/lpcxpresso/tools/bin/../lib/gcc/arm-none-eabi/4.8.4/../../../../arm-none-eabi/lib/armv7-m/libcr_c.a(ungetc.o)
                0x000000000000855c                ungetc
 .text._Csys_read_
                0x0000000000008594       0x22 /Applications/lpcxpresso_7.5.0_254/lpcxpresso/tools/bin/../lib/gcc/arm-none-eabi/4.8.4/../../../../arm-none-eabi/lib/armv7-m/libcr_c.a(__fillbuf.o)
                0x0000000000008594                _Csys_read_
 *fill*         0x00000000000085b6        0x2 
 .text.__filbuf
                0x00000000000085b8      0x174 /Applications/lpcxpresso_7.5.0_254/lpcxpresso/tools/bin/../lib/gcc/arm-none-eabi/4.8.4/../../../../arm-none-eabi/lib/armv7-m/libcr_c.a(__fillbuf.o)
                0x00000000000085b8                __filbuf
 .text._deferredlazyseek
                0x000000000000872c       0x44 /Applications/lpcxpresso_7.5.0_254/lpcxpresso/tools/bin/../lib/gcc/arm-none-eabi/4.8.4/../../../../arm-none-eabi/lib/armv7-m/libcr_c.a(_deferredlazyseek.o)
                0x000000000000872c                _deferredlazyseek
 .text.__flsbuf
                0x0000000000008770      0x142 /Applications/lpcxpresso_7.5.0_254/lpcxpresso/tools/bin/../lib/gcc/arm-none-eabi/4.8.4/../../../../arm-none-eabi/lib/armv7-m/libcr_c.a(_deferredlazyseek.o)
                0x0000000000008770                __flsbuf
 .text._fdopen  0x00000000000088b2       0x6a /Applications/lpcxpresso_7.5.0_254/lpcxpresso/tools/bin/../lib/gcc/arm-none-eabi/4.8.4/../../../../arm-none-eabi/lib/armv7-m/libcr_c.a(_fdopen.o)
                0x00000000000088b2                _fdopen
 .text._fflush  0x000000000000891c       0x58 /Applications/lpcxpresso_7.5.0_254/lpcxpresso/tools/bin/../lib/gcc/arm-none-eabi/4.8.4/../../../../arm-none-eabi/lib/armv7-m/libcr_c.a(_fflush.o)
                0x000000000000891c                _fflush
 .text._frexpl  0x0000000000008974       0x5c /Applications/lpcxpresso_7.5.0_254/lpcxpresso/tools/bin/../lib/gcc/arm-none-eabi/4.8.4/../../../../arm-none-eabi/lib/armv7-m/libcr_c.a(_frexpl.o)
                0x0000000000008974                _frexpl
 .text._ldexpl  0x00000000000089d0       0x4c /Applications/lpcxpresso_7.5.0_254/lpcxpresso/tools/bin/../lib/gcc/arm-none-eabi/4.8.4/../../../../arm-none-eabi/lib/armv7-m/libcr_c.a(_ldexpl.o)
                0x00000000000089d0                _ldexpl
 .text._Cwritebuf
                0x0000000000008a1c       0x70 /Applications/lpcxpresso_7.5.0_254/lpcxpresso/tools/bin/../lib/gcc/arm-none-eabi/4.8.4/../../../../arm-none-eabi/lib/armv7-m/libcr_c.a(_writebuf.o)
                0x0000000000008a1c                _Cwritebuf
 .text.malloc   0x0000000000008a8c       0xc8 /Applications/lpcxpresso_7.5.0_254/lpcxpresso/tools/bin/../lib/gcc/arm-none-eabi/4.8.4/../../../../arm-none-eabi/lib/armv7-m/libcr_c.a(alloc.o)
                0x0000000000008a8c                malloc
 .text.free     0x0000000000008b54        0xc /Applications/lpcxpresso_7.5.0_254/lpcxpresso/tools/bin/../lib/gcc/arm-none-eabi/4.8.4/../../../../arm-none-eabi/lib/armv7-m/libcr_c.a(alloc.o)
                0x0000000000008b54                free
 .text._Csys_alloc
                0x0000000000008b60       0x20 /Applications/lpcxpresso_7.5.0_254/lpcxpresso/tools/bin/../lib/gcc/arm-none-eabi/4.8.4/../../../../arm-none-eabi/lib/armv7-m/libcr_c.a(alloc.o)
                0x0000000000008b60                _Csys_alloc
 .text.fclose   0x0000000000008b80       0x6c /Applications/lpcxpresso_7.5.0_254/lpcxpresso/tools/bin/../lib/gcc/arm-none-eabi/4.8.4/../../../../arm-none-eabi/lib/armv7-m/libcr_c.a(fclose.o)
                0x0000000000008b80                fclose
 .text.fflush   0x0000000000008bec       0x30 /Applications/lpcxpresso_7.5.0_254/lpcxpresso/tools/bin/../lib/gcc/arm-none-eabi/4.8.4/../../../../arm-none-eabi/lib/armv7-m/libcr_c.a(fflush.o)
                0x0000000000008bec                fflush
 .text.fseek    0x0000000000008c1c      0x10c /Applications/lpcxpresso_7.5.0_254/lpcxpresso/tools/bin/../lib/gcc/arm-none-eabi/4.8.4/../../../../arm-none-eabi/lib/armv7-m/libcr_c.a(fseek.o)
                0x0000000000008c1c                fseek
 .text.ftell    0x0000000000008d28       0x4c /Applications/lpcxpresso_7.5.0_254/lpcxpresso/tools/bin/../lib/gcc/arm-none-eabi/4.8.4/../../../../arm-none-eabi/lib/armv7-m/libcr_c.a(ftell.o)
                0x0000000000008d28                ftell
 .text.remove   0x0000000000008d74       0x14 /Applications/lpcxpresso_7.5.0_254/lpcxpresso/tools/bin/../lib/gcc/arm-none-eabi/4.8.4/../../../../arm-none-eabi/lib/armv7-m/libcr_c.a(remove.o)
                0x0000000000008d74                remove
 .text._sbrk    0x0000000000008d88       0x40 /Applications/lpcxpresso_7.5.0_254/lpcxpresso/tools/bin/../lib/gcc/arm-none-eabi/4.8.4/../../../../arm-none-eabi/lib/armv7-m/libcr_c.a(_cr_sbrk.o)
                0x0000000000008d88                _sbrk
 .text._do_fflush
                0x0000000000008dc8       0x44 /Applications/lpcxpresso_7.5.0_254/lpcxpresso/tools/bin/../lib/gcc/arm-none-eabi/4.8.4/../../../../arm-none-eabi/lib/armv7-m/libcr_c.a(_do_fflush.o)
                0x0000000000008dc8                _do_fflush
 .text.__check_heap_overflow
                0x0000000000008e0c       0x18 /Applications/lpcxpresso_7.5.0_254/lpcxpresso/tools/bin/../lib/gcc/arm-none-eabi/4.8.4/../../../../arm-none-eabi/lib/armv7-m/libcr_c.a(_cr_check_heap.o)
                0x0000000000008e0c                __check_heap_overflow
 .text.__aeabi_dmul
                0x0000000000008e24      0x12c /Applications/lpcxpresso_7.5.0_254/lpcxpresso/tools/bin/../lib/gcc/arm-none-eabi/4.8.4/armv7-m/libcr_eabihelpers.a(double.o)
                0x0000000000008e24                __aeabi_dmul
 .text.__aeabi_ddiv
                0x0000000000008f50      0x16c /Applications/lpcxpresso_7.5.0_254/lpcxpresso/tools/bin/../lib/gcc/arm-none-eabi/4.8.4/armv7-m/libcr_eabihelpers.a(double.o)
                0x0000000000008f50                __aeabi_ddiv
 .text.__aeabi_dsub
                0x00000000000090bc      0x228 /Applications/lpcxpresso_7.5.0_254/lpcxpresso/tools/bin/../lib/gcc/arm-none-eabi/4.8.4/armv7-m/libcr_eabihelpers.a(double.o)
                0x00000000000090bc                __aeabi_dsub
 .text.__aeabi_dadd
                0x00000000000092e4      0x178 /Applications/lpcxpresso_7.5.0_254/lpcxpresso/tools/bin/../lib/gcc/arm-none-eabi/4.8.4/armv7-m/libcr_eabihelpers.a(double.o)
                0x00000000000092e4                __aeabi_dadd
 .text.__aeabi_d2f
                0x000000000000945c       0x58 /Applications/lpcxpresso_7.5.0_254/lpcxpresso/tools/bin/../lib/gcc/arm-none-eabi/4.8.4/armv7-m/libcr_eabihelpers.a(double.o)
                0x000000000000945c                __aeabi_d2f
 .text.__aeabi_d2iz
                0x00000000000094b4       0x4c /Applications/lpcxpresso_7.5.0_254/lpcxpresso/tools/bin/../lib/gcc/arm-none-eabi/4.8.4/armv7-m/libcr_eabihelpers.a(double.o)
                0x00000000000094b4                __aeabi_d2iz
 .text.__bhs_ui2d
                0x0000000000009500       0x48 /Applications/lpcxpresso_7.5.0_254/lpcxpresso/tools/bin/../lib/gcc/arm-none-eabi/4.8.4/armv7-m/libcr_eabihelpers.a(double.o)
                0x0000000000009500                __bhs_ui2d
 .text.__aeabi_i2d
                0x0000000000009548       0x10 /Applications/lpcxpresso_7.5.0_254/lpcxpresso/tools/bin/../lib/gcc/arm-none-eabi/4.8.4/armv7-m/libcr_eabihelpers.a(double.o)
                0x0000000000009548                __aeabi_i2d
 .text.__aeabi_dcmpeq
                0x0000000000009558       0x40 /Applications/lpcxpresso_7.5.0_254/lpcxpresso/tools/bin/../lib/gcc/arm-none-eabi/4.8.4/armv7-m/libcr_eabihelpers.a(double.o)
                0x0000000000009558                __aeabi_dcmpeq
 .text.__aeabi_dcmplt
                0x0000000000009598       0x70 /Applications/lpcxpresso_7.5.0_254/lpcxpresso/tools/bin/../lib/gcc/arm-none-eabi/4.8.4/armv7-m/libcr_eabihelpers.a(double.o)
                0x0000000000009598                __aeabi_dcmplt
 .text.__aeabi_dcmple
                0x0000000000009608       0x68 /Applications/lpcxpresso_7.5.0_254/lpcxpresso/tools/bin/../lib/gcc/arm-none-eabi/4.8.4/armv7-m/libcr_eabihelpers.a(double.o)
                0x0000000000009608                __aeabi_dcmple
 .text.__aeabi_dcmpge
                0x0000000000009670       0x64 /Applications/lpcxpresso_7.5.0_254/lpcxpresso/tools/bin/../lib/gcc/arm-none-eabi/4.8.4/armv7-m/libcr_eabihelpers.a(double.o)
                0x0000000000009670                __aeabi_dcmpge
 .text.__bhs_ui2f.part.0
                0x00000000000096d4       0x20 /Applications/lpcxpresso_7.5.0_254/lpcxpresso/tools/bin/../lib/gcc/arm-none-eabi/4.8.4/armv7-m/libcr_eabihelpers.a(float.o)
 .text.__aeabi_fmul
                0x00000000000096f4       0xbc /Applications/lpcxpresso_7.5.0_254/lpcxpresso/tools/bin/../lib/gcc/arm-none-eabi/4.8.4/armv7-m/libcr_eabihelpers.a(float.o)
                0x00000000000096f4                __aeabi_fmul
 .text.__aeabi_fdiv
                0x00000000000097b0       0xc0 /Applications/lpcxpresso_7.5.0_254/lpcxpresso/tools/bin/../lib/gcc/arm-none-eabi/4.8.4/armv7-m/libcr_eabihelpers.a(float.o)
                0x00000000000097b0                __aeabi_fdiv
 .text.__aeabi_fsub
                0x0000000000009870       0xfc /Applications/lpcxpresso_7.5.0_254/lpcxpresso/tools/bin/../lib/gcc/arm-none-eabi/4.8.4/armv7-m/libcr_eabihelpers.a(float.o)
                0x0000000000009870                __aeabi_fsub
 .text.__aeabi_fadd
                0x000000000000996c       0xb0 /Applications/lpcxpresso_7.5.0_254/lpcxpresso/tools/bin/../lib/gcc/arm-none-eabi/4.8.4/armv7-m/libcr_eabihelpers.a(float.o)
                0x000000000000996c                __aeabi_fadd
 .text.__aeabi_f2iz
                0x0000000000009a1c       0x34 /Applications/lpcxpresso_7.5.0_254/lpcxpresso/tools/bin/../lib/gcc/arm-none-eabi/4.8.4/armv7-m/libcr_eabihelpers.a(float.o)
                0x0000000000009a1c                __aeabi_f2iz
 .text.__aeabi_i2f
                0x0000000000009a50       0x18 /Applications/lpcxpresso_7.5.0_254/lpcxpresso/tools/bin/../lib/gcc/arm-none-eabi/4.8.4/armv7-m/libcr_eabihelpers.a(float.o)
                0x0000000000009a50                __aeabi_i2f
 .text.__aeabi_f2d
                0x0000000000009a68       0x44 /Applications/lpcxpresso_7.5.0_254/lpcxpresso/tools/bin/../lib/gcc/arm-none-eabi/4.8.4/armv7-m/libcr_eabihelpers.a(float.o)
                0x0000000000009a68                __aeabi_f2d
 .text.__aeabi_fcmpgt
                0x0000000000009aac       0x3c /Applications/lpcxpresso_7.5.0_254/lpcxpresso/tools/bin/../lib/gcc/arm-none-eabi/4.8.4/armv7-m/libcr_eabihelpers.a(float.o)
                0x0000000000009aac                __aeabi_fcmpgt
 .text.__aeabi_fcmple
                0x0000000000009ae8       0x40 /Applications/lpcxpresso_7.5.0_254/lpcxpresso/tools/bin/../lib/gcc/arm-none-eabi/4.8.4/armv7-m/libcr_eabihelpers.a(float.o)
                0x0000000000009ae8                __aeabi_fcmple
 .text.__aeabi_fcmpge
                0x0000000000009b28       0x40 /Applications/lpcxpresso_7.5.0_254/lpcxpresso/tools/bin/../lib/gcc/arm-none-eabi/4.8.4/armv7-m/libcr_eabihelpers.a(float.o)
                0x0000000000009b28                __aeabi_fcmpge
 .text.__aeabi_memcpy
                0x0000000000009b68       0x3a /Applications/lpcxpresso_7.5.0_254/lpcxpresso/tools/bin/../lib/gcc/arm-none-eabi/4.8.4/armv7-m/libcr_eabihelpers.a(memcpy.o)
                0x0000000000009b68                __aeabi_memcpy
                0x0000000000009b74                __aeabi_memcpy4
                0x0000000000009b74                __aeabi_memcpy8
 .text.__aeabi_memset_lowlevel
                0x0000000000009ba2       0x38 /Applications/lpcxpresso_7.5.0_254/lpcxpresso/tools/bin/../lib/gcc/arm-none-eabi/4.8.4/armv7-m/libcr_eabihelpers.a(memcpy.o)
                0x0000000000009ba2                __aeabi_lowlevel_memset
 *fill*         0x0000000000009bda        0x2 
 .text.__sys_appexit
                0x0000000000009bdc        0xc /Applications/lpcxpresso_7.5.0_254/lpcxpresso/tools/bin/../lib/gcc/arm-none-eabi/4.8.4/../../../../arm-none-eabi/lib/armv7-m/libcr_semihost.a(__sys_appexit.o)
                0x0000000000009bdc                __exit
                0x0000000000009bdc                __sys_appexit
 .text.__sys_close
                0x0000000000009be8        0xc /Applications/lpcxpresso_7.5.0_254/lpcxpresso/tools/bin/../lib/gcc/arm-none-eabi/4.8.4/../../../../arm-none-eabi/lib/armv7-m/libcr_semihost.a(__sys_close.o)
                0x0000000000009be8                __sys_close
 .text.__sys_flen
                0x0000000000009bf4        0xc /Applications/lpcxpresso_7.5.0_254/lpcxpresso/tools/bin/../lib/gcc/arm-none-eabi/4.8.4/../../../../arm-none-eabi/lib/armv7-m/libcr_semihost.a(__sys_flen.o)
                0x0000000000009bf4                __sys_flen
 .text.__sys_istty
                0x0000000000009c00        0xc /Applications/lpcxpresso_7.5.0_254/lpcxpresso/tools/bin/../lib/gcc/arm-none-eabi/4.8.4/../../../../arm-none-eabi/lib/armv7-m/libcr_semihost.a(__sys_istty.o)
                0x0000000000009c00                __sys_istty
 .text.__sys_read
                0x0000000000009c0c        0xc /Applications/lpcxpresso_7.5.0_254/lpcxpresso/tools/bin/../lib/gcc/arm-none-eabi/4.8.4/../../../../arm-none-eabi/lib/armv7-m/libcr_semihost.a(__sys_read.o)
                0x0000000000009c0c                __sys_read
 .text.__sys_readc
                0x0000000000009c18        0x8 /Applications/lpcxpresso_7.5.0_254/lpcxpresso/tools/bin/../lib/gcc/arm-none-eabi/4.8.4/../../../../arm-none-eabi/lib/armv7-m/libcr_semihost.a(__sys_readc.o)
                0x0000000000009c18                __readc
                0x0000000000009c18                __sys_readc
 .text.__sys_remove
                0x0000000000009c20        0xc /Applications/lpcxpresso_7.5.0_254/lpcxpresso/tools/bin/../lib/gcc/arm-none-eabi/4.8.4/../../../../arm-none-eabi/lib/armv7-m/libcr_semihost.a(__sys_remove.o)
                0x0000000000009c20                __sys_remove
 .text.__sys_seek
                0x0000000000009c2c        0xc /Applications/lpcxpresso_7.5.0_254/lpcxpresso/tools/bin/../lib/gcc/arm-none-eabi/4.8.4/../../../../arm-none-eabi/lib/armv7-m/libcr_semihost.a(__sys_seek.o)
                0x0000000000009c2c                __sys_seek
 .text.__sys_tmpnam
                0x0000000000009c38        0xc /Applications/lpcxpresso_7.5.0_254/lpcxpresso/tools/bin/../lib/gcc/arm-none-eabi/4.8.4/../../../../arm-none-eabi/lib/armv7-m/libcr_semihost.a(__sys_tmpnam.o)
                0x0000000000009c38                __sys_tmpnam
 .text.__sys_write
                0x0000000000009c44        0xc /Applications/lpcxpresso_7.5.0_254/lpcxpresso/tools/bin/../lib/gcc/arm-none-eabi/4.8.4/../../../../arm-none-eabi/lib/armv7-m/libcr_semihost.a(__sys_write.o)
                0x0000000000009c44                __write
                0x0000000000009c44                __sys_write
 *(.rodata .rodata.* .constdata .constdata.*)
 .rodata        0x0000000000009c50       0x68 ./src/fat_filelib.o
 .rodata        0x0000000000009cb8       0x48 ./src/fat_misc.o
 .rodata        0x0000000000009d00      0x2b8 ./src/main.o
 .rodata        0x0000000000009fb8       0x18 /Users/wangjiadong/LPCXpresso/workspace/Lib_MCU/Debug/libLib_MCU.a(lpc17xx_uart.o)
 .rodata.str1.1
                0x0000000000009fd0       0x34 /Applications/lpcxpresso_7.5.0_254/lpcxpresso/tools/bin/../lib/gcc/arm-none-eabi/4.8.4/../../../../arm-none-eabi/lib/armv7-m/libcr_c.a(fpprintf.o)
                                         0x35 (size before relaxing)
 .rodata.str1.1
                0x000000000000a004        0x4 /Applications/lpcxpresso_7.5.0_254/lpcxpresso/tools/bin/../lib/gcc/arm-none-eabi/4.8.4/../../../../arm-none-eabi/lib/armv7-m/libcr_c.a(initio.o)
 .rodata.str1.1
                0x000000000000a008       0x31 /Applications/lpcxpresso_7.5.0_254/lpcxpresso/tools/bin/../lib/gcc/arm-none-eabi/4.8.4/../../../../arm-none-eabi/lib/armv7-m/libcr_c.a(printf.o)
                                         0x38 (size before relaxing)
 *fill*         0x000000000000a039        0x7 
 .rodata.__huge_val
                0x000000000000a040        0x8 /Applications/lpcxpresso_7.5.0_254/lpcxpresso/tools/bin/../lib/gcc/arm-none-eabi/4.8.4/../../../../arm-none-eabi/lib/armv7-m/libcr_c.a(_hugeval.o)
                0x000000000000a040                __huge_val
 .rodata.__huge_vall
                0x000000000000a048        0x8 /Applications/lpcxpresso_7.5.0_254/lpcxpresso/tools/bin/../lib/gcc/arm-none-eabi/4.8.4/../../../../arm-none-eabi/lib/armv7-m/libcr_c.a(_hugeval.o)
                0x000000000000a048                __huge_vall
 .rodata.str1.1
                0x000000000000a050       0x18 /Applications/lpcxpresso_7.5.0_254/lpcxpresso/tools/bin/../lib/gcc/arm-none-eabi/4.8.4/../../../../arm-none-eabi/lib/armv7-m/libcr_c.a(alloc.o)
 .rodata.__ctype
                0x000000000000a068      0x180 /Applications/lpcxpresso_7.5.0_254/lpcxpresso/tools/bin/../lib/gcc/arm-none-eabi/4.8.4/../../../../arm-none-eabi/lib/armv7-m/libcr_c.a(ctype.o)
                0x000000000000a068                __ctype
                0x000000000000a1e8                . = ALIGN (0x4)

.glue_7         0x000000000000a1e8        0x0
 .glue_7        0x0000000000000000        0x0 linker stubs

.glue_7t        0x000000000000a1e8        0x0
 .glue_7t       0x0000000000000000        0x0 linker stubs

.vfp11_veneer   0x000000000000a1e8        0x0
 .vfp11_veneer  0x0000000000000000        0x0 linker stubs

.v4_bx          0x000000000000a1e8        0x0
 .v4_bx         0x0000000000000000        0x0 linker stubs

.iplt           0x000000000000a1e8        0x0
 .iplt          0x0000000000000000        0x0 ./src/Bluetooth_3032.o

.rel.dyn        0x000000000000a1e8        0x0
 .rel.iplt      0x0000000000000000        0x0 ./src/Bluetooth_3032.o

.ARM.extab
 *(.ARM.extab* .gnu.linkonce.armextab.*)
                0x000000000000a1e8                __exidx_start = .

.ARM.exidx
 *(.ARM.exidx* .gnu.linkonce.armexidx.*)
                0x000000000000a1e8                __exidx_end = .
                0x000000000000a1e8                _etext = .

.data_RAM2      0x000000002007c000        0x0 load address 0x000000000000a1e8
 FILL mask 0xff
 *(.ramfunc.$RAM2)
 *(.ramfunc.$RamAHB32)
 *(.data.$RAM2*)
 *(.data.$RamAHB32*)
                0x000000002007c000                . = ALIGN (0x4)

.uninit_RESERVED
                0x0000000010000000        0x0
 *(.bss.$RESERVED*)
                0x0000000010000000                . = ALIGN (0x4)
                0x0000000010000000                _end_uninit_RESERVED = .

.data           0x0000000010000000      0x99c load address 0x000000000000a1e8
 FILL mask 0xff
                0x0000000010000000                _data = .
 *(vtable)
 *(.ramfunc*)
 *(.data*)
 .data.str      0x0000000010000000       0xc8 ./src/main.o
                0x0000000010000000                str
 .data.str_gsm  0x00000000100000c8      0x400 ./src/main.o
                0x00000000100000c8                str_gsm
 .data.response_last_gsm
                0x00000000100004c8      0x400 ./src/main.o
                0x00000000100004c8                response_last_gsm
 .data.str_bt   0x00000000100008c8       0xc8 ./src/main.o
                0x00000000100008c8                str_bt
 .data          0x0000000010000990        0x4 /Users/wangjiadong/LPCXpresso/workspace/Lib_CMSISv1p30_LPC17xx/Debug/libCMSISv1p30_LPC17xx.a(system_LPC17xx.o)
                0x0000000010000990                SystemCoreClock
 .data.neginf.4355
                0x0000000010000994        0x4 /Applications/lpcxpresso_7.5.0_254/lpcxpresso/tools/bin/../lib/gcc/arm-none-eabi/4.8.4/../../../../arm-none-eabi/lib/armv7-m/libcr_c.a(scanf.o)
 .data.posinf.4354
                0x0000000010000998        0x4 /Applications/lpcxpresso_7.5.0_254/lpcxpresso/tools/bin/../lib/gcc/arm-none-eabi/4.8.4/../../../../arm-none-eabi/lib/armv7-m/libcr_c.a(scanf.o)
                0x000000001000099c                . = ALIGN (0x4)
                0x000000001000099c                _edata = .

.igot.plt       0x000000001000099c        0x0 load address 0x000000000000ab84
 .igot.plt      0x0000000000000000        0x0 ./src/Bluetooth_3032.o

.bss_RAM2       0x000000002007c000        0x0
 *(.bss.$RAM2*)
 *(.bss.$RamAHB32*)
                0x000000002007c000                . = ALIGN (0x4)

.bss            0x00000000100009a0      0xed4
                0x00000000100009a0                _bss = .
 *(.bss*)
 .bss._files    0x00000000100009a0      0x888 ./src/fat_filelib.o
 .bss._filelib_init
                0x0000000010001228        0x4 ./src/fat_filelib.o
 .bss._filelib_valid
                0x000000001000122c        0x4 ./src/fat_filelib.o
 .bss._fs       0x0000000010001230      0x464 ./src/fat_filelib.o
 .bss._open_file_list
                0x0000000010001694        0x8 ./src/fat_filelib.o
 .bss._free_file_list
                0x000000001000169c        0x8 ./src/fat_filelib.o
 .bss.Timer     0x00000000100016a4        0x4 ./src/main.o
                0x00000000100016a4                Timer
 .bss.latitude  0x00000000100016a8        0x8 ./src/main.o
                0x00000000100016a8                latitude
 .bss.longitude
                0x00000000100016b0        0x8 ./src/main.o
                0x00000000100016b0                longitude
 .bss.velocity  0x00000000100016b8        0x8 ./src/main.o
                0x00000000100016b8                velocity
 .bss.date      0x00000000100016c0        0x4 ./src/main.o
                0x00000000100016c0                date
 .bss.time      0x00000000100016c4        0x4 ./src/main.o
                0x00000000100016c4                time
 .bss.empty_value
                0x00000000100016c8        0x4 ./src/main.o
                0x00000000100016c8                empty_value
 .bss.num       0x00000000100016cc        0x4 ./src/main.o
                0x00000000100016cc                num
 .bss.num_gsm   0x00000000100016d0        0x4 ./src/main.o
                0x00000000100016d0                num_gsm
 .bss.response_num_gsm
                0x00000000100016d4        0x4 ./src/main.o
                0x00000000100016d4                response_num_gsm
 .bss.BT_CMD    0x00000000100016d8        0x4 ./src/main.o
                0x00000000100016d8                BT_CMD
 .bss.num_bt    0x00000000100016dc        0x4 ./src/main.o
                0x00000000100016dc                num_bt
 .bss.GPS_timer
                0x00000000100016e0        0x4 ./src/main.o
                0x00000000100016e0                GPS_timer
 .bss.ticks.5976
                0x00000000100016e4        0x4 ./src/main.o
 .bss.Timer1    0x00000000100016e8        0x4 ./src/sd.o
 .bss.Timer2    0x00000000100016ec        0x4 ./src/sd.o
 .bss.errno     0x00000000100016f0        0x4 /Applications/lpcxpresso_7.5.0_254/lpcxpresso/tools/bin/../lib/gcc/arm-none-eabi/4.8.4/../../../../arm-none-eabi/lib/armv7-m/libcr_c.a(errno.o)
                0x00000000100016f0                errno
 *(COMMON)
 COMMON         0x00000000100016f4       0x34 ./src/sd.o
                0x00000000100016f4                CardType
                0x00000000100016f8                CardConfig
 COMMON         0x0000000010001728        0x4 /Applications/lpcxpresso_7.5.0_254/lpcxpresso/tools/bin/../lib/gcc/arm-none-eabi/4.8.4/../../../../arm-none-eabi/lib/armv7-m/libcr_c.a(initio.o)
                0x0000000010001728                _extra
 COMMON         0x000000001000172c      0x140 /Applications/lpcxpresso_7.5.0_254/lpcxpresso/tools/bin/../lib/gcc/arm-none-eabi/4.8.4/../../../../arm-none-eabi/lib/armv7-m/libcr_c.a(stdio.o)
                0x000000001000172c                __Ciob
 COMMON         0x000000001000186c        0x8 /Applications/lpcxpresso_7.5.0_254/lpcxpresso/tools/bin/../lib/gcc/arm-none-eabi/4.8.4/../../../../arm-none-eabi/lib/armv7-m/libcr_c.a(__init_alloc.o)
                0x000000001000186c                __heaps
                0x0000000010001870                __end_of_heap
                0x0000000010001874                . = ALIGN (0x4)
                0x0000000010001874                _ebss = .
                0x0000000010001874                PROVIDE (end, .)

.noinit_RAM2    0x000000002007c000        0x0
 *(.noinit.$RAM2*)
 *(.noinit.$RamAHB32*)
                0x000000002007c000                . = ALIGN (0x4)

.noinit         0x0000000010001874        0x0
                0x0000000010001874                _noinit = .
 *(.noinit*)
                0x0000000010001874                . = ALIGN (0x4)
                0x0000000010001874                _end_noinit = .
                0x0000000010001874                PROVIDE (_pvHeapStart, DEFINED (__user_heap_base)?__user_heap_base:.)
                0x0000000010008000                PROVIDE (_vStackTop, DEFINED (__user_stack_top)?__user_stack_top:(__top_RamLoc32 - 0x0))
OUTPUT(LPC1769_CMSIS_MCU_blinky.axf elf32-littlearm)

.debug_info     0x0000000000000000     0xa953
 .debug_info    0x0000000000000000      0x6c8 ./src/Bluetooth_3032.o
 .debug_info    0x00000000000006c8      0x43c ./src/GPS_3032.o
 .debug_info    0x0000000000000b04      0x916 ./src/GSM_3032.o
 .debug_info    0x000000000000141a      0x584 ./src/Load_3032.o
 .debug_info    0x000000000000199e      0x5b3 ./src/Temp_3032.o
 .debug_info    0x0000000000001f51      0x2be ./src/cr_startup_lpc176x.o
 .debug_info    0x000000000000220f      0xb2e ./src/fat_access.o
 .debug_info    0x0000000000002d3d      0x66c ./src/fat_cache.o
 .debug_info    0x00000000000033a9     0x1303 ./src/fat_filelib.o
 .debug_info    0x00000000000046ac      0x61d ./src/fat_misc.o
 .debug_info    0x0000000000004cc9      0x4c4 ./src/fat_string.o
 .debug_info    0x000000000000518d      0x67e ./src/fat_table.o
 .debug_info    0x000000000000580b      0x654 ./src/fat_write.o
 .debug_info    0x0000000000005e5f     0x1246 ./src/main.o
 .debug_info    0x00000000000070a5      0x4d5 ./src/sd.o
 .debug_info    0x000000000000757a      0x811 ./src/spi.o
 .debug_info    0x0000000000007d8b      0x2e3 /Users/wangjiadong/LPCXpresso/workspace/Lib_CMSISv1p30_LPC17xx/Debug/libCMSISv1p30_LPC17xx.a(system_LPC17xx.o)
 .debug_info    0x000000000000806e      0xac9 /Users/wangjiadong/LPCXpresso/workspace/Lib_MCU/Debug/libLib_MCU.a(lpc17xx_gpio.o)
 .debug_info    0x0000000000008b37      0x44a /Users/wangjiadong/LPCXpresso/workspace/Lib_MCU/Debug/libLib_MCU.a(lpc17xx_pinsel.o)
 .debug_info    0x0000000000008f81     0x1381 /Users/wangjiadong/LPCXpresso/workspace/Lib_MCU/Debug/libLib_MCU.a(lpc17xx_uart.o)
 .debug_info    0x000000000000a302      0x58c /Users/wangjiadong/LPCXpresso/workspace/Lib_MCU/Debug/libLib_MCU.a(lpc17xx_clkpwr.o)
 .debug_info    0x000000000000a88e       0xc5 /Users/wangjiadong/LPCXpresso/workspace/Lib_MCU/Debug/libLib_MCU.a(lpc17xx_libcfg_default.o)

.debug_abbrev   0x0000000000000000     0x2517
 .debug_abbrev  0x0000000000000000      0x1e4 ./src/Bluetooth_3032.o
 .debug_abbrev  0x00000000000001e4      0x151 ./src/GPS_3032.o
 .debug_abbrev  0x0000000000000335      0x230 ./src/GSM_3032.o
 .debug_abbrev  0x0000000000000565      0x11e ./src/Load_3032.o
 .debug_abbrev  0x0000000000000683      0x138 ./src/Temp_3032.o
 .debug_abbrev  0x00000000000007bb      0x12b ./src/cr_startup_lpc176x.o
 .debug_abbrev  0x00000000000008e6      0x20a ./src/fat_access.o
 .debug_abbrev  0x0000000000000af0      0x1a1 ./src/fat_cache.o
 .debug_abbrev  0x0000000000000c91      0x268 ./src/fat_filelib.o
 .debug_abbrev  0x0000000000000ef9      0x1ca ./src/fat_misc.o
 .debug_abbrev  0x00000000000010c3      0x15b ./src/fat_string.o
 .debug_abbrev  0x000000000000121e      0x1fb ./src/fat_table.o
 .debug_abbrev  0x0000000000001419      0x1ad ./src/fat_write.o
 .debug_abbrev  0x00000000000015c6      0x39b ./src/main.o
 .debug_abbrev  0x0000000000001961      0x1a1 ./src/sd.o
 .debug_abbrev  0x0000000000001b02      0x1a3 ./src/spi.o
 .debug_abbrev  0x0000000000001ca5       0xe6 /Users/wangjiadong/LPCXpresso/workspace/Lib_CMSISv1p30_LPC17xx/Debug/libCMSISv1p30_LPC17xx.a(system_LPC17xx.o)
 .debug_abbrev  0x0000000000001d8b      0x193 /Users/wangjiadong/LPCXpresso/workspace/Lib_MCU/Debug/libLib_MCU.a(lpc17xx_gpio.o)
 .debug_abbrev  0x0000000000001f1e      0x129 /Users/wangjiadong/LPCXpresso/workspace/Lib_MCU/Debug/libLib_MCU.a(lpc17xx_pinsel.o)
 .debug_abbrev  0x0000000000002047      0x2a8 /Users/wangjiadong/LPCXpresso/workspace/Lib_MCU/Debug/libLib_MCU.a(lpc17xx_uart.o)
 .debug_abbrev  0x00000000000022ef      0x1bc /Users/wangjiadong/LPCXpresso/workspace/Lib_MCU/Debug/libLib_MCU.a(lpc17xx_clkpwr.o)
 .debug_abbrev  0x00000000000024ab       0x6c /Users/wangjiadong/LPCXpresso/workspace/Lib_MCU/Debug/libLib_MCU.a(lpc17xx_libcfg_default.o)

.debug_aranges  0x0000000000000000      0xa88
 .debug_aranges
                0x0000000000000000       0x40 ./src/Bluetooth_3032.o
 .debug_aranges
                0x0000000000000040       0x40 ./src/GPS_3032.o
 .debug_aranges
                0x0000000000000080       0x58 ./src/GSM_3032.o
 .debug_aranges
                0x00000000000000d8       0x38 ./src/Load_3032.o
 .debug_aranges
                0x0000000000000110       0x30 ./src/Temp_3032.o
 .debug_aranges
                0x0000000000000140       0x80 ./src/cr_startup_lpc176x.o
 .debug_aranges
                0x00000000000001c0       0x90 ./src/fat_access.o
 .debug_aranges
                0x0000000000000250       0x70 ./src/fat_cache.o
 .debug_aranges
                0x00000000000002c0      0x168 ./src/fat_filelib.o
 .debug_aranges
                0x0000000000000428       0x90 ./src/fat_misc.o
 .debug_aranges
                0x00000000000004b8       0x70 ./src/fat_string.o
 .debug_aranges
                0x0000000000000528       0x70 ./src/fat_table.o
 .debug_aranges
                0x0000000000000598       0x38 ./src/fat_write.o
 .debug_aranges
                0x00000000000005d0      0x120 ./src/main.o
 .debug_aranges
                0x00000000000006f0       0x68 ./src/sd.o
 .debug_aranges
                0x0000000000000758       0x48 ./src/spi.o
 .debug_aranges
                0x00000000000007a0       0x28 /Users/wangjiadong/LPCXpresso/workspace/Lib_CMSISv1p30_LPC17xx/Debug/libCMSISv1p30_LPC17xx.a(system_LPC17xx.o)
 .debug_aranges
                0x00000000000007c8       0xc8 /Users/wangjiadong/LPCXpresso/workspace/Lib_MCU/Debug/libLib_MCU.a(lpc17xx_gpio.o)
 .debug_aranges
                0x0000000000000890       0x48 /Users/wangjiadong/LPCXpresso/workspace/Lib_MCU/Debug/libLib_MCU.a(lpc17xx_pinsel.o)
 .debug_aranges
                0x00000000000008d8      0x130 /Users/wangjiadong/LPCXpresso/workspace/Lib_MCU/Debug/libLib_MCU.a(lpc17xx_uart.o)
 .debug_aranges
                0x0000000000000a08       0x60 /Users/wangjiadong/LPCXpresso/workspace/Lib_MCU/Debug/libLib_MCU.a(lpc17xx_clkpwr.o)
 .debug_aranges
                0x0000000000000a68       0x20 /Users/wangjiadong/LPCXpresso/workspace/Lib_MCU/Debug/libLib_MCU.a(lpc17xx_libcfg_default.o)

.debug_ranges   0x0000000000000000      0x940
 .debug_ranges  0x0000000000000000       0x30 ./src/Bluetooth_3032.o
 .debug_ranges  0x0000000000000030       0x30 ./src/GPS_3032.o
 .debug_ranges  0x0000000000000060       0x48 ./src/GSM_3032.o
 .debug_ranges  0x00000000000000a8       0x28 ./src/Load_3032.o
 .debug_ranges  0x00000000000000d0       0x20 ./src/Temp_3032.o
 .debug_ranges  0x00000000000000f0       0x70 ./src/cr_startup_lpc176x.o
 .debug_ranges  0x0000000000000160       0x80 ./src/fat_access.o
 .debug_ranges  0x00000000000001e0       0x60 ./src/fat_cache.o
 .debug_ranges  0x0000000000000240      0x170 ./src/fat_filelib.o
 .debug_ranges  0x00000000000003b0       0x80 ./src/fat_misc.o
 .debug_ranges  0x0000000000000430       0x60 ./src/fat_string.o
 .debug_ranges  0x0000000000000490       0x60 ./src/fat_table.o
 .debug_ranges  0x00000000000004f0       0x28 ./src/fat_write.o
 .debug_ranges  0x0000000000000518      0x110 ./src/main.o
 .debug_ranges  0x0000000000000628       0x58 ./src/sd.o
 .debug_ranges  0x0000000000000680       0x38 ./src/spi.o
 .debug_ranges  0x00000000000006b8       0x18 /Users/wangjiadong/LPCXpresso/workspace/Lib_CMSISv1p30_LPC17xx/Debug/libCMSISv1p30_LPC17xx.a(system_LPC17xx.o)
 .debug_ranges  0x00000000000006d0       0xb8 /Users/wangjiadong/LPCXpresso/workspace/Lib_MCU/Debug/libLib_MCU.a(lpc17xx_gpio.o)
 .debug_ranges  0x0000000000000788       0x38 /Users/wangjiadong/LPCXpresso/workspace/Lib_MCU/Debug/libLib_MCU.a(lpc17xx_pinsel.o)
 .debug_ranges  0x00000000000007c0      0x120 /Users/wangjiadong/LPCXpresso/workspace/Lib_MCU/Debug/libLib_MCU.a(lpc17xx_uart.o)
 .debug_ranges  0x00000000000008e0       0x50 /Users/wangjiadong/LPCXpresso/workspace/Lib_MCU/Debug/libLib_MCU.a(lpc17xx_clkpwr.o)
 .debug_ranges  0x0000000000000930       0x10 /Users/wangjiadong/LPCXpresso/workspace/Lib_MCU/Debug/libLib_MCU.a(lpc17xx_libcfg_default.o)

.debug_macro    0x0000000000000000     0x5b77
 .debug_macro   0x0000000000000000       0xb3 ./src/Bluetooth_3032.o
 .debug_macro   0x00000000000000b3      0x856 ./src/Bluetooth_3032.o
 .debug_macro   0x0000000000000909       0x1c ./src/Bluetooth_3032.o
 .debug_macro   0x0000000000000925       0x22 ./src/Bluetooth_3032.o
 .debug_macro   0x0000000000000947       0x10 ./src/Bluetooth_3032.o
 .debug_macro   0x0000000000000957      0x12d ./src/Bluetooth_3032.o
 .debug_macro   0x0000000000000a84      0x5b2 ./src/Bluetooth_3032.o
 .debug_macro   0x0000000000001036      0x7b7 ./src/Bluetooth_3032.o
 .debug_macro   0x00000000000017ed      0x2c7 ./src/Bluetooth_3032.o
 .debug_macro   0x0000000000001ab4       0x63 ./src/Bluetooth_3032.o
 .debug_macro   0x0000000000001b17      0x143 ./src/Bluetooth_3032.o
 .debug_macro   0x0000000000001c5a       0x46 ./src/Bluetooth_3032.o
 .debug_macro   0x0000000000001ca0      0x32a ./src/Bluetooth_3032.o
 .debug_macro   0x0000000000001fca       0x9a ./src/Bluetooth_3032.o
 .debug_macro   0x0000000000002064       0xb1 ./src/GPS_3032.o
 .debug_macro   0x0000000000002115       0xc9 ./src/GSM_3032.o
 .debug_macro   0x00000000000021de       0xbc ./src/Load_3032.o
 .debug_macro   0x000000000000229a       0x4c ./src/Load_3032.o
 .debug_macro   0x00000000000022e6       0xb6 ./src/Temp_3032.o
 .debug_macro   0x000000000000239c       0x34 ./src/Temp_3032.o
 .debug_macro   0x00000000000023d0       0x52 ./src/cr_startup_lpc176x.o
 .debug_macro   0x0000000000002422      0x85c ./src/cr_startup_lpc176x.o
 .debug_macro   0x0000000000002c7e       0xb5 ./src/fat_access.o
 .debug_macro   0x0000000000002d33       0x4c ./src/fat_access.o
 .debug_macro   0x0000000000002d7f       0x2e ./src/fat_access.o
 .debug_macro   0x0000000000002dad      0x1ae ./src/fat_access.o
 .debug_macro   0x0000000000002f5b       0x3a ./src/fat_access.o
 .debug_macro   0x0000000000002f95       0x2e ./src/fat_access.o
 .debug_macro   0x0000000000002fc3       0xa8 ./src/fat_cache.o
 .debug_macro   0x000000000000306b       0x3a ./src/fat_cache.o
 .debug_macro   0x00000000000030a5       0x28 ./src/fat_cache.o
 .debug_macro   0x00000000000030cd       0xfe ./src/fat_filelib.o
 .debug_macro   0x00000000000031cb       0x28 ./src/fat_filelib.o
 .debug_macro   0x00000000000031f3       0x93 ./src/fat_misc.o
 .debug_macro   0x0000000000003286       0x28 ./src/fat_misc.o
 .debug_macro   0x00000000000032ae       0x50 ./src/fat_string.o
 .debug_macro   0x00000000000032fe       0x16 ./src/fat_string.o
 .debug_macro   0x0000000000003314       0xb5 ./src/fat_table.o
 .debug_macro   0x00000000000033c9       0xb5 ./src/fat_write.o
 .debug_macro   0x000000000000347e      0x14d ./src/main.o
 .debug_macro   0x00000000000035cb       0x52 ./src/main.o
 .debug_macro   0x000000000000361d       0x34 ./src/main.o
 .debug_macro   0x0000000000003651       0x52 ./src/main.o
 .debug_macro   0x00000000000036a3       0x28 ./src/main.o
 .debug_macro   0x00000000000036cb       0x1c ./src/main.o
 .debug_macro   0x00000000000036e7       0xc4 ./src/main.o
 .debug_macro   0x00000000000037ab      0x12e ./src/sd.o
 .debug_macro   0x00000000000038d9       0x1c ./src/sd.o
 .debug_macro   0x00000000000038f5      0x2c7 ./src/sd.o
 .debug_macro   0x0000000000003bbc       0x10 ./src/sd.o
 .debug_macro   0x0000000000003bcc       0x3a ./src/sd.o
 .debug_macro   0x0000000000003c06       0x95 ./src/spi.o
 .debug_macro   0x0000000000003c9b      0x113 /Users/wangjiadong/LPCXpresso/workspace/Lib_CMSISv1p30_LPC17xx/Debug/libCMSISv1p30_LPC17xx.a(system_LPC17xx.o)
 .debug_macro   0x0000000000003dae      0x850 /Users/wangjiadong/LPCXpresso/workspace/Lib_CMSISv1p30_LPC17xx/Debug/libCMSISv1p30_LPC17xx.a(system_LPC17xx.o)
 .debug_macro   0x00000000000045fe      0x7d5 /Users/wangjiadong/LPCXpresso/workspace/Lib_CMSISv1p30_LPC17xx/Debug/libCMSISv1p30_LPC17xx.a(system_LPC17xx.o)
 .debug_macro   0x0000000000004dd3       0x83 /Users/wangjiadong/LPCXpresso/workspace/Lib_MCU/Debug/libLib_MCU.a(lpc17xx_gpio.o)
 .debug_macro   0x0000000000004e56       0x40 /Users/wangjiadong/LPCXpresso/workspace/Lib_MCU/Debug/libLib_MCU.a(lpc17xx_gpio.o)
 .debug_macro   0x0000000000004e96       0xcb /Users/wangjiadong/LPCXpresso/workspace/Lib_MCU/Debug/libLib_MCU.a(lpc17xx_gpio.o)
 .debug_macro   0x0000000000004f61       0x7a /Users/wangjiadong/LPCXpresso/workspace/Lib_MCU/Debug/libLib_MCU.a(lpc17xx_pinsel.o)
 .debug_macro   0x0000000000004fdb       0x8c /Users/wangjiadong/LPCXpresso/workspace/Lib_MCU/Debug/libLib_MCU.a(lpc17xx_uart.o)
 .debug_macro   0x0000000000005067      0x324 /Users/wangjiadong/LPCXpresso/workspace/Lib_MCU/Debug/libLib_MCU.a(lpc17xx_uart.o)
 .debug_macro   0x000000000000538b      0x2fe /Users/wangjiadong/LPCXpresso/workspace/Lib_MCU/Debug/libLib_MCU.a(lpc17xx_uart.o)
 .debug_macro   0x0000000000005689       0x7a /Users/wangjiadong/LPCXpresso/workspace/Lib_MCU/Debug/libLib_MCU.a(lpc17xx_clkpwr.o)
 .debug_macro   0x0000000000005703      0x2f8 /Users/wangjiadong/LPCXpresso/workspace/Lib_MCU/Debug/libLib_MCU.a(lpc17xx_clkpwr.o)
 .debug_macro   0x00000000000059fb       0x5a /Users/wangjiadong/LPCXpresso/workspace/Lib_MCU/Debug/libLib_MCU.a(lpc17xx_libcfg_default.o)
 .debug_macro   0x0000000000005a55       0x5d /Users/wangjiadong/LPCXpresso/workspace/Lib_MCU/Debug/libLib_MCU.a(lpc17xx_libcfg_default.o)
 .debug_macro   0x0000000000005ab2       0xc5 /Users/wangjiadong/LPCXpresso/workspace/Lib_MCU/Debug/libLib_MCU.a(lpc17xx_libcfg_default.o)

.debug_line     0x0000000000000000     0x50fc
 .debug_line    0x0000000000000000      0x28e ./src/Bluetooth_3032.o
 .debug_line    0x000000000000028e      0x2b6 ./src/GPS_3032.o
 .debug_line    0x0000000000000544      0x32e ./src/GSM_3032.o
 .debug_line    0x0000000000000872      0x2c0 ./src/Load_3032.o
 .debug_line    0x0000000000000b32      0x299 ./src/Temp_3032.o
 .debug_line    0x0000000000000dcb      0x1bf ./src/cr_startup_lpc176x.o
 .debug_line    0x0000000000000f8a      0x4a9 ./src/fat_access.o
 .debug_line    0x0000000000001433      0x2a0 ./src/fat_cache.o
 .debug_line    0x00000000000016d3      0x99b ./src/fat_filelib.o
 .debug_line    0x000000000000206e      0x3df ./src/fat_misc.o
 .debug_line    0x000000000000244d      0x3a3 ./src/fat_string.o
 .debug_line    0x00000000000027f0      0x37e ./src/fat_table.o
 .debug_line    0x0000000000002b6e      0x2d6 ./src/fat_write.o
 .debug_line    0x0000000000002e44      0x7a1 ./src/main.o
 .debug_line    0x00000000000035e5      0x464 ./src/sd.o
 .debug_line    0x0000000000003a49      0x23a ./src/spi.o
 .debug_line    0x0000000000003c83      0x201 /Users/wangjiadong/LPCXpresso/workspace/Lib_CMSISv1p30_LPC17xx/Debug/libCMSISv1p30_LPC17xx.a(system_LPC17xx.o)
 .debug_line    0x0000000000003e84      0x3d9 /Users/wangjiadong/LPCXpresso/workspace/Lib_MCU/Debug/libLib_MCU.a(lpc17xx_gpio.o)
 .debug_line    0x000000000000425d      0x255 /Users/wangjiadong/LPCXpresso/workspace/Lib_MCU/Debug/libLib_MCU.a(lpc17xx_pinsel.o)
 .debug_line    0x00000000000044b2      0x817 /Users/wangjiadong/LPCXpresso/workspace/Lib_MCU/Debug/libLib_MCU.a(lpc17xx_uart.o)
 .debug_line    0x0000000000004cc9      0x2b4 /Users/wangjiadong/LPCXpresso/workspace/Lib_MCU/Debug/libLib_MCU.a(lpc17xx_clkpwr.o)
 .debug_line    0x0000000000004f7d      0x17f /Users/wangjiadong/LPCXpresso/workspace/Lib_MCU/Debug/libLib_MCU.a(lpc17xx_libcfg_default.o)

.debug_str      0x0000000000000000     0xfdf6
 .debug_str     0x0000000000000000     0xa15d ./src/Bluetooth_3032.o
                                       0xa1fb (size before relaxing)
 .debug_str     0x000000000000a15d       0x49 ./src/GPS_3032.o
                                       0x9fc1 (size before relaxing)
 .debug_str     0x000000000000a1a6      0x11b ./src/GSM_3032.o
                                       0xa2cd (size before relaxing)
 .debug_str     0x000000000000a2c1      0x39a ./src/Load_3032.o
                                       0xa112 (size before relaxing)
 .debug_str     0x000000000000a65b       0x5b ./src/Temp_3032.o
                                       0xa0f5 (size before relaxing)
 .debug_str     0x000000000000a6b6      0x2a8 ./src/cr_startup_lpc176x.o
                                       0x3d47 (size before relaxing)
 .debug_str     0x000000000000a95e     0x10a8 ./src/fat_access.o
                                       0x3cdf (size before relaxing)
 .debug_str     0x000000000000ba06      0x3d5 ./src/fat_cache.o
                                       0x3a9a (size before relaxing)
 .debug_str     0x000000000000bddb      0x3fd ./src/fat_filelib.o
                                       0x4227 (size before relaxing)
 .debug_str     0x000000000000c1d8      0x1de ./src/fat_misc.o
                                       0x398e (size before relaxing)
 .debug_str     0x000000000000c3b6      0x25e ./src/fat_string.o
                                       0x2c1a (size before relaxing)
 .debug_str     0x000000000000c614      0x2de ./src/fat_table.o
                                       0x3c85 (size before relaxing)
 .debug_str     0x000000000000c8f2      0x127 ./src/fat_write.o
                                       0x3b76 (size before relaxing)
 .debug_str     0x000000000000ca19      0x950 ./src/main.o
                                       0xb722 (size before relaxing)
 .debug_str     0x000000000000d369      0x3f2 ./src/sd.o
                                       0x7fac (size before relaxing)
 .debug_str     0x000000000000d75b      0x26c ./src/spi.o
                                       0x802d (size before relaxing)
 .debug_str     0x000000000000d9c7      0x3b7 /Users/wangjiadong/LPCXpresso/workspace/Lib_CMSISv1p30_LPC17xx/Debug/libCMSISv1p30_LPC17xx.a(system_LPC17xx.o)
                                       0x7f0d (size before relaxing)
 .debug_str     0x000000000000dd7e      0x3a5 /Users/wangjiadong/LPCXpresso/workspace/Lib_MCU/Debug/libLib_MCU.a(lpc17xx_gpio.o)
                                       0x8360 (size before relaxing)
 .debug_str     0x000000000000e123      0x121 /Users/wangjiadong/LPCXpresso/workspace/Lib_MCU/Debug/libLib_MCU.a(lpc17xx_pinsel.o)
                                       0x83a4 (size before relaxing)
 .debug_str     0x000000000000e244     0x1aba /Users/wangjiadong/LPCXpresso/workspace/Lib_MCU/Debug/libLib_MCU.a(lpc17xx_uart.o)
                                       0xb272 (size before relaxing)
 .debug_str     0x000000000000fcfe       0xcb /Users/wangjiadong/LPCXpresso/workspace/Lib_MCU/Debug/libLib_MCU.a(lpc17xx_clkpwr.o)
                                       0x9101 (size before relaxing)
 .debug_str     0x000000000000fdc9       0x2d /Users/wangjiadong/LPCXpresso/workspace/Lib_MCU/Debug/libLib_MCU.a(lpc17xx_libcfg_default.o)
                                       0x3e39 (size before relaxing)

.comment        0x0000000000000000       0xe0
 .comment       0x0000000000000000       0x70 ./src/Bluetooth_3032.o
                                         0x71 (size before relaxing)
 .comment       0x0000000000000000       0x71 ./src/GPS_3032.o
 .comment       0x0000000000000000       0x71 ./src/GSM_3032.o
 .comment       0x0000000000000000       0x71 ./src/Load_3032.o
 .comment       0x0000000000000000       0x71 ./src/Temp_3032.o
 .comment       0x0000000000000000       0x71 ./src/cr_startup_lpc176x.o
 .comment       0x0000000000000000       0x71 ./src/fat_access.o
 .comment       0x0000000000000000       0x71 ./src/fat_cache.o
 .comment       0x0000000000000000       0x71 ./src/fat_filelib.o
 .comment       0x0000000000000000       0x71 ./src/fat_misc.o
 .comment       0x0000000000000000       0x71 ./src/fat_string.o
 .comment       0x0000000000000000       0x71 ./src/fat_table.o
 .comment       0x0000000000000000       0x71 ./src/fat_write.o
 .comment       0x0000000000000000       0x71 ./src/main.o
 .comment       0x0000000000000000       0x71 ./src/sd.o
 .comment       0x0000000000000000       0x71 ./src/spi.o
 .comment       0x0000000000000000       0x71 /Users/wangjiadong/LPCXpresso/workspace/Lib_CMSISv1p30_LPC17xx/Debug/libCMSISv1p30_LPC17xx.a(system_LPC17xx.o)
 .comment       0x0000000000000000       0x71 /Users/wangjiadong/LPCXpresso/workspace/Lib_MCU/Debug/libLib_MCU.a(lpc17xx_gpio.o)
 .comment       0x0000000000000000       0x71 /Users/wangjiadong/LPCXpresso/workspace/Lib_MCU/Debug/libLib_MCU.a(lpc17xx_pinsel.o)
 .comment       0x0000000000000000       0x71 /Users/wangjiadong/LPCXpresso/workspace/Lib_MCU/Debug/libLib_MCU.a(lpc17xx_uart.o)
 .comment       0x0000000000000000       0x71 /Users/wangjiadong/LPCXpresso/workspace/Lib_MCU/Debug/libLib_MCU.a(lpc17xx_clkpwr.o)
 .comment       0x0000000000000000       0x71 /Users/wangjiadong/LPCXpresso/workspace/Lib_MCU/Debug/libLib_MCU.a(lpc17xx_libcfg_default.o)
 .comment       0x0000000000000070       0x70 /Applications/lpcxpresso_7.5.0_254/lpcxpresso/tools/bin/../lib/gcc/arm-none-eabi/4.8.4/../../../../arm-none-eabi/lib/armv7-m/libcr_semihost.a(_cr__main.o)
                                         0x71 (size before relaxing)
 .comment       0x0000000000000000       0x71 /Applications/lpcxpresso_7.5.0_254/lpcxpresso/tools/bin/../lib/gcc/arm-none-eabi/4.8.4/../../../../arm-none-eabi/lib/armv7-m/libcr_c.a(memcpy.o)
 .comment       0x0000000000000000       0x71 /Applications/lpcxpresso_7.5.0_254/lpcxpresso/tools/bin/../lib/gcc/arm-none-eabi/4.8.4/../../../../arm-none-eabi/lib/armv7-m/libcr_c.a(memset.o)
 .comment       0x0000000000000000       0x71 /Applications/lpcxpresso_7.5.0_254/lpcxpresso/tools/bin/../lib/gcc/arm-none-eabi/4.8.4/../../../../arm-none-eabi/lib/armv7-m/libcr_c.a(fpprintf.o)
 .comment       0x0000000000000000       0x71 /Applications/lpcxpresso_7.5.0_254/lpcxpresso/tools/bin/../lib/gcc/arm-none-eabi/4.8.4/../../../../arm-none-eabi/lib/armv7-m/libcr_c.a(initio.o)
 .comment       0x0000000000000000       0x71 /Applications/lpcxpresso_7.5.0_254/lpcxpresso/tools/bin/../lib/gcc/arm-none-eabi/4.8.4/../../../../arm-none-eabi/lib/armv7-m/libcr_c.a(printf.o)
 .comment       0x0000000000000000       0x71 /Applications/lpcxpresso_7.5.0_254/lpcxpresso/tools/bin/../lib/gcc/arm-none-eabi/4.8.4/../../../../arm-none-eabi/lib/armv7-m/libcr_c.a(scanf.o)
 .comment       0x0000000000000000       0x71 /Applications/lpcxpresso_7.5.0_254/lpcxpresso/tools/bin/../lib/gcc/arm-none-eabi/4.8.4/../../../../arm-none-eabi/lib/armv7-m/libcr_c.a(setvbuf.o)
 .comment       0x0000000000000000       0x71 /Applications/lpcxpresso_7.5.0_254/lpcxpresso/tools/bin/../lib/gcc/arm-none-eabi/4.8.4/../../../../arm-none-eabi/lib/armv7-m/libcr_c.a(sqrt.o)
 .comment       0x0000000000000000       0x71 /Applications/lpcxpresso_7.5.0_254/lpcxpresso/tools/bin/../lib/gcc/arm-none-eabi/4.8.4/../../../../arm-none-eabi/lib/armv7-m/libcr_c.a(stdio.o)
 .comment       0x0000000000000000       0x71 /Applications/lpcxpresso_7.5.0_254/lpcxpresso/tools/bin/../lib/gcc/arm-none-eabi/4.8.4/../../../../arm-none-eabi/lib/armv7-m/libcr_c.a(strcpy.o)
 .comment       0x0000000000000000       0x71 /Applications/lpcxpresso_7.5.0_254/lpcxpresso/tools/bin/../lib/gcc/arm-none-eabi/4.8.4/../../../../arm-none-eabi/lib/armv7-m/libcr_c.a(strlen.o)
 .comment       0x0000000000000000       0x71 /Applications/lpcxpresso_7.5.0_254/lpcxpresso/tools/bin/../lib/gcc/arm-none-eabi/4.8.4/../../../../arm-none-eabi/lib/armv7-m/libcr_c.a(strncmp.o)
 .comment       0x0000000000000000       0x71 /Applications/lpcxpresso_7.5.0_254/lpcxpresso/tools/bin/../lib/gcc/arm-none-eabi/4.8.4/../../../../arm-none-eabi/lib/armv7-m/libcr_c.a(strncpy.o)
 .comment       0x0000000000000000       0x71 /Applications/lpcxpresso_7.5.0_254/lpcxpresso/tools/bin/../lib/gcc/arm-none-eabi/4.8.4/../../../../arm-none-eabi/lib/armv7-m/libcr_c.a(strstr.o)
 .comment       0x0000000000000000       0x71 /Applications/lpcxpresso_7.5.0_254/lpcxpresso/tools/bin/../lib/gcc/arm-none-eabi/4.8.4/../../../../arm-none-eabi/lib/armv7-m/libcr_c.a(ungetc.o)
 .comment       0x0000000000000000       0x71 /Applications/lpcxpresso_7.5.0_254/lpcxpresso/tools/bin/../lib/gcc/arm-none-eabi/4.8.4/../../../../arm-none-eabi/lib/armv7-m/libcr_c.a(__fillbuf.o)
 .comment       0x0000000000000000       0x71 /Applications/lpcxpresso_7.5.0_254/lpcxpresso/tools/bin/../lib/gcc/arm-none-eabi/4.8.4/../../../../arm-none-eabi/lib/armv7-m/libcr_c.a(_deferredlazyseek.o)
 .comment       0x0000000000000000       0x71 /Applications/lpcxpresso_7.5.0_254/lpcxpresso/tools/bin/../lib/gcc/arm-none-eabi/4.8.4/../../../../arm-none-eabi/lib/armv7-m/libcr_c.a(_fdopen.o)
 .comment       0x0000000000000000       0x71 /Applications/lpcxpresso_7.5.0_254/lpcxpresso/tools/bin/../lib/gcc/arm-none-eabi/4.8.4/../../../../arm-none-eabi/lib/armv7-m/libcr_c.a(_fflush.o)
 .comment       0x0000000000000000       0x71 /Applications/lpcxpresso_7.5.0_254/lpcxpresso/tools/bin/../lib/gcc/arm-none-eabi/4.8.4/../../../../arm-none-eabi/lib/armv7-m/libcr_c.a(_frexpl.o)
 .comment       0x0000000000000000       0x71 /Applications/lpcxpresso_7.5.0_254/lpcxpresso/tools/bin/../lib/gcc/arm-none-eabi/4.8.4/../../../../arm-none-eabi/lib/armv7-m/libcr_c.a(_hugeval.o)
 .comment       0x0000000000000000       0x71 /Applications/lpcxpresso_7.5.0_254/lpcxpresso/tools/bin/../lib/gcc/arm-none-eabi/4.8.4/../../../../arm-none-eabi/lib/armv7-m/libcr_c.a(_ldexpl.o)
 .comment       0x0000000000000000       0x71 /Applications/lpcxpresso_7.5.0_254/lpcxpresso/tools/bin/../lib/gcc/arm-none-eabi/4.8.4/../../../../arm-none-eabi/lib/armv7-m/libcr_c.a(_writebuf.o)
 .comment       0x0000000000000000       0x71 /Applications/lpcxpresso_7.5.0_254/lpcxpresso/tools/bin/../lib/gcc/arm-none-eabi/4.8.4/../../../../arm-none-eabi/lib/armv7-m/libcr_c.a(alloc.o)
 .comment       0x0000000000000000       0x71 /Applications/lpcxpresso_7.5.0_254/lpcxpresso/tools/bin/../lib/gcc/arm-none-eabi/4.8.4/../../../../arm-none-eabi/lib/armv7-m/libcr_c.a(ctype.o)
 .comment       0x0000000000000000       0x71 /Applications/lpcxpresso_7.5.0_254/lpcxpresso/tools/bin/../lib/gcc/arm-none-eabi/4.8.4/../../../../arm-none-eabi/lib/armv7-m/libcr_c.a(errno.o)
 .comment       0x0000000000000000       0x71 /Applications/lpcxpresso_7.5.0_254/lpcxpresso/tools/bin/../lib/gcc/arm-none-eabi/4.8.4/../../../../arm-none-eabi/lib/armv7-m/libcr_c.a(fclose.o)
 .comment       0x0000000000000000       0x71 /Applications/lpcxpresso_7.5.0_254/lpcxpresso/tools/bin/../lib/gcc/arm-none-eabi/4.8.4/../../../../arm-none-eabi/lib/armv7-m/libcr_c.a(fflush.o)
 .comment       0x0000000000000000       0x71 /Applications/lpcxpresso_7.5.0_254/lpcxpresso/tools/bin/../lib/gcc/arm-none-eabi/4.8.4/../../../../arm-none-eabi/lib/armv7-m/libcr_c.a(fseek.o)
 .comment       0x0000000000000000       0x71 /Applications/lpcxpresso_7.5.0_254/lpcxpresso/tools/bin/../lib/gcc/arm-none-eabi/4.8.4/../../../../arm-none-eabi/lib/armv7-m/libcr_c.a(ftell.o)
 .comment       0x0000000000000000       0x71 /Applications/lpcxpresso_7.5.0_254/lpcxpresso/tools/bin/../lib/gcc/arm-none-eabi/4.8.4/../../../../arm-none-eabi/lib/armv7-m/libcr_c.a(remove.o)
 .comment       0x0000000000000000       0x71 /Applications/lpcxpresso_7.5.0_254/lpcxpresso/tools/bin/../lib/gcc/arm-none-eabi/4.8.4/../../../../arm-none-eabi/lib/armv7-m/libcr_c.a(__init_alloc.o)
 .comment       0x0000000000000000       0x71 /Applications/lpcxpresso_7.5.0_254/lpcxpresso/tools/bin/../lib/gcc/arm-none-eabi/4.8.4/../../../../arm-none-eabi/lib/armv7-m/libcr_c.a(_cr_sbrk.o)
 .comment       0x0000000000000000       0x71 /Applications/lpcxpresso_7.5.0_254/lpcxpresso/tools/bin/../lib/gcc/arm-none-eabi/4.8.4/../../../../arm-none-eabi/lib/armv7-m/libcr_c.a(_do_fflush.o)
 .comment       0x0000000000000000       0x71 /Applications/lpcxpresso_7.5.0_254/lpcxpresso/tools/bin/../lib/gcc/arm-none-eabi/4.8.4/../../../../arm-none-eabi/lib/armv7-m/libcr_c.a(_cr_check_heap.o)
 .comment       0x0000000000000000       0x71 /Applications/lpcxpresso_7.5.0_254/lpcxpresso/tools/bin/../lib/gcc/arm-none-eabi/4.8.4/armv7-m/libcr_eabihelpers.a(double.o)
 .comment       0x0000000000000000       0x71 /Applications/lpcxpresso_7.5.0_254/lpcxpresso/tools/bin/../lib/gcc/arm-none-eabi/4.8.4/armv7-m/libcr_eabihelpers.a(float.o)

.ARM.attributes
                0x0000000000000000       0x31
 .ARM.attributes
                0x0000000000000000       0x33 ./src/Bluetooth_3032.o
 .ARM.attributes
                0x0000000000000033       0x33 ./src/GPS_3032.o
 .ARM.attributes
                0x0000000000000066       0x33 ./src/GSM_3032.o
 .ARM.attributes
                0x0000000000000099       0x33 ./src/Load_3032.o
 .ARM.attributes
                0x00000000000000cc       0x33 ./src/Temp_3032.o
 .ARM.attributes
                0x00000000000000ff       0x33 ./src/cr_startup_lpc176x.o
 .ARM.attributes
                0x0000000000000132       0x33 ./src/fat_access.o
 .ARM.attributes
                0x0000000000000165       0x33 ./src/fat_cache.o
 .ARM.attributes
                0x0000000000000198       0x33 ./src/fat_filelib.o
 .ARM.attributes
                0x00000000000001cb       0x33 ./src/fat_misc.o
 .ARM.attributes
                0x00000000000001fe       0x33 ./src/fat_string.o
 .ARM.attributes
                0x0000000000000231       0x33 ./src/fat_table.o
 .ARM.attributes
                0x0000000000000264       0x33 ./src/fat_write.o
 .ARM.attributes
                0x0000000000000297       0x33 ./src/main.o
 .ARM.attributes
                0x00000000000002ca       0x33 ./src/sd.o
 .ARM.attributes
                0x00000000000002fd       0x33 ./src/spi.o
 .ARM.attributes
                0x0000000000000330       0x33 /Users/wangjiadong/LPCXpresso/workspace/Lib_CMSISv1p30_LPC17xx/Debug/libCMSISv1p30_LPC17xx.a(system_LPC17xx.o)
 .ARM.attributes
                0x0000000000000363       0x33 /Users/wangjiadong/LPCXpresso/workspace/Lib_MCU/Debug/libLib_MCU.a(lpc17xx_gpio.o)
 .ARM.attributes
                0x0000000000000396       0x33 /Users/wangjiadong/LPCXpresso/workspace/Lib_MCU/Debug/libLib_MCU.a(lpc17xx_pinsel.o)
 .ARM.attributes
                0x00000000000003c9       0x33 /Users/wangjiadong/LPCXpresso/workspace/Lib_MCU/Debug/libLib_MCU.a(lpc17xx_uart.o)
 .ARM.attributes
                0x00000000000003fc       0x33 /Users/wangjiadong/LPCXpresso/workspace/Lib_MCU/Debug/libLib_MCU.a(lpc17xx_clkpwr.o)
 .ARM.attributes
                0x000000000000042f       0x33 /Users/wangjiadong/LPCXpresso/workspace/Lib_MCU/Debug/libLib_MCU.a(lpc17xx_libcfg_default.o)
 .ARM.attributes
                0x0000000000000462       0x33 /Applications/lpcxpresso_7.5.0_254/lpcxpresso/tools/bin/../lib/gcc/arm-none-eabi/4.8.4/../../../../arm-none-eabi/lib/armv7-m/libcr_semihost.a(_cr__main.o)
 .ARM.attributes
                0x0000000000000495       0x33 /Applications/lpcxpresso_7.5.0_254/lpcxpresso/tools/bin/../lib/gcc/arm-none-eabi/4.8.4/../../../../arm-none-eabi/lib/armv7-m/libcr_c.a(memcpy.o)
 .ARM.attributes
                0x00000000000004c8       0x33 /Applications/lpcxpresso_7.5.0_254/lpcxpresso/tools/bin/../lib/gcc/arm-none-eabi/4.8.4/../../../../arm-none-eabi/lib/armv7-m/libcr_c.a(memset.o)
 .ARM.attributes
                0x00000000000004fb       0x33 /Applications/lpcxpresso_7.5.0_254/lpcxpresso/tools/bin/../lib/gcc/arm-none-eabi/4.8.4/../../../../arm-none-eabi/lib/armv7-m/libcr_c.a(fpprintf.o)
 .ARM.attributes
                0x000000000000052e       0x33 /Applications/lpcxpresso_7.5.0_254/lpcxpresso/tools/bin/../lib/gcc/arm-none-eabi/4.8.4/../../../../arm-none-eabi/lib/armv7-m/libcr_c.a(initio.o)
 .ARM.attributes
                0x0000000000000561       0x33 /Applications/lpcxpresso_7.5.0_254/lpcxpresso/tools/bin/../lib/gcc/arm-none-eabi/4.8.4/../../../../arm-none-eabi/lib/armv7-m/libcr_c.a(printf.o)
 .ARM.attributes
                0x0000000000000594       0x33 /Applications/lpcxpresso_7.5.0_254/lpcxpresso/tools/bin/../lib/gcc/arm-none-eabi/4.8.4/../../../../arm-none-eabi/lib/armv7-m/libcr_c.a(scanf.o)
 .ARM.attributes
                0x00000000000005c7       0x33 /Applications/lpcxpresso_7.5.0_254/lpcxpresso/tools/bin/../lib/gcc/arm-none-eabi/4.8.4/../../../../arm-none-eabi/lib/armv7-m/libcr_c.a(setvbuf.o)
 .ARM.attributes
                0x00000000000005fa       0x33 /Applications/lpcxpresso_7.5.0_254/lpcxpresso/tools/bin/../lib/gcc/arm-none-eabi/4.8.4/../../../../arm-none-eabi/lib/armv7-m/libcr_c.a(sqrt.o)
 .ARM.attributes
                0x000000000000062d       0x33 /Applications/lpcxpresso_7.5.0_254/lpcxpresso/tools/bin/../lib/gcc/arm-none-eabi/4.8.4/../../../../arm-none-eabi/lib/armv7-m/libcr_c.a(stdio.o)
 .ARM.attributes
                0x0000000000000660       0x33 /Applications/lpcxpresso_7.5.0_254/lpcxpresso/tools/bin/../lib/gcc/arm-none-eabi/4.8.4/../../../../arm-none-eabi/lib/armv7-m/libcr_c.a(strcpy.o)
 .ARM.attributes
                0x0000000000000693       0x33 /Applications/lpcxpresso_7.5.0_254/lpcxpresso/tools/bin/../lib/gcc/arm-none-eabi/4.8.4/../../../../arm-none-eabi/lib/armv7-m/libcr_c.a(strlen.o)
 .ARM.attributes
                0x00000000000006c6       0x33 /Applications/lpcxpresso_7.5.0_254/lpcxpresso/tools/bin/../lib/gcc/arm-none-eabi/4.8.4/../../../../arm-none-eabi/lib/armv7-m/libcr_c.a(strncmp.o)
 .ARM.attributes
                0x00000000000006f9       0x33 /Applications/lpcxpresso_7.5.0_254/lpcxpresso/tools/bin/../lib/gcc/arm-none-eabi/4.8.4/../../../../arm-none-eabi/lib/armv7-m/libcr_c.a(strncpy.o)
 .ARM.attributes
                0x000000000000072c       0x33 /Applications/lpcxpresso_7.5.0_254/lpcxpresso/tools/bin/../lib/gcc/arm-none-eabi/4.8.4/../../../../arm-none-eabi/lib/armv7-m/libcr_c.a(strstr.o)
 .ARM.attributes
                0x000000000000075f       0x33 /Applications/lpcxpresso_7.5.0_254/lpcxpresso/tools/bin/../lib/gcc/arm-none-eabi/4.8.4/../../../../arm-none-eabi/lib/armv7-m/libcr_c.a(ungetc.o)
 .ARM.attributes
                0x0000000000000792       0x33 /Applications/lpcxpresso_7.5.0_254/lpcxpresso/tools/bin/../lib/gcc/arm-none-eabi/4.8.4/../../../../arm-none-eabi/lib/armv7-m/libcr_c.a(__fillbuf.o)
 .ARM.attributes
                0x00000000000007c5       0x33 /Applications/lpcxpresso_7.5.0_254/lpcxpresso/tools/bin/../lib/gcc/arm-none-eabi/4.8.4/../../../../arm-none-eabi/lib/armv7-m/libcr_c.a(_deferredlazyseek.o)
 .ARM.attributes
                0x00000000000007f8       0x33 /Applications/lpcxpresso_7.5.0_254/lpcxpresso/tools/bin/../lib/gcc/arm-none-eabi/4.8.4/../../../../arm-none-eabi/lib/armv7-m/libcr_c.a(_fdopen.o)
 .ARM.attributes
                0x000000000000082b       0x33 /Applications/lpcxpresso_7.5.0_254/lpcxpresso/tools/bin/../lib/gcc/arm-none-eabi/4.8.4/../../../../arm-none-eabi/lib/armv7-m/libcr_c.a(_fflush.o)
 .ARM.attributes
                0x000000000000085e       0x33 /Applications/lpcxpresso_7.5.0_254/lpcxpresso/tools/bin/../lib/gcc/arm-none-eabi/4.8.4/../../../../arm-none-eabi/lib/armv7-m/libcr_c.a(_frexpl.o)
 .ARM.attributes
                0x0000000000000891       0x33 /Applications/lpcxpresso_7.5.0_254/lpcxpresso/tools/bin/../lib/gcc/arm-none-eabi/4.8.4/../../../../arm-none-eabi/lib/armv7-m/libcr_c.a(_hugeval.o)
 .ARM.attributes
                0x00000000000008c4       0x33 /Applications/lpcxpresso_7.5.0_254/lpcxpresso/tools/bin/../lib/gcc/arm-none-eabi/4.8.4/../../../../arm-none-eabi/lib/armv7-m/libcr_c.a(_ldexpl.o)
 .ARM.attributes
                0x00000000000008f7       0x33 /Applications/lpcxpresso_7.5.0_254/lpcxpresso/tools/bin/../lib/gcc/arm-none-eabi/4.8.4/../../../../arm-none-eabi/lib/armv7-m/libcr_c.a(_writebuf.o)
 .ARM.attributes
                0x000000000000092a       0x33 /Applications/lpcxpresso_7.5.0_254/lpcxpresso/tools/bin/../lib/gcc/arm-none-eabi/4.8.4/../../../../arm-none-eabi/lib/armv7-m/libcr_c.a(alloc.o)
 .ARM.attributes
                0x000000000000095d       0x33 /Applications/lpcxpresso_7.5.0_254/lpcxpresso/tools/bin/../lib/gcc/arm-none-eabi/4.8.4/../../../../arm-none-eabi/lib/armv7-m/libcr_c.a(ctype.o)
 .ARM.attributes
                0x0000000000000990       0x33 /Applications/lpcxpresso_7.5.0_254/lpcxpresso/tools/bin/../lib/gcc/arm-none-eabi/4.8.4/../../../../arm-none-eabi/lib/armv7-m/libcr_c.a(errno.o)
 .ARM.attributes
                0x00000000000009c3       0x33 /Applications/lpcxpresso_7.5.0_254/lpcxpresso/tools/bin/../lib/gcc/arm-none-eabi/4.8.4/../../../../arm-none-eabi/lib/armv7-m/libcr_c.a(fclose.o)
 .ARM.attributes
                0x00000000000009f6       0x33 /Applications/lpcxpresso_7.5.0_254/lpcxpresso/tools/bin/../lib/gcc/arm-none-eabi/4.8.4/../../../../arm-none-eabi/lib/armv7-m/libcr_c.a(fflush.o)
 .ARM.attributes
                0x0000000000000a29       0x33 /Applications/lpcxpresso_7.5.0_254/lpcxpresso/tools/bin/../lib/gcc/arm-none-eabi/4.8.4/../../../../arm-none-eabi/lib/armv7-m/libcr_c.a(fseek.o)
 .ARM.attributes