Archive member included because of file (symbol)

/Users/wangjiadong/LPCXpresso/workspace/Lib_CMSISv1p30_LPC17xx/Debug/libCMSISv1p30_LPC17xx.a(system_LPC17xx.o)
                              ./src/main.o (SystemCoreClock)
/Users/wangjiadong/LPCXpresso/workspace/Lib_MCU/Debug/libLib_MCU.a(lpc17xx_gpio.o)
                              ./src/GPS_3032.o (GPIO_SetDir)
/Users/wangjiadong/LPCXpresso/workspace/Lib_MCU/Debug/libLib_MCU.a(lpc17xx_pinsel.o)
                              ./src/Bluetooth_3032.o (PINSEL_ConfigPin)
/Users/wangjiadong/LPCXpresso/workspace/Lib_MCU/Debug/libLib_MCU.a(lpc17xx_uart.o)
                              ./src/Bluetooth_3032.o (UART_TxCmd)
/Users/wangjiadong/LPCXpresso/workspace/Lib_MCU/Debug/libLib_MCU.a(lpc17xx_clkpwr.o)
                              /Users/wangjiadong/LPCXpresso/workspace/Lib_MCU/Debug/libLib_MCU.a(lpc17xx_uart.o) (CLKPWR_GetPCLK)
/Users/wangjiadong/LPCXpresso/workspace/Lib_MCU/Debug/libLib_MCU.a(lpc17xx_libcfg_default.o)
                              /Users/wangjiadong/LPCXpresso/workspace/Lib_MCU/Debug/libLib_MCU.a(lpc17xx_uart.o) (check_failed)
/Applications/lpcxpresso_7.5.0_254/lpcxpresso/tools/bin/../lib/gcc/arm-none-eabi/4.8.4/../../../../arm-none-eabi/lib/armv7-m/libcr_semihost.a(_cr__main.o)
                              ./src/cr_startup_lpc176x.o (__main)
/Applications/lpcxpresso_7.5.0_254/lpcxpresso/tools/bin/../lib/gcc/arm-none-eabi/4.8.4/../../../../arm-none-eabi/lib/armv7-m/libcr_c.a(memcpy.o)
                              ./src/fat_access.o (memcpy)
/Applications/lpcxpresso_7.5.0_254/lpcxpresso/tools/bin/../lib/gcc/arm-none-eabi/4.8.4/../../../../arm-none-eabi/lib/armv7-m/libcr_c.a(memset.o)
                              ./src/GSM_3032.o (memset)
/Applications/lpcxpresso_7.5.0_254/lpcxpresso/tools/bin/../lib/gcc/arm-none-eabi/4.8.4/../../../../arm-none-eabi/lib/armv7-m/libcr_c.a(floor.o)
                              ./src/GSM_3032.o (floor)
/Applications/lpcxpresso_7.5.0_254/lpcxpresso/tools/bin/../lib/gcc/arm-none-eabi/4.8.4/../../../../arm-none-eabi/lib/armv7-m/libcr_c.a(fpprintf.o)
                              ./src/GSM_3032.o (sprintf)
/Applications/lpcxpresso_7.5.0_254/lpcxpresso/tools/bin/../lib/gcc/arm-none-eabi/4.8.4/../../../../arm-none-eabi/lib/armv7-m/libcr_c.a(initio.o)
                              /Applications/lpcxpresso_7.5.0_254/lpcxpresso/tools/bin/../lib/gcc/arm-none-eabi/4.8.4/../../../../arm-none-eabi/lib/armv7-m/libcr_semihost.a(_cr__main.o) (_initio)
/Applications/lpcxpresso_7.5.0_254/lpcxpresso/tools/bin/../lib/gcc/arm-none-eabi/4.8.4/../../../../arm-none-eabi/lib/armv7-m/libcr_c.a(printf.o)
                              /Applications/lpcxpresso_7.5.0_254/lpcxpresso/tools/bin/../lib/gcc/arm-none-eabi/4.8.4/../../../../arm-none-eabi/lib/armv7-m/libcr_c.a(fpprintf.o) (__vfprintf)
/Applications/lpcxpresso_7.5.0_254/lpcxpresso/tools/bin/../lib/gcc/arm-none-eabi/4.8.4/../../../../arm-none-eabi/lib/armv7-m/libcr_c.a(scanf.o)
                              ./src/main.o (sscanf)
/Applications/lpcxpresso_7.5.0_254/lpcxpresso/tools/bin/../lib/gcc/arm-none-eabi/4.8.4/../../../../arm-none-eabi/lib/armv7-m/libcr_c.a(setvbuf.o)
                              /Applications/lpcxpresso_7.5.0_254/lpcxpresso/tools/bin/../lib/gcc/arm-none-eabi/4.8.4/../../../../arm-none-eabi/lib/armv7-m/libcr_c.a(initio.o) (setvbuf)
/Applications/lpcxpresso_7.5.0_254/lpcxpresso/tools/bin/../lib/gcc/arm-none-eabi/4.8.4/../../../../arm-none-eabi/lib/armv7-m/libcr_c.a(sqrt.o)
                              ./src/main.o (sqrt)
/Applications/lpcxpresso_7.5.0_254/lpcxpresso/tools/bin/../lib/gcc/arm-none-eabi/4.8.4/../../../../arm-none-eabi/lib/armv7-m/libcr_c.a(stdio.o)
                              /Applications/lpcxpresso_7.5.0_254/lpcxpresso/tools/bin/../lib/gcc/arm-none-eabi/4.8.4/../../../../arm-none-eabi/lib/armv7-m/libcr_c.a(fpprintf.o) (__Ciob)
/Applications/lpcxpresso_7.5.0_254/lpcxpresso/tools/bin/../lib/gcc/arm-none-eabi/4.8.4/../../../../arm-none-eabi/lib/armv7-m/libcr_c.a(strcpy.o)
                              ./src/main.o (strcpy)
/Applications/lpcxpresso_7.5.0_254/lpcxpresso/tools/bin/../lib/gcc/arm-none-eabi/4.8.4/../../../../arm-none-eabi/lib/armv7-m/libcr_c.a(strlen.o)
                              ./src/Bluetooth_3032.o (strlen)
/Applications/lpcxpresso_7.5.0_254/lpcxpresso/tools/bin/../lib/gcc/arm-none-eabi/4.8.4/../../../../arm-none-eabi/lib/armv7-m/libcr_c.a(strncmp.o)
                              ./src/fat_access.o (strncmp)
/Applications/lpcxpresso_7.5.0_254/lpcxpresso/tools/bin/../lib/gcc/arm-none-eabi/4.8.4/../../../../arm-none-eabi/lib/armv7-m/libcr_c.a(strncpy.o)
                              ./src/fat_access.o (strncpy)
/Applications/lpcxpresso_7.5.0_254/lpcxpresso/tools/bin/../lib/gcc/arm-none-eabi/4.8.4/../../../../arm-none-eabi/lib/armv7-m/libcr_c.a(strstr.o)
                              ./src/main.o (strstr)
[...]
Memory Configuration

Name             Origin             Length             Attributes
MFlash512        0x0000000000000000 0x0000000000080000 xr
RamLoc32         0x0000000010000000 0x0000000000008000 xrw
RamAHB32         0x000000002007c000 0x0000000000008000 xrw
*default*        0x0000000000000000 0xffffffffffffffff

Linker script and memory map

LOAD ./src/Bluetooth_3032.o
LOAD ./src/GPS_3032.o
LOAD ./src/GSM_3032.o
LOAD ./src/Load_3032.o
LOAD ./src/Temp_3032.o
LOAD ./src/cr_startup_lpc176x.o
LOAD ./src/fat_access.o
LOAD ./src/fat_cache.o
LOAD ./src/fat_filelib.o
LOAD ./src/fat_format.o
LOAD ./src/fat_misc.o
LOAD ./src/fat_string.o
LOAD ./src/fat_table.o
LOAD ./src/fat_write.o
LOAD ./src/main.o
LOAD ./src/sd.o
LOAD ./src/spi.o
LOAD /Users/wangjiadong/LPCXpresso/workspace/Lib_CMSISv1p30_LPC17xx/Debug/libCMSISv1p30_LPC17xx.a
LOAD /Users/wangjiadong/LPCXpresso/workspace/Lib_MCU/Debug/libLib_MCU.a
START GROUP
LOAD /Applications/lpcxpresso_7.5.0_254/lpcxpresso/tools/bin/../lib/gcc/arm-none-eabi/4.8.4/../../../../arm-none-eabi/lib/armv7-m/libcr_semihost.a
LOAD /Applications/lpcxpresso_7.5.0_254/lpcxpresso/tools/bin/../lib/gcc/arm-none-eabi/4.8.4/../../../../arm-none-eabi/lib/armv7-m/libcr_c.a
LOAD /Applications/lpcxpresso_7.5.0_254/lpcxpresso/tools/bin/../lib/gcc/arm-none-eabi/4.8.4/armv7-m/libcr_eabihelpers.a
END GROUP
                0x0000000000080000                __top_MFlash512 = 0x80000
                0x0000000010008000                __top_RamLoc32 = 0x10008000
                0x0000000020084000                __top_RamAHB32 = 0x20084000

.text           0x0000000000000000     0xb820
 FILL mask 0xff
                0x0000000000000000                __vectors_start__ = ABSOLUTE (.)
 *(.isr_vector)
 .isr_vector    0x0000000000000000       0xcc ./src/cr_startup_lpc176x.o
                0x0000000000000000                g_pfnVectors
                0x00000000000000cc                . = ALIGN (0x4)
                0x00000000000000cc                __section_table_start = .
                0x00000000000000cc                __data_section_table = .
                0x00000000000000cc        0x4 LONG 0xb820 LOADADDR (.data)
                0x00000000000000d0        0x4 LONG 0x10000000 ADDR (.data)
                0x00000000000000d4        0x4 LONG 0x99c SIZEOF (.data)
                0x00000000000000d8        0x4 LONG 0xb820 LOADADDR (.data_RAM2)
                0x00000000000000dc        0x4 LONG 0x2007c000 ADDR (.data_RAM2)
                0x00000000000000e0        0x4 LONG 0x0 SIZEOF (.data_RAM2)
                0x00000000000000e4                __data_section_table_end = .
                0x00000000000000e4                __bss_section_table = .
                0x00000000000000e4        0x4 LONG 0x100009a0 ADDR (.bss)
                0x00000000000000e8        0x4 LONG 0x1250 SIZEOF (.bss)
                0x00000000000000ec        0x4 LONG 0x2007c000 ADDR (.bss_RAM2)
                0x00000000000000f0        0x4 LONG 0x0 SIZEOF (.bss_RAM2)
                0x00000000000000f4                __bss_section_table_end = .
                0x00000000000000f4                __section_table_end = .
 *(.after_vectors*)
 .after_vectors
                0x00000000000000f4       0x78 ./src/cr_startup_lpc176x.o
                0x00000000000000f4                NMI_Handler
                0x00000000000000f6                HardFault_Handler
                0x00000000000000f8                MemManage_Handler
                0x00000000000000fa                BusFault_Handler
                0x00000000000000fc                UsageFault_Handler
                0x00000000000000fe                SVCall_Handler
                0x0000000000000100                DebugMon_Handler
                0x0000000000000102                PendSV_Handler
                0x0000000000000106                UART1_IRQHandler
                0x0000000000000106                EINT3_IRQHandler
                0x0000000000000106                CANActivity_IRQHandler
                0x0000000000000106                TIMER3_IRQHandler
                0x0000000000000106                IntDefaultHandler
                0x0000000000000106                PLL0_IRQHandler
                0x0000000000000106                CAN_IRQHandler
                0x0000000000000106                PLL1_IRQHandler
                0x0000000000000106                SSP0_IRQHandler
                0x0000000000000106                I2S_IRQHandler
                0x0000000000000106                I2C2_IRQHandler
                0x0000000000000106                RTC_IRQHandler
                0x0000000000000106                TIMER0_IRQHandler
                0x0000000000000106                SPI_IRQHandler
                0x0000000000000106                EINT1_IRQHandler
                0x0000000000000106                TIMER1_IRQHandler
                0x0000000000000106                ADC_IRQHandler
                0x0000000000000106                SSP1_IRQHandler
                0x0000000000000106                USB_IRQHandler
                0x0000000000000106                BOD_IRQHandler
                0x0000000000000106                WDT_IRQHandler
                0x0000000000000106                QEI_IRQHandler
                0x0000000000000106                EINT0_IRQHandler
                0x0000000000000106                ENET_IRQHandler
                0x0000000000000106                TIMER2_IRQHandler
                0x0000000000000106                RIT_IRQHandler
                0x0000000000000106                I2C0_IRQHandler
                0x0000000000000106                USBActivity_IRQHandler
                0x0000000000000106                PWM1_IRQHandler
                0x0000000000000106                I2C1_IRQHandler
                0x0000000000000106                EINT2_IRQHandler
                0x0000000000000106                DMA_IRQHandler
                0x0000000000000106                MCPWM_IRQHandler
                0x0000000000000108                data_init
                0x000000000000011a                bss_init
                0x000000000000012a                ResetISR
 *(.text*)
 .text.NVIC_EnableIRQ
                0x000000000000016c       0x30 ./src/Bluetooth_3032.o
 .text.pinsel_uart3
                0x000000000000019c       0x2c ./src/Bluetooth_3032.o
                0x000000000000019c                pinsel_uart3
 .text.init_uart
                0x00000000000001c8       0x48 ./src/Bluetooth_3032.o
                0x00000000000001c8                init_uart
 .text.bt_send  0x0000000000000210       0x64 ./src/Bluetooth_3032.o
                0x0000000000000210                bt_send
 .text.init_bt  0x0000000000000274       0x10 ./src/Bluetooth_3032.o
                0x0000000000000274                init_bt
 .text.pinsel_uart2
                0x0000000000000284       0x2c ./src/GPS_3032.o
                0x0000000000000284                pinsel_uart2
 .text.GPS_switch_init
                0x00000000000002b0       0x38 ./src/GPS_3032.o
                0x00000000000002b0                GPS_switch_init
 .text.init_uart2
                0x00000000000002e8       0x4c ./src/GPS_3032.o
                0x00000000000002e8                init_uart2
 .text.NVIC_EnableIRQ
                0x0000000000000334       0x30 ./src/GSM_3032.o
 .text.pinsel_uart0
                0x0000000000000364       0x2c ./src/GSM_3032.o
                0x0000000000000364                pinsel_uart0
 .text.init_uart0
                0x0000000000000390       0x48 ./src/GSM_3032.o
                0x0000000000000390                init_uart0
 .text.gsm_send
                0x00000000000003d8       0x64 ./src/GSM_3032.o
                0x00000000000003d8                gsm_send
 .text.init_gsm
                0x000000000000043c       0x10 ./src/GSM_3032.o
                0x000000000000043c                init_gsm
 .text.gsm_init_http
                0x000000000000044c       0x74 ./src/GSM_3032.o
                0x000000000000044c                gsm_init_http
 .text.gsm_send_request
                0x00000000000004c0      0x280 ./src/GSM_3032.o
                0x00000000000004c0                gsm_send_request
 .text.init_load
                0x0000000000000740       0x68 ./src/Load_3032.o
                0x0000000000000740                init_load
 .text.read_load_1
                0x00000000000007a8       0x48 ./src/Load_3032.o
                0x00000000000007a8                read_load_1
 .text.read_load_2
                0x00000000000007f0       0x48 ./src/Load_3032.o
                0x00000000000007f0                read_load_2
 .text.read_load_3
                0x0000000000000838       0x48 ./src/Load_3032.o
                0x0000000000000838                read_load_3
 .text.init_gpio_2_8
                0x0000000000000880       0x38 ./src/Temp_3032.o
                0x0000000000000880                init_gpio_2_8
 .text.init_temp
                0x00000000000008b8       0x50 ./src/Temp_3032.o
                0x00000000000008b8                init_temp
 .text.read_temp
                0x0000000000000908       0x48 ./src/Temp_3032.o
                0x0000000000000908                read_temp
 .text.fatfs_init
                0x0000000000000950      0x404 ./src/fat_access.o
                0x0000000000000950                fatfs_init
 .text.fatfs_lba_of_cluster
                0x0000000000000d54       0x58 ./src/fat_access.o
                0x0000000000000d54                fatfs_lba_of_cluster
 .text.fatfs_sector_read
                0x0000000000000dac       0x24 ./src/fat_access.o
                0x0000000000000dac                fatfs_sector_read
 .text.fatfs_sector_write
                0x0000000000000dd0       0x24 ./src/fat_access.o
                0x0000000000000dd0                fatfs_sector_write
 .text.fatfs_sector_reader
                0x0000000000000df4       0xf4 ./src/fat_access.o
                0x0000000000000df4                fatfs_sector_reader
 .text.fatfs_write_sector
                0x0000000000000ee8       0xdc ./src/fat_access.o
                0x0000000000000ee8                fatfs_write_sector
 .text.fatfs_get_root_cluster
                0x0000000000000fc4       0x18 ./src/fat_access.o
                0x0000000000000fc4                fatfs_get_root_cluster
 .text.fatfs_get_file_entry
                0x0000000000000fdc      0x248 ./src/fat_access.o
                0x0000000000000fdc                fatfs_get_file_entry
 .text.fatfs_sfn_exists
                0x0000000000001224       0x9c ./src/fat_access.o
                0x0000000000001224                fatfs_sfn_exists
 .text.fatfs_update_file_length
                0x00000000000012c0       0xd8 ./src/fat_access.o
                0x00000000000012c0                fatfs_update_file_length
 .text.fatfs_mark_file_deleted
                0x0000000000001398       0xd8 ./src/fat_access.o
                0x0000000000001398                fatfs_mark_file_deleted
 .text.fatfs_list_directory_start
                0x0000000000001470       0x28 ./src/fat_access.o
                0x0000000000001470                fatfs_list_directory_start
 .text.fatfs_list_directory_next
                0x0000000000001498      0x2f8 ./src/fat_access.o
                0x0000000000001498                fatfs_list_directory_next
 .text.fatfs_cache_init
                0x0000000000001790       0x18 ./src/fat_cache.o
                0x0000000000001790                fatfs_cache_init
 .text.fatfs_cache_get_next_cluster
                0x00000000000017a8       0x1c ./src/fat_cache.o
                0x00000000000017a8                fatfs_cache_get_next_cluster
 .text.fatfs_cache_set_next_cluster
                0x00000000000017c4       0x1c ./src/fat_cache.o
                0x00000000000017c4                fatfs_cache_set_next_cluster
 .text.fat_list_init
                0x00000000000017e0       0x20 ./src/fat_filelib.o
 .text.fat_list_remove
                0x0000000000001800       0x4c ./src/fat_filelib.o
 .text.fat_list_insert_after
                0x000000000000184c       0x44 ./src/fat_filelib.o
 .text.fat_list_insert_before
                0x0000000000001890       0x44 ./src/fat_filelib.o
 .text.fat_list_insert_first
                0x00000000000018d4       0x40 ./src/fat_filelib.o
 .text.fat_list_insert_last
                0x0000000000001914       0x30 ./src/fat_filelib.o
 .text.fat_list_pop_head
                0x0000000000001944       0x28 ./src/fat_filelib.o
 .text._allocate_file
                0x000000000000196c       0x3c ./src/fat_filelib.o
 .text._check_file_open
                0x00000000000019a8       0x7c ./src/fat_filelib.o
 .text._free_file
                0x0000000000001a24       0x34 ./src/fat_filelib.o
 .text._open_directory
                0x0000000000001a58       0xc8 ./src/fat_filelib.o
 .text._open_file
                0x0000000000001b20      0x160 ./src/fat_filelib.o
 .text._create_file
                0x0000000000001c80      0x238 ./src/fat_filelib.o
 .text._read_sectors
                0x0000000000001eb8      0x130 ./src/fat_filelib.o
 .text.fl_init  0x0000000000001fe8       0x5c ./src/fat_filelib.o
                0x0000000000001fe8                fl_init
 .text.fl_attach_media
                0x0000000000002044       0x50 ./src/fat_filelib.o
                0x0000000000002044                fl_attach_media
 .text.fl_fopen
                0x0000000000002094      0x2f8 ./src/fat_filelib.o
                0x0000000000002094                fl_fopen
 .text._write_sectors
                0x000000000000238c      0x168 ./src/fat_filelib.o
 .text.fl_fflush
                0x00000000000024f4       0x7c ./src/fat_filelib.o
                0x00000000000024f4                fl_fflush
 .text.fl_fclose
                0x0000000000002570       0xa8 ./src/fat_filelib.o
                0x0000000000002570                fl_fclose
 .text.fl_fgetc
                0x0000000000002618       0x34 ./src/fat_filelib.o
                0x0000000000002618                fl_fgetc
 .text.fl_fgets
                0x000000000000264c       0x70 ./src/fat_filelib.o
                0x000000000000264c                fl_fgets
 .text.fl_fread
                0x00000000000026bc      0x1a0 ./src/fat_filelib.o
                0x00000000000026bc                fl_fread
 .text.fl_fwrite
                0x000000000000285c      0x224 ./src/fat_filelib.o
                0x000000000000285c                fl_fwrite
 .text.fl_fputs
                0x0000000000002a80       0x38 ./src/fat_filelib.o
                0x0000000000002a80                fl_fputs
 .text.fl_remove
                0x0000000000002ab8       0x84 ./src/fat_filelib.o
                0x0000000000002ab8                fl_remove
 .text.fl_listdirectory
                0x0000000000002b3c       0x78 ./src/fat_filelib.o
                0x0000000000002b3c                fl_listdirectory
 .text.fl_opendir
                0x0000000000002bb4       0x98 ./src/fat_filelib.o
                0x0000000000002bb4                fl_opendir
 .text.fl_readdir
                0x0000000000002c4c       0x60 ./src/fat_filelib.o
                0x0000000000002c4c                fl_readdir
 .text.fl_closedir
                0x0000000000002cac       0x18 ./src/fat_filelib.o
                0x0000000000002cac                fl_closedir
 .text.fatfs_lfn_cache_init
                0x0000000000002cc4       0x50 ./src/fat_misc.o
                0x0000000000002cc4                fatfs_lfn_cache_init
 .text.fatfs_lfn_cache_entry
                0x0000000000002d14      0x1f4 ./src/fat_misc.o
                0x0000000000002d14                fatfs_lfn_cache_entry
 .text.fatfs_lfn_cache_get
                0x0000000000002f08       0x58 ./src/fat_misc.o
                0x0000000000002f08                fatfs_lfn_cache_get
 .text.fatfs_entry_lfn_text
                0x0000000000002f60       0x28 ./src/fat_misc.o
                0x0000000000002f60                fatfs_entry_lfn_text
 .text.fatfs_entry_lfn_invalid
                0x0000000000002f88       0x40 ./src/fat_misc.o
                0x0000000000002f88                fatfs_entry_lfn_invalid
 .text.fatfs_entry_lfn_exists
                0x0000000000002fc8       0x54 ./src/fat_misc.o
                0x0000000000002fc8                fatfs_entry_lfn_exists
 .text.fatfs_entry_sfn_only
                0x000000000000301c       0x48 ./src/fat_misc.o
                0x000000000000301c                fatfs_entry_sfn_only
 .text.fatfs_entry_is_dir
                0x0000000000003064       0x28 ./src/fat_misc.o
                0x0000000000003064                fatfs_entry_is_dir
 .text.fatfs_entry_is_file
                0x000000000000308c       0x28 ./src/fat_misc.o
                0x000000000000308c                fatfs_entry_is_file
 .text.fatfs_lfn_entries_required
                0x00000000000030b4       0x38 ./src/fat_misc.o
                0x00000000000030b4                fatfs_lfn_entries_required
 .text.fatfs_filename_to_lfn
                0x00000000000030ec      0x128 ./src/fat_misc.o
                0x00000000000030ec                fatfs_filename_to_lfn
 .text.fatfs_sfn_create_entry
                0x0000000000003214       0xb4 ./src/fat_misc.o
                0x0000000000003214                fatfs_sfn_create_entry
 .text.fatfs_lfn_create_sfn
                0x00000000000032c8      0x198 ./src/fat_misc.o
                0x00000000000032c8                fatfs_lfn_create_sfn
 .text.fatfs_itoa
                0x0000000000003460       0x98 ./src/fat_misc.o
 .text.fatfs_lfn_generate_tail
                0x00000000000034f8       0x78 ./src/fat_misc.o
                0x00000000000034f8                fatfs_lfn_generate_tail
 .text.fatfs_total_path_levels
                0x0000000000003570       0x94 ./src/fat_string.o
                0x0000000000003570                fatfs_total_path_levels
 .text.fatfs_get_substring
                0x0000000000003604       0xe8 ./src/fat_string.o
                0x0000000000003604                fatfs_get_substring
 .text.fatfs_split_path
                0x00000000000036ec       0x90 ./src/fat_string.o
                0x00000000000036ec                fatfs_split_path
 .text.FileString_StrCmpNoCase
                0x000000000000377c       0x84 ./src/fat_string.o
 .text.FileString_GetExtension
                0x0000000000003800       0x40 ./src/fat_string.o
 .text.FileString_TrimLength
                0x0000000000003840       0x50 ./src/fat_string.o
 .text.fatfs_compare_names
                0x0000000000003890       0xf8 ./src/fat_string.o
                0x0000000000003890                fatfs_compare_names
 .text.fatfs_get_sfn_display_name
                0x0000000000003988       0x68 ./src/fat_string.o
                0x0000000000003988                fatfs_get_sfn_display_name
 .text.fatfs_fat_init
                0x00000000000039f0       0xc0 ./src/fat_table.o
                0x00000000000039f0                fatfs_fat_init
 .text.fatfs_fat_writeback
                0x0000000000003ab0       0x84 ./src/fat_table.o
 .text.fatfs_fat_read_sector
                0x0000000000003b34      0x100 ./src/fat_table.o
 .text.fatfs_fat_purge
                0x0000000000003c34       0x48 ./src/fat_table.o
                0x0000000000003c34                fatfs_fat_purge
 .text.fatfs_find_next_cluster
                0x0000000000003c7c      0x120 ./src/fat_table.o
                0x0000000000003c7c                fatfs_find_next_cluster
 .text.fatfs_set_fs_info_next_free_cluster
                0x0000000000003d9c       0xb8 ./src/fat_table.o
                0x0000000000003d9c                fatfs_set_fs_info_next_free_cluster
 .text.fatfs_find_blank_cluster
                0x0000000000003e54      0x114 ./src/fat_table.o
                0x0000000000003e54                fatfs_find_blank_cluster
 .text.fatfs_fat_set_cluster
                0x0000000000003f68      0x100 ./src/fat_table.o
                0x0000000000003f68                fatfs_fat_set_cluster
 .text.fatfs_free_cluster_chain
                0x0000000000004068       0x40 ./src/fat_table.o
                0x0000000000004068                fatfs_free_cluster_chain
 .text.fatfs_fat_add_cluster_to_chain
                0x00000000000040a8       0x64 ./src/fat_table.o
                0x00000000000040a8                fatfs_fat_add_cluster_to_chain
 .text.fatfs_add_free_space
                0x000000000000410c       0x8c ./src/fat_write.o
                0x000000000000410c                fatfs_add_free_space
 .text.fatfs_allocate_free_space
                0x0000000000004198       0xbc ./src/fat_write.o
                0x0000000000004198                fatfs_allocate_free_space
 .text.fatfs_find_free_dir_offset
                0x0000000000004254      0x1cc ./src/fat_write.o
 .text.fatfs_add_file_entry
                0x0000000000004420      0x1c8 ./src/fat_write.o
                0x0000000000004420                fatfs_add_file_entry
 .text.NVIC_EnableIRQ
                0x00000000000045e8       0x30 ./src/main.o
 .text.NVIC_SetPriority
                0x0000000000004618       0x54 ./src/main.o
 .text.SysTick_Config
                0x000000000000466c       0x44 ./src/main.o
 .text.media_read
                0x00000000000046b0       0x2c ./src/main.o
                0x00000000000046b0                media_read
 .text.media_write
                0x00000000000046dc       0x2c ./src/main.o
                0x00000000000046dc                media_write
 .text.load_read_line
                0x0000000000004708       0x20 ./src/main.o
                0x0000000000004708                load_read_line
 .text.location_write
                0x0000000000004728       0x94 ./src/main.o
                0x0000000000004728                location_write
 .text.clean_up_files
                0x00000000000047bc       0x10 ./src/main.o
                0x00000000000047bc                clean_up_files
 .text.systick_delay
                0x00000000000047cc       0x2c ./src/main.o
 .text.SysTick_Handler
                0x00000000000047f8       0xe0 ./src/main.o
                0x00000000000047f8                SysTick_Handler
 .text.get_response_gsm_main
                0x00000000000048d8       0x70 ./src/main.o
                0x00000000000048d8                get_response_gsm_main
 .text.SD_init_3032
                0x0000000000004948       0x44 ./src/main.o
                0x0000000000004948                SD_init_3032
 .text.init_timer_3032
                0x000000000000498c        0xc ./src/main.o
                0x000000000000498c                init_timer_3032
 .text.Buttons_LEDs_init
                0x0000000000004998       0x90 ./src/main.o
                0x0000000000004998                Buttons_LEDs_init
 .text.initialization_3032
                0x0000000000004a28       0x28 ./src/main.o
                0x0000000000004a28                initialization_3032
 .text.UART2_IRQHandler
                0x0000000000004a50      0x2b0 ./src/main.o
                0x0000000000004a50                UART2_IRQHandler
 .text.UART3_IRQHandler
                0x0000000000004d00       0x90 ./src/main.o
                0x0000000000004d00                UART3_IRQHandler
 .text.UART0_IRQHandler
                0x0000000000004d90       0x74 ./src/main.o
                0x0000000000004d90                UART0_IRQHandler
 .text.upload_location
                0x0000000000004e04       0x34 ./src/main.o
                0x0000000000004e04                upload_location
 .text.clean_up_load_file
                0x0000000000004e38       0x88 ./src/main.o
                0x0000000000004e38                clean_up_load_file
 .text.load_data
                0x0000000000004ec0      0x320 ./src/main.o
                0x0000000000004ec0                load_data
 .text.save_load_array
                0x00000000000051e0       0x84 ./src/main.o
                0x00000000000051e0                save_load_array
 *fill*         0x0000000000005264        0x4 
 .text.analyze_data
                0x0000000000005268      0x2f0 ./src/main.o
                0x0000000000005268                analyze_data
 .text.load_calibration
                0x0000000000005558      0x1b0 ./src/main.o
                0x0000000000005558                load_calibration
 .text.count_step
                0x0000000000005708      0x114 ./src/main.o
                0x0000000000005708                count_step
 .text.sleep_load_detect
                0x000000000000581c      0x104 ./src/main.o
                0x000000000000581c                sleep_load_detect
 .text.active_load_detect
                0x0000000000005920      0x100 ./src/main.o
                0x0000000000005920                active_load_detect
 .text.gsm_send_sms
                0x0000000000005a20       0x18 ./src/main.o
                0x0000000000005a20                gsm_send_sms
 .text.main     0x0000000000005a38      0x354 ./src/main.o
                0x0000000000005a38                main
 .text.disk_timerproc
                0x0000000000005d8c       0x48 ./src/sd.o
                0x0000000000005d8c                disk_timerproc
 .text.SD_Init  0x0000000000005dd4      0x1a4 ./src/sd.o
                0x0000000000005dd4                SD_Init
 .text.SD_WaitForReady
                0x0000000000005f78       0x30 ./src/sd.o
                0x0000000000005f78                SD_WaitForReady
 .text.SD_SendCommand
                0x0000000000005fa8       0xe0 ./src/sd.o
                0x0000000000005fa8                SD_SendCommand
 .text.SD_SendACommand
                0x0000000000006088       0x44 ./src/sd.o
                0x0000000000006088                SD_SendACommand
 .text.SD_ReadSector
                0x00000000000060cc       0xbc ./src/sd.o
                0x00000000000060cc                SD_ReadSector
 .text.SD_WriteSector
                0x0000000000006188       0xb8 ./src/sd.o
                0x0000000000006188                SD_WriteSector
 .text.SD_ReadConfiguration
                0x0000000000006240      0x214 ./src/sd.o
                0x0000000000006240                SD_ReadConfiguration
 .text.SD_RecvDataBlock
                0x0000000000006454       0x6c ./src/sd.o
                0x0000000000006454                SD_RecvDataBlock
 .text.SD_SendDataBlock
                0x00000000000064c0       0x8c ./src/sd.o
                0x00000000000064c0                SD_SendDataBlock
 .text.SPI_Init
                0x000000000000654c       0xa4 ./src/spi.o
                0x000000000000654c                SPI_Init
 .text.SPI_ConfigClockRate
                0x00000000000065f0       0x20 ./src/spi.o
                0x00000000000065f0                SPI_ConfigClockRate
 .text.SPI_CS_Low
                0x0000000000006610       0x1c ./src/spi.o
                0x0000000000006610                SPI_CS_Low
 .text.SPI_CS_High
                0x000000000000662c       0x1c ./src/spi.o
                0x000000000000662c                SPI_CS_High
 .text.SPI_SendByte
                0x0000000000006648       0x34 ./src/spi.o
                0x0000000000006648                SPI_SendByte
 .text.SPI_RecvByte
                0x000000000000667c       0x10 ./src/spi.o
                0x000000000000667c                SPI_RecvByte
 .text.SystemInit
                0x000000000000668c      0x140 /Users/wangjiadong/LPCXpresso/workspace/Lib_CMSISv1p30_LPC17xx/Debug/libCMSISv1p30_LPC17xx.a(system_LPC17xx.o)
                0x000000000000668c                SystemInit
 .text.GPIO_GetPointer
                0x00000000000067cc       0x74 /Users/wangjiadong/LPCXpresso/workspace/Lib_MCU/Debug/libLib_MCU.a(lpc17xx_gpio.o)
 .text.GPIO_SetDir
                0x0000000000006840       0x48 /Users/wangjiadong/LPCXpresso/workspace/Lib_MCU/Debug/libLib_MCU.a(lpc17xx_gpio.o)
                0x0000000000006840                GPIO_SetDir
 .text.GPIO_SetValue
                0x0000000000006888       0x28 /Users/wangjiadong/LPCXpresso/workspace/Lib_MCU/Debug/libLib_MCU.a(lpc17xx_gpio.o)
                0x0000000000006888                GPIO_SetValue
 .text.GPIO_ClearValue
                0x00000000000068b0       0x28 /Users/wangjiadong/LPCXpresso/workspace/Lib_MCU/Debug/libLib_MCU.a(lpc17xx_gpio.o)
                0x00000000000068b0                GPIO_ClearValue
 .text.GPIO_ReadValue
                0x00000000000068d8       0x2c /Users/wangjiadong/LPCXpresso/workspace/Lib_MCU/Debug/libLib_MCU.a(lpc17xx_gpio.o)
                0x00000000000068d8                GPIO_ReadValue
 .text.PINSEL_SetPinFunc
                0x0000000000006904       0x84 /Users/wangjiadong/LPCXpresso/workspace/Lib_MCU/Debug/libLib_MCU.a(lpc17xx_pinsel.o)
                0x0000000000006904                PINSEL_SetPinFunc
 .text.PINSEL_SetResistorMode
                0x0000000000006988       0x84 /Users/wangjiadong/LPCXpresso/workspace/Lib_MCU/Debug/libLib_MCU.a(lpc17xx_pinsel.o)
                0x0000000000006988                PINSEL_SetResistorMode
 .text.PINSEL_SetOpenDrainMode
                0x0000000000006a0c       0x6c /Users/wangjiadong/LPCXpresso/workspace/Lib_MCU/Debug/libLib_MCU.a(lpc17xx_pinsel.o)
                0x0000000000006a0c                PINSEL_SetOpenDrainMode
 .text.PINSEL_ConfigPin
                0x0000000000006a78       0x50 /Users/wangjiadong/LPCXpresso/workspace/Lib_MCU/Debug/libLib_MCU.a(lpc17xx_pinsel.o)
                0x0000000000006a78                PINSEL_ConfigPin
 .text.uart_set_divisors
                0x0000000000006ac8      0x214 /Users/wangjiadong/LPCXpresso/workspace/Lib_MCU/Debug/libLib_MCU.a(lpc17xx_uart.o)
                0x0000000000006ac8                uart_set_divisors
 .text.UART_Init
                0x0000000000006cdc      0x2ec /Users/wangjiadong/LPCXpresso/workspace/Lib_MCU/Debug/libLib_MCU.a(lpc17xx_uart.o)
                0x0000000000006cdc                UART_Init
 .text.UART_SendData
                0x0000000000006fc8       0x68 /Users/wangjiadong/LPCXpresso/workspace/Lib_MCU/Debug/libLib_MCU.a(lpc17xx_uart.o)
                0x0000000000006fc8                UART_SendData
 .text.UART_ReceiveData
                0x0000000000007030       0x64 /Users/wangjiadong/LPCXpresso/workspace/Lib_MCU/Debug/libLib_MCU.a(lpc17xx_uart.o)
                0x0000000000007030                UART_ReceiveData
 .text.UART_IntConfig
                0x0000000000007094      0x184 /Users/wangjiadong/LPCXpresso/workspace/Lib_MCU/Debug/libLib_MCU.a(lpc17xx_uart.o)
                0x0000000000007094                UART_IntConfig
 .text.UART_TxCmd
                0x0000000000007218       0xc8 /Users/wangjiadong/LPCXpresso/workspace/Lib_MCU/Debug/libLib_MCU.a(lpc17xx_uart.o)
                0x0000000000007218                UART_TxCmd
 .text.UART_Send
                0x00000000000072e0       0xe8 /Users/wangjiadong/LPCXpresso/workspace/Lib_MCU/Debug/libLib_MCU.a(lpc17xx_uart.o)
                0x00000000000072e0                UART_Send
 .text.UART_Receive
                0x00000000000073c8       0xb8 /Users/wangjiadong/LPCXpresso/workspace/Lib_MCU/Debug/libLib_MCU.a(lpc17xx_uart.o)
                0x00000000000073c8                UART_Receive
 .text.CLKPWR_GetPCLKSEL
                0x0000000000007480       0x4c /Users/wangjiadong/LPCXpresso/workspace/Lib_MCU/Debug/libLib_MCU.a(lpc17xx_clkpwr.o)
                0x0000000000007480                CLKPWR_GetPCLKSEL
 .text.CLKPWR_GetPCLK
                0x00000000000074cc       0x64 /Users/wangjiadong/LPCXpresso/workspace/Lib_MCU/Debug/libLib_MCU.a(lpc17xx_clkpwr.o)
                0x00000000000074cc                CLKPWR_GetPCLK
 .text.CLKPWR_ConfigPPWR
                0x0000000000007530       0x58 /Users/wangjiadong/LPCXpresso/workspace/Lib_MCU/Debug/libLib_MCU.a(lpc17xx_clkpwr.o)
                0x0000000000007530                CLKPWR_ConfigPPWR
 .text.check_failed
                0x0000000000007588        0xc /Users/wangjiadong/LPCXpresso/workspace/Lib_MCU/Debug/libLib_MCU.a(lpc17xx_libcfg_default.o)
                0x0000000000007588                check_failed
 .text.__main   0x0000000000007594       0x14 /Applications/lpcxpresso_7.5.0_254/lpcxpresso/tools/bin/../lib/gcc/arm-none-eabi/4.8.4/../../../../arm-none-eabi/lib/armv7-m/libcr_semihost.a(_cr__main.o)
                0x0000000000007594                __main
                0x0000000000007594                __CR_SEMIHOST
 .text.memcpy   0x00000000000075a8        0x4 /Applications/lpcxpresso_7.5.0_254/lpcxpresso/tools/bin/../lib/gcc/arm-none-eabi/4.8.4/../../../../arm-none-eabi/lib/armv7-m/libcr_c.a(memcpy.o)
                0x00000000000075a8                memcpy
 .text.memset   0x00000000000075ac        0x4 /Applications/lpcxpresso_7.5.0_254/lpcxpresso/tools/bin/../lib/gcc/arm-none-eabi/4.8.4/../../../../arm-none-eabi/lib/armv7-m/libcr_c.a(memset.o)
                0x00000000000075ac                memset
 .text.floor    0x00000000000075b0       0x90 /Applications/lpcxpresso_7.5.0_254/lpcxpresso/tools/bin/../lib/gcc/arm-none-eabi/4.8.4/../../../../arm-none-eabi/lib/armv7-m/libcr_c.a(floor.o)
                0x00000000000075b0                floor
 .text.fp_round
                0x0000000000007640       0x4e /Applications/lpcxpresso_7.5.0_254/lpcxpresso/tools/bin/../lib/gcc/arm-none-eabi/4.8.4/../../../../arm-none-eabi/lib/armv7-m/libcr_c.a(fpprintf.o)
 .text.pr_dec.constprop.1
                0x000000000000768e       0x26 /Applications/lpcxpresso_7.5.0_254/lpcxpresso/tools/bin/../lib/gcc/arm-none-eabi/4.8.4/../../../../arm-none-eabi/lib/armv7-m/libcr_c.a(fpprintf.o)
 .text.sprintf  0x00000000000076b4       0x6c /Applications/lpcxpresso_7.5.0_254/lpcxpresso/tools/bin/../lib/gcc/arm-none-eabi/4.8.4/../../../../arm-none-eabi/lib/armv7-m/libcr_c.a(fpprintf.o)
                0x00000000000076b4                sprintf
 .text.fp_display
                0x0000000000007720      0x998 /Applications/lpcxpresso_7.5.0_254/lpcxpresso/tools/bin/../lib/gcc/arm-none-eabi/4.8.4/../../../../arm-none-eabi/lib/armv7-m/libcr_c.a(fpprintf.o)
 .text.vsnprintf
                0x00000000000080b8       0x5c /Applications/lpcxpresso_7.5.0_254/lpcxpresso/tools/bin/../lib/gcc/arm-none-eabi/4.8.4/../../../../arm-none-eabi/lib/armv7-m/libcr_c.a(fpprintf.o)
                0x00000000000080b8                vsnprintf
 .text.printf   0x0000000000008114       0x54 /Applications/lpcxpresso_7.5.0_254/lpcxpresso/tools/bin/../lib/gcc/arm-none-eabi/4.8.4/../../../../arm-none-eabi/lib/armv7-m/libcr_c.a(fpprintf.o)
                0x0000000000008114                printf
 .text._initio  0x0000000000008168       0xa4 /Applications/lpcxpresso_7.5.0_254/lpcxpresso/tools/bin/../lib/gcc/arm-none-eabi/4.8.4/../../../../arm-none-eabi/lib/armv7-m/libcr_c.a(initio.o)
                0x0000000000008168                _initio
 .text.__vfprintf
                0x000000000000820c      0xca0 /Applications/lpcxpresso_7.5.0_254/lpcxpresso/tools/bin/../lib/gcc/arm-none-eabi/4.8.4/../../../../arm-none-eabi/lib/armv7-m/libcr_c.a(printf.o)
                0x000000000000820c                __vfprintf
 .text.ch_val   0x0000000000008eac       0x30 /Applications/lpcxpresso_7.5.0_254/lpcxpresso/tools/bin/../lib/gcc/arm-none-eabi/4.8.4/../../../../arm-none-eabi/lib/armv7-m/libcr_c.a(scanf.o)
 .text.cr_rd_int
                0x0000000000008edc      0x1c8 /Applications/lpcxpresso_7.5.0_254/lpcxpresso/tools/bin/../lib/gcc/arm-none-eabi/4.8.4/../../../../arm-none-eabi/lib/armv7-m/libcr_c.a(scanf.o)
 *fill*         0x00000000000090a4        0x4 
 .text.vfscanf  0x00000000000090a8      0x968 /Applications/lpcxpresso_7.5.0_254/lpcxpresso/tools/bin/../lib/gcc/arm-none-eabi/4.8.4/../../../../arm-none-eabi/lib/armv7-m/libcr_c.a(scanf.o)
                0x00000000000090a8                vfscanf
 .text.sscanf   0x0000000000009a10       0x4c /Applications/lpcxpresso_7.5.0_254/lpcxpresso/tools/bin/../lib/gcc/arm-none-eabi/4.8.4/../../../../arm-none-eabi/lib/armv7-m/libcr_c.a(scanf.o)
                0x0000000000009a10                sscanf
 .text.setvbuf  0x0000000000009a5c       0x40 /Applications/lpcxpresso_7.5.0_254/lpcxpresso/tools/bin/../lib/gcc/arm-none-eabi/4.8.4/../../../../arm-none-eabi/lib/armv7-m/libcr_c.a(setvbuf.o)
                0x0000000000009a5c                setvbuf
 *fill*         0x0000000000009a9c        0x4 
 .text.sqrt     0x0000000000009aa0      0x138 /Applications/lpcxpresso_7.5.0_254/lpcxpresso/tools/bin/../lib/gcc/arm-none-eabi/4.8.4/../../../../arm-none-eabi/lib/armv7-m/libcr_c.a(sqrt.o)
                0x0000000000009aa0                sqrt
 .text.strcpy   0x0000000000009bd8       0x40 /Applications/lpcxpresso_7.5.0_254/lpcxpresso/tools/bin/../lib/gcc/arm-none-eabi/4.8.4/../../../../arm-none-eabi/lib/armv7-m/libcr_c.a(strcpy.o)
                0x0000000000009bd8                strcpy
 .text.strlen   0x0000000000009c18       0x4a /Applications/lpcxpresso_7.5.0_254/lpcxpresso/tools/bin/../lib/gcc/arm-none-eabi/4.8.4/../../../../arm-none-eabi/lib/armv7-m/libcr_c.a(strlen.o)
                0x0000000000009c18                strlen
 .text.strncmp  0x0000000000009c62       0x54 /Applications/lpcxpresso_7.5.0_254/lpcxpresso/tools/bin/../lib/gcc/arm-none-eabi/4.8.4/../../../../arm-none-eabi/lib/armv7-m/libcr_c.a(strncmp.o)
                0x0000000000009c62                strncmp
 .text.strncpy  0x0000000000009cb6       0x58 /Applications/lpcxpresso_7.5.0_254/lpcxpresso/tools/bin/../lib/gcc/arm-none-eabi/4.8.4/../../../../arm-none-eabi/lib/armv7-m/libcr_c.a(strncpy.o)
                0x0000000000009cb6                strncpy
 .text.strstr   0x0000000000009d0e       0x1e /Applications/lpcxpresso_7.5.0_254/lpcxpresso/tools/bin/../lib/gcc/arm-none-eabi/4.8.4/../../../../arm-none-eabi/lib/armv7-m/libcr_c.a(strstr.o)
                0x0000000000009d0e                strstr
 .text.ungetc   0x0000000000009d2c       0x38 /Applications/lpcxpresso_7.5.0_254/lpcxpresso/tools/bin/../lib/gcc/arm-none-eabi/4.8.4/../../../../arm-none-eabi/lib/armv7-m/libcr_c.a(ungetc.o)
                0x0000000000009d2c                ungetc
 .text._Csys_read_
                0x0000000000009d64       0x22 /Applications/lpcxpresso_7.5.0_254/lpcxpresso/tools/bin/../lib/gcc/arm-none-eabi/4.8.4/../../../../arm-none-eabi/lib/armv7-m/libcr_c.a(__fillbuf.o)
                0x0000000000009d64                _Csys_read_
 *fill*         0x0000000000009d86        0x2 
 .text.__filbuf
                0x0000000000009d88      0x174 /Applications/lpcxpresso_7.5.0_254/lpcxpresso/tools/bin/../lib/gcc/arm-none-eabi/4.8.4/../../../../arm-none-eabi/lib/armv7-m/libcr_c.a(__fillbuf.o)
                0x0000000000009d88                __filbuf
 .text._deferredlazyseek
                0x0000000000009efc       0x44 /Applications/lpcxpresso_7.5.0_254/lpcxpresso/tools/bin/../lib/gcc/arm-none-eabi/4.8.4/../../../../arm-none-eabi/lib/armv7-m/libcr_c.a(_deferredlazyseek.o)
                0x0000000000009efc                _deferredlazyseek
 .text.__flsbuf
                0x0000000000009f40      0x142 /Applications/lpcxpresso_7.5.0_254/lpcxpresso/tools/bin/../lib/gcc/arm-none-eabi/4.8.4/../../../../arm-none-eabi/lib/armv7-m/libcr_c.a(_deferredlazyseek.o)
                0x0000000000009f40                __flsbuf
 .text._fdopen  0x000000000000a082       0x6a /Applications/lpcxpresso_7.5.0_254/lpcxpresso/tools/bin/../lib/gcc/arm-none-eabi/4.8.4/../../../../arm-none-eabi/lib/armv7-m/libcr_c.a(_fdopen.o)
                0x000000000000a082                _fdopen
 .text._fflush  0x000000000000a0ec       0x58 /Applications/lpcxpresso_7.5.0_254/lpcxpresso/tools/bin/../lib/gcc/arm-none-eabi/4.8.4/../../../../arm-none-eabi/lib/armv7-m/libcr_c.a(_fflush.o)
                0x000000000000a0ec                _fflush
 .text._frexpl  0x000000000000a144       0x5c /Applications/lpcxpresso_7.5.0_254/lpcxpresso/tools/bin/../lib/gcc/arm-none-eabi/4.8.4/../../../../arm-none-eabi/lib/armv7-m/libcr_c.a(_frexpl.o)
                0x000000000000a144                _frexpl
 .text._ldexpl  0x000000000000a1a0       0x4c /Applications/lpcxpresso_7.5.0_254/lpcxpresso/tools/bin/../lib/gcc/arm-none-eabi/4.8.4/../../../../arm-none-eabi/lib/armv7-m/libcr_c.a(_ldexpl.o)
                0x000000000000a1a0                _ldexpl
 .text._Cwritebuf
                0x000000000000a1ec       0x70 /Applications/lpcxpresso_7.5.0_254/lpcxpresso/tools/bin/../lib/gcc/arm-none-eabi/4.8.4/../../../../arm-none-eabi/lib/armv7-m/libcr_c.a(_writebuf.o)
                0x000000000000a1ec                _Cwritebuf
 .text.malloc   0x000000000000a25c       0xc8 /Applications/lpcxpresso_7.5.0_254/lpcxpresso/tools/bin/../lib/gcc/arm-none-eabi/4.8.4/../../../../arm-none-eabi/lib/armv7-m/libcr_c.a(alloc.o)
                0x000000000000a25c                malloc
 .text.free     0x000000000000a324        0xc /Applications/lpcxpresso_7.5.0_254/lpcxpresso/tools/bin/../lib/gcc/arm-none-eabi/4.8.4/../../../../arm-none-eabi/lib/armv7-m/libcr_c.a(alloc.o)
                0x000000000000a324                free
 .text._Csys_alloc
                0x000000000000a330       0x20 /Applications/lpcxpresso_7.5.0_254/lpcxpresso/tools/bin/../lib/gcc/arm-none-eabi/4.8.4/../../../../arm-none-eabi/lib/armv7-m/libcr_c.a(alloc.o)
                0x000000000000a330                _Csys_alloc
 .text.fclose   0x000000000000a350       0x6c /Applications/lpcxpresso_7.5.0_254/lpcxpresso/tools/bin/../lib/gcc/arm-none-eabi/4.8.4/../../../../arm-none-eabi/lib/armv7-m/libcr_c.a(fclose.o)
                0x000000000000a350                fclose
 .text.fflush   0x000000000000a3bc       0x30 /Applications/lpcxpresso_7.5.0_254/lpcxpresso/tools/bin/../lib/gcc/arm-none-eabi/4.8.4/../../../../arm-none-eabi/lib/armv7-m/libcr_c.a(fflush.o)
                0x000000000000a3bc                fflush
 .text.fseek    0x000000000000a3ec      0x10c /Applications/lpcxpresso_7.5.0_254/lpcxpresso/tools/bin/../lib/gcc/arm-none-eabi/4.8.4/../../../../arm-none-eabi/lib/armv7-m/libcr_c.a(fseek.o)
                0x000000000000a3ec                fseek
 .text.ftell    0x000000000000a4f8       0x4c /Applications/lpcxpresso_7.5.0_254/lpcxpresso/tools/bin/../lib/gcc/arm-none-eabi/4.8.4/../../../../arm-none-eabi/lib/armv7-m/libcr_c.a(ftell.o)
                0x000000000000a4f8                ftell
 .text.remove   0x000000000000a544       0x14 /Applications/lpcxpresso_7.5.0_254/lpcxpresso/tools/bin/../lib/gcc/arm-none-eabi/4.8.4/../../../../arm-none-eabi/lib/armv7-m/libcr_c.a(remove.o)
                0x000000000000a544                remove
 .text._sbrk    0x000000000000a558       0x40 /Applications/lpcxpresso_7.5.0_254/lpcxpresso/tools/bin/../lib/gcc/arm-none-eabi/4.8.4/../../../../arm-none-eabi/lib/armv7-m/libcr_c.a(_cr_sbrk.o)
                0x000000000000a558                _sbrk
 .text._do_fflush
                0x000000000000a598       0x44 /Applications/lpcxpresso_7.5.0_254/lpcxpresso/tools/bin/../lib/gcc/arm-none-eabi/4.8.4/../../../../arm-none-eabi/lib/armv7-m/libcr_c.a(_do_fflush.o)
                0x000000000000a598                _do_fflush
 .text.__check_heap_overflow
                0x000000000000a5dc       0x18 /Applications/lpcxpresso_7.5.0_254/lpcxpresso/tools/bin/../lib/gcc/arm-none-eabi/4.8.4/../../../../arm-none-eabi/lib/armv7-m/libcr_c.a(_cr_check_heap.o)
                0x000000000000a5dc                __check_heap_overflow
 .text.__aeabi_dmul
                0x000000000000a5f4      0x12c /Applications/lpcxpresso_7.5.0_254/lpcxpresso/tools/bin/../lib/gcc/arm-none-eabi/4.8.4/armv7-m/libcr_eabihelpers.a(double.o)
                0x000000000000a5f4                __aeabi_dmul
 .text.__aeabi_ddiv
                0x000000000000a720      0x16c /Applications/lpcxpresso_7.5.0_254/lpcxpresso/tools/bin/../lib/gcc/arm-none-eabi/4.8.4/armv7-m/libcr_eabihelpers.a(double.o)
                0x000000000000a720                __aeabi_ddiv
 .text.__aeabi_dsub
                0x000000000000a88c      0x228 /Applications/lpcxpresso_7.5.0_254/lpcxpresso/tools/bin/../lib/gcc/arm-none-eabi/4.8.4/armv7-m/libcr_eabihelpers.a(double.o)
                0x000000000000a88c                __aeabi_dsub
 .text.__aeabi_dadd
                0x000000000000aab4      0x178 /Applications/lpcxpresso_7.5.0_254/lpcxpresso/tools/bin/../lib/gcc/arm-none-eabi/4.8.4/armv7-m/libcr_eabihelpers.a(double.o)
                0x000000000000aab4                __aeabi_dadd
 .text.__aeabi_d2f
                0x000000000000ac2c       0x58 /Applications/lpcxpresso_7.5.0_254/lpcxpresso/tools/bin/../lib/gcc/arm-none-eabi/4.8.4/armv7-m/libcr_eabihelpers.a(double.o)
                0x000000000000ac2c                __aeabi_d2f
 .text.__aeabi_d2iz
                0x000000000000ac84       0x4c /Applications/lpcxpresso_7.5.0_254/lpcxpresso/tools/bin/../lib/gcc/arm-none-eabi/4.8.4/armv7-m/libcr_eabihelpers.a(double.o)
                0x000000000000ac84                __aeabi_d2iz
 .text.__bhs_ui2d
                0x000000000000acd0       0x48 /Applications/lpcxpresso_7.5.0_254/lpcxpresso/tools/bin/../lib/gcc/arm-none-eabi/4.8.4/armv7-m/libcr_eabihelpers.a(double.o)
                0x000000000000acd0                __bhs_ui2d
 .text.__aeabi_i2d
                0x000000000000ad18       0x10 /Applications/lpcxpresso_7.5.0_254/lpcxpresso/tools/bin/../lib/gcc/arm-none-eabi/4.8.4/armv7-m/libcr_eabihelpers.a(double.o)
                0x000000000000ad18                __aeabi_i2d
 .text.__aeabi_dcmpeq
                0x000000000000ad28       0x40 /Applications/lpcxpresso_7.5.0_254/lpcxpresso/tools/bin/../lib/gcc/arm-none-eabi/4.8.4/armv7-m/libcr_eabihelpers.a(double.o)
                0x000000000000ad28                __aeabi_dcmpeq
 .text.__aeabi_dcmplt
                0x000000000000ad68       0x70 /Applications/lpcxpresso_7.5.0_254/lpcxpresso/tools/bin/../lib/gcc/arm-none-eabi/4.8.4/armv7-m/libcr_eabihelpers.a(double.o)
                0x000000000000ad68                __aeabi_dcmplt
 .text.__aeabi_dcmpgt
                0x000000000000add8       0x6c /Applications/lpcxpresso_7.5.0_254/lpcxpresso/tools/bin/../lib/gcc/arm-none-eabi/4.8.4/armv7-m/libcr_eabihelpers.a(double.o)
                0x000000000000add8                __aeabi_dcmpgt
 .text.__aeabi_dcmple
                0x000000000000ae44       0x68 /Applications/lpcxpresso_7.5.0_254/lpcxpresso/tools/bin/../lib/gcc/arm-none-eabi/4.8.4/armv7-m/libcr_eabihelpers.a(double.o)
                0x000000000000ae44                __aeabi_dcmple
 .text.__aeabi_dcmpge
                0x000000000000aeac       0x64 /Applications/lpcxpresso_7.5.0_254/lpcxpresso/tools/bin/../lib/gcc/arm-none-eabi/4.8.4/armv7-m/libcr_eabihelpers.a(double.o)
                0x000000000000aeac                __aeabi_dcmpge
 .text.__bhs_ui2f.part.0
                0x000000000000af10       0x20 /Applications/lpcxpresso_7.5.0_254/lpcxpresso/tools/bin/../lib/gcc/arm-none-eabi/4.8.4/armv7-m/libcr_eabihelpers.a(float.o)
 .text.__aeabi_fmul
                0x000000000000af30       0xbc /Applications/lpcxpresso_7.5.0_254/lpcxpresso/tools/bin/../lib/gcc/arm-none-eabi/4.8.4/armv7-m/libcr_eabihelpers.a(float.o)
                0x000000000000af30                __aeabi_fmul
 .text.__aeabi_fdiv
                0x000000000000afec       0xc0 /Applications/lpcxpresso_7.5.0_254/lpcxpresso/tools/bin/../lib/gcc/arm-none-eabi/4.8.4/armv7-m/libcr_eabihelpers.a(float.o)
                0x000000000000afec                __aeabi_fdiv
 .text.__aeabi_fsub
                0x000000000000b0ac       0xfc /Applications/lpcxpresso_7.5.0_254/lpcxpresso/tools/bin/../lib/gcc/arm-none-eabi/4.8.4/armv7-m/libcr_eabihelpers.a(float.o)
                0x000000000000b0ac                __aeabi_fsub
 .text.__aeabi_fadd
                0x000000000000b1a8       0xb0 /Applications/lpcxpresso_7.5.0_254/lpcxpresso/tools/bin/../lib/gcc/arm-none-eabi/4.8.4/armv7-m/libcr_eabihelpers.a(float.o)
                0x000000000000b1a8                __aeabi_fadd
 .text.__aeabi_f2iz
                0x000000000000b258       0x34 /Applications/lpcxpresso_7.5.0_254/lpcxpresso/tools/bin/../lib/gcc/arm-none-eabi/4.8.4/armv7-m/libcr_eabihelpers.a(float.o)
                0x000000000000b258                __aeabi_f2iz
 .text.__aeabi_i2f
                0x000000000000b28c       0x18 /Applications/lpcxpresso_7.5.0_254/lpcxpresso/tools/bin/../lib/gcc/arm-none-eabi/4.8.4/armv7-m/libcr_eabihelpers.a(float.o)
                0x000000000000b28c                __aeabi_i2f
 .text.__aeabi_f2d
                0x000000000000b2a4       0x44 /Applications/lpcxpresso_7.5.0_254/lpcxpresso/tools/bin/../lib/gcc/arm-none-eabi/4.8.4/armv7-m/libcr_eabihelpers.a(float.o)
                0x000000000000b2a4                __aeabi_f2d
 .text.__aeabi_fcmpgt
                0x000000000000b2e8       0x3c /Applications/lpcxpresso_7.5.0_254/lpcxpresso/tools/bin/../lib/gcc/arm-none-eabi/4.8.4/armv7-m/libcr_eabihelpers.a(float.o)
                0x000000000000b2e8                __aeabi_fcmpgt
 .text.__aeabi_memcpy
                0x000000000000b324       0x3a /Applications/lpcxpresso_7.5.0_254/lpcxpresso/tools/bin/../lib/gcc/arm-none-eabi/4.8.4/armv7-m/libcr_eabihelpers.a(memcpy.o)
                0x000000000000b324                __aeabi_memcpy
                0x000000000000b330                __aeabi_memcpy4
                0x000000000000b330                __aeabi_memcpy8
 .text.__aeabi_memset_lowlevel
                0x000000000000b35e       0x38 /Applications/lpcxpresso_7.5.0_254/lpcxpresso/tools/bin/../lib/gcc/arm-none-eabi/4.8.4/armv7-m/libcr_eabihelpers.a(memcpy.o)
                0x000000000000b35e                __aeabi_lowlevel_memset
 *fill*         0x000000000000b396        0x2 
 .text.__sys_appexit
                0x000000000000b398        0xc /Applications/lpcxpresso_7.5.0_254/lpcxpresso/tools/bin/../lib/gcc/arm-none-eabi/4.8.4/../../../../arm-none-eabi/lib/armv7-m/libcr_semihost.a(__sys_appexit.o)
                0x000000000000b398                __exit
                0x000000000000b398                __sys_appexit
 .text.__sys_close
                0x000000000000b3a4        0xc /Applications/lpcxpresso_7.5.0_254/lpcxpresso/tools/bin/../lib/gcc/arm-none-eabi/4.8.4/../../../../arm-none-eabi/lib/armv7-m/libcr_semihost.a(__sys_close.o)
                0x000000000000b3a4                __sys_close
 .text.__sys_flen
                0x000000000000b3b0        0xc /Applications/lpcxpresso_7.5.0_254/lpcxpresso/tools/bin/../lib/gcc/arm-none-eabi/4.8.4/../../../../arm-none-eabi/lib/armv7-m/libcr_semihost.a(__sys_flen.o)
                0x000000000000b3b0                __sys_flen
 .text.__sys_istty
                0x000000000000b3bc        0xc /Applications/lpcxpresso_7.5.0_254/lpcxpresso/tools/bin/../lib/gcc/arm-none-eabi/4.8.4/../../../../arm-none-eabi/lib/armv7-m/libcr_semihost.a(__sys_istty.o)
                0x000000000000b3bc                __sys_istty
 .text.__sys_read
                0x000000000000b3c8        0xc /Applications/lpcxpresso_7.5.0_254/lpcxpresso/tools/bin/../lib/gcc/arm-none-eabi/4.8.4/../../../../arm-none-eabi/lib/armv7-m/libcr_semihost.a(__sys_read.o)
                0x000000000000b3c8                __sys_read
 .text.__sys_readc
                0x000000000000b3d4        0x8 /Applications/lpcxpresso_7.5.0_254/lpcxpresso/tools/bin/../lib/gcc/arm-none-eabi/4.8.4/../../../../arm-none-eabi/lib/armv7-m/libcr_semihost.a(__sys_readc.o)
                0x000000000000b3d4                __readc
                0x000000000000b3d4                __sys_readc
 .text.__sys_remove
                0x000000000000b3dc        0xc /Applications/lpcxpresso_7.5.0_254/lpcxpresso/tools/bin/../lib/gcc/arm-none-eabi/4.8.4/../../../../arm-none-eabi/lib/armv7-m/libcr_semihost.a(__sys_remove.o)
                0x000000000000b3dc                __sys_remove
 .text.__sys_seek
                0x000000000000b3e8        0xc /Applications/lpcxpresso_7.5.0_254/lpcxpresso/tools/bin/../lib/gcc/arm-none-eabi/4.8.4/../../../../arm-none-eabi/lib/armv7-m/libcr_semihost.a(__sys_seek.o)
                0x000000000000b3e8                __sys_seek
 .text.__sys_tmpnam
                0x000000000000b3f4        0xc /Applications/lpcxpresso_7.5.0_254/lpcxpresso/tools/bin/../lib/gcc/arm-none-eabi/4.8.4/../../../../arm-none-eabi/lib/armv7-m/libcr_semihost.a(__sys_tmpnam.o)
                0x000000000000b3f4                __sys_tmpnam
 .text.__sys_write
                0x000000000000b400        0xc /Applications/lpcxpresso_7.5.0_254/lpcxpresso/tools/bin/../lib/gcc/arm-none-eabi/4.8.4/../../../../arm-none-eabi/lib/armv7-m/libcr_semihost.a(__sys_write.o)
                0x000000000000b400                __write
                0x000000000000b400                __sys_write
 *(.rodata .rodata.* .constdata .constdata.*)
 .rodata        0x000000000000b40c       0xe4 ./src/GSM_3032.o
 .rodata        0x000000000000b4f0        0x4 ./src/fat_filelib.o
 .rodata        0x000000000000b4f4       0x48 ./src/fat_misc.o
 .rodata        0x000000000000b53c       0xb8 ./src/main.o
 .rodata        0x000000000000b5f4       0x18 /Users/wangjiadong/LPCXpresso/workspace/Lib_MCU/Debug/libLib_MCU.a(lpc17xx_uart.o)
 .rodata.str1.1
                0x000000000000b60c       0x34 /Applications/lpcxpresso_7.5.0_254/lpcxpresso/tools/bin/../lib/gcc/arm-none-eabi/4.8.4/../../../../arm-none-eabi/lib/armv7-m/libcr_c.a(fpprintf.o)
                                         0x35 (size before relaxing)
 .rodata.str1.1
                0x000000000000b640        0x4 /Applications/lpcxpresso_7.5.0_254/lpcxpresso/tools/bin/../lib/gcc/arm-none-eabi/4.8.4/../../../../arm-none-eabi/lib/armv7-m/libcr_c.a(initio.o)
 .rodata.str1.1
                0x000000000000b644       0x31 /Applications/lpcxpresso_7.5.0_254/lpcxpresso/tools/bin/../lib/gcc/arm-none-eabi/4.8.4/../../../../arm-none-eabi/lib/armv7-m/libcr_c.a(printf.o)
                                         0x38 (size before relaxing)
 *fill*         0x000000000000b675        0x3 
 .rodata.__huge_val
                0x000000000000b678        0x8 /Applications/lpcxpresso_7.5.0_254/lpcxpresso/tools/bin/../lib/gcc/arm-none-eabi/4.8.4/../../../../arm-none-eabi/lib/armv7-m/libcr_c.a(_hugeval.o)
                0x000000000000b678                __huge_val
 .rodata.__huge_vall
                0x000000000000b680        0x8 /Applications/lpcxpresso_7.5.0_254/lpcxpresso/tools/bin/../lib/gcc/arm-none-eabi/4.8.4/../../../../arm-none-eabi/lib/armv7-m/libcr_c.a(_hugeval.o)
                0x000000000000b680                __huge_vall
 .rodata.str1.1
                0x000000000000b688       0x18 /Applications/lpcxpresso_7.5.0_254/lpcxpresso/tools/bin/../lib/gcc/arm-none-eabi/4.8.4/../../../../arm-none-eabi/lib/armv7-m/libcr_c.a(alloc.o)
 .rodata.__ctype
                0x000000000000b6a0      0x180 /Applications/lpcxpresso_7.5.0_254/lpcxpresso/tools/bin/../lib/gcc/arm-none-eabi/4.8.4/../../../../arm-none-eabi/lib/armv7-m/libcr_c.a(ctype.o)
                0x000000000000b6a0                __ctype
                0x000000000000b820                . = ALIGN (0x4)

.glue_7         0x000000000000b820        0x0
 .glue_7        0x0000000000000000        0x0 linker stubs

.glue_7t        0x000000000000b820        0x0
 .glue_7t       0x0000000000000000        0x0 linker stubs

.vfp11_veneer   0x000000000000b820        0x0
 .vfp11_veneer  0x0000000000000000        0x0 linker stubs

.v4_bx          0x000000000000b820        0x0
 .v4_bx         0x0000000000000000        0x0 linker stubs

.iplt           0x000000000000b820        0x0
 .iplt          0x0000000000000000        0x0 ./src/Bluetooth_3032.o

.rel.dyn        0x000000000000b820        0x0
 .rel.iplt      0x0000000000000000        0x0 ./src/Bluetooth_3032.o

.ARM.extab
 *(.ARM.extab* .gnu.linkonce.armextab.*)
                0x000000000000b820                __exidx_start = .

.ARM.exidx
 *(.ARM.exidx* .gnu.linkonce.armexidx.*)
                0x000000000000b820                __exidx_end = .
                0x000000000000b820                _etext = .

.data_RAM2      0x000000002007c000        0x0 load address 0x000000000000b820
 FILL mask 0xff
 *(.ramfunc.$RAM2)
 *(.ramfunc.$RamAHB32)
 *(.data.$RAM2*)
 *(.data.$RamAHB32*)
                0x000000002007c000                . = ALIGN (0x4)

.uninit_RESERVED
                0x0000000010000000        0x0
 *(.bss.$RESERVED*)
                0x0000000010000000                . = ALIGN (0x4)
                0x0000000010000000                _end_uninit_RESERVED = .

.data           0x0000000010000000      0x99c load address 0x000000000000b820
 FILL mask 0xff
                0x0000000010000000                _data = .
 *(vtable)
 *(.ramfunc*)
 *(.data*)
 .data.str      0x0000000010000000       0xc8 ./src/main.o
                0x0000000010000000                str
 .data.str_gsm  0x00000000100000c8      0x400 ./src/main.o
                0x00000000100000c8                str_gsm
 .data.response_last_gsm
                0x00000000100004c8      0x400 ./src/main.o
                0x00000000100004c8                response_last_gsm
 .data.str_bt   0x00000000100008c8       0xc8 ./src/main.o
                0x00000000100008c8                str_bt
 .data          0x0000000010000990        0x4 /Users/wangjiadong/LPCXpresso/workspace/Lib_CMSISv1p30_LPC17xx/Debug/libCMSISv1p30_LPC17xx.a(system_LPC17xx.o)
                0x0000000010000990                SystemCoreClock
 .data.neginf.4355
                0x0000000010000994        0x4 /Applications/lpcxpresso_7.5.0_254/lpcxpresso/tools/bin/../lib/gcc/arm-none-eabi/4.8.4/../../../../arm-none-eabi/lib/armv7-m/libcr_c.a(scanf.o)
 .data.posinf.4354
                0x0000000010000998        0x4 /Applications/lpcxpresso_7.5.0_254/lpcxpresso/tools/bin/../lib/gcc/arm-none-eabi/4.8.4/../../../../arm-none-eabi/lib/armv7-m/libcr_c.a(scanf.o)
                0x000000001000099c                . = ALIGN (0x4)
                0x000000001000099c                _edata = .

.igot.plt       0x000000001000099c        0x0 load address 0x000000000000c1bc
 .igot.plt      0x0000000000000000        0x0 ./src/Bluetooth_3032.o

.bss_RAM2       0x000000002007c000        0x0
 *(.bss.$RAM2*)
 *(.bss.$RamAHB32*)
                0x000000002007c000                . = ALIGN (0x4)

.bss            0x00000000100009a0     0x1250
                0x00000000100009a0                _bss = .
 *(.bss*)
 .bss._files    0x00000000100009a0      0x888 ./src/fat_filelib.o
 .bss._filelib_init
                0x0000000010001228        0x4 ./src/fat_filelib.o
 .bss._filelib_valid
                0x000000001000122c        0x4 ./src/fat_filelib.o
 .bss._fs       0x0000000010001230      0x464 ./src/fat_filelib.o
 .bss._open_file_list
                0x0000000010001694        0x8 ./src/fat_filelib.o
 .bss._free_file_list
                0x000000001000169c        0x8 ./src/fat_filelib.o
 .bss.Timer     0x00000000100016a4        0x4 ./src/main.o
                0x00000000100016a4                Timer
 .bss.latitude  0x00000000100016a8        0x8 ./src/main.o
                0x00000000100016a8                latitude
 .bss.longitude
                0x00000000100016b0        0x8 ./src/main.o
                0x00000000100016b0                longitude
 .bss.velocity  0x00000000100016b8        0x8 ./src/main.o
                0x00000000100016b8                velocity
 .bss.date      0x00000000100016c0        0x4 ./src/main.o
                0x00000000100016c0                date
 .bss.time      0x00000000100016c4        0x4 ./src/main.o
                0x00000000100016c4                time
 .bss.empty_value
                0x00000000100016c8        0x4 ./src/main.o
                0x00000000100016c8                empty_value
 .bss.steps_num
                0x00000000100016cc        0x4 ./src/main.o
                0x00000000100016cc                steps_num
 .bss.num       0x00000000100016d0        0x4 ./src/main.o
                0x00000000100016d0                num
 .bss.num_gsm   0x00000000100016d4        0x4 ./src/main.o
                0x00000000100016d4                num_gsm
 .bss.response_num_gsm
                0x00000000100016d8        0x4 ./src/main.o
                0x00000000100016d8                response_num_gsm
 .bss.BT_CMD    0x00000000100016dc        0x4 ./src/main.o
                0x00000000100016dc                BT_CMD
 .bss.SLEEP_STATUS
                0x00000000100016e0        0x4 ./src/main.o
                0x00000000100016e0                SLEEP_STATUS
 .bss.sleep_counter
                0x00000000100016e4        0x4 ./src/main.o
                0x00000000100016e4                sleep_counter
 .bss.emergency_counter
                0x00000000100016e8        0x4 ./src/main.o
                0x00000000100016e8                emergency_counter
 .bss.button_pressed
                0x00000000100016ec        0x4 ./src/main.o
                0x00000000100016ec                button_pressed
 .bss.emergency_status
                0x00000000100016f0        0x4 ./src/main.o
                0x00000000100016f0                emergency_status
 *fill*         0x00000000100016f4        0x4 
 .bss.load_array
                0x00000000100016f8      0x320 ./src/main.o
                0x00000000100016f8                load_array
 .bss.load_array_position
                0x0000000010001a18        0x4 ./src/main.o
                0x0000000010001a18                load_array_position
 *fill*         0x0000000010001a1c        0x4 
 .bss.avg_load  0x0000000010001a20        0x8 ./src/main.o
                0x0000000010001a20                avg_load
 .bss.max_load  0x0000000010001a28        0x8 ./src/main.o
                0x0000000010001a28                max_load
 .bss.min_load  0x0000000010001a30        0x8 ./src/main.o
                0x0000000010001a30                min_load
 .bss.std_load  0x0000000010001a38        0x8 ./src/main.o
                0x0000000010001a38                std_load
 .bss.body_status
                0x0000000010001a40        0x4 ./src/main.o
                0x0000000010001a40                body_status
 *fill*         0x0000000010001a44        0x4 
 .bss.accuracy  0x0000000010001a48        0x8 ./src/main.o
                0x0000000010001a48                accuracy
 .bss.weight    0x0000000010001a50        0x8 ./src/main.o
                0x0000000010001a50                weight
 .bss.num_bt    0x0000000010001a58        0x4 ./src/main.o
                0x0000000010001a58                num_bt
 .bss.GPS_timer
                0x0000000010001a5c        0x4 ./src/main.o
                0x0000000010001a5c                GPS_timer
 .bss.ticks.6001
                0x0000000010001a60        0x4 ./src/main.o
 .bss.Timer1    0x0000000010001a64        0x4 ./src/sd.o
 .bss.Timer2    0x0000000010001a68        0x4 ./src/sd.o
 .bss.errno     0x0000000010001a6c        0x4 /Applications/lpcxpresso_7.5.0_254/lpcxpresso/tools/bin/../lib/gcc/arm-none-eabi/4.8.4/../../../../arm-none-eabi/lib/armv7-m/libcr_c.a(errno.o)
                0x0000000010001a6c                errno
 *(COMMON)
 COMMON         0x0000000010001a70       0x34 ./src/sd.o
                0x0000000010001a70                CardType
                0x0000000010001a74                CardConfig
 COMMON         0x0000000010001aa4        0x4 /Applications/lpcxpresso_7.5.0_254/lpcxpresso/tools/bin/../lib/gcc/arm-none-eabi/4.8.4/../../../../arm-none-eabi/lib/armv7-m/libcr_c.a(initio.o)
                0x0000000010001aa4                _extra
 COMMON         0x0000000010001aa8      0x140 /Applications/lpcxpresso_7.5.0_254/lpcxpresso/tools/bin/../lib/gcc/arm-none-eabi/4.8.4/../../../../arm-none-eabi/lib/armv7-m/libcr_c.a(stdio.o)
                0x0000000010001aa8                __Ciob
 COMMON         0x0000000010001be8        0x8 /Applications/lpcxpresso_7.5.0_254/lpcxpresso/tools/bin/../lib/gcc/arm-none-eabi/4.8.4/../../../../arm-none-eabi/lib/armv7-m/libcr_c.a(__init_alloc.o)
                0x0000000010001be8                __heaps
                0x0000000010001bec                __end_of_heap
                0x0000000010001bf0                . = ALIGN (0x4)
                0x0000000010001bf0                _ebss = .
                0x0000000010001bf0                PROVIDE (end, .)

.noinit_RAM2    0x000000002007c000        0x0
 *(.noinit.$RAM2*)
 *(.noinit.$RamAHB32*)
                0x000000002007c000                . = ALIGN (0x4)

.noinit         0x0000000010001bf0        0x0
                0x0000000010001bf0                _noinit = .
 *(.noinit*)
                0x0000000010001bf0                . = ALIGN (0x4)
                0x0000000010001bf0                _end_noinit = .
                0x0000000010001bf0                PROVIDE (_pvHeapStart, DEFINED (__user_heap_base)?__user_heap_base:.)
                0x0000000010008000                PROVIDE (_vStackTop, DEFINED (__user_stack_top)?__user_stack_top:(__top_RamLoc32 - 0x0))
OUTPUT(LPC1769_CMSIS_MCU_blinky.axf elf32-littlearm)

.debug_info     0x0000000000000000     0xad70
 .debug_info    0x0000000000000000      0x6c8 ./src/Bluetooth_3032.o
 .debug_info    0x00000000000006c8      0x43c ./src/GPS_3032.o
 .debug_info    0x0000000000000b04      0x97a ./src/GSM_3032.o
 .debug_info    0x000000000000147e      0x584 ./src/Load_3032.o
 .debug_info    0x0000000000001a02      0x5b3 ./src/Temp_3032.o
 .debug_info    0x0000000000001fb5      0x2be ./src/cr_startup_lpc176x.o
 .debug_info    0x0000000000002273      0xb2e ./src/fat_access.o
 .debug_info    0x0000000000002da1      0x66c ./src/fat_cache.o
 .debug_info    0x000000000000340d     0x1303 ./src/fat_filelib.o
 .debug_info    0x0000000000004710      0x61d ./src/fat_misc.o
 .debug_info    0x0000000000004d2d      0x4c4 ./src/fat_string.o
 .debug_info    0x00000000000051f1      0x67e ./src/fat_table.o
 .debug_info    0x000000000000586f      0x654 ./src/fat_write.o
 .debug_info    0x0000000000005ec3     0x15ff ./src/main.o
 .debug_info    0x00000000000074c2      0x4d5 ./src/sd.o
 .debug_info    0x0000000000007997      0x811 ./src/spi.o
 .debug_info    0x00000000000081a8      0x2e3 /Users/wangjiadong/LPCXpresso/workspace/Lib_CMSISv1p30_LPC17xx/Debug/libCMSISv1p30_LPC17xx.a(system_LPC17xx.o)
 .debug_info    0x000000000000848b      0xac9 /Users/wangjiadong/LPCXpresso/workspace/Lib_MCU/Debug/libLib_MCU.a(lpc17xx_gpio.o)
 .debug_info    0x0000000000008f54      0x44a /Users/wangjiadong/LPCXpresso/workspace/Lib_MCU/Debug/libLib_MCU.a(lpc17xx_pinsel.o)
 .debug_info    0x000000000000939e     0x1381 /Users/wangjiadong/LPCXpresso/workspace/Lib_MCU/Debug/libLib_MCU.a(lpc17xx_uart.o)
 .debug_info    0x000000000000a71f      0x58c /Users/wangjiadong/LPCXpresso/workspace/Lib_MCU/Debug/libLib_MCU.a(lpc17xx_clkpwr.o)
 .debug_info    0x000000000000acab       0xc5 /Users/wangjiadong/LPCXpresso/workspace/Lib_MCU/Debug/libLib_MCU.a(lpc17xx_libcfg_default.o)

.debug_abbrev   0x0000000000000000     0x2534
 .debug_abbrev  0x0000000000000000      0x1e4 ./src/Bluetooth_3032.o
 .debug_abbrev  0x00000000000001e4      0x151 ./src/GPS_3032.o
 .debug_abbrev  0x0000000000000335      0x246 ./src/GSM_3032.o
 .debug_abbrev  0x000000000000057b      0x11e ./src/Load_3032.o
 .debug_abbrev  0x0000000000000699      0x138 ./src/Temp_3032.o
 .debug_abbrev  0x00000000000007d1      0x12b ./src/cr_startup_lpc176x.o
 .debug_abbrev  0x00000000000008fc      0x1f0 ./src/fat_access.o
 .debug_abbrev  0x0000000000000aec      0x1a1 ./src/fat_cache.o
 .debug_abbrev  0x0000000000000c8d      0x268 ./src/fat_filelib.o
 .debug_abbrev  0x0000000000000ef5      0x1ca ./src/fat_misc.o
 .debug_abbrev  0x00000000000010bf      0x15b ./src/fat_string.o
 .debug_abbrev  0x000000000000121a      0x1fb ./src/fat_table.o
 .debug_abbrev  0x0000000000001415      0x1ad ./src/fat_write.o
 .debug_abbrev  0x00000000000015c2      0x3bc ./src/main.o
 .debug_abbrev  0x000000000000197e      0x1a1 ./src/sd.o
 .debug_abbrev  0x0000000000001b1f      0x1a3 ./src/spi.o
 .debug_abbrev  0x0000000000001cc2       0xe6 /Users/wangjiadong/LPCXpresso/workspace/Lib_CMSISv1p30_LPC17xx/Debug/libCMSISv1p30_LPC17xx.a(system_LPC17xx.o)
 .debug_abbrev  0x0000000000001da8      0x193 /Users/wangjiadong/LPCXpresso/workspace/Lib_MCU/Debug/libLib_MCU.a(lpc17xx_gpio.o)
 .debug_abbrev  0x0000000000001f3b      0x129 /Users/wangjiadong/LPCXpresso/workspace/Lib_MCU/Debug/libLib_MCU.a(lpc17xx_pinsel.o)
 .debug_abbrev  0x0000000000002064      0x2a8 /Users/wangjiadong/LPCXpresso/workspace/Lib_MCU/Debug/libLib_MCU.a(lpc17xx_uart.o)
 .debug_abbrev  0x000000000000230c      0x1bc /Users/wangjiadong/LPCXpresso/workspace/Lib_MCU/Debug/libLib_MCU.a(lpc17xx_clkpwr.o)
 .debug_abbrev  0x00000000000024c8       0x6c /Users/wangjiadong/LPCXpresso/workspace/Lib_MCU/Debug/libLib_MCU.a(lpc17xx_libcfg_default.o)

.debug_aranges  0x0000000000000000      0xad0
 .debug_aranges
                0x0000000000000000       0x40 ./src/Bluetooth_3032.o
 .debug_aranges
                0x0000000000000040       0x40 ./src/GPS_3032.o
 .debug_aranges
                0x0000000000000080       0x60 ./src/GSM_3032.o
 .debug_aranges
                0x00000000000000e0       0x38 ./src/Load_3032.o
 .debug_aranges
                0x0000000000000118       0x30 ./src/Temp_3032.o
 .debug_aranges
                0x0000000000000148       0x80 ./src/cr_startup_lpc176x.o
 .debug_aranges
                0x00000000000001c8       0x90 ./src/fat_access.o
 .debug_aranges
                0x0000000000000258       0x70 ./src/fat_cache.o
 .debug_aranges
                0x00000000000002c8      0x168 ./src/fat_filelib.o
 .debug_aranges
                0x0000000000000430       0x90 ./src/fat_misc.o
 .debug_aranges
                0x00000000000004c0       0x70 ./src/fat_string.o
 .debug_aranges
                0x0000000000000530       0x70 ./src/fat_table.o
 .debug_aranges
                0x00000000000005a0       0x38 ./src/fat_write.o
 .debug_aranges
                0x00000000000005d8      0x160 ./src/main.o
 .debug_aranges
                0x0000000000000738       0x68 ./src/sd.o
 .debug_aranges
                0x00000000000007a0       0x48 ./src/spi.o
 .debug_aranges
                0x00000000000007e8       0x28 /Users/wangjiadong/LPCXpresso/workspace/Lib_CMSISv1p30_LPC17xx/Debug/libCMSISv1p30_LPC17xx.a(system_LPC17xx.o)
 .debug_aranges
                0x0000000000000810       0xc8 /Users/wangjiadong/LPCXpresso/workspace/Lib_MCU/Debug/libLib_MCU.a(lpc17xx_gpio.o)
 .debug_aranges
                0x00000000000008d8       0x48 /Users/wangjiadong/LPCXpresso/workspace/Lib_MCU/Debug/libLib_MCU.a(lpc17xx_pinsel.o)
 .debug_aranges
                0x0000000000000920      0x130 /Users/wangjiadong/LPCXpresso/workspace/Lib_MCU/Debug/libLib_MCU.a(lpc17xx_uart.o)
 .debug_aranges
                0x0000000000000a50       0x60 /Users/wangjiadong/LPCXpresso/workspace/Lib_MCU/Debug/libLib_MCU.a(lpc17xx_clkpwr.o)
 .debug_aranges
                0x0000000000000ab0       0x20 /Users/wangjiadong/LPCXpresso/workspace/Lib_MCU/Debug/libLib_MCU.a(lpc17xx_libcfg_default.o)

.debug_ranges   0x0000000000000000      0x988
 .debug_ranges  0x0000000000000000       0x30 ./src/Bluetooth_3032.o
 .debug_ranges  0x0000000000000030       0x30 ./src/GPS_3032.o
 .debug_ranges  0x0000000000000060       0x50 ./src/GSM_3032.o
 .debug_ranges  0x00000000000000b0       0x28 ./src/Load_3032.o
 .debug_ranges  0x00000000000000d8       0x20 ./src/Temp_3032.o
 .debug_ranges  0x00000000000000f8       0x70 ./src/cr_startup_lpc176x.o
 .debug_ranges  0x0000000000000168       0x80 ./src/fat_access.o
 .debug_ranges  0x00000000000001e8       0x60 ./src/fat_cache.o
 .debug_ranges  0x0000000000000248      0x170 ./src/fat_filelib.o
 .debug_ranges  0x00000000000003b8       0x80 ./src/fat_misc.o
 .debug_ranges  0x0000000000000438       0x60 ./src/fat_string.o
 .debug_ranges  0x0000000000000498       0x60 ./src/fat_table.o
 .debug_ranges  0x00000000000004f8       0x28 ./src/fat_write.o
 .debug_ranges  0x0000000000000520      0x150 ./src/main.o
 .debug_ranges  0x0000000000000670       0x58 ./src/sd.o
 .debug_ranges  0x00000000000006c8       0x38 ./src/spi.o
 .debug_ranges  0x0000000000000700       0x18 /Users/wangjiadong/LPCXpresso/workspace/Lib_CMSISv1p30_LPC17xx/Debug/libCMSISv1p30_LPC17xx.a(system_LPC17xx.o)
 .debug_ranges  0x0000000000000718       0xb8 /Users/wangjiadong/LPCXpresso/workspace/Lib_MCU/Debug/libLib_MCU.a(lpc17xx_gpio.o)
 .debug_ranges  0x00000000000007d0       0x38 /Users/wangjiadong/LPCXpresso/workspace/Lib_MCU/Debug/libLib_MCU.a(lpc17xx_pinsel.o)
 .debug_ranges  0x0000000000000808      0x120 /Users/wangjiadong/LPCXpresso/workspace/Lib_MCU/Debug/libLib_MCU.a(lpc17xx_uart.o)
 .debug_ranges  0x0000000000000928       0x50 /Users/wangjiadong/LPCXpresso/workspace/Lib_MCU/Debug/libLib_MCU.a(lpc17xx_clkpwr.o)
 .debug_ranges  0x0000000000000978       0x10 /Users/wangjiadong/LPCXpresso/workspace/Lib_MCU/Debug/libLib_MCU.a(lpc17xx_libcfg_default.o)

.debug_macro    0x0000000000000000     0x5ad5
 .debug_macro   0x0000000000000000       0xb3 ./src/Bluetooth_3032.o
 .debug_macro   0x00000000000000b3      0x856 ./src/Bluetooth_3032.o
 .debug_macro   0x0000000000000909       0x1c ./src/Bluetooth_3032.o
 .debug_macro   0x0000000000000925       0x22 ./src/Bluetooth_3032.o
 .debug_macro   0x0000000000000947       0x10 ./src/Bluetooth_3032.o
 .debug_macro   0x0000000000000957      0x12d ./src/Bluetooth_3032.o
 .debug_macro   0x0000000000000a84      0x5b2 ./src/Bluetooth_3032.o
 .debug_macro   0x0000000000001036      0x7b7 ./src/Bluetooth_3032.o
 .debug_macro   0x00000000000017ed      0x2c7 ./src/Bluetooth_3032.o
 .debug_macro   0x0000000000001ab4       0x63 ./src/Bluetooth_3032.o
 .debug_macro   0x0000000000001b17      0x143 ./src/Bluetooth_3032.o
 .debug_macro   0x0000000000001c5a       0x46 ./src/Bluetooth_3032.o
 .debug_macro   0x0000000000001ca0      0x32a ./src/Bluetooth_3032.o
 .debug_macro   0x0000000000001fca       0x9a ./src/Bluetooth_3032.o
 .debug_macro   0x0000000000002064       0xb1 ./src/GPS_3032.o
 .debug_macro   0x0000000000002115       0xc9 ./src/GSM_3032.o
 .debug_macro   0x00000000000021de       0xbc ./src/Load_3032.o
 .debug_macro   0x000000000000229a       0x4c ./src/Load_3032.o
 .debug_macro   0x00000000000022e6       0xb6 ./src/Temp_3032.o
 .debug_macro   0x000000000000239c       0x34 ./src/Temp_3032.o
 .debug_macro   0x00000000000023d0       0x52 ./src/cr_startup_lpc176x.o
 .debug_macro   0x0000000000002422      0x85c ./src/cr_startup_lpc176x.o
 .debug_macro   0x0000000000002c7e       0x9c ./src/fat_access.o
 .debug_macro   0x0000000000002d1a       0x52 ./src/fat_access.o
 .debug_macro   0x0000000000002d6c       0x2e ./src/fat_access.o
 .debug_macro   0x0000000000002d9a      0x1ae ./src/fat_access.o
 .debug_macro   0x0000000000002f48       0x3a ./src/fat_access.o
 .debug_macro   0x0000000000002f82       0x2e ./src/fat_access.o
 .debug_macro   0x0000000000002fb0       0x8f ./src/fat_cache.o
 .debug_macro   0x000000000000303f       0x3a ./src/fat_cache.o
 .debug_macro   0x0000000000003079       0x40 ./src/fat_cache.o
 .debug_macro   0x00000000000030b9       0xe5 ./src/fat_filelib.o
 .debug_macro   0x000000000000319e       0x28 ./src/fat_filelib.o
 .debug_macro   0x00000000000031c6       0x7a ./src/fat_misc.o
 .debug_macro   0x0000000000003240       0x28 ./src/fat_misc.o
 .debug_macro   0x0000000000003268       0x50 ./src/fat_string.o
 .debug_macro   0x00000000000032b8       0x16 ./src/fat_string.o
 .debug_macro   0x00000000000032ce       0x9c ./src/fat_table.o
 .debug_macro   0x000000000000336a       0x9c ./src/fat_write.o
 .debug_macro   0x0000000000003406      0x14d ./src/main.o
 .debug_macro   0x0000000000003553       0x52 ./src/main.o
 .debug_macro   0x00000000000035a5       0x34 ./src/main.o
 .debug_macro   0x00000000000035d9       0x28 ./src/main.o
 .debug_macro   0x0000000000003601       0x28 ./src/main.o
 .debug_macro   0x0000000000003629       0x1c ./src/main.o
 .debug_macro   0x0000000000003645       0xc4 ./src/main.o
 .debug_macro   0x0000000000003709      0x12e ./src/sd.o
 .debug_macro   0x0000000000003837       0x1c ./src/sd.o
 .debug_macro   0x0000000000003853      0x2c7 ./src/sd.o
 .debug_macro   0x0000000000003b1a       0x10 ./src/sd.o
 .debug_macro   0x0000000000003b2a       0x3a ./src/sd.o
 .debug_macro   0x0000000000003b64       0x95 ./src/spi.o
 .debug_macro   0x0000000000003bf9      0x113 /Users/wangjiadong/LPCXpresso/workspace/Lib_CMSISv1p30_LPC17xx/Debug/libCMSISv1p30_LPC17xx.a(system_LPC17xx.o)
 .debug_macro   0x0000000000003d0c      0x850 /Users/wangjiadong/LPCXpresso/workspace/Lib_CMSISv1p30_LPC17xx/Debug/libCMSISv1p30_LPC17xx.a(system_LPC17xx.o)
 .debug_macro   0x000000000000455c      0x7d5 /Users/wangjiadong/LPCXpresso/workspace/Lib_CMSISv1p30_LPC17xx/Debug/libCMSISv1p30_LPC17xx.a(system_LPC17xx.o)
 .debug_macro   0x0000000000004d31       0x83 /Users/wangjiadong/LPCXpresso/workspace/Lib_MCU/Debug/libLib_MCU.a(lpc17xx_gpio.o)
 .debug_macro   0x0000000000004db4       0x40 /Users/wangjiadong/LPCXpresso/workspace/Lib_MCU/Debug/libLib_MCU.a(lpc17xx_gpio.o)
 .debug_macro   0x0000000000004df4       0xcb /Users/wangjiadong/LPCXpresso/workspace/Lib_MCU/Debug/libLib_MCU.a(lpc17xx_gpio.o)
 .debug_macro   0x0000000000004ebf       0x7a /Users/wangjiadong/LPCXpresso/workspace/Lib_MCU/Debug/libLib_MCU.a(lpc17xx_pinsel.o)
 .debug_macro   0x0000000000004f39       0x8c /Users/wangjiadong/LPCXpresso/workspace/Lib_MCU/Debug/libLib_MCU.a(lpc17xx_uart.o)
 .debug_macro   0x0000000000004fc5      0x324 /Users/wangjiadong/LPCXpresso/workspace/Lib_MCU/Debug/libLib_MCU.a(lpc17xx_uart.o)
 .debug_macro   0x00000000000052e9      0x2fe /Users/wangjiadong/LPCXpresso/workspace/Lib_MCU/Debug/libLib_MCU.a(lpc17xx_uart.o)
 .debug_macro   0x00000000000055e7       0x7a /Users/wangjiadong/LPCXpresso/workspace/Lib_MCU/Debug/libLib_MCU.a(lpc17xx_clkpwr.o)
 .debug_macro   0x0000000000005661      0x2f8 /Users/wangjiadong/LPCXpresso/workspace/Lib_MCU/Debug/libLib_MCU.a(lpc17xx_clkpwr.o)
 .debug_macro   0x0000000000005959       0x5a /Users/wangjiadong/LPCXpresso/workspace/Lib_MCU/Debug/libLib_MCU.a(lpc17xx_libcfg_default.o)
 .debug_macro   0x00000000000059b3       0x5d /Users/wangjiadong/LPCXpresso/workspace/Lib_MCU/Debug/libLib_MCU.a(lpc17xx_libcfg_default.o)
 .debug_macro   0x0000000000005a10       0xc5 /Users/wangjiadong/LPCXpresso/workspace/Lib_MCU/Debug/libLib_MCU.a(lpc17xx_libcfg_default.o)

.debug_line     0x0000000000000000     0x5266
 .debug_line    0x0000000000000000      0x28e ./src/Bluetooth_3032.o
 .debug_line    0x000000000000028e      0x2b6 ./src/GPS_3032.o
 .debug_line    0x0000000000000544      0x361 ./src/GSM_3032.o
 .debug_line    0x00000000000008a5      0x2c0 ./src/Load_3032.o
 .debug_line    0x0000000000000b65      0x299 ./src/Temp_3032.o
 .debug_line    0x0000000000000dfe      0x1bf ./src/cr_startup_lpc176x.o
 .debug_line    0x0000000000000fbd      0x473 ./src/fat_access.o
 .debug_line    0x0000000000001430      0x295 ./src/fat_cache.o
 .debug_line    0x00000000000016c5      0x989 ./src/fat_filelib.o
 .debug_line    0x000000000000204e      0x3d4 ./src/fat_misc.o
 .debug_line    0x0000000000002422      0x3a3 ./src/fat_string.o
 .debug_line    0x00000000000027c5      0x373 ./src/fat_table.o
 .debug_line    0x0000000000002b38      0x2cb ./src/fat_write.o
 .debug_line    0x0000000000002e03      0x94c ./src/main.o
 .debug_line    0x000000000000374f      0x464 ./src/sd.o
 .debug_line    0x0000000000003bb3      0x23a ./src/spi.o
 .debug_line    0x0000000000003ded      0x201 /Users/wangjiadong/LPCXpresso/workspace/Lib_CMSISv1p30_LPC17xx/Debug/libCMSISv1p30_LPC17xx.a(system_LPC17xx.o)
 .debug_line    0x0000000000003fee      0x3d9 /Users/wangjiadong/LPCXpresso/workspace/Lib_MCU/Debug/libLib_MCU.a(lpc17xx_gpio.o)
 .debug_line    0x00000000000043c7      0x255 /Users/wangjiadong/LPCXpresso/workspace/Lib_MCU/Debug/libLib_MCU.a(lpc17xx_pinsel.o)
 .debug_line    0x000000000000461c      0x817 /Users/wangjiadong/LPCXpresso/workspace/Lib_MCU/Debug/libLib_MCU.a(lpc17xx_uart.o)
 .debug_line    0x0000000000004e33      0x2b4 /Users/wangjiadong/LPCXpresso/workspace/Lib_MCU/Debug/libLib_MCU.a(lpc17xx_clkpwr.o)
 .debug_line    0x00000000000050e7      0x17f /Users/wangjiadong/LPCXpresso/workspace/Lib_MCU/Debug/libLib_MCU.a(lpc17xx_libcfg_default.o)

.debug_str      0x0000000000000000     0xff6e
 .debug_str     0x0000000000000000     0xa15d ./src/Bluetooth_3032.o
                                       0xa1fb (size before relaxing)
 .debug_str     0x000000000000a15d       0x49 ./src/GPS_3032.o
                                       0x9fc1 (size before relaxing)
 .debug_str     0x000000000000a1a6      0x133 ./src/GSM_3032.o
                                       0xa2e5 (size before relaxing)
 .debug_str     0x000000000000a2d9      0x39a ./src/Load_3032.o
                                       0xa112 (size before relaxing)
 .debug_str     0x000000000000a673       0x5b ./src/Temp_3032.o
                                       0xa0f5 (size before relaxing)
 .debug_str     0x000000000000a6ce      0x2a8 ./src/cr_startup_lpc176x.o
                                       0x3d47 (size before relaxing)
 .debug_str     0x000000000000a976     0x10a2 ./src/fat_access.o
                                       0x3ab3 (size before relaxing)
 .debug_str     0x000000000000ba18      0x3d5 ./src/fat_cache.o
                                       0x3898 (size before relaxing)
 .debug_str     0x000000000000bded      0x3ef ./src/fat_filelib.o
                                       0x4025 (size before relaxing)
 .debug_str     0x000000000000c1dc      0x1de ./src/fat_misc.o
                                       0x3762 (size before relaxing)
 .debug_str     0x000000000000c3ba      0x25e ./src/fat_string.o
                                       0x2c1a (size before relaxing)
 .debug_str     0x000000000000c618      0x2de ./src/fat_table.o
                                       0x3a59 (size before relaxing)
 .debug_str     0x000000000000c8f6      0x127 ./src/fat_write.o
                                       0x394a (size before relaxing)
 .debug_str     0x000000000000ca1d      0xac4 ./src/main.o
                                       0xb8db (size before relaxing)
 .debug_str     0x000000000000d4e1      0x3f2 ./src/sd.o
                                       0x7fac (size before relaxing)
 .debug_str     0x000000000000d8d3      0x26c ./src/spi.o
                                       0x802d (size before relaxing)
 .debug_str     0x000000000000db3f      0x3b7 /Users/wangjiadong/LPCXpresso/workspace/Lib_CMSISv1p30_LPC17xx/Debug/libCMSISv1p30_LPC17xx.a(system_LPC17xx.o)
                                       0x7f0d (size before relaxing)
 .debug_str     0x000000000000def6      0x3a5 /Users/wangjiadong/LPCXpresso/workspace/Lib_MCU/Debug/libLib_MCU.a(lpc17xx_gpio.o)
                                       0x8360 (size before relaxing)
 .debug_str     0x000000000000e29b      0x121 /Users/wangjiadong/LPCXpresso/workspace/Lib_MCU/Debug/libLib_MCU.a(lpc17xx_pinsel.o)
                                       0x83a4 (size before relaxing)
 .debug_str     0x000000000000e3bc     0x1aba /Users/wangjiadong/LPCXpresso/workspace/Lib_MCU/Debug/libLib_MCU.a(lpc17xx_uart.o)
                                       0xb272 (size before relaxing)
 .debug_str     0x000000000000fe76       0xcb /Users/wangjiadong/LPCXpresso/workspace/Lib_MCU/Debug/libLib_MCU.a(lpc17xx_clkpwr.o)
                                       0x9101 (size before relaxing)
 .debug_str     0x000000000000ff41       0x2d /Users/wangjiadong/LPCXpresso/workspace/Lib_MCU/Debug/libLib_MCU.a(lpc17xx_libcfg_default.o)
                                       0x3e39 (size before relaxing)

.comment        0x0000000000000000       0xe0
 .comment       0x0000000000000000       0x70 ./src/Bluetooth_3032.o
                                         0x71 (size before relaxing)
 .comment       0x0000000000000000       0x71 ./src/GPS_3032.o
 .comment       0x0000000000000000       0x71 ./src/GSM_3032.o
 .comment       0x0000000000000000       0x71 ./src/Load_3032.o
 .comment       0x0000000000000000       0x71 ./src/Temp_3032.o
 .comment       0x0000000000000000       0x71 ./src/cr_startup_lpc176x.o
 .comment       0x0000000000000000       0x71 ./src/fat_access.o
 .comment       0x0000000000000000       0x71 ./src/fat_cache.o
 .comment       0x0000000000000000       0x71 ./src/fat_filelib.o
 .comment       0x0000000000000000       0x71 ./src/fat_misc.o
 .comment       0x0000000000000000       0x71 ./src/fat_string.o
 .comment       0x0000000000000000       0x71 ./src/fat_table.o
 .comment       0x0000000000000000       0x71 ./src/fat_write.o
 .comment       0x0000000000000000       0x71 ./src/main.o
 .comment       0x0000000000000000       0x71 ./src/sd.o
 .comment       0x0000000000000000       0x71 ./src/spi.o
 .comment       0x0000000000000000       0x71 /Users/wangjiadong/LPCXpresso/workspace/Lib_CMSISv1p30_LPC17xx/Debug/libCMSISv1p30_LPC17xx.a(system_LPC17xx.o)
 .comment       0x0000000000000000       0x71 /Users/wangjiadong/LPCXpresso/workspace/Lib_MCU/Debug/libLib_MCU.a(lpc17xx_gpio.o)
 .comment       0x0000000000000000       0x71 /Users/wangjiadong/LPCXpresso/workspace/Lib_MCU/Debug/libLib_MCU.a(lpc17xx_pinsel.o)
 .comment       0x0000000000000000       0x71 /Users/wangjiadong/LPCXpresso/workspace/Lib_MCU/Debug/libLib_MCU.a(lpc17xx_uart.o)
 .comment       0x0000000000000000       0x71 /Users/wangjiadong/LPCXpresso/workspace/Lib_MCU/Debug/libLib_MCU.a(lpc17xx_clkpwr.o)
 .comment       0x0000000000000000       0x71 /Users/wangjiadong/LPCXpresso/workspace/Lib_MCU/Debug/libLib_MCU.a(lpc17xx_libcfg_default.o)
 .comment       0x0000000000000070       0x70 /Applications/lpcxpresso_7.5.0_254/lpcxpresso/tools/bin/../lib/gcc/arm-none-eabi/4.8.4/../../../../arm-none-eabi/lib/armv7-m/libcr_semihost.a(_cr__main.o)
                                         0x71 (size before relaxing)
 .comment       0x0000000000000000       0x71 /Applications/lpcxpresso_7.5.0_254/lpcxpresso/tools/bin/../lib/gcc/arm-none-eabi/4.8.4/../../../../arm-none-eabi/lib/armv7-m/libcr_c.a(memcpy.o)
 .comment       0x0000000000000000       0x71 /Applications/lpcxpresso_7.5.0_254/lpcxpresso/tools/bin/../lib/gcc/arm-none-eabi/4.8.4/../../../../arm-none-eabi/lib/armv7-m/libcr_c.a(memset.o)
 .comment       0x0000000000000000       0x71 /Applications/lpcxpresso_7.5.0_254/lpcxpresso/tools/bin/../lib/gcc/arm-none-eabi/4.8.4/../../../../arm-none-eabi/lib/armv7-m/libcr_c.a(floor.o)
 .comment       0x0000000000000000       0x71 /Applications/lpcxpresso_7.5.0_254/lpcxpresso/tools/bin/../lib/gcc/arm-none-eabi/4.8.4/../../../../arm-none-eabi/lib/armv7-m/libcr_c.a(fpprintf.o)
 .comment       0x0000000000000000       0x71 /Applications/lpcxpresso_7.5.0_254/lpcxpresso/tools/bin/../lib/gcc/arm-none-eabi/4.8.4/../../../../arm-none-eabi/lib/armv7-m/libcr_c.a(initio.o)
 .comment       0x0000000000000000       0x71 /Applications/lpcxpresso_7.5.0_254/lpcxpresso/tools/bin/../lib/gcc/arm-none-eabi/4.8.4/../../../../arm-none-eabi/lib/armv7-m/libcr_c.a(printf.o)
 .comment       0x0000000000000000       0x71 /Applications/lpcxpresso_7.5.0_254/lpcxpresso/tools/bin/../lib/gcc/arm-none-eabi/4.8.4/../../../../arm-none-eabi/lib/armv7-m/libcr_c.a(scanf.o)
 .comment       0x0000000000000000       0x71 /Applications/lpcxpresso_7.5.0_254/lpcxpresso/tools/bin/../lib/gcc/arm-none-eabi/4.8.4/../../../../arm-none-eabi/lib/armv7-m/libcr_c.a(setvbuf.o)
 .comment       0x0000000000000000       0x71 /Applications/lpcxpresso_7.5.0_254/lpcxpresso/tools/bin/../lib/gcc/arm-none-eabi/4.8.4/../../../../arm-none-eabi/lib/armv7-m/libcr_c.a(sqrt.o)
 .comment       0x0000000000000000       0x71 /Applications/lpcxpresso_7.5.0_254/lpcxpresso/tools/bin/../lib/gcc/arm-none-eabi/4.8.4/../../../../arm-none-eabi/lib/armv7-m/libcr_c.a(stdio.o)
 .comment       0x0000000000000000       0x71 /Applications/lpcxpresso_7.5.0_254/lpcxpresso/tools/bin/../lib/gcc/arm-none-eabi/4.8.4/../../../../arm-none-eabi/lib/armv7-m/libcr_c.a(strcpy.o)
 .comment       0x0000000000000000       0x71 /Applications/lpcxpresso_7.5.0_254/lpcxpresso/tools/bin/../lib/gcc/arm-none-eabi/4.8.4/../../../../arm-none-eabi/lib/armv7-m/libcr_c.a(strlen.o)
 .comment       0x0000000000000000       0x71 /Applications/lpcxpresso_7.5.0_254/lpcxpresso/tools/bin/../lib/gcc/arm-none-eabi/4.8.4/../../../../arm-none-eabi/lib/armv7-m/libcr_c.a(strncmp.o)
 .comment       0x0000000000000000       0x71 /Applications/lpcxpresso_7.5.0_254/lpcxpresso/tools/bin/../lib/gcc/arm-none-eabi/4.8.4/../../../../arm-none-eabi/lib/armv7-m/libcr_c.a(strncpy.o)
 .comment       0x0000000000000000       0x71 /Applications/lpcxpresso_7.5.0_254/lpcxpresso/tools/bin/../lib/gcc/arm-none-eabi/4.8.4/../../../../arm-none-eabi/lib/armv7-m/libcr_c.a(strstr.o)
 .comment       0x0000000000000000       0x71 /Applications/lpcxpresso_7.5.0_254/lpcxpresso/tools/bin/../lib/gcc/arm-none-eabi/4.8.4/../../../../arm-none-eabi/lib/armv7-m/libcr_c.a(ungetc.o)
 .comment       0x0000000000000000       0x71 /Applications/lpcxpresso_7.5.0_254/lpcxpresso/tools/bin/../lib/gcc/arm-none-eabi/4.8.4/../../../../arm-none-eabi/lib/armv7-m/libcr_c.a(__fillbuf.o)
 .comment       0x0000000000000000       0x71 /Applications/lpcxpresso_7.5.0_254/lpcxpresso/tools/bin/../lib/gcc/arm-none-eabi/4.8.4/../../../../arm-none-eabi/lib/armv7-m/libcr_c.a(_deferredlazyseek.o)
 .comment       0x0000000000000000       0x71 /Applications/lpcxpresso_7.5.0_254/lpcxpresso/tools/bin/../lib/gcc/arm-none-eabi/4.8.4/../../../../arm-none-eabi/lib/armv7-m/libcr_c.a(_fdopen.o)
 .comment       0x0000000000000000       0x71 /Applications/lpcxpresso_7.5.0_254/lpcxpresso/tools/bin/../lib/gcc/arm-none-eabi/4.8.4/../../../../arm-none-eabi/lib/armv7-m/libcr_c.a(_fflush.o)
 .comment       0x0000000000000000       0x71 /Applications/lpcxpresso_7.5.0_254/lpcxpresso/tools/bin/../lib/gcc/arm-none-eabi/4.8.4/../../../../arm-none-eabi/lib/armv7-m/libcr_c.a(_frexpl.o)
 .comment       0x0000000000000000       0x71 /Applications/lpcxpresso_7.5.0_254/lpcxpresso/tools/bin/../lib/gcc/arm-none-eabi/4.8.4/../../../../arm-none-eabi/lib/armv7-m/libcr_c.a(_hugeval.o)
 .comment       0x0000000000000000       0x71 /Applications/lpcxpresso_7.5.0_254/lpcxpresso/tools/bin/../lib/gcc/arm-none-eabi/4.8.4/../../../../arm-none-eabi/lib/armv7-m/libcr_c.a(_ldexpl.o)
 .comment       0x0000000000000000       0x71 /Applications/lpcxpresso_7.5.0_254/lpcxpresso/tools/bin/../lib/gcc/arm-none-eabi/4.8.4/../../../../arm-none-eabi/lib/armv7-m/libcr_c.a(_writebuf.o)
 .comment       0x0000000000000000       0x71 /Applications/lpcxpresso_7.5.0_254/lpcxpresso/tools/bin/../lib/gcc/arm-none-eabi/4.8.4/../../../../arm-none-eabi/lib/armv7-m/libcr_c.a(alloc.o)
 .comment       0x0000000000000000       0x71 /Applications/lpcxpresso_7.5.0_254/lpcxpresso/tools/bin/../lib/gcc/arm-none-eabi/4.8.4/../../../../arm-none-eabi/lib/armv7-m/libcr_c.a(ctype.o)
 .comment       0x0000000000000000       0x71 /Applications/lpcxpresso_7.5.0_254/lpcxpresso/tools/bin/../lib/gcc/arm-none-eabi/4.8.4/../../../../arm-none-eabi/lib/armv7-m/libcr_c.a(errno.o)
 .comment       0x0000000000000000       0x71 /Applications/lpcxpresso_7.5.0_254/lpcxpresso/tools/bin/../lib/gcc/arm-none-eabi/4.8.4/../../../../arm-none-eabi/lib/armv7-m/libcr_c.a(fclose.o)
 .comment       0x0000000000000000       0x71 /Applications/lpcxpresso_7.5.0_254/lpcxpresso/tools/bin/../lib/gcc/arm-none-eabi/4.8.4/../../../../arm-none-eabi/lib/armv7-m/libcr_c.a(fflush.o)
 .comment       0x0000000000000000       0x71 /Applications/lpcxpresso_7.5.0_254/lpcxpresso/tools/bin/../lib/gcc/arm-none-eabi/4.8.4/../../../../arm-none-eabi/lib/armv7-m/libcr_c.a(fseek.o)
 .comment       0x0000000000000000       0x71 /Applications/lpcxpresso_7.5.0_254/lpcxpresso/tools/bin/../lib/gcc/arm-none-eabi/4.8.4/../../../../arm-none-eabi/lib/armv7-m/libcr_c.a(ftell.o)
 .comment       0x0000000000000000       0x71 /Applications/lpcxpresso_7.5.0_254/lpcxpresso/tools/bin/../lib/gcc/arm-none-eabi/4.8.4/../../../../arm-none-eabi/lib/armv7-m/libcr_c.a(remove.o)
 .comment       0x0000000000000000       0x71 /Applications/lpcxpresso_7.5.0_254/lpcxpresso/tools/bin/../lib/gcc/arm-none-eabi/4.8.4/../../../../arm-none-eabi/lib/armv7-m/libcr_c.a(__init_alloc.o)
 .comment       0x0000000000000000       0x71 /Applications/lpcxpresso_7.5.0_254/lpcxpresso/tools/bin/../lib/gcc/arm-none-eabi/4.8.4/../../../../arm-none-eabi/lib/armv7-m/libcr_c.a(_cr_sbrk.o)
 .comment       0x0000000000000000       0x71 /Applications/lpcxpresso_7.5.0_254/lpcxpresso/tools/bin/../lib/gcc/arm-none-eabi/4.8.4/../../../../arm-none-eabi/lib/armv7-m/libcr_c.a(_do_fflush.o)
 .comment       0x0000000000000000       0x71 /Applications/lpcxpresso_7.5.0_254/lpcxpresso/tools/bin/../lib/gcc/arm-none-eabi/4.8.4/../../../../arm-none-eabi/lib/armv7-m/libcr_c.a(_cr_check_heap.o)
 .comment       0x0000000000000000       0x71 /Applications/lpcxpresso_7.5.0_254/lpcxpresso/tools/bin/../lib/gcc/arm-none-eabi/4.8.4/armv7-m/libcr_eabihelpers.a(double.o)
 .comment       0x0000000000000000       0x71 /Applications/lpcxpresso_7.5.0_254/lpcxpresso/tools/bin/../lib/gcc/arm-none-eabi/4.8.4/armv7-m/libcr_eabihelpers.a(float.o)

.ARM.attributes
                0x0000000000000000       0x31
 .ARM.attributes
                0x0000000000000000       0x33 ./src/Bluetooth_3032.o
 .ARM.attributes
                0x0000000000000033       0x33 ./src/GPS_3032.o
 .ARM.attributes
                0x0000000000000066       0x33 ./src/GSM_3032.o
 .ARM.attributes
                0x0000000000000099       0x33 ./src/Load_3032.o
 .ARM.attributes
                0x00000000000000cc       0x33 ./src/Temp_3032.o
 .ARM.attributes
                0x00000000000000ff       0x33 ./src/cr_startup_lpc176x.o
 .ARM.attributes
                0x0000000000000132       0x33 ./src/fat_access.o
 .ARM.attributes
                0x0000000000000165       0x33 ./src/fat_cache.o
 .ARM.attributes
                0x0000000000000198       0x33 ./src/fat_filelib.o
 .ARM.attributes
                0x00000000000001cb       0x33 ./src/fat_misc.o
 .ARM.attributes
                0x00000000000001fe       0x33 ./src/fat_string.o
 .ARM.attributes
                0x0000000000000231       0x33 ./src/fat_table.o
 .ARM.attributes
                0x0000000000000264       0x33 ./src/fat_write.o
 .ARM.attributes
                0x0000000000000297       0x33 ./src/main.o
 .ARM.attributes
                0x00000000000002ca       0x33 ./src/sd.o
 .ARM.attributes
                0x00000000000002fd       0x33 ./src/spi.o
 .ARM.attributes
                0x0000000000000330       0x33 /Users/wangjiadong/LPCXpresso/workspace/Lib_CMSISv1p30_LPC17xx/Debug/libCMSISv1p30_LPC17xx.a(system_LPC17xx.o)
 .ARM.attributes
                0x0000000000000363       0x33 /Users/wangjiadong/LPCXpresso/workspace/Lib_MCU/Debug/libLib_MCU.a(lpc17xx_gpio.o)
 .ARM.attributes
                0x0000000000000396       0x33 /Users/wangjiadong/LPCXpresso/workspace/Lib_MCU/Debug/libLib_MCU.a(lpc17xx_pinsel.o)
 .ARM.attributes
                0x00000000000003c9       0x33 /Users/wangjiadong/LPCXpresso/workspace/Lib_MCU/Debug/libLib_MCU.a(lpc17xx_uart.o)
 .ARM.attributes
                0x00000000000003fc       0x33 /Users/wangjiadong/LPCXpresso/workspace/Lib_MCU/Debug/libLib_MCU.a(lpc17xx_clkpwr.o)
 .ARM.attributes