Archive member included because of file (symbol)

/Users/wangjiadong/LPCXpresso/workspace/Lib_CMSISv1p30_LPC17xx/Debug/libCMSISv1p30_LPC17xx.a(system_LPC17xx.o)
                              ./src/main.o (SystemCoreClock)
/Users/wangjiadong/LPCXpresso/workspace/Lib_MCU/Debug/libLib_MCU.a(lpc17xx_gpio.o)
                              ./src/GPS_3032.o (GPIO_SetDir)
/Users/wangjiadong/LPCXpresso/workspace/Lib_MCU/Debug/libLib_MCU.a(lpc17xx_pinsel.o)
                              ./src/Bluetooth_3032.o (PINSEL_ConfigPin)
/Users/wangjiadong/LPCXpresso/workspace/Lib_MCU/Debug/libLib_MCU.a(lpc17xx_uart.o)
                              ./src/Bluetooth_3032.o (UART_TxCmd)
/Users/wangjiadong/LPCXpresso/workspace/Lib_MCU/Debug/libLib_MCU.a(lpc17xx_clkpwr.o)
                              /Users/wangjiadong/LPCXpresso/workspace/Lib_MCU/Debug/libLib_MCU.a(lpc17xx_uart.o) (CLKPWR_GetPCLK)
/Users/wangjiadong/LPCXpresso/workspace/Lib_MCU/Debug/libLib_MCU.a(lpc17xx_libcfg_default.o)
                              /Users/wangjiadong/LPCXpresso/workspace/Lib_MCU/Debug/libLib_MCU.a(lpc17xx_uart.o) (check_failed)
/Applications/lpcxpresso_7.5.0_254/lpcxpresso/tools/bin/../lib/gcc/arm-none-eabi/4.8.4/../../../../arm-none-eabi/lib/armv7-m/libcr_semihost.a(_cr__main.o)
                              ./src/cr_startup_lpc176x.o (__main)
/Applications/lpcxpresso_7.5.0_254/lpcxpresso/tools/bin/../lib/gcc/arm-none-eabi/4.8.4/../../../../arm-none-eabi/lib/armv7-m/libcr_c.a(memcpy.o)
                              ./src/fat_access.o (memcpy)
/Applications/lpcxpresso_7.5.0_254/lpcxpresso/tools/bin/../lib/gcc/arm-none-eabi/4.8.4/../../../../arm-none-eabi/lib/armv7-m/libcr_c.a(memset.o)
                              ./src/fat_access.o (memset)
/Applications/lpcxpresso_7.5.0_254/lpcxpresso/tools/bin/../lib/gcc/arm-none-eabi/4.8.4/../../../../arm-none-eabi/lib/armv7-m/libcr_c.a(fpprintf.o)
                              ./src/main.o (sprintf)
/Applications/lpcxpresso_7.5.0_254/lpcxpresso/tools/bin/../lib/gcc/arm-none-eabi/4.8.4/../../../../arm-none-eabi/lib/armv7-m/libcr_c.a(initio.o)
                              /Applications/lpcxpresso_7.5.0_254/lpcxpresso/tools/bin/../lib/gcc/arm-none-eabi/4.8.4/../../../../arm-none-eabi/lib/armv7-m/libcr_semihost.a(_cr__main.o) (_initio)
/Applications/lpcxpresso_7.5.0_254/lpcxpresso/tools/bin/../lib/gcc/arm-none-eabi/4.8.4/../../../../arm-none-eabi/lib/armv7-m/libcr_c.a(printf.o)
                              /Applications/lpcxpresso_7.5.0_254/lpcxpresso/tools/bin/../lib/gcc/arm-none-eabi/4.8.4/../../../../arm-none-eabi/lib/armv7-m/libcr_c.a(fpprintf.o) (__vfprintf)
/Applications/lpcxpresso_7.5.0_254/lpcxpresso/tools/bin/../lib/gcc/arm-none-eabi/4.8.4/../../../../arm-none-eabi/lib/armv7-m/libcr_c.a(scanf.o)
                              ./src/main.o (sscanf)
/Applications/lpcxpresso_7.5.0_254/lpcxpresso/tools/bin/../lib/gcc/arm-none-eabi/4.8.4/../../../../arm-none-eabi/lib/armv7-m/libcr_c.a(setvbuf.o)
                              /Applications/lpcxpresso_7.5.0_254/lpcxpresso/tools/bin/../lib/gcc/arm-none-eabi/4.8.4/../../../../arm-none-eabi/lib/armv7-m/libcr_c.a(initio.o) (setvbuf)
/Applications/lpcxpresso_7.5.0_254/lpcxpresso/tools/bin/../lib/gcc/arm-none-eabi/4.8.4/../../../../arm-none-eabi/lib/armv7-m/libcr_c.a(stdio.o)
                              /Applications/lpcxpresso_7.5.0_254/lpcxpresso/tools/bin/../lib/gcc/arm-none-eabi/4.8.4/../../../../arm-none-eabi/lib/armv7-m/libcr_c.a(fpprintf.o) (__Ciob)
/Applications/lpcxpresso_7.5.0_254/lpcxpresso/tools/bin/../lib/gcc/arm-none-eabi/4.8.4/../../../../arm-none-eabi/lib/armv7-m/libcr_c.a(strlen.o)
                              ./src/Bluetooth_3032.o (strlen)
/Applications/lpcxpresso_7.5.0_254/lpcxpresso/tools/bin/../lib/gcc/arm-none-eabi/4.8.4/../../../../arm-none-eabi/lib/armv7-m/libcr_c.a(strncmp.o)
                              ./src/fat_access.o (strncmp)
/Applications/lpcxpresso_7.5.0_254/lpcxpresso/tools/bin/../lib/gcc/arm-none-eabi/4.8.4/../../../../arm-none-eabi/lib/armv7-m/libcr_c.a(strncpy.o)
                              ./src/fat_access.o (strncpy)
/Applications/lpcxpresso_7.5.0_254/lpcxpresso/tools/bin/../lib/gcc/arm-none-eabi/4.8.4/../../../../arm-none-eabi/lib/armv7-m/libcr_c.a(strstr.o)
                              ./src/main.o (strstr)
/Applications/lpcxpresso_7.5.0_254/lpcxpresso/tools/bin/../lib/gcc/arm-none-eabi/4.8.4/../../../../arm-none-eabi/lib/armv7-m/libcr_c.a(ungetc.o)
                              /Applications/lpcxpresso_7.5.0_254/lpcxpresso/tools/bin/../lib/gcc/arm-none-eabi/4.8.4/../../../../arm-none-eabi/lib/armv7-m/libcr_c.a(scanf.o) (ungetc)
/Applications/lpcxpresso_7.5.0_254/lpcxpresso/tools/bin/../lib/gcc/arm-none-eabi/4.8.4/../../../../arm-none-eabi/lib/armv7-m/libcr_c.a(__fillbuf.o)
                              /Applications/lpcxpresso_7.5.0_254/lpcxpresso/tools/bin/../lib/gcc/arm-none-eabi/4.8.4/../../../../arm-none-eabi/lib/armv7-m/libcr_c.a(scanf.o) (__filbuf)
[...]
Memory Configuration

Name             Origin             Length             Attributes
MFlash512        0x0000000000000000 0x0000000000080000 xr
RamLoc32         0x0000000010000000 0x0000000000008000 xrw
RamAHB32         0x000000002007c000 0x0000000000008000 xrw
*default*        0x0000000000000000 0xffffffffffffffff

Linker script and memory map

LOAD ./src/Bluetooth_3032.o
LOAD ./src/GPS_3032.o
LOAD ./src/Load_3032.o
LOAD ./src/Temp_3032.o
LOAD ./src/cr_startup_lpc176x.o
LOAD ./src/fat_access.o
LOAD ./src/fat_cache.o
LOAD ./src/fat_filelib.o
LOAD ./src/fat_format.o
LOAD ./src/fat_misc.o
LOAD ./src/fat_string.o
LOAD ./src/fat_table.o
LOAD ./src/fat_write.o
LOAD ./src/main.o
LOAD ./src/sd.o
LOAD ./src/spi.o
LOAD /Users/wangjiadong/LPCXpresso/workspace/Lib_CMSISv1p30_LPC17xx/Debug/libCMSISv1p30_LPC17xx.a
LOAD /Users/wangjiadong/LPCXpresso/workspace/Lib_MCU/Debug/libLib_MCU.a
START GROUP
LOAD /Applications/lpcxpresso_7.5.0_254/lpcxpresso/tools/bin/../lib/gcc/arm-none-eabi/4.8.4/../../../../arm-none-eabi/lib/armv7-m/libcr_semihost.a
LOAD /Applications/lpcxpresso_7.5.0_254/lpcxpresso/tools/bin/../lib/gcc/arm-none-eabi/4.8.4/../../../../arm-none-eabi/lib/armv7-m/libcr_c.a
LOAD /Applications/lpcxpresso_7.5.0_254/lpcxpresso/tools/bin/../lib/gcc/arm-none-eabi/4.8.4/armv7-m/libcr_eabihelpers.a
END GROUP
                0x0000000000080000                __top_MFlash512 = 0x80000
                0x0000000010008000                __top_RamLoc32 = 0x10008000
                0x0000000020084000                __top_RamAHB32 = 0x20084000

.text           0x0000000000000000     0x9900
 FILL mask 0xff
                0x0000000000000000                __vectors_start__ = ABSOLUTE (.)
 *(.isr_vector)
 .isr_vector    0x0000000000000000       0xcc ./src/cr_startup_lpc176x.o
                0x0000000000000000                g_pfnVectors
                0x00000000000000cc                . = ALIGN (0x4)
                0x00000000000000cc                __section_table_start = .
                0x00000000000000cc                __data_section_table = .
                0x00000000000000cc        0x4 LONG 0x9900 LOADADDR (.data)
                0x00000000000000d0        0x4 LONG 0x10000000 ADDR (.data)
                0x00000000000000d4        0x4 LONG 0xd4 SIZEOF (.data)
                0x00000000000000d8        0x4 LONG 0x9900 LOADADDR (.data_RAM2)
                0x00000000000000dc        0x4 LONG 0x2007c000 ADDR (.data_RAM2)
                0x00000000000000e0        0x4 LONG 0x0 SIZEOF (.data_RAM2)
                0x00000000000000e4                __data_section_table_end = .
                0x00000000000000e4                __bss_section_table = .
                0x00000000000000e4        0x4 LONG 0x100000d8 ADDR (.bss)
                0x00000000000000e8        0x4 LONG 0xec0 SIZEOF (.bss)
                0x00000000000000ec        0x4 LONG 0x2007c000 ADDR (.bss_RAM2)
                0x00000000000000f0        0x4 LONG 0x0 SIZEOF (.bss_RAM2)
                0x00000000000000f4                __bss_section_table_end = .
                0x00000000000000f4                __section_table_end = .
 *(.after_vectors*)
 .after_vectors
                0x00000000000000f4       0x78 ./src/cr_startup_lpc176x.o
                0x00000000000000f4                NMI_Handler
                0x00000000000000f6                HardFault_Handler
                0x00000000000000f8                MemManage_Handler
                0x00000000000000fa                BusFault_Handler
                0x00000000000000fc                UsageFault_Handler
                0x00000000000000fe                SVCall_Handler
                0x0000000000000100                DebugMon_Handler
                0x0000000000000102                PendSV_Handler
                0x0000000000000106                UART1_IRQHandler
                0x0000000000000106                EINT3_IRQHandler
                0x0000000000000106                CANActivity_IRQHandler
                0x0000000000000106                TIMER3_IRQHandler
                0x0000000000000106                UART0_IRQHandler
                0x0000000000000106                IntDefaultHandler
                0x0000000000000106                PLL0_IRQHandler
                0x0000000000000106                CAN_IRQHandler
                0x0000000000000106                PLL1_IRQHandler
                0x0000000000000106                SSP0_IRQHandler
                0x0000000000000106                I2S_IRQHandler
                0x0000000000000106                I2C2_IRQHandler
                0x0000000000000106                RTC_IRQHandler
                0x0000000000000106                TIMER0_IRQHandler
                0x0000000000000106                SPI_IRQHandler
                0x0000000000000106                EINT1_IRQHandler
                0x0000000000000106                TIMER1_IRQHandler
                0x0000000000000106                ADC_IRQHandler
                0x0000000000000106                SSP1_IRQHandler
                0x0000000000000106                USB_IRQHandler
                0x0000000000000106                BOD_IRQHandler
                0x0000000000000106                TIMER2_IRQHandler
                0x0000000000000106                RIT_IRQHandler
                0x0000000000000106                I2C0_IRQHandler
                0x0000000000000106                USBActivity_IRQHandler
                0x0000000000000106                PWM1_IRQHandler
                0x0000000000000106                I2C1_IRQHandler
                0x0000000000000106                EINT2_IRQHandler
                0x0000000000000106                UART3_IRQHandler
                0x0000000000000106                MCPWM_IRQHandler
                0x0000000000000106                ENET_IRQHandler
                0x0000000000000106                WDT_IRQHandler
                0x0000000000000106                QEI_IRQHandler
                0x0000000000000106                EINT0_IRQHandler
                0x0000000000000106                DMA_IRQHandler
                0x0000000000000108                data_init
                0x000000000000011a                bss_init
                0x000000000000012a                ResetISR
 *(.text*)
 .text.NVIC_EnableIRQ
                0x000000000000016c       0x30 ./src/Bluetooth_3032.o
 .text.pinsel_uart3
                0x000000000000019c       0x2c ./src/Bluetooth_3032.o
                0x000000000000019c                pinsel_uart3
 .text.init_uart
                0x00000000000001c8       0x48 ./src/Bluetooth_3032.o
                0x00000000000001c8                init_uart
 .text.init_bt  0x0000000000000210       0x10 ./src/Bluetooth_3032.o
                0x0000000000000210                init_bt
 .text.pinsel_uart2
                0x0000000000000220       0x2c ./src/GPS_3032.o
                0x0000000000000220                pinsel_uart2
 .text.GPS_switch_init
                0x000000000000024c       0x38 ./src/GPS_3032.o
                0x000000000000024c                GPS_switch_init
 .text.init_uart2
                0x0000000000000284       0x4c ./src/GPS_3032.o
                0x0000000000000284                init_uart2
 .text.init_load
                0x00000000000002d0       0x68 ./src/Load_3032.o
                0x00000000000002d0                init_load
 .text.read_load_1
                0x0000000000000338       0x48 ./src/Load_3032.o
                0x0000000000000338                read_load_1
 .text.read_load_2
                0x0000000000000380       0x48 ./src/Load_3032.o
                0x0000000000000380                read_load_2
 .text.read_load_3
                0x00000000000003c8       0x48 ./src/Load_3032.o
                0x00000000000003c8                read_load_3
 .text.init_gpio_2_8
                0x0000000000000410       0x38 ./src/Temp_3032.o
                0x0000000000000410                init_gpio_2_8
 .text.init_temp
                0x0000000000000448       0x50 ./src/Temp_3032.o
                0x0000000000000448                init_temp
 .text.read_temp
                0x0000000000000498       0x48 ./src/Temp_3032.o
                0x0000000000000498                read_temp
 .text.fatfs_init
                0x00000000000004e0      0x404 ./src/fat_access.o
                0x00000000000004e0                fatfs_init
 .text.fatfs_lba_of_cluster
                0x00000000000008e4       0x58 ./src/fat_access.o
                0x00000000000008e4                fatfs_lba_of_cluster
 .text.fatfs_sector_read
                0x000000000000093c       0x24 ./src/fat_access.o
                0x000000000000093c                fatfs_sector_read
 .text.fatfs_sector_write
                0x0000000000000960       0x24 ./src/fat_access.o
                0x0000000000000960                fatfs_sector_write
 .text.fatfs_sector_reader
                0x0000000000000984       0xf4 ./src/fat_access.o
                0x0000000000000984                fatfs_sector_reader
 .text.fatfs_write_sector
                0x0000000000000a78       0xdc ./src/fat_access.o
                0x0000000000000a78                fatfs_write_sector
 .text.fatfs_get_root_cluster
                0x0000000000000b54       0x18 ./src/fat_access.o
                0x0000000000000b54                fatfs_get_root_cluster
 .text.fatfs_get_file_entry
                0x0000000000000b6c      0x248 ./src/fat_access.o
                0x0000000000000b6c                fatfs_get_file_entry
 .text.fatfs_sfn_exists
                0x0000000000000db4       0x9c ./src/fat_access.o
                0x0000000000000db4                fatfs_sfn_exists
 .text.fatfs_update_file_length
                0x0000000000000e50       0xd8 ./src/fat_access.o
                0x0000000000000e50                fatfs_update_file_length
 .text.fatfs_list_directory_start
                0x0000000000000f28       0x28 ./src/fat_access.o
                0x0000000000000f28                fatfs_list_directory_start
 .text.fatfs_list_directory_next
                0x0000000000000f50      0x2f8 ./src/fat_access.o
                0x0000000000000f50                fatfs_list_directory_next
 .text.fatfs_cache_init
                0x0000000000001248       0x18 ./src/fat_cache.o
                0x0000000000001248                fatfs_cache_init
 .text.fatfs_cache_get_next_cluster
                0x0000000000001260       0x1c ./src/fat_cache.o
                0x0000000000001260                fatfs_cache_get_next_cluster
 .text.fatfs_cache_set_next_cluster
                0x000000000000127c       0x1c ./src/fat_cache.o
                0x000000000000127c                fatfs_cache_set_next_cluster
 .text.fat_list_init
                0x0000000000001298       0x20 ./src/fat_filelib.o
 .text.fat_list_remove
                0x00000000000012b8       0x4c ./src/fat_filelib.o
 .text.fat_list_insert_after
                0x0000000000001304       0x44 ./src/fat_filelib.o
 .text.fat_list_insert_before
                0x0000000000001348       0x44 ./src/fat_filelib.o
 .text.fat_list_insert_first
                0x000000000000138c       0x40 ./src/fat_filelib.o
 .text.fat_list_insert_last
                0x00000000000013cc       0x30 ./src/fat_filelib.o
 .text.fat_list_pop_head
                0x00000000000013fc       0x28 ./src/fat_filelib.o
 .text._allocate_file
                0x0000000000001424       0x3c ./src/fat_filelib.o
 .text._check_file_open
                0x0000000000001460       0x7c ./src/fat_filelib.o
 .text._free_file
                0x00000000000014dc       0x34 ./src/fat_filelib.o
 .text._open_directory
                0x0000000000001510       0xc8 ./src/fat_filelib.o
 .text._open_file
                0x00000000000015d8      0x160 ./src/fat_filelib.o
 .text._create_file
                0x0000000000001738      0x238 ./src/fat_filelib.o
 .text._read_sectors
                0x0000000000001970      0x130 ./src/fat_filelib.o
 .text.fl_init  0x0000000000001aa0       0x5c ./src/fat_filelib.o
                0x0000000000001aa0                fl_init
 .text.fl_attach_media
                0x0000000000001afc       0x5c ./src/fat_filelib.o
                0x0000000000001afc                fl_attach_media
 .text.fl_fopen
                0x0000000000001b58      0x2f8 ./src/fat_filelib.o
                0x0000000000001b58                fl_fopen
 .text._write_sectors
                0x0000000000001e50      0x168 ./src/fat_filelib.o
 .text.fl_fflush
                0x0000000000001fb8       0x7c ./src/fat_filelib.o
                0x0000000000001fb8                fl_fflush
 .text.fl_fclose
                0x0000000000002034       0xa8 ./src/fat_filelib.o
                0x0000000000002034                fl_fclose
 .text.fl_fwrite
                0x00000000000020dc      0x224 ./src/fat_filelib.o
                0x00000000000020dc                fl_fwrite
 .text.fl_fputs
                0x0000000000002300       0x38 ./src/fat_filelib.o
                0x0000000000002300                fl_fputs
 .text.fl_listdirectory
                0x0000000000002338       0xc0 ./src/fat_filelib.o
                0x0000000000002338                fl_listdirectory
 .text.fl_opendir
                0x00000000000023f8       0x98 ./src/fat_filelib.o
                0x00000000000023f8                fl_opendir
 .text.fl_readdir
                0x0000000000002490       0x60 ./src/fat_filelib.o
                0x0000000000002490                fl_readdir
 .text.fl_closedir
                0x00000000000024f0       0x18 ./src/fat_filelib.o
                0x00000000000024f0                fl_closedir
 .text.fatfs_lfn_cache_init
                0x0000000000002508       0x50 ./src/fat_misc.o
                0x0000000000002508                fatfs_lfn_cache_init
 .text.fatfs_lfn_cache_entry
                0x0000000000002558      0x1f4 ./src/fat_misc.o
                0x0000000000002558                fatfs_lfn_cache_entry
 .text.fatfs_lfn_cache_get
                0x000000000000274c       0x58 ./src/fat_misc.o
                0x000000000000274c                fatfs_lfn_cache_get
 .text.fatfs_entry_lfn_text
                0x00000000000027a4       0x28 ./src/fat_misc.o
                0x00000000000027a4                fatfs_entry_lfn_text
 .text.fatfs_entry_lfn_invalid
                0x00000000000027cc       0x40 ./src/fat_misc.o
                0x00000000000027cc                fatfs_entry_lfn_invalid
 .text.fatfs_entry_lfn_exists
                0x000000000000280c       0x54 ./src/fat_misc.o
                0x000000000000280c                fatfs_entry_lfn_exists
 .text.fatfs_entry_sfn_only
                0x0000000000002860       0x48 ./src/fat_misc.o
                0x0000000000002860                fatfs_entry_sfn_only
 .text.fatfs_entry_is_dir
                0x00000000000028a8       0x28 ./src/fat_misc.o
                0x00000000000028a8                fatfs_entry_is_dir
 .text.fatfs_entry_is_file
                0x00000000000028d0       0x28 ./src/fat_misc.o
                0x00000000000028d0                fatfs_entry_is_file
 .text.fatfs_lfn_entries_required
                0x00000000000028f8       0x38 ./src/fat_misc.o
                0x00000000000028f8                fatfs_lfn_entries_required
 .text.fatfs_filename_to_lfn
                0x0000000000002930      0x128 ./src/fat_misc.o
                0x0000000000002930                fatfs_filename_to_lfn
 .text.fatfs_sfn_create_entry
                0x0000000000002a58       0xb4 ./src/fat_misc.o
                0x0000000000002a58                fatfs_sfn_create_entry
 .text.fatfs_lfn_create_sfn
                0x0000000000002b0c      0x198 ./src/fat_misc.o
                0x0000000000002b0c                fatfs_lfn_create_sfn
 .text.fatfs_itoa
                0x0000000000002ca4       0x98 ./src/fat_misc.o
 .text.fatfs_lfn_generate_tail
                0x0000000000002d3c       0x78 ./src/fat_misc.o
                0x0000000000002d3c                fatfs_lfn_generate_tail
 .text.fatfs_total_path_levels
                0x0000000000002db4       0x94 ./src/fat_string.o
                0x0000000000002db4                fatfs_total_path_levels
 .text.fatfs_get_substring
                0x0000000000002e48       0xe8 ./src/fat_string.o
                0x0000000000002e48                fatfs_get_substring
 .text.fatfs_split_path
                0x0000000000002f30       0x90 ./src/fat_string.o
                0x0000000000002f30                fatfs_split_path
 .text.FileString_StrCmpNoCase
                0x0000000000002fc0       0x84 ./src/fat_string.o
 .text.FileString_GetExtension
                0x0000000000003044       0x40 ./src/fat_string.o
 .text.FileString_TrimLength
                0x0000000000003084       0x50 ./src/fat_string.o
 .text.fatfs_compare_names
                0x00000000000030d4       0xf8 ./src/fat_string.o
                0x00000000000030d4                fatfs_compare_names
 .text.fatfs_get_sfn_display_name
                0x00000000000031cc       0x68 ./src/fat_string.o
                0x00000000000031cc                fatfs_get_sfn_display_name
 .text.fatfs_fat_init
                0x0000000000003234       0xc0 ./src/fat_table.o
                0x0000000000003234                fatfs_fat_init
 .text.fatfs_fat_writeback
                0x00000000000032f4       0x84 ./src/fat_table.o
 .text.fatfs_fat_read_sector
                0x0000000000003378      0x100 ./src/fat_table.o
 .text.fatfs_fat_purge
                0x0000000000003478       0x48 ./src/fat_table.o
                0x0000000000003478                fatfs_fat_purge
 .text.fatfs_find_next_cluster
                0x00000000000034c0      0x120 ./src/fat_table.o
                0x00000000000034c0                fatfs_find_next_cluster
 .text.fatfs_set_fs_info_next_free_cluster
                0x00000000000035e0       0xb8 ./src/fat_table.o
                0x00000000000035e0                fatfs_set_fs_info_next_free_cluster
 .text.fatfs_find_blank_cluster
                0x0000000000003698      0x114 ./src/fat_table.o
                0x0000000000003698                fatfs_find_blank_cluster
 .text.fatfs_fat_set_cluster
                0x00000000000037ac      0x100 ./src/fat_table.o
                0x00000000000037ac                fatfs_fat_set_cluster
 .text.fatfs_free_cluster_chain
                0x00000000000038ac       0x40 ./src/fat_table.o
                0x00000000000038ac                fatfs_free_cluster_chain
 .text.fatfs_fat_add_cluster_to_chain
                0x00000000000038ec       0x64 ./src/fat_table.o
                0x00000000000038ec                fatfs_fat_add_cluster_to_chain
 .text.fatfs_add_free_space
                0x0000000000003950       0x8c ./src/fat_write.o
                0x0000000000003950                fatfs_add_free_space
 .text.fatfs_allocate_free_space
                0x00000000000039dc       0xbc ./src/fat_write.o
                0x00000000000039dc                fatfs_allocate_free_space
 .text.fatfs_find_free_dir_offset
                0x0000000000003a98      0x1cc ./src/fat_write.o
 .text.fatfs_add_file_entry
                0x0000000000003c64      0x1c8 ./src/fat_write.o
                0x0000000000003c64                fatfs_add_file_entry
 .text.NVIC_EnableIRQ
                0x0000000000003e2c       0x30 ./src/main.o
 .text.NVIC_SetPriority
                0x0000000000003e5c       0x54 ./src/main.o
 .text.SysTick_Config
                0x0000000000003eb0       0x44 ./src/main.o
 .text.media_read
                0x0000000000003ef4       0x2c ./src/main.o
                0x0000000000003ef4                media_read
 .text.media_write
                0x0000000000003f20       0x2c ./src/main.o
                0x0000000000003f20                media_write
 .text.load_write
                0x0000000000003f4c       0xb0 ./src/main.o
                0x0000000000003f4c                load_write
 .text.location_write
                0x0000000000003ffc       0x94 ./src/main.o
                0x0000000000003ffc                location_write
 .text.systick_delay
                0x0000000000004090       0x2c ./src/main.o
 .text.SysTick_Handler
                0x00000000000040bc       0x40 ./src/main.o
                0x00000000000040bc                SysTick_Handler
 .text.SD_init_3032
                0x00000000000040fc       0x80 ./src/main.o
                0x00000000000040fc                SD_init_3032
 .text.initialization_3032
                0x000000000000417c       0x1c ./src/main.o
                0x000000000000417c                initialization_3032
 .text.UART2_IRQHandler
                0x0000000000004198      0x268 ./src/main.o
                0x0000000000004198                UART2_IRQHandler
 .text.main     0x0000000000004400      0x118 ./src/main.o
                0x0000000000004400                main
 .text.disk_timerproc
                0x0000000000004518       0x48 ./src/sd.o
                0x0000000000004518                disk_timerproc
 .text.SD_Init  0x0000000000004560      0x1a4 ./src/sd.o
                0x0000000000004560                SD_Init
 .text.SD_WaitForReady
                0x0000000000004704       0x30 ./src/sd.o
                0x0000000000004704                SD_WaitForReady
 .text.SD_SendCommand
                0x0000000000004734       0xe0 ./src/sd.o
                0x0000000000004734                SD_SendCommand
 .text.SD_SendACommand
                0x0000000000004814       0x44 ./src/sd.o
                0x0000000000004814                SD_SendACommand
 .text.SD_ReadSector
                0x0000000000004858       0xbc ./src/sd.o
                0x0000000000004858                SD_ReadSector
 .text.SD_WriteSector
                0x0000000000004914       0xb8 ./src/sd.o
                0x0000000000004914                SD_WriteSector
 .text.SD_ReadConfiguration
                0x00000000000049cc      0x214 ./src/sd.o
                0x00000000000049cc                SD_ReadConfiguration
 .text.SD_RecvDataBlock
                0x0000000000004be0       0x6c ./src/sd.o
                0x0000000000004be0                SD_RecvDataBlock
 .text.SD_SendDataBlock
                0x0000000000004c4c       0x8c ./src/sd.o
                0x0000000000004c4c                SD_SendDataBlock
 .text.SPI_Init
                0x0000000000004cd8       0xa4 ./src/spi.o
                0x0000000000004cd8                SPI_Init
 .text.SPI_ConfigClockRate
                0x0000000000004d7c       0x20 ./src/spi.o
                0x0000000000004d7c                SPI_ConfigClockRate
 .text.SPI_CS_Low
                0x0000000000004d9c       0x1c ./src/spi.o
                0x0000000000004d9c                SPI_CS_Low
 .text.SPI_CS_High
                0x0000000000004db8       0x1c ./src/spi.o
                0x0000000000004db8                SPI_CS_High
 .text.SPI_SendByte
                0x0000000000004dd4       0x34 ./src/spi.o
                0x0000000000004dd4                SPI_SendByte
 .text.SPI_RecvByte
                0x0000000000004e08       0x10 ./src/spi.o
                0x0000000000004e08                SPI_RecvByte
 .text.SystemInit
                0x0000000000004e18      0x140 /Users/wangjiadong/LPCXpresso/workspace/Lib_CMSISv1p30_LPC17xx/Debug/libCMSISv1p30_LPC17xx.a(system_LPC17xx.o)
                0x0000000000004e18                SystemInit
 .text.GPIO_GetPointer
                0x0000000000004f58       0x74 /Users/wangjiadong/LPCXpresso/workspace/Lib_MCU/Debug/libLib_MCU.a(lpc17xx_gpio.o)
 .text.GPIO_SetDir
                0x0000000000004fcc       0x48 /Users/wangjiadong/LPCXpresso/workspace/Lib_MCU/Debug/libLib_MCU.a(lpc17xx_gpio.o)
                0x0000000000004fcc                GPIO_SetDir
 .text.GPIO_SetValue
                0x0000000000005014       0x28 /Users/wangjiadong/LPCXpresso/workspace/Lib_MCU/Debug/libLib_MCU.a(lpc17xx_gpio.o)
                0x0000000000005014                GPIO_SetValue
 .text.PINSEL_SetPinFunc
                0x000000000000503c       0x84 /Users/wangjiadong/LPCXpresso/workspace/Lib_MCU/Debug/libLib_MCU.a(lpc17xx_pinsel.o)
                0x000000000000503c                PINSEL_SetPinFunc
 .text.PINSEL_SetResistorMode
                0x00000000000050c0       0x84 /Users/wangjiadong/LPCXpresso/workspace/Lib_MCU/Debug/libLib_MCU.a(lpc17xx_pinsel.o)
                0x00000000000050c0                PINSEL_SetResistorMode
 .text.PINSEL_SetOpenDrainMode
                0x0000000000005144       0x6c /Users/wangjiadong/LPCXpresso/workspace/Lib_MCU/Debug/libLib_MCU.a(lpc17xx_pinsel.o)
                0x0000000000005144                PINSEL_SetOpenDrainMode
 .text.PINSEL_ConfigPin
                0x00000000000051b0       0x50 /Users/wangjiadong/LPCXpresso/workspace/Lib_MCU/Debug/libLib_MCU.a(lpc17xx_pinsel.o)
                0x00000000000051b0                PINSEL_ConfigPin
 .text.uart_set_divisors
                0x0000000000005200      0x214 /Users/wangjiadong/LPCXpresso/workspace/Lib_MCU/Debug/libLib_MCU.a(lpc17xx_uart.o)
                0x0000000000005200                uart_set_divisors
 .text.UART_Init
                0x0000000000005414      0x2ec /Users/wangjiadong/LPCXpresso/workspace/Lib_MCU/Debug/libLib_MCU.a(lpc17xx_uart.o)
                0x0000000000005414                UART_Init
 .text.UART_ReceiveData
                0x0000000000005700       0x64 /Users/wangjiadong/LPCXpresso/workspace/Lib_MCU/Debug/libLib_MCU.a(lpc17xx_uart.o)
                0x0000000000005700                UART_ReceiveData
 .text.UART_IntConfig
                0x0000000000005764      0x184 /Users/wangjiadong/LPCXpresso/workspace/Lib_MCU/Debug/libLib_MCU.a(lpc17xx_uart.o)
                0x0000000000005764                UART_IntConfig
 .text.UART_TxCmd
                0x00000000000058e8       0xc8 /Users/wangjiadong/LPCXpresso/workspace/Lib_MCU/Debug/libLib_MCU.a(lpc17xx_uart.o)
                0x00000000000058e8                UART_TxCmd
 .text.UART_Receive
                0x00000000000059b0       0xb8 /Users/wangjiadong/LPCXpresso/workspace/Lib_MCU/Debug/libLib_MCU.a(lpc17xx_uart.o)
                0x00000000000059b0                UART_Receive
 .text.CLKPWR_GetPCLKSEL
                0x0000000000005a68       0x4c /Users/wangjiadong/LPCXpresso/workspace/Lib_MCU/Debug/libLib_MCU.a(lpc17xx_clkpwr.o)
                0x0000000000005a68                CLKPWR_GetPCLKSEL
 .text.CLKPWR_GetPCLK
                0x0000000000005ab4       0x64 /Users/wangjiadong/LPCXpresso/workspace/Lib_MCU/Debug/libLib_MCU.a(lpc17xx_clkpwr.o)
                0x0000000000005ab4                CLKPWR_GetPCLK
 .text.CLKPWR_ConfigPPWR
                0x0000000000005b18       0x58 /Users/wangjiadong/LPCXpresso/workspace/Lib_MCU/Debug/libLib_MCU.a(lpc17xx_clkpwr.o)
                0x0000000000005b18                CLKPWR_ConfigPPWR
 .text.check_failed
                0x0000000000005b70        0xc /Users/wangjiadong/LPCXpresso/workspace/Lib_MCU/Debug/libLib_MCU.a(lpc17xx_libcfg_default.o)
                0x0000000000005b70                check_failed
 .text.__main   0x0000000000005b7c       0x14 /Applications/lpcxpresso_7.5.0_254/lpcxpresso/tools/bin/../lib/gcc/arm-none-eabi/4.8.4/../../../../arm-none-eabi/lib/armv7-m/libcr_semihost.a(_cr__main.o)
                0x0000000000005b7c                __main
                0x0000000000005b7c                __CR_SEMIHOST
 .text.memcpy   0x0000000000005b90        0x4 /Applications/lpcxpresso_7.5.0_254/lpcxpresso/tools/bin/../lib/gcc/arm-none-eabi/4.8.4/../../../../arm-none-eabi/lib/armv7-m/libcr_c.a(memcpy.o)
                0x0000000000005b90                memcpy
 .text.memset   0x0000000000005b94        0x4 /Applications/lpcxpresso_7.5.0_254/lpcxpresso/tools/bin/../lib/gcc/arm-none-eabi/4.8.4/../../../../arm-none-eabi/lib/armv7-m/libcr_c.a(memset.o)
                0x0000000000005b94                memset
 .text.fp_round
                0x0000000000005b98       0x4e /Applications/lpcxpresso_7.5.0_254/lpcxpresso/tools/bin/../lib/gcc/arm-none-eabi/4.8.4/../../../../arm-none-eabi/lib/armv7-m/libcr_c.a(fpprintf.o)
 .text.pr_dec.constprop.1
                0x0000000000005be6       0x26 /Applications/lpcxpresso_7.5.0_254/lpcxpresso/tools/bin/../lib/gcc/arm-none-eabi/4.8.4/../../../../arm-none-eabi/lib/armv7-m/libcr_c.a(fpprintf.o)
 .text.sprintf  0x0000000000005c0c       0x6c /Applications/lpcxpresso_7.5.0_254/lpcxpresso/tools/bin/../lib/gcc/arm-none-eabi/4.8.4/../../../../arm-none-eabi/lib/armv7-m/libcr_c.a(fpprintf.o)
                0x0000000000005c0c                sprintf
 .text.fp_display
                0x0000000000005c78      0x998 /Applications/lpcxpresso_7.5.0_254/lpcxpresso/tools/bin/../lib/gcc/arm-none-eabi/4.8.4/../../../../arm-none-eabi/lib/armv7-m/libcr_c.a(fpprintf.o)
 .text.vsnprintf
                0x0000000000006610       0x5c /Applications/lpcxpresso_7.5.0_254/lpcxpresso/tools/bin/../lib/gcc/arm-none-eabi/4.8.4/../../../../arm-none-eabi/lib/armv7-m/libcr_c.a(fpprintf.o)
                0x0000000000006610                vsnprintf
 .text.printf   0x000000000000666c       0x54 /Applications/lpcxpresso_7.5.0_254/lpcxpresso/tools/bin/../lib/gcc/arm-none-eabi/4.8.4/../../../../arm-none-eabi/lib/armv7-m/libcr_c.a(fpprintf.o)
                0x000000000000666c                printf
 .text._initio  0x00000000000066c0       0xa4 /Applications/lpcxpresso_7.5.0_254/lpcxpresso/tools/bin/../lib/gcc/arm-none-eabi/4.8.4/../../../../arm-none-eabi/lib/armv7-m/libcr_c.a(initio.o)
                0x00000000000066c0                _initio
 .text.__vfprintf
                0x0000000000006764      0xca0 /Applications/lpcxpresso_7.5.0_254/lpcxpresso/tools/bin/../lib/gcc/arm-none-eabi/4.8.4/../../../../arm-none-eabi/lib/armv7-m/libcr_c.a(printf.o)
                0x0000000000006764                __vfprintf
 .text.ch_val   0x0000000000007404       0x30 /Applications/lpcxpresso_7.5.0_254/lpcxpresso/tools/bin/../lib/gcc/arm-none-eabi/4.8.4/../../../../arm-none-eabi/lib/armv7-m/libcr_c.a(scanf.o)
 .text.cr_rd_int
                0x0000000000007434      0x1c8 /Applications/lpcxpresso_7.5.0_254/lpcxpresso/tools/bin/../lib/gcc/arm-none-eabi/4.8.4/../../../../arm-none-eabi/lib/armv7-m/libcr_c.a(scanf.o)
 *fill*         0x00000000000075fc        0x4 
 .text.vfscanf  0x0000000000007600      0x968 /Applications/lpcxpresso_7.5.0_254/lpcxpresso/tools/bin/../lib/gcc/arm-none-eabi/4.8.4/../../../../arm-none-eabi/lib/armv7-m/libcr_c.a(scanf.o)
                0x0000000000007600                vfscanf
 .text.sscanf   0x0000000000007f68       0x4c /Applications/lpcxpresso_7.5.0_254/lpcxpresso/tools/bin/../lib/gcc/arm-none-eabi/4.8.4/../../../../arm-none-eabi/lib/armv7-m/libcr_c.a(scanf.o)
                0x0000000000007f68                sscanf
 .text.setvbuf  0x0000000000007fb4       0x40 /Applications/lpcxpresso_7.5.0_254/lpcxpresso/tools/bin/../lib/gcc/arm-none-eabi/4.8.4/../../../../arm-none-eabi/lib/armv7-m/libcr_c.a(setvbuf.o)
                0x0000000000007fb4                setvbuf
 .text.strlen   0x0000000000007ff4       0x4a /Applications/lpcxpresso_7.5.0_254/lpcxpresso/tools/bin/../lib/gcc/arm-none-eabi/4.8.4/../../../../arm-none-eabi/lib/armv7-m/libcr_c.a(strlen.o)
                0x0000000000007ff4                strlen
 .text.strncmp  0x000000000000803e       0x54 /Applications/lpcxpresso_7.5.0_254/lpcxpresso/tools/bin/../lib/gcc/arm-none-eabi/4.8.4/../../../../arm-none-eabi/lib/armv7-m/libcr_c.a(strncmp.o)
                0x000000000000803e                strncmp
 .text.strncpy  0x0000000000008092       0x58 /Applications/lpcxpresso_7.5.0_254/lpcxpresso/tools/bin/../lib/gcc/arm-none-eabi/4.8.4/../../../../arm-none-eabi/lib/armv7-m/libcr_c.a(strncpy.o)
                0x0000000000008092                strncpy
 .text.strstr   0x00000000000080ea       0x1e /Applications/lpcxpresso_7.5.0_254/lpcxpresso/tools/bin/../lib/gcc/arm-none-eabi/4.8.4/../../../../arm-none-eabi/lib/armv7-m/libcr_c.a(strstr.o)
                0x00000000000080ea                strstr
 .text.ungetc   0x0000000000008108       0x38 /Applications/lpcxpresso_7.5.0_254/lpcxpresso/tools/bin/../lib/gcc/arm-none-eabi/4.8.4/../../../../arm-none-eabi/lib/armv7-m/libcr_c.a(ungetc.o)
                0x0000000000008108                ungetc
 .text._Csys_read_
                0x0000000000008140       0x22 /Applications/lpcxpresso_7.5.0_254/lpcxpresso/tools/bin/../lib/gcc/arm-none-eabi/4.8.4/../../../../arm-none-eabi/lib/armv7-m/libcr_c.a(__fillbuf.o)
                0x0000000000008140                _Csys_read_
 *fill*         0x0000000000008162        0x2 
 .text.__filbuf
                0x0000000000008164      0x174 /Applications/lpcxpresso_7.5.0_254/lpcxpresso/tools/bin/../lib/gcc/arm-none-eabi/4.8.4/../../../../arm-none-eabi/lib/armv7-m/libcr_c.a(__fillbuf.o)
                0x0000000000008164                __filbuf
 .text._deferredlazyseek
                0x00000000000082d8       0x44 /Applications/lpcxpresso_7.5.0_254/lpcxpresso/tools/bin/../lib/gcc/arm-none-eabi/4.8.4/../../../../arm-none-eabi/lib/armv7-m/libcr_c.a(_deferredlazyseek.o)
                0x00000000000082d8                _deferredlazyseek
 .text.__flsbuf
                0x000000000000831c      0x142 /Applications/lpcxpresso_7.5.0_254/lpcxpresso/tools/bin/../lib/gcc/arm-none-eabi/4.8.4/../../../../arm-none-eabi/lib/armv7-m/libcr_c.a(_deferredlazyseek.o)
                0x000000000000831c                __flsbuf
 .text._fdopen  0x000000000000845e       0x6a /Applications/lpcxpresso_7.5.0_254/lpcxpresso/tools/bin/../lib/gcc/arm-none-eabi/4.8.4/../../../../arm-none-eabi/lib/armv7-m/libcr_c.a(_fdopen.o)
                0x000000000000845e                _fdopen
 .text._fflush  0x00000000000084c8       0x58 /Applications/lpcxpresso_7.5.0_254/lpcxpresso/tools/bin/../lib/gcc/arm-none-eabi/4.8.4/../../../../arm-none-eabi/lib/armv7-m/libcr_c.a(_fflush.o)
                0x00000000000084c8                _fflush
 .text._frexpl  0x0000000000008520       0x5c /Applications/lpcxpresso_7.5.0_254/lpcxpresso/tools/bin/../lib/gcc/arm-none-eabi/4.8.4/../../../../arm-none-eabi/lib/armv7-m/libcr_c.a(_frexpl.o)
                0x0000000000008520                _frexpl
 .text._ldexpl  0x000000000000857c       0x4c /Applications/lpcxpresso_7.5.0_254/lpcxpresso/tools/bin/../lib/gcc/arm-none-eabi/4.8.4/../../../../arm-none-eabi/lib/armv7-m/libcr_c.a(_ldexpl.o)
                0x000000000000857c                _ldexpl
 .text._Cwritebuf
                0x00000000000085c8       0x70 /Applications/lpcxpresso_7.5.0_254/lpcxpresso/tools/bin/../lib/gcc/arm-none-eabi/4.8.4/../../../../arm-none-eabi/lib/armv7-m/libcr_c.a(_writebuf.o)
                0x00000000000085c8                _Cwritebuf
 .text.malloc   0x0000000000008638       0xc8 /Applications/lpcxpresso_7.5.0_254/lpcxpresso/tools/bin/../lib/gcc/arm-none-eabi/4.8.4/../../../../arm-none-eabi/lib/armv7-m/libcr_c.a(alloc.o)
                0x0000000000008638                malloc
 .text.free     0x0000000000008700        0xc /Applications/lpcxpresso_7.5.0_254/lpcxpresso/tools/bin/../lib/gcc/arm-none-eabi/4.8.4/../../../../arm-none-eabi/lib/armv7-m/libcr_c.a(alloc.o)
                0x0000000000008700                free
 .text._Csys_alloc
                0x000000000000870c       0x20 /Applications/lpcxpresso_7.5.0_254/lpcxpresso/tools/bin/../lib/gcc/arm-none-eabi/4.8.4/../../../../arm-none-eabi/lib/armv7-m/libcr_c.a(alloc.o)
                0x000000000000870c                _Csys_alloc
 .text.fclose   0x000000000000872c       0x6c /Applications/lpcxpresso_7.5.0_254/lpcxpresso/tools/bin/../lib/gcc/arm-none-eabi/4.8.4/../../../../arm-none-eabi/lib/armv7-m/libcr_c.a(fclose.o)
                0x000000000000872c                fclose
 .text.fflush   0x0000000000008798       0x30 /Applications/lpcxpresso_7.5.0_254/lpcxpresso/tools/bin/../lib/gcc/arm-none-eabi/4.8.4/../../../../arm-none-eabi/lib/armv7-m/libcr_c.a(fflush.o)
                0x0000000000008798                fflush
 .text.fseek    0x00000000000087c8      0x10c /Applications/lpcxpresso_7.5.0_254/lpcxpresso/tools/bin/../lib/gcc/arm-none-eabi/4.8.4/../../../../arm-none-eabi/lib/armv7-m/libcr_c.a(fseek.o)
                0x00000000000087c8                fseek
 .text.ftell    0x00000000000088d4       0x4c /Applications/lpcxpresso_7.5.0_254/lpcxpresso/tools/bin/../lib/gcc/arm-none-eabi/4.8.4/../../../../arm-none-eabi/lib/armv7-m/libcr_c.a(ftell.o)
                0x00000000000088d4                ftell
 .text.remove   0x0000000000008920       0x14 /Applications/lpcxpresso_7.5.0_254/lpcxpresso/tools/bin/../lib/gcc/arm-none-eabi/4.8.4/../../../../arm-none-eabi/lib/armv7-m/libcr_c.a(remove.o)
                0x0000000000008920                remove
 .text._sbrk    0x0000000000008934       0x40 /Applications/lpcxpresso_7.5.0_254/lpcxpresso/tools/bin/../lib/gcc/arm-none-eabi/4.8.4/../../../../arm-none-eabi/lib/armv7-m/libcr_c.a(_cr_sbrk.o)
                0x0000000000008934                _sbrk
 .text._do_fflush
                0x0000000000008974       0x44 /Applications/lpcxpresso_7.5.0_254/lpcxpresso/tools/bin/../lib/gcc/arm-none-eabi/4.8.4/../../../../arm-none-eabi/lib/armv7-m/libcr_c.a(_do_fflush.o)
                0x0000000000008974                _do_fflush
 .text.__check_heap_overflow
                0x00000000000089b8       0x18 /Applications/lpcxpresso_7.5.0_254/lpcxpresso/tools/bin/../lib/gcc/arm-none-eabi/4.8.4/../../../../arm-none-eabi/lib/armv7-m/libcr_c.a(_cr_check_heap.o)
                0x00000000000089b8                __check_heap_overflow
 .text.__aeabi_dmul
                0x00000000000089d0      0x12c /Applications/lpcxpresso_7.5.0_254/lpcxpresso/tools/bin/../lib/gcc/arm-none-eabi/4.8.4/armv7-m/libcr_eabihelpers.a(double.o)
                0x00000000000089d0                __aeabi_dmul
 .text.__aeabi_ddiv
                0x0000000000008afc      0x16c /Applications/lpcxpresso_7.5.0_254/lpcxpresso/tools/bin/../lib/gcc/arm-none-eabi/4.8.4/armv7-m/libcr_eabihelpers.a(double.o)
                0x0000000000008afc                __aeabi_ddiv
 .text.__aeabi_dsub
                0x0000000000008c68      0x228 /Applications/lpcxpresso_7.5.0_254/lpcxpresso/tools/bin/../lib/gcc/arm-none-eabi/4.8.4/armv7-m/libcr_eabihelpers.a(double.o)
                0x0000000000008c68                __aeabi_dsub
 .text.__aeabi_dadd
                0x0000000000008e90      0x178 /Applications/lpcxpresso_7.5.0_254/lpcxpresso/tools/bin/../lib/gcc/arm-none-eabi/4.8.4/armv7-m/libcr_eabihelpers.a(double.o)
                0x0000000000008e90                __aeabi_dadd
 .text.__aeabi_d2f
                0x0000000000009008       0x58 /Applications/lpcxpresso_7.5.0_254/lpcxpresso/tools/bin/../lib/gcc/arm-none-eabi/4.8.4/armv7-m/libcr_eabihelpers.a(double.o)
                0x0000000000009008                __aeabi_d2f
 .text.__aeabi_d2iz
                0x0000000000009060       0x4c /Applications/lpcxpresso_7.5.0_254/lpcxpresso/tools/bin/../lib/gcc/arm-none-eabi/4.8.4/armv7-m/libcr_eabihelpers.a(double.o)
                0x0000000000009060                __aeabi_d2iz
 .text.__bhs_ui2d
                0x00000000000090ac       0x48 /Applications/lpcxpresso_7.5.0_254/lpcxpresso/tools/bin/../lib/gcc/arm-none-eabi/4.8.4/armv7-m/libcr_eabihelpers.a(double.o)
                0x00000000000090ac                __bhs_ui2d
 .text.__aeabi_i2d
                0x00000000000090f4       0x10 /Applications/lpcxpresso_7.5.0_254/lpcxpresso/tools/bin/../lib/gcc/arm-none-eabi/4.8.4/armv7-m/libcr_eabihelpers.a(double.o)
                0x00000000000090f4                __aeabi_i2d
 .text.__aeabi_dcmpeq
                0x0000000000009104       0x40 /Applications/lpcxpresso_7.5.0_254/lpcxpresso/tools/bin/../lib/gcc/arm-none-eabi/4.8.4/armv7-m/libcr_eabihelpers.a(double.o)
                0x0000000000009104                __aeabi_dcmpeq
 .text.__aeabi_dcmplt
                0x0000000000009144       0x70 /Applications/lpcxpresso_7.5.0_254/lpcxpresso/tools/bin/../lib/gcc/arm-none-eabi/4.8.4/armv7-m/libcr_eabihelpers.a(double.o)
                0x0000000000009144                __aeabi_dcmplt
 .text.__aeabi_dcmpgt
                0x00000000000091b4       0x6c /Applications/lpcxpresso_7.5.0_254/lpcxpresso/tools/bin/../lib/gcc/arm-none-eabi/4.8.4/armv7-m/libcr_eabihelpers.a(double.o)
                0x00000000000091b4                __aeabi_dcmpgt
 .text.__aeabi_dcmple
                0x0000000000009220       0x68 /Applications/lpcxpresso_7.5.0_254/lpcxpresso/tools/bin/../lib/gcc/arm-none-eabi/4.8.4/armv7-m/libcr_eabihelpers.a(double.o)
                0x0000000000009220                __aeabi_dcmple
 .text.__aeabi_dcmpge
                0x0000000000009288       0x64 /Applications/lpcxpresso_7.5.0_254/lpcxpresso/tools/bin/../lib/gcc/arm-none-eabi/4.8.4/armv7-m/libcr_eabihelpers.a(double.o)
                0x0000000000009288                __aeabi_dcmpge
 .text.__aeabi_f2iz
                0x00000000000092ec       0x34 /Applications/lpcxpresso_7.5.0_254/lpcxpresso/tools/bin/../lib/gcc/arm-none-eabi/4.8.4/armv7-m/libcr_eabihelpers.a(float.o)
                0x00000000000092ec                __aeabi_f2iz
 .text.__aeabi_f2d
                0x0000000000009320       0x44 /Applications/lpcxpresso_7.5.0_254/lpcxpresso/tools/bin/../lib/gcc/arm-none-eabi/4.8.4/armv7-m/libcr_eabihelpers.a(float.o)
                0x0000000000009320                __aeabi_f2d
 .text.__aeabi_memcpy
                0x0000000000009364       0x3a /Applications/lpcxpresso_7.5.0_254/lpcxpresso/tools/bin/../lib/gcc/arm-none-eabi/4.8.4/armv7-m/libcr_eabihelpers.a(memcpy.o)
                0x0000000000009364                __aeabi_memcpy
                0x0000000000009370                __aeabi_memcpy4
                0x0000000000009370                __aeabi_memcpy8
 .text.__aeabi_memset_lowlevel
                0x000000000000939e       0x38 /Applications/lpcxpresso_7.5.0_254/lpcxpresso/tools/bin/../lib/gcc/arm-none-eabi/4.8.4/armv7-m/libcr_eabihelpers.a(memcpy.o)
                0x000000000000939e                __aeabi_lowlevel_memset
 *fill*         0x00000000000093d6        0x2 
 .text.__sys_appexit
                0x00000000000093d8        0xc /Applications/lpcxpresso_7.5.0_254/lpcxpresso/tools/bin/../lib/gcc/arm-none-eabi/4.8.4/../../../../arm-none-eabi/lib/armv7-m/libcr_semihost.a(__sys_appexit.o)
                0x00000000000093d8                __exit
                0x00000000000093d8                __sys_appexit
 .text.__sys_close
                0x00000000000093e4        0xc /Applications/lpcxpresso_7.5.0_254/lpcxpresso/tools/bin/../lib/gcc/arm-none-eabi/4.8.4/../../../../arm-none-eabi/lib/armv7-m/libcr_semihost.a(__sys_close.o)
                0x00000000000093e4                __sys_close
 .text.__sys_flen
                0x00000000000093f0        0xc /Applications/lpcxpresso_7.5.0_254/lpcxpresso/tools/bin/../lib/gcc/arm-none-eabi/4.8.4/../../../../arm-none-eabi/lib/armv7-m/libcr_semihost.a(__sys_flen.o)
                0x00000000000093f0                __sys_flen
 .text.__sys_istty
                0x00000000000093fc        0xc /Applications/lpcxpresso_7.5.0_254/lpcxpresso/tools/bin/../lib/gcc/arm-none-eabi/4.8.4/../../../../arm-none-eabi/lib/armv7-m/libcr_semihost.a(__sys_istty.o)
                0x00000000000093fc                __sys_istty
 .text.__sys_read
                0x0000000000009408        0xc /Applications/lpcxpresso_7.5.0_254/lpcxpresso/tools/bin/../lib/gcc/arm-none-eabi/4.8.4/../../../../arm-none-eabi/lib/armv7-m/libcr_semihost.a(__sys_read.o)
                0x0000000000009408                __sys_read
 .text.__sys_readc
                0x0000000000009414        0x8 /Applications/lpcxpresso_7.5.0_254/lpcxpresso/tools/bin/../lib/gcc/arm-none-eabi/4.8.4/../../../../arm-none-eabi/lib/armv7-m/libcr_semihost.a(__sys_readc.o)
                0x0000000000009414                __readc
                0x0000000000009414                __sys_readc
 .text.__sys_remove
                0x000000000000941c        0xc /Applications/lpcxpresso_7.5.0_254/lpcxpresso/tools/bin/../lib/gcc/arm-none-eabi/4.8.4/../../../../arm-none-eabi/lib/armv7-m/libcr_semihost.a(__sys_remove.o)
                0x000000000000941c                __sys_remove
 .text.__sys_seek
                0x0000000000009428        0xc /Applications/lpcxpresso_7.5.0_254/lpcxpresso/tools/bin/../lib/gcc/arm-none-eabi/4.8.4/../../../../arm-none-eabi/lib/armv7-m/libcr_semihost.a(__sys_seek.o)
                0x0000000000009428                __sys_seek
 .text.__sys_tmpnam
                0x0000000000009434        0xc /Applications/lpcxpresso_7.5.0_254/lpcxpresso/tools/bin/../lib/gcc/arm-none-eabi/4.8.4/../../../../arm-none-eabi/lib/armv7-m/libcr_semihost.a(__sys_tmpnam.o)
                0x0000000000009434                __sys_tmpnam
 .text.__sys_write
                0x0000000000009440        0xc /Applications/lpcxpresso_7.5.0_254/lpcxpresso/tools/bin/../lib/gcc/arm-none-eabi/4.8.4/../../../../arm-none-eabi/lib/armv7-m/libcr_semihost.a(__sys_write.o)
                0x0000000000009440                __write
                0x0000000000009440                __sys_write
 *(.rodata .rodata.* .constdata .constdata.*)
 .rodata        0x000000000000944c       0x68 ./src/fat_filelib.o
 .rodata        0x00000000000094b4       0x48 ./src/fat_misc.o
 .rodata        0x00000000000094fc      0x1e0 ./src/main.o
 .rodata        0x00000000000096dc       0x18 /Users/wangjiadong/LPCXpresso/workspace/Lib_MCU/Debug/libLib_MCU.a(lpc17xx_uart.o)
 .rodata.str1.1
                0x00000000000096f4       0x34 /Applications/lpcxpresso_7.5.0_254/lpcxpresso/tools/bin/../lib/gcc/arm-none-eabi/4.8.4/../../../../arm-none-eabi/lib/armv7-m/libcr_c.a(fpprintf.o)
                                         0x35 (size before relaxing)
 .rodata.str1.1
                0x0000000000009728        0x4 /Applications/lpcxpresso_7.5.0_254/lpcxpresso/tools/bin/../lib/gcc/arm-none-eabi/4.8.4/../../../../arm-none-eabi/lib/armv7-m/libcr_c.a(initio.o)
 .rodata.str1.1
                0x000000000000972c       0x31 /Applications/lpcxpresso_7.5.0_254/lpcxpresso/tools/bin/../lib/gcc/arm-none-eabi/4.8.4/../../../../arm-none-eabi/lib/armv7-m/libcr_c.a(printf.o)
                                         0x38 (size before relaxing)
 *fill*         0x000000000000975d        0x3 
 .rodata.__huge_vall
                0x0000000000009760        0x8 /Applications/lpcxpresso_7.5.0_254/lpcxpresso/tools/bin/../lib/gcc/arm-none-eabi/4.8.4/../../../../arm-none-eabi/lib/armv7-m/libcr_c.a(_hugeval.o)
                0x0000000000009760                __huge_vall
 .rodata.str1.1
                0x0000000000009768       0x18 /Applications/lpcxpresso_7.5.0_254/lpcxpresso/tools/bin/../lib/gcc/arm-none-eabi/4.8.4/../../../../arm-none-eabi/lib/armv7-m/libcr_c.a(alloc.o)
 .rodata.__ctype
                0x0000000000009780      0x180 /Applications/lpcxpresso_7.5.0_254/lpcxpresso/tools/bin/../lib/gcc/arm-none-eabi/4.8.4/../../../../arm-none-eabi/lib/armv7-m/libcr_c.a(ctype.o)
                0x0000000000009780                __ctype
                0x0000000000009900                . = ALIGN (0x4)

.glue_7         0x0000000000009900        0x0
 .glue_7        0x0000000000000000        0x0 linker stubs

.glue_7t        0x0000000000009900        0x0
 .glue_7t       0x0000000000000000        0x0 linker stubs

.vfp11_veneer   0x0000000000009900        0x0
 .vfp11_veneer  0x0000000000000000        0x0 linker stubs

.v4_bx          0x0000000000009900        0x0
 .v4_bx         0x0000000000000000        0x0 linker stubs

.iplt           0x0000000000009900        0x0
 .iplt          0x0000000000000000        0x0 ./src/Bluetooth_3032.o

.rel.dyn        0x0000000000009900        0x0
 .rel.iplt      0x0000000000000000        0x0 ./src/Bluetooth_3032.o

.ARM.extab
 *(.ARM.extab* .gnu.linkonce.armextab.*)
                0x0000000000009900                __exidx_start = .

.ARM.exidx
 *(.ARM.exidx* .gnu.linkonce.armexidx.*)
                0x0000000000009900                __exidx_end = .
                0x0000000000009900                _etext = .

.data_RAM2      0x000000002007c000        0x0 load address 0x0000000000009900
 FILL mask 0xff
 *(.ramfunc.$RAM2)
 *(.ramfunc.$RamAHB32)
 *(.data.$RAM2*)
 *(.data.$RamAHB32*)
                0x000000002007c000                . = ALIGN (0x4)

.uninit_RESERVED
                0x0000000010000000        0x0
 *(.bss.$RESERVED*)
                0x0000000010000000                . = ALIGN (0x4)
                0x0000000010000000                _end_uninit_RESERVED = .

.data           0x0000000010000000       0xd4 load address 0x0000000000009900
 FILL mask 0xff
                0x0000000010000000                _data = .
 *(vtable)
 *(.ramfunc*)
 *(.data*)
 .data.str      0x0000000010000000       0xc8 ./src/main.o
                0x0000000010000000                str
 .data          0x00000000100000c8        0x4 /Users/wangjiadong/LPCXpresso/workspace/Lib_CMSISv1p30_LPC17xx/Debug/libCMSISv1p30_LPC17xx.a(system_LPC17xx.o)
                0x00000000100000c8                SystemCoreClock
 .data.neginf.4355
                0x00000000100000cc        0x4 /Applications/lpcxpresso_7.5.0_254/lpcxpresso/tools/bin/../lib/gcc/arm-none-eabi/4.8.4/../../../../arm-none-eabi/lib/armv7-m/libcr_c.a(scanf.o)
 .data.posinf.4354
                0x00000000100000d0        0x4 /Applications/lpcxpresso_7.5.0_254/lpcxpresso/tools/bin/../lib/gcc/arm-none-eabi/4.8.4/../../../../arm-none-eabi/lib/armv7-m/libcr_c.a(scanf.o)
                0x00000000100000d4                . = ALIGN (0x4)
                0x00000000100000d4                _edata = .

.igot.plt       0x00000000100000d4        0x0 load address 0x00000000000099d4
 .igot.plt      0x0000000000000000        0x0 ./src/Bluetooth_3032.o

.bss_RAM2       0x000000002007c000        0x0
 *(.bss.$RAM2*)
 *(.bss.$RamAHB32*)
                0x000000002007c000                . = ALIGN (0x4)

.bss            0x00000000100000d8      0xec0
                0x00000000100000d8                _bss = .
 *(.bss*)
 .bss._files    0x00000000100000d8      0x888 ./src/fat_filelib.o
 .bss._filelib_init
                0x0000000010000960        0x4 ./src/fat_filelib.o
 .bss._filelib_valid
                0x0000000010000964        0x4 ./src/fat_filelib.o
 .bss._fs       0x0000000010000968      0x464 ./src/fat_filelib.o
 .bss._open_file_list
                0x0000000010000dcc        0x8 ./src/fat_filelib.o
 .bss._free_file_list
                0x0000000010000dd4        0x8 ./src/fat_filelib.o
 .bss.Timer     0x0000000010000ddc        0x4 ./src/main.o
                0x0000000010000ddc                Timer
 .bss.latitude  0x0000000010000de0        0x8 ./src/main.o
                0x0000000010000de0                latitude
 .bss.longitude
                0x0000000010000de8        0x8 ./src/main.o
                0x0000000010000de8                longitude
 .bss.velocity  0x0000000010000df0        0x8 ./src/main.o
                0x0000000010000df0                velocity
 .bss.date      0x0000000010000df8        0x4 ./src/main.o
                0x0000000010000df8                date
 .bss.time      0x0000000010000dfc        0x4 ./src/main.o
                0x0000000010000dfc                time
 .bss.num       0x0000000010000e00        0x4 ./src/main.o
                0x0000000010000e00                num
 .bss.GPS_timer
                0x0000000010000e04        0x4 ./src/main.o
                0x0000000010000e04                GPS_timer
 .bss.ticks.5802
                0x0000000010000e08        0x4 ./src/main.o
 .bss.Timer1    0x0000000010000e0c        0x4 ./src/sd.o
 .bss.Timer2    0x0000000010000e10        0x4 ./src/sd.o
 .bss.errno     0x0000000010000e14        0x4 /Applications/lpcxpresso_7.5.0_254/lpcxpresso/tools/bin/../lib/gcc/arm-none-eabi/4.8.4/../../../../arm-none-eabi/lib/armv7-m/libcr_c.a(errno.o)
                0x0000000010000e14                errno
 *(COMMON)
 COMMON         0x0000000010000e18       0x34 ./src/sd.o
                0x0000000010000e18                CardType
                0x0000000010000e1c                CardConfig
 COMMON         0x0000000010000e4c        0x4 /Applications/lpcxpresso_7.5.0_254/lpcxpresso/tools/bin/../lib/gcc/arm-none-eabi/4.8.4/../../../../arm-none-eabi/lib/armv7-m/libcr_c.a(initio.o)
                0x0000000010000e4c                _extra
 COMMON         0x0000000010000e50      0x140 /Applications/lpcxpresso_7.5.0_254/lpcxpresso/tools/bin/../lib/gcc/arm-none-eabi/4.8.4/../../../../arm-none-eabi/lib/armv7-m/libcr_c.a(stdio.o)
                0x0000000010000e50                __Ciob
 COMMON         0x0000000010000f90        0x8 /Applications/lpcxpresso_7.5.0_254/lpcxpresso/tools/bin/../lib/gcc/arm-none-eabi/4.8.4/../../../../arm-none-eabi/lib/armv7-m/libcr_c.a(__init_alloc.o)
                0x0000000010000f90                __heaps
                0x0000000010000f94                __end_of_heap
                0x0000000010000f98                . = ALIGN (0x4)
                0x0000000010000f98                _ebss = .
                0x0000000010000f98                PROVIDE (end, .)

.noinit_RAM2    0x000000002007c000        0x0
 *(.noinit.$RAM2*)
 *(.noinit.$RamAHB32*)
                0x000000002007c000                . = ALIGN (0x4)

.noinit         0x0000000010000f98        0x0
                0x0000000010000f98                _noinit = .
 *(.noinit*)
                0x0000000010000f98                . = ALIGN (0x4)
                0x0000000010000f98                _end_noinit = .
                0x0000000010000f98                PROVIDE (_pvHeapStart, DEFINED (__user_heap_base)?__user_heap_base:.)
                0x0000000010008000                PROVIDE (_vStackTop, DEFINED (__user_stack_top)?__user_stack_top:(__top_RamLoc32 - 0x0))
OUTPUT(LPC1769_CMSIS_MCU_blinky.axf elf32-littlearm)

.debug_info     0x0000000000000000     0x9c16
 .debug_info    0x0000000000000000      0x6c8 ./src/Bluetooth_3032.o
 .debug_info    0x00000000000006c8      0x43c ./src/GPS_3032.o
 .debug_info    0x0000000000000b04      0x584 ./src/Load_3032.o
 .debug_info    0x0000000000001088      0x5b3 ./src/Temp_3032.o
 .debug_info    0x000000000000163b      0x2be ./src/cr_startup_lpc176x.o
 .debug_info    0x00000000000018f9      0xb2e ./src/fat_access.o
 .debug_info    0x0000000000002427      0x66c ./src/fat_cache.o
 .debug_info    0x0000000000002a93     0x1303 ./src/fat_filelib.o
 .debug_info    0x0000000000003d96      0x61d ./src/fat_misc.o
 .debug_info    0x00000000000043b3      0x4c4 ./src/fat_string.o
 .debug_info    0x0000000000004877      0x67e ./src/fat_table.o
 .debug_info    0x0000000000004ef5      0x654 ./src/fat_write.o
 .debug_info    0x0000000000005549      0xe1f ./src/main.o
 .debug_info    0x0000000000006368      0x4d5 ./src/sd.o
 .debug_info    0x000000000000683d      0x811 ./src/spi.o
 .debug_info    0x000000000000704e      0x2e3 /Users/wangjiadong/LPCXpresso/workspace/Lib_CMSISv1p30_LPC17xx/Debug/libCMSISv1p30_LPC17xx.a(system_LPC17xx.o)
 .debug_info    0x0000000000007331      0xac9 /Users/wangjiadong/LPCXpresso/workspace/Lib_MCU/Debug/libLib_MCU.a(lpc17xx_gpio.o)
 .debug_info    0x0000000000007dfa      0x44a /Users/wangjiadong/LPCXpresso/workspace/Lib_MCU/Debug/libLib_MCU.a(lpc17xx_pinsel.o)
 .debug_info    0x0000000000008244     0x1381 /Users/wangjiadong/LPCXpresso/workspace/Lib_MCU/Debug/libLib_MCU.a(lpc17xx_uart.o)
 .debug_info    0x00000000000095c5      0x58c /Users/wangjiadong/LPCXpresso/workspace/Lib_MCU/Debug/libLib_MCU.a(lpc17xx_clkpwr.o)
 .debug_info    0x0000000000009b51       0xc5 /Users/wangjiadong/LPCXpresso/workspace/Lib_MCU/Debug/libLib_MCU.a(lpc17xx_libcfg_default.o)

.debug_abbrev   0x0000000000000000     0x227f
 .debug_abbrev  0x0000000000000000      0x1e4 ./src/Bluetooth_3032.o
 .debug_abbrev  0x00000000000001e4      0x151 ./src/GPS_3032.o
 .debug_abbrev  0x0000000000000335      0x11e ./src/Load_3032.o
 .debug_abbrev  0x0000000000000453      0x138 ./src/Temp_3032.o
 .debug_abbrev  0x000000000000058b      0x12b ./src/cr_startup_lpc176x.o
 .debug_abbrev  0x00000000000006b6      0x20a ./src/fat_access.o
 .debug_abbrev  0x00000000000008c0      0x1a1 ./src/fat_cache.o
 .debug_abbrev  0x0000000000000a61      0x268 ./src/fat_filelib.o
 .debug_abbrev  0x0000000000000cc9      0x1ca ./src/fat_misc.o
 .debug_abbrev  0x0000000000000e93      0x15b ./src/fat_string.o
 .debug_abbrev  0x0000000000000fee      0x1fb ./src/fat_table.o
 .debug_abbrev  0x00000000000011e9      0x1ad ./src/fat_write.o
 .debug_abbrev  0x0000000000001396      0x333 ./src/main.o
 .debug_abbrev  0x00000000000016c9      0x1a1 ./src/sd.o
 .debug_abbrev  0x000000000000186a      0x1a3 ./src/spi.o
 .debug_abbrev  0x0000000000001a0d       0xe6 /Users/wangjiadong/LPCXpresso/workspace/Lib_CMSISv1p30_LPC17xx/Debug/libCMSISv1p30_LPC17xx.a(system_LPC17xx.o)
 .debug_abbrev  0x0000000000001af3      0x193 /Users/wangjiadong/LPCXpresso/workspace/Lib_MCU/Debug/libLib_MCU.a(lpc17xx_gpio.o)
 .debug_abbrev  0x0000000000001c86      0x129 /Users/wangjiadong/LPCXpresso/workspace/Lib_MCU/Debug/libLib_MCU.a(lpc17xx_pinsel.o)
 .debug_abbrev  0x0000000000001daf      0x2a8 /Users/wangjiadong/LPCXpresso/workspace/Lib_MCU/Debug/libLib_MCU.a(lpc17xx_uart.o)
 .debug_abbrev  0x0000000000002057      0x1bc /Users/wangjiadong/LPCXpresso/workspace/Lib_MCU/Debug/libLib_MCU.a(lpc17xx_clkpwr.o)
 .debug_abbrev  0x0000000000002213       0x6c /Users/wangjiadong/LPCXpresso/workspace/Lib_MCU/Debug/libLib_MCU.a(lpc17xx_libcfg_default.o)

.debug_aranges  0x0000000000000000      0x9e0
 .debug_aranges
                0x0000000000000000       0x40 ./src/Bluetooth_3032.o
 .debug_aranges
                0x0000000000000040       0x40 ./src/GPS_3032.o
 .debug_aranges
                0x0000000000000080       0x38 ./src/Load_3032.o
 .debug_aranges
                0x00000000000000b8       0x30 ./src/Temp_3032.o
 .debug_aranges
                0x00000000000000e8       0x80 ./src/cr_startup_lpc176x.o
 .debug_aranges
                0x0000000000000168       0x90 ./src/fat_access.o
 .debug_aranges
                0x00000000000001f8       0x70 ./src/fat_cache.o
 .debug_aranges
                0x0000000000000268      0x168 ./src/fat_filelib.o
 .debug_aranges
                0x00000000000003d0       0x90 ./src/fat_misc.o
 .debug_aranges
                0x0000000000000460       0x70 ./src/fat_string.o
 .debug_aranges
                0x00000000000004d0       0x70 ./src/fat_table.o
 .debug_aranges
                0x0000000000000540       0x38 ./src/fat_write.o
 .debug_aranges
                0x0000000000000578       0xd0 ./src/main.o
 .debug_aranges
                0x0000000000000648       0x68 ./src/sd.o
 .debug_aranges
                0x00000000000006b0       0x48 ./src/spi.o
 .debug_aranges
                0x00000000000006f8       0x28 /Users/wangjiadong/LPCXpresso/workspace/Lib_CMSISv1p30_LPC17xx/Debug/libCMSISv1p30_LPC17xx.a(system_LPC17xx.o)
 .debug_aranges
                0x0000000000000720       0xc8 /Users/wangjiadong/LPCXpresso/workspace/Lib_MCU/Debug/libLib_MCU.a(lpc17xx_gpio.o)
 .debug_aranges
                0x00000000000007e8       0x48 /Users/wangjiadong/LPCXpresso/workspace/Lib_MCU/Debug/libLib_MCU.a(lpc17xx_pinsel.o)
 .debug_aranges
                0x0000000000000830      0x130 /Users/wangjiadong/LPCXpresso/workspace/Lib_MCU/Debug/libLib_MCU.a(lpc17xx_uart.o)
 .debug_aranges
                0x0000000000000960       0x60 /Users/wangjiadong/LPCXpresso/workspace/Lib_MCU/Debug/libLib_MCU.a(lpc17xx_clkpwr.o)
 .debug_aranges
                0x00000000000009c0       0x20 /Users/wangjiadong/LPCXpresso/workspace/Lib_MCU/Debug/libLib_MCU.a(lpc17xx_libcfg_default.o)

.debug_ranges   0x0000000000000000      0x8a8
 .debug_ranges  0x0000000000000000       0x30 ./src/Bluetooth_3032.o
 .debug_ranges  0x0000000000000030       0x30 ./src/GPS_3032.o
 .debug_ranges  0x0000000000000060       0x28 ./src/Load_3032.o
 .debug_ranges  0x0000000000000088       0x20 ./src/Temp_3032.o
 .debug_ranges  0x00000000000000a8       0x70 ./src/cr_startup_lpc176x.o
 .debug_ranges  0x0000000000000118       0x80 ./src/fat_access.o
 .debug_ranges  0x0000000000000198       0x60 ./src/fat_cache.o
 .debug_ranges  0x00000000000001f8      0x170 ./src/fat_filelib.o
 .debug_ranges  0x0000000000000368       0x80 ./src/fat_misc.o
 .debug_ranges  0x00000000000003e8       0x60 ./src/fat_string.o
 .debug_ranges  0x0000000000000448       0x60 ./src/fat_table.o
 .debug_ranges  0x00000000000004a8       0x28 ./src/fat_write.o
 .debug_ranges  0x00000000000004d0       0xc0 ./src/main.o
 .debug_ranges  0x0000000000000590       0x58 ./src/sd.o
 .debug_ranges  0x00000000000005e8       0x38 ./src/spi.o
 .debug_ranges  0x0000000000000620       0x18 /Users/wangjiadong/LPCXpresso/workspace/Lib_CMSISv1p30_LPC17xx/Debug/libCMSISv1p30_LPC17xx.a(system_LPC17xx.o)
 .debug_ranges  0x0000000000000638       0xb8 /Users/wangjiadong/LPCXpresso/workspace/Lib_MCU/Debug/libLib_MCU.a(lpc17xx_gpio.o)
 .debug_ranges  0x00000000000006f0       0x38 /Users/wangjiadong/LPCXpresso/workspace/Lib_MCU/Debug/libLib_MCU.a(lpc17xx_pinsel.o)
 .debug_ranges  0x0000000000000728      0x120 /Users/wangjiadong/LPCXpresso/workspace/Lib_MCU/Debug/libLib_MCU.a(lpc17xx_uart.o)
 .debug_ranges  0x0000000000000848       0x50 /Users/wangjiadong/LPCXpresso/workspace/Lib_MCU/Debug/libLib_MCU.a(lpc17xx_clkpwr.o)
 .debug_ranges  0x0000000000000898       0x10 /Users/wangjiadong/LPCXpresso/workspace/Lib_MCU/Debug/libLib_MCU.a(lpc17xx_libcfg_default.o)

.debug_macro    0x0000000000000000     0x59d1
 .debug_macro   0x0000000000000000       0xad ./src/Bluetooth_3032.o
 .debug_macro   0x00000000000000ad      0x856 ./src/Bluetooth_3032.o
 .debug_macro   0x0000000000000903       0x1c ./src/Bluetooth_3032.o
 .debug_macro   0x000000000000091f       0x22 ./src/Bluetooth_3032.o
 .debug_macro   0x0000000000000941       0x10 ./src/Bluetooth_3032.o
 .debug_macro   0x0000000000000951      0x12d ./src/Bluetooth_3032.o
 .debug_macro   0x0000000000000a7e      0x5b2 ./src/Bluetooth_3032.o
 .debug_macro   0x0000000000001030      0x7b7 ./src/Bluetooth_3032.o
 .debug_macro   0x00000000000017e7      0x2c7 ./src/Bluetooth_3032.o
 .debug_macro   0x0000000000001aae       0x63 ./src/Bluetooth_3032.o
 .debug_macro   0x0000000000001b11      0x143 ./src/Bluetooth_3032.o
 .debug_macro   0x0000000000001c54       0x46 ./src/Bluetooth_3032.o
 .debug_macro   0x0000000000001c9a      0x32a ./src/Bluetooth_3032.o
 .debug_macro   0x0000000000001fc4       0x9a ./src/Bluetooth_3032.o
 .debug_macro   0x000000000000205e       0xb1 ./src/GPS_3032.o
 .debug_macro   0x000000000000210f       0xbc ./src/Load_3032.o
 .debug_macro   0x00000000000021cb       0x4c ./src/Load_3032.o
 .debug_macro   0x0000000000002217       0xb6 ./src/Temp_3032.o
 .debug_macro   0x00000000000022cd       0x34 ./src/Temp_3032.o
 .debug_macro   0x0000000000002301       0x52 ./src/cr_startup_lpc176x.o
 .debug_macro   0x0000000000002353      0x85c ./src/cr_startup_lpc176x.o
 .debug_macro   0x0000000000002baf       0xb5 ./src/fat_access.o
 .debug_macro   0x0000000000002c64       0x4c ./src/fat_access.o
 .debug_macro   0x0000000000002cb0       0x2e ./src/fat_access.o
 .debug_macro   0x0000000000002cde      0x1ae ./src/fat_access.o
 .debug_macro   0x0000000000002e8c       0x3a ./src/fat_access.o
 .debug_macro   0x0000000000002ec6       0x2e ./src/fat_access.o
 .debug_macro   0x0000000000002ef4       0xa8 ./src/fat_cache.o
 .debug_macro   0x0000000000002f9c       0x3a ./src/fat_cache.o
 .debug_macro   0x0000000000002fd6       0x28 ./src/fat_cache.o
 .debug_macro   0x0000000000002ffe       0xfe ./src/fat_filelib.o
 .debug_macro   0x00000000000030fc       0x28 ./src/fat_filelib.o
 .debug_macro   0x0000000000003124       0x93 ./src/fat_misc.o
 .debug_macro   0x00000000000031b7       0x28 ./src/fat_misc.o
 .debug_macro   0x00000000000031df       0x50 ./src/fat_string.o
 .debug_macro   0x000000000000322f       0x16 ./src/fat_string.o
 .debug_macro   0x0000000000003245       0xb5 ./src/fat_table.o
 .debug_macro   0x00000000000032fa       0xb5 ./src/fat_write.o
 .debug_macro   0x00000000000033af      0x140 ./src/main.o
 .debug_macro   0x00000000000034ef       0x52 ./src/main.o
 .debug_macro   0x0000000000003541       0x34 ./src/main.o
 .debug_macro   0x0000000000003575       0x52 ./src/main.o
 .debug_macro   0x00000000000035c7       0x28 ./src/main.o
 .debug_macro   0x00000000000035ef       0x16 ./src/main.o
 .debug_macro   0x0000000000003605      0x12e ./src/sd.o
 .debug_macro   0x0000000000003733       0x1c ./src/sd.o
 .debug_macro   0x000000000000374f      0x2c7 ./src/sd.o
 .debug_macro   0x0000000000003a16       0x10 ./src/sd.o
 .debug_macro   0x0000000000003a26       0x3a ./src/sd.o
 .debug_macro   0x0000000000003a60       0x95 ./src/spi.o
 .debug_macro   0x0000000000003af5      0x113 /Users/wangjiadong/LPCXpresso/workspace/Lib_CMSISv1p30_LPC17xx/Debug/libCMSISv1p30_LPC17xx.a(system_LPC17xx.o)
 .debug_macro   0x0000000000003c08      0x850 /Users/wangjiadong/LPCXpresso/workspace/Lib_CMSISv1p30_LPC17xx/Debug/libCMSISv1p30_LPC17xx.a(system_LPC17xx.o)
 .debug_macro   0x0000000000004458      0x7d5 /Users/wangjiadong/LPCXpresso/workspace/Lib_CMSISv1p30_LPC17xx/Debug/libCMSISv1p30_LPC17xx.a(system_LPC17xx.o)
 .debug_macro   0x0000000000004c2d       0x83 /Users/wangjiadong/LPCXpresso/workspace/Lib_MCU/Debug/libLib_MCU.a(lpc17xx_gpio.o)
 .debug_macro   0x0000000000004cb0       0x40 /Users/wangjiadong/LPCXpresso/workspace/Lib_MCU/Debug/libLib_MCU.a(lpc17xx_gpio.o)
 .debug_macro   0x0000000000004cf0       0xcb /Users/wangjiadong/LPCXpresso/workspace/Lib_MCU/Debug/libLib_MCU.a(lpc17xx_gpio.o)
 .debug_macro   0x0000000000004dbb       0x7a /Users/wangjiadong/LPCXpresso/workspace/Lib_MCU/Debug/libLib_MCU.a(lpc17xx_pinsel.o)
 .debug_macro   0x0000000000004e35       0x8c /Users/wangjiadong/LPCXpresso/workspace/Lib_MCU/Debug/libLib_MCU.a(lpc17xx_uart.o)
 .debug_macro   0x0000000000004ec1      0x324 /Users/wangjiadong/LPCXpresso/workspace/Lib_MCU/Debug/libLib_MCU.a(lpc17xx_uart.o)
 .debug_macro   0x00000000000051e5      0x2fe /Users/wangjiadong/LPCXpresso/workspace/Lib_MCU/Debug/libLib_MCU.a(lpc17xx_uart.o)
 .debug_macro   0x00000000000054e3       0x7a /Users/wangjiadong/LPCXpresso/workspace/Lib_MCU/Debug/libLib_MCU.a(lpc17xx_clkpwr.o)
 .debug_macro   0x000000000000555d      0x2f8 /Users/wangjiadong/LPCXpresso/workspace/Lib_MCU/Debug/libLib_MCU.a(lpc17xx_clkpwr.o)
 .debug_macro   0x0000000000005855       0x5a /Users/wangjiadong/LPCXpresso/workspace/Lib_MCU/Debug/libLib_MCU.a(lpc17xx_libcfg_default.o)
 .debug_macro   0x00000000000058af       0x5d /Users/wangjiadong/LPCXpresso/workspace/Lib_MCU/Debug/libLib_MCU.a(lpc17xx_libcfg_default.o)
 .debug_macro   0x000000000000590c       0xc5 /Users/wangjiadong/LPCXpresso/workspace/Lib_MCU/Debug/libLib_MCU.a(lpc17xx_libcfg_default.o)

.debug_line     0x0000000000000000     0x4bf7
 .debug_line    0x0000000000000000      0x28f ./src/Bluetooth_3032.o
 .debug_line    0x000000000000028f      0x2b6 ./src/GPS_3032.o
 .debug_line    0x0000000000000545      0x2c0 ./src/Load_3032.o
 .debug_line    0x0000000000000805      0x299 ./src/Temp_3032.o
 .debug_line    0x0000000000000a9e      0x1bf ./src/cr_startup_lpc176x.o
 .debug_line    0x0000000000000c5d      0x4a9 ./src/fat_access.o
 .debug_line    0x0000000000001106      0x2a0 ./src/fat_cache.o
 .debug_line    0x00000000000013a6      0x99b ./src/fat_filelib.o
 .debug_line    0x0000000000001d41      0x3df ./src/fat_misc.o
 .debug_line    0x0000000000002120      0x3a3 ./src/fat_string.o
 .debug_line    0x00000000000024c3      0x37e ./src/fat_table.o
 .debug_line    0x0000000000002841      0x2d6 ./src/fat_write.o
 .debug_line    0x0000000000002b17      0x5c9 ./src/main.o
 .debug_line    0x00000000000030e0      0x464 ./src/sd.o
 .debug_line    0x0000000000003544      0x23a ./src/spi.o
 .debug_line    0x000000000000377e      0x201 /Users/wangjiadong/LPCXpresso/workspace/Lib_CMSISv1p30_LPC17xx/Debug/libCMSISv1p30_LPC17xx.a(system_LPC17xx.o)
 .debug_line    0x000000000000397f      0x3d9 /Users/wangjiadong/LPCXpresso/workspace/Lib_MCU/Debug/libLib_MCU.a(lpc17xx_gpio.o)
 .debug_line    0x0000000000003d58      0x255 /Users/wangjiadong/LPCXpresso/workspace/Lib_MCU/Debug/libLib_MCU.a(lpc17xx_pinsel.o)
 .debug_line    0x0000000000003fad      0x817 /Users/wangjiadong/LPCXpresso/workspace/Lib_MCU/Debug/libLib_MCU.a(lpc17xx_uart.o)
 .debug_line    0x00000000000047c4      0x2b4 /Users/wangjiadong/LPCXpresso/workspace/Lib_MCU/Debug/libLib_MCU.a(lpc17xx_clkpwr.o)
 .debug_line    0x0000000000004a78      0x17f /Users/wangjiadong/LPCXpresso/workspace/Lib_MCU/Debug/libLib_MCU.a(lpc17xx_libcfg_default.o)

.debug_str      0x0000000000000000     0xf6d9
 .debug_str     0x0000000000000000     0xa14e ./src/Bluetooth_3032.o
                                       0xa1ec (size before relaxing)
 .debug_str     0x000000000000a14e       0x49 ./src/GPS_3032.o
                                       0x9fc1 (size before relaxing)
 .debug_str     0x000000000000a197      0x39a ./src/Load_3032.o
                                       0xa112 (size before relaxing)
 .debug_str     0x000000000000a531       0x5b ./src/Temp_3032.o
                                       0xa0f5 (size before relaxing)
 .debug_str     0x000000000000a58c      0x2a8 ./src/cr_startup_lpc176x.o
                                       0x3d47 (size before relaxing)
 .debug_str     0x000000000000a834     0x10a8 ./src/fat_access.o
                                       0x3cdf (size before relaxing)
 .debug_str     0x000000000000b8dc      0x3d5 ./src/fat_cache.o
                                       0x3a9a (size before relaxing)
 .debug_str     0x000000000000bcb1      0x404 ./src/fat_filelib.o
                                       0x4227 (size before relaxing)
 .debug_str     0x000000000000c0b5      0x1de ./src/fat_misc.o
                                       0x398e (size before relaxing)
 .debug_str     0x000000000000c293      0x25e ./src/fat_string.o
                                       0x2c1a (size before relaxing)
 .debug_str     0x000000000000c4f1      0x2de ./src/fat_table.o
                                       0x3c85 (size before relaxing)
 .debug_str     0x000000000000c7cf      0x127 ./src/fat_write.o
                                       0x3b76 (size before relaxing)
 .debug_str     0x000000000000c8f6      0x33f ./src/main.o
                                       0xb0d5 (size before relaxing)
 .debug_str     0x000000000000cc35      0x3f7 ./src/sd.o
                                       0x7fac (size before relaxing)
 .debug_str     0x000000000000d02c      0x26c ./src/spi.o
                                       0x802d (size before relaxing)
 .debug_str     0x000000000000d298      0x3b7 /Users/wangjiadong/LPCXpresso/workspace/Lib_CMSISv1p30_LPC17xx/Debug/libCMSISv1p30_LPC17xx.a(system_LPC17xx.o)
                                       0x7f0d (size before relaxing)
 .debug_str     0x000000000000d64f      0x3a5 /Users/wangjiadong/LPCXpresso/workspace/Lib_MCU/Debug/libLib_MCU.a(lpc17xx_gpio.o)
                                       0x8360 (size before relaxing)
 .debug_str     0x000000000000d9f4      0x121 /Users/wangjiadong/LPCXpresso/workspace/Lib_MCU/Debug/libLib_MCU.a(lpc17xx_pinsel.o)
                                       0x83a4 (size before relaxing)
 .debug_str     0x000000000000db15     0x1acc /Users/wangjiadong/LPCXpresso/workspace/Lib_MCU/Debug/libLib_MCU.a(lpc17xx_uart.o)
                                       0xb272 (size before relaxing)
 .debug_str     0x000000000000f5e1       0xcb /Users/wangjiadong/LPCXpresso/workspace/Lib_MCU/Debug/libLib_MCU.a(lpc17xx_clkpwr.o)
                                       0x9101 (size before relaxing)
 .debug_str     0x000000000000f6ac       0x2d /Users/wangjiadong/LPCXpresso/workspace/Lib_MCU/Debug/libLib_MCU.a(lpc17xx_libcfg_default.o)
                                       0x3e39 (size before relaxing)

.comment        0x0000000000000000       0xe0
 .comment       0x0000000000000000       0x70 ./src/Bluetooth_3032.o
                                         0x71 (size before relaxing)
 .comment       0x0000000000000000       0x71 ./src/GPS_3032.o
 .comment       0x0000000000000000       0x71 ./src/Load_3032.o
 .comment       0x0000000000000000       0x71 ./src/Temp_3032.o
 .comment       0x0000000000000000       0x71 ./src/cr_startup_lpc176x.o
 .comment       0x0000000000000000       0x71 ./src/fat_access.o
 .comment       0x0000000000000000       0x71 ./src/fat_cache.o
 .comment       0x0000000000000000       0x71 ./src/fat_filelib.o
 .comment       0x0000000000000000       0x71 ./src/fat_misc.o
 .comment       0x0000000000000000       0x71 ./src/fat_string.o
 .comment       0x0000000000000000       0x71 ./src/fat_table.o
 .comment       0x0000000000000000       0x71 ./src/fat_write.o
 .comment       0x0000000000000000       0x71 ./src/main.o
 .comment       0x0000000000000000       0x71 ./src/sd.o
 .comment       0x0000000000000000       0x71 ./src/spi.o
 .comment       0x0000000000000000       0x71 /Users/wangjiadong/LPCXpresso/workspace/Lib_CMSISv1p30_LPC17xx/Debug/libCMSISv1p30_LPC17xx.a(system_LPC17xx.o)
 .comment       0x0000000000000000       0x71 /Users/wangjiadong/LPCXpresso/workspace/Lib_MCU/Debug/libLib_MCU.a(lpc17xx_gpio.o)
 .comment       0x0000000000000000       0x71 /Users/wangjiadong/LPCXpresso/workspace/Lib_MCU/Debug/libLib_MCU.a(lpc17xx_pinsel.o)
 .comment       0x0000000000000000       0x71 /Users/wangjiadong/LPCXpresso/workspace/Lib_MCU/Debug/libLib_MCU.a(lpc17xx_uart.o)
 .comment       0x0000000000000000       0x71 /Users/wangjiadong/LPCXpresso/workspace/Lib_MCU/Debug/libLib_MCU.a(lpc17xx_clkpwr.o)
 .comment       0x0000000000000000       0x71 /Users/wangjiadong/LPCXpresso/workspace/Lib_MCU/Debug/libLib_MCU.a(lpc17xx_libcfg_default.o)
 .comment       0x0000000000000070       0x70 /Applications/lpcxpresso_7.5.0_254/lpcxpresso/tools/bin/../lib/gcc/arm-none-eabi/4.8.4/../../../../arm-none-eabi/lib/armv7-m/libcr_semihost.a(_cr__main.o)
                                         0x71 (size before relaxing)
 .comment       0x0000000000000000       0x71 /Applications/lpcxpresso_7.5.0_254/lpcxpresso/tools/bin/../lib/gcc/arm-none-eabi/4.8.4/../../../../arm-none-eabi/lib/armv7-m/libcr_c.a(memcpy.o)
 .comment       0x0000000000000000       0x71 /Applications/lpcxpresso_7.5.0_254/lpcxpresso/tools/bin/../lib/gcc/arm-none-eabi/4.8.4/../../../../arm-none-eabi/lib/armv7-m/libcr_c.a(memset.o)
 .comment       0x0000000000000000       0x71 /Applications/lpcxpresso_7.5.0_254/lpcxpresso/tools/bin/../lib/gcc/arm-none-eabi/4.8.4/../../../../arm-none-eabi/lib/armv7-m/libcr_c.a(fpprintf.o)
 .comment       0x0000000000000000       0x71 /Applications/lpcxpresso_7.5.0_254/lpcxpresso/tools/bin/../lib/gcc/arm-none-eabi/4.8.4/../../../../arm-none-eabi/lib/armv7-m/libcr_c.a(initio.o)
 .comment       0x0000000000000000       0x71 /Applications/lpcxpresso_7.5.0_254/lpcxpresso/tools/bin/../lib/gcc/arm-none-eabi/4.8.4/../../../../arm-none-eabi/lib/armv7-m/libcr_c.a(printf.o)
 .comment       0x0000000000000000       0x71 /Applications/lpcxpresso_7.5.0_254/lpcxpresso/tools/bin/../lib/gcc/arm-none-eabi/4.8.4/../../../../arm-none-eabi/lib/armv7-m/libcr_c.a(scanf.o)
 .comment       0x0000000000000000       0x71 /Applications/lpcxpresso_7.5.0_254/lpcxpresso/tools/bin/../lib/gcc/arm-none-eabi/4.8.4/../../../../arm-none-eabi/lib/armv7-m/libcr_c.a(setvbuf.o)
 .comment       0x0000000000000000       0x71 /Applications/lpcxpresso_7.5.0_254/lpcxpresso/tools/bin/../lib/gcc/arm-none-eabi/4.8.4/../../../../arm-none-eabi/lib/armv7-m/libcr_c.a(stdio.o)
 .comment       0x0000000000000000       0x71 /Applications/lpcxpresso_7.5.0_254/lpcxpresso/tools/bin/../lib/gcc/arm-none-eabi/4.8.4/../../../../arm-none-eabi/lib/armv7-m/libcr_c.a(strlen.o)
 .comment       0x0000000000000000       0x71 /Applications/lpcxpresso_7.5.0_254/lpcxpresso/tools/bin/../lib/gcc/arm-none-eabi/4.8.4/../../../../arm-none-eabi/lib/armv7-m/libcr_c.a(strncmp.o)
 .comment       0x0000000000000000       0x71 /Applications/lpcxpresso_7.5.0_254/lpcxpresso/tools/bin/../lib/gcc/arm-none-eabi/4.8.4/../../../../arm-none-eabi/lib/armv7-m/libcr_c.a(strncpy.o)
 .comment       0x0000000000000000       0x71 /Applications/lpcxpresso_7.5.0_254/lpcxpresso/tools/bin/../lib/gcc/arm-none-eabi/4.8.4/../../../../arm-none-eabi/lib/armv7-m/libcr_c.a(strstr.o)
 .comment       0x0000000000000000       0x71 /Applications/lpcxpresso_7.5.0_254/lpcxpresso/tools/bin/../lib/gcc/arm-none-eabi/4.8.4/../../../../arm-none-eabi/lib/armv7-m/libcr_c.a(ungetc.o)
 .comment       0x0000000000000000       0x71 /Applications/lpcxpresso_7.5.0_254/lpcxpresso/tools/bin/../lib/gcc/arm-none-eabi/4.8.4/../../../../arm-none-eabi/lib/armv7-m/libcr_c.a(__fillbuf.o)
 .comment       0x0000000000000000       0x71 /Applications/lpcxpresso_7.5.0_254/lpcxpresso/tools/bin/../lib/gcc/arm-none-eabi/4.8.4/../../../../arm-none-eabi/lib/armv7-m/libcr_c.a(_deferredlazyseek.o)
 .comment       0x0000000000000000       0x71 /Applications/lpcxpresso_7.5.0_254/lpcxpresso/tools/bin/../lib/gcc/arm-none-eabi/4.8.4/../../../../arm-none-eabi/lib/armv7-m/libcr_c.a(_fdopen.o)
 .comment       0x0000000000000000       0x71 /Applications/lpcxpresso_7.5.0_254/lpcxpresso/tools/bin/../lib/gcc/arm-none-eabi/4.8.4/../../../../arm-none-eabi/lib/armv7-m/libcr_c.a(_fflush.o)
 .comment       0x0000000000000000       0x71 /Applications/lpcxpresso_7.5.0_254/lpcxpresso/tools/bin/../lib/gcc/arm-none-eabi/4.8.4/../../../../arm-none-eabi/lib/armv7-m/libcr_c.a(_frexpl.o)
 .comment       0x0000000000000000       0x71 /Applications/lpcxpresso_7.5.0_254/lpcxpresso/tools/bin/../lib/gcc/arm-none-eabi/4.8.4/../../../../arm-none-eabi/lib/armv7-m/libcr_c.a(_hugeval.o)
 .comment       0x0000000000000000       0x71 /Applications/lpcxpresso_7.5.0_254/lpcxpresso/tools/bin/../lib/gcc/arm-none-eabi/4.8.4/../../../../arm-none-eabi/lib/armv7-m/libcr_c.a(_ldexpl.o)
 .comment       0x0000000000000000       0x71 /Applications/lpcxpresso_7.5.0_254/lpcxpresso/tools/bin/../lib/gcc/arm-none-eabi/4.8.4/../../../../arm-none-eabi/lib/armv7-m/libcr_c.a(_writebuf.o)
 .comment       0x0000000000000000       0x71 /Applications/lpcxpresso_7.5.0_254/lpcxpresso/tools/bin/../lib/gcc/arm-none-eabi/4.8.4/../../../../arm-none-eabi/lib/armv7-m/libcr_c.a(alloc.o)
 .comment       0x0000000000000000       0x71 /Applications/lpcxpresso_7.5.0_254/lpcxpresso/tools/bin/../lib/gcc/arm-none-eabi/4.8.4/../../../../arm-none-eabi/lib/armv7-m/libcr_c.a(ctype.o)
 .comment       0x0000000000000000       0x71 /Applications/lpcxpresso_7.5.0_254/lpcxpresso/tools/bin/../lib/gcc/arm-none-eabi/4.8.4/../../../../arm-none-eabi/lib/armv7-m/libcr_c.a(errno.o)
 .comment       0x0000000000000000       0x71 /Applications/lpcxpresso_7.5.0_254/lpcxpresso/tools/bin/../lib/gcc/arm-none-eabi/4.8.4/../../../../arm-none-eabi/lib/armv7-m/libcr_c.a(fclose.o)
 .comment       0x0000000000000000       0x71 /Applications/lpcxpresso_7.5.0_254/lpcxpresso/tools/bin/../lib/gcc/arm-none-eabi/4.8.4/../../../../arm-none-eabi/lib/armv7-m/libcr_c.a(fflush.o)
 .comment       0x0000000000000000       0x71 /Applications/lpcxpresso_7.5.0_254/lpcxpresso/tools/bin/../lib/gcc/arm-none-eabi/4.8.4/../../../../arm-none-eabi/lib/armv7-m/libcr_c.a(fseek.o)
 .comment       0x0000000000000000       0x71 /Applications/lpcxpresso_7.5.0_254/lpcxpresso/tools/bin/../lib/gcc/arm-none-eabi/4.8.4/../../../../arm-none-eabi/lib/armv7-m/libcr_c.a(ftell.o)
 .comment       0x0000000000000000       0x71 /Applications/lpcxpresso_7.5.0_254/lpcxpresso/tools/bin/../lib/gcc/arm-none-eabi/4.8.4/../../../../arm-none-eabi/lib/armv7-m/libcr_c.a(remove.o)
 .comment       0x0000000000000000       0x71 /Applications/lpcxpresso_7.5.0_254/lpcxpresso/tools/bin/../lib/gcc/arm-none-eabi/4.8.4/../../../../arm-none-eabi/lib/armv7-m/libcr_c.a(__init_alloc.o)
 .comment       0x0000000000000000       0x71 /Applications/lpcxpresso_7.5.0_254/lpcxpresso/tools/bin/../lib/gcc/arm-none-eabi/4.8.4/../../../../arm-none-eabi/lib/armv7-m/libcr_c.a(_cr_sbrk.o)
 .comment       0x0000000000000000       0x71 /Applications/lpcxpresso_7.5.0_254/lpcxpresso/tools/bin/../lib/gcc/arm-none-eabi/4.8.4/../../../../arm-none-eabi/lib/armv7-m/libcr_c.a(_do_fflush.o)
 .comment       0x0000000000000000       0x71 /Applications/lpcxpresso_7.5.0_254/lpcxpresso/tools/bin/../lib/gcc/arm-none-eabi/4.8.4/../../../../arm-none-eabi/lib/armv7-m/libcr_c.a(_cr_check_heap.o)
 .comment       0x0000000000000000       0x71 /Applications/lpcxpresso_7.5.0_254/lpcxpresso/tools/bin/../lib/gcc/arm-none-eabi/4.8.4/armv7-m/libcr_eabihelpers.a(double.o)
 .comment       0x0000000000000000       0x71 /Applications/lpcxpresso_7.5.0_254/lpcxpresso/tools/bin/../lib/gcc/arm-none-eabi/4.8.4/armv7-m/libcr_eabihelpers.a(float.o)

.ARM.attributes
                0x0000000000000000       0x31
 .ARM.attributes
                0x0000000000000000       0x33 ./src/Bluetooth_3032.o
 .ARM.attributes
                0x0000000000000033       0x33 ./src/GPS_3032.o
 .ARM.attributes
                0x0000000000000066       0x33 ./src/Load_3032.o
 .ARM.attributes
                0x0000000000000099       0x33 ./src/Temp_3032.o
 .ARM.attributes
                0x00000000000000cc       0x33 ./src/cr_startup_lpc176x.o
 .ARM.attributes
                0x00000000000000ff       0x33 ./src/fat_access.o
 .ARM.attributes
                0x0000000000000132       0x33 ./src/fat_cache.o
 .ARM.attributes
                0x0000000000000165       0x33 ./src/fat_filelib.o
 .ARM.attributes
                0x0000000000000198       0x33 ./src/fat_misc.o
 .ARM.attributes
                0x00000000000001cb       0x33 ./src/fat_string.o
 .ARM.attributes
                0x00000000000001fe       0x33 ./src/fat_table.o
 .ARM.attributes
                0x0000000000000231       0x33 ./src/fat_write.o
 .ARM.attributes
                0x0000000000000264       0x33 ./src/main.o
 .ARM.attributes
                0x0000000000000297       0x33 ./src/sd.o
 .ARM.attributes
                0x00000000000002ca       0x33 ./src/spi.o
 .ARM.attributes
                0x00000000000002fd       0x33 /Users/wangjiadong/LPCXpresso/workspace/Lib_CMSISv1p30_LPC17xx/Debug/libCMSISv1p30_LPC17xx.a(system_LPC17xx.o)
 .ARM.attributes
                0x0000000000000330       0x33 /Users/wangjiadong/LPCXpresso/workspace/Lib_MCU/Debug/libLib_MCU.a(lpc17xx_gpio.o)
 .ARM.attributes
                0x0000000000000363       0x33 /Users/wangjiadong/LPCXpresso/workspace/Lib_MCU/Debug/libLib_MCU.a(lpc17xx_pinsel.o)
 .ARM.attributes
                0x0000000000000396       0x33 /Users/wangjiadong/LPCXpresso/workspace/Lib_MCU/Debug/libLib_MCU.a(lpc17xx_uart.o)
 .ARM.attributes
                0x00000000000003c9       0x33 /Users/wangjiadong/LPCXpresso/workspace/Lib_MCU/Debug/libLib_MCU.a(lpc17xx_clkpwr.o)
 .ARM.attributes
                0x00000000000003fc       0x33 /Users/wangjiadong/LPCXpresso/workspace/Lib_MCU/Debug/libLib_MCU.a(lpc17xx_libcfg_default.o)
 .ARM.attributes
                0x000000000000042f       0x33 /Applications/lpcxpresso_7.5.0_254/lpcxpresso/tools/bin/../lib/gcc/arm-none-eabi/4.8.4/../../../../arm-none-eabi/lib/armv7-m/libcr_semihost.a(_cr__main.o)
 .ARM.attributes
                0x0000000000000462       0x33 /Applications/lpcxpresso_7.5.0_254/lpcxpresso/tools/bin/../lib/gcc/arm-none-eabi/4.8.4/../../../../arm-none-eabi/lib/armv7-m/libcr_c.a(memcpy.o)
 .ARM.attributes
                0x0000000000000495       0x33 /Applications/lpcxpresso_7.5.0_254/lpcxpresso/tools/bin/../lib/gcc/arm-none-eabi/4.8.4/../../../../arm-none-eabi/lib/armv7-m/libcr_c.a(memset.o)
 .ARM.attributes
                0x00000000000004c8       0x33 /Applications/lpcxpresso_7.5.0_254/lpcxpresso/tools/bin/../lib/gcc/arm-none-eabi/4.8.4/../../../../arm-none-eabi/lib/armv7-m/libcr_c.a(fpprintf.o)
 .ARM.attributes
                0x00000000000004fb       0x33 /Applications/lpcxpresso_7.5.0_254/lpcxpresso/tools/bin/../lib/gcc/arm-none-eabi/4.8.4/../../../../arm-none-eabi/lib/armv7-m/libcr_c.a(initio.o)
 .ARM.attributes
                0x000000000000052e       0x33 /Applications/lpcxpresso_7.5.0_254/lpcxpresso/tools/bin/../lib/gcc/arm-none-eabi/4.8.4/../../../../arm-none-eabi/lib/armv7-m/libcr_c.a(printf.o)
 .ARM.attributes
                0x0000000000000561       0x33 /Applications/lpcxpresso_7.5.0_254/lpcxpresso/tools/bin/../lib/gcc/arm-none-eabi/4.8.4/../../../../arm-none-eabi/lib/armv7-m/libcr_c.a(scanf.o)
 .ARM.attributes
                0x0000000000000594       0x33 /Applications/lpcxpresso_7.5.0_254/lpcxpresso/tools/bin/../lib/gcc/arm-none-eabi/4.8.4/../../../../arm-none-eabi/lib/armv7-m/libcr_c.a(setvbuf.o)
 .ARM.attributes
                0x00000000000005c7       0x33 /Applications/lpcxpresso_7.5.0_254/lpcxpresso/tools/bin/../lib/gcc/arm-none-eabi/4.8.4/../../../../arm-none-eabi/lib/armv7-m/libcr_c.a(stdio.o)
 .ARM.attributes
                0x00000000000005fa       0x33 /Applications/lpcxpresso_7.5.0_254/lpcxpresso/tools/bin/../lib/gcc/arm-none-eabi/4.8.4/../../../../arm-none-eabi/lib/armv7-m/libcr_c.a(strlen.o)
 .ARM.attributes
                0x000000000000062d       0x33 /Applications/lpcxpresso_7.5.0_254/lpcxpresso/tools/bin/../lib/gcc/arm-none-eabi/4.8.4/../../../../arm-none-eabi/lib/armv7-m/libcr_c.a(strncmp.o)
 .ARM.attributes
                0x0000000000000660       0x33 /Applications/lpcxpresso_7.5.0_254/lpcxpresso/tools/bin/../lib/gcc/arm-none-eabi/4.8.4/../../../../arm-none-eabi/lib/armv7-m/libcr_c.a(strncpy.o)
 .ARM.attributes
                0x0000000000000693       0x33 /Applications/lpcxpresso_7.5.0_254/lpcxpresso/tools/bin/../lib/gcc/arm-none-eabi/4.8.4/../../../../arm-none-eabi/lib/armv7-m/libcr_c.a(strstr.o)
 .ARM.attributes
                0x00000000000006c6       0x33 /Applications/lpcxpresso_7.5.0_254/lpcxpresso/tools/bin/../lib/gcc/arm-none-eabi/4.8.4/../../../../arm-none-eabi/lib/armv7-m/libcr_c.a(ungetc.o)
 .ARM.attributes
                0x00000000000006f9       0x33 /Applications/lpcxpresso_7.5.0_254/lpcxpresso/tools/bin/../lib/gcc/arm-none-eabi/4.8.4/../../../../arm-none-eabi/lib/armv7-m/libcr_c.a(__fillbuf.o)
 .ARM.attributes
                0x000000000000072c       0x33 /Applications/lpcxpresso_7.5.0_254/lpcxpresso/tools/bin/../lib/gcc/arm-none-eabi/4.8.4/../../../../arm-none-eabi/lib/armv7-m/libcr_c.a(_deferredlazyseek.o)
 .ARM.attributes
                0x000000000000075f       0x33 /Applications/lpcxpresso_7.5.0_254/lpcxpresso/tools/bin/../lib/gcc/arm-none-eabi/4.8.4/../../../../arm-none-eabi/lib/armv7-m/libcr_c.a(_fdopen.o)
 .ARM.attributes
                0x0000000000000792       0x33 /Applications/lpcxpresso_7.5.0_254/lpcxpresso/tools/bin/../lib/gcc/arm-none-eabi/4.8.4/../../../../arm-none-eabi/lib/armv7-m/libcr_c.a(_fflush.o)
 .ARM.attributes
                0x00000000000007c5       0x33 /Applications/lpcxpresso_7.5.0_254/lpcxpresso/tools/bin/../lib/gcc/arm-none-eabi/4.8.4/../../../../arm-none-eabi/lib/armv7-m/libcr_c.a(_frexpl.o)
 .ARM.attributes
                0x00000000000007f8       0x33 /Applications/lpcxpresso_7.5.0_254/lpcxpresso/tools/bin/../lib/gcc/arm-none-eabi/4.8.4/../../../../arm-none-eabi/lib/armv7-m/libcr_c.a(_hugeval.o)
 .ARM.attributes
                0x000000000000082b       0x33 /Applications/lpcxpresso_7.5.0_254/lpcxpresso/tools/bin/../lib/gcc/arm-none-eabi/4.8.4/../../../../arm-none-eabi/lib/armv7-m/libcr_c.a(_ldexpl.o)
 .ARM.attributes
                0x000000000000085e       0x33 /Applications/lpcxpresso_7.5.0_254/lpcxpresso/tools/bin/../lib/gcc/arm-none-eabi/4.8.4/../../../../arm-none-eabi/lib/armv7-m/libcr_c.a(_writebuf.o)
 .ARM.attributes
                0x0000000000000891       0x33 /Applications/lpcxpresso_7.5.0_254/lpcxpresso/tools/bin/../lib/gcc/arm-none-eabi/4.8.4/../../../../arm-none-eabi/lib/armv7-m/libcr_c.a(alloc.o)
 .ARM.attributes
                0x00000000000008c4       0x33 /Applications/lpcxpresso_7.5.0_254/lpcxpresso/tools/bin/../lib/gcc/arm-none-eabi/4.8.4/../../../../arm-none-eabi/lib/armv7-m/libcr_c.a(ctype.o)
 .ARM.attributes
                0x00000000000008f7       0x33 /Applications/lpcxpresso_7.5.0_254/lpcxpresso/tools/bin/../lib/gcc/arm-none-eabi/4.8.4/../../../../arm-none-eabi/lib/armv7-m/libcr_c.a(errno.o)
 .ARM.attributes
                0x000000000000092a       0x33 /Applications/lpcxpresso_7.5.0_254/lpcxpresso/tools/bin/../lib/gcc/arm-none-eabi/4.8.4/../../../../arm-none-eabi/lib/armv7-m/libcr_c.a(fclose.o)
 .ARM.attributes
                0x000000000000095d       0x33 /Applications/lpcxpresso_7.5.0_254/lpcxpresso/tools/bin/../lib/gcc/arm-none-eabi/4.8.4/../../../../arm-none-eabi/lib/armv7-m/libcr_c.a(fflush.o)
 .ARM.attributes
                0x0000000000000990       0x33 /Applications/lpcxpresso_7.5.0_254/lpcxpresso/tools/bin/../lib/gcc/arm-none-eabi/4.8.4/../../../../arm-none-eabi/lib/armv7-m/libcr_c.a(fseek.o)
 .ARM.attributes
                0x00000000000009c3       0x33 /Applications/lpcxpresso_7.5.0_254/lpcxpresso/tools/bin/../lib/gcc/arm-none-eabi/4.8.4/../../../../arm-none-eabi/lib/armv7-m/libcr_c.a(ftell.o)
 .ARM.attributes
                0x00000000000009f6       0x33 /Applications/lpcxpresso_7.5.0_254/lpcxpresso/tools/bin/../lib/gcc/arm-none-eabi/4.8.4/../../../../arm-none-eabi/lib/armv7-m/libcr_c.a(remove.o)
 .ARM.attributes
                0x0000000000000a29       0x33 /Applications/lpcxpresso_7.5.0_254/lpcxpresso/tools/bin/../lib/gcc/arm-none-eabi/4.8.4/../../../../arm-none-eabi/lib/armv7-m/libcr_c.a(__init_alloc.o)
 .ARM.attributes
                0x0000000000000a5c       0x33 /Applications/lpcxpresso_7.5.0_254/lpcxpresso/tools/bin/../lib/gcc/arm-none-eabi/4.8.4/../../../../arm-none-eabi/lib/armv7-m/libcr_c.a(_cr_sbrk.o)
 .ARM.attributes
                0x0000000000000a8f       0x33 /Applications/lpcxpresso_7.5.0_254/lpcxpresso/tools/bin/../lib/gcc/arm-none-eabi/4.8.4/../../../../arm-none-eabi/lib/armv7-m/libcr_c.a(_do_fflush.o)
 .ARM.attributes
                0x0000000000000ac2       0x33 /Applications/lpcxpresso_7.5.0_254/lpcxpresso/tools/bin/../lib/gcc/arm-none-eabi/4.8.4/../../../../arm-none-eabi/lib/armv7-m/libcr_c.a(_cr_check_heap.o)
 .ARM.attributes
                0x0000000000000af5       0x33 /Applications/lpcxpresso_7.5.0_254/lpcxpresso/tools/bin/../lib/gcc/arm-none-eabi/4.8.4/armv7-m/libcr_eabihelpers.a(double.o)
 .ARM.attributes
                0x0000000000000b28       0x33 /Applications/lpcxpresso_7.5.0_254/lpcxpresso/tools/bin/../lib/gcc/arm-none-eabi/4.8.4/armv7-m/libcr_eabihelpers.a(float.o)
 .ARM.attributes
                0x0000000000000b5b       0x21 /Applications/lpcxpresso_7.5.0_254/lpcxpresso/tools/bin/../lib/gcc/arm-none-eabi/4.8.4/armv7-m/libcr_eabihelpers.a(memcpy.o)
 .ARM.attributes
                0x0000000000000b7c       0x21 /Applications/lpcxpresso_7.5.0_254/lpcxpresso/tools/bin/../lib/gcc/arm-none-eabi/4.8.4/../../../../arm-none-eabi/lib/armv7-m/libcr_semihost.a(__sys_appexit.o)
 .ARM.attributes
                0x0000000000000b9d       0x21 /Applications/lpcxpresso_7.5.0_254/lpcxpresso/tools/bin/../lib/gcc/arm-none-eabi/4.8.4/../../../../arm-none-eabi/lib/armv7-m/libcr_semihost.a(__sys_close.o)
 .ARM.attributes
                0x0000000000000bbe       0x21 /Applications/lpcxpresso_7.5.0_254/lpcxpresso/tools/bin/../lib/gcc/arm-none-eabi/4.8.4/../../../../arm-none-eabi/lib/armv7-m/libcr_semihost.a(__sys_flen.o)
 .ARM.attributes
                0x0000000000000bdf       0x21 /Applications/lpcxpresso_7.5.0_254/lpcxpresso/tools/bin/../lib/gcc/arm-none-eabi/4.8.4/../../../../arm-none-eabi/lib/armv7-m/libcr_semihost.a(__sys_istty.o)
 .ARM.attributes
                0x0000000000000c00       0x21 /Applications/lpcxpresso_7.5.0_254/lpcxpresso/tools/bin/../lib/gcc/arm-none-eabi/4.8.4/../../../../arm-none-eabi/lib/armv7-m/libcr_semihost.a(__sys_read.o)
 .ARM.attributes
                0x0000000000000c21       0x21 /Applications/lpcxpresso_7.5.0_254/lpcxpresso/tools/bin/../lib/gcc/arm-none-eabi/4.8.4/../../../../arm-none-eabi/lib/armv7-m/libcr_semihost.a(__sys_readc.o)
 .ARM.attributes
                0x0000000000000c42       0x21 /Applications/lpcxpresso_7.5.0_254/lpcxpresso/tools/bin/../lib/gcc/arm-none-eabi/4.8.4/../../../../arm-none-eabi/lib/armv7-m/libcr_semihost.a(__sys_remove.o)
 .ARM.attributes
                0x0000000000000c63       0x21 /Applications/lpcxpresso_7.5.0_254/lpcxpresso/tools/bin/../lib/gcc/arm-none-eabi/4.8.4/../../../../arm-none-eabi/lib/armv7-m/libcr_semihost.a(__sys_seek.o)
 .ARM.attributes
                0x0000000000000c84       0x21 /Applications/lpcxpresso_7.5.0_254/lpcxpresso/tools/bin/../lib/gcc/arm-none-eabi/4.8.4/../../../../arm-none-eabi/lib/armv7-m/libcr_semihost.a(__sys_tmpnam.o)
 .ARM.attributes
                0x0000000000000ca5       0x21 /Applications/lpcxpresso_7.5.0_254/lpcxpresso/tools/bin/../lib/gcc/arm-none-eabi/4.8.4/../../../../arm-none-eabi/lib/armv7-m/libcr_semihost.a(__sys_write.o)

.debug_frame    0x0000000000000000     0x1ebc
 .debug_frame   0x0000000000000000       0xa8 ./src/Bluetooth_3032.o
 .debug_frame   0x00000000000000a8       0xa8 ./src/GPS_3032.o
 .debug_frame   0x0000000000000150       0x7c ./src/Load_3032.o
 .debug_frame   0x00000000000001cc       0x68 ./src/Temp_3032.o
 .debug_frame   0x0000000000000234       0xf0 ./src/cr_startup_lpc176x.o
 .debug_frame   0x0000000000000324      0x1e4 ./src/fat_access.o
 .debug_frame   0x0000000000000508      0x150 ./src/fat_cache.o
 .debug_frame   0x0000000000000658      0x52c ./src/fat_filelib.o
 .debug_frame   0x0000000000000b84      0x1d0 ./src/fat_misc.o
 .debug_frame   0x0000000000000d54      0x154 ./src/fat_string.o
 .debug_frame   0x0000000000000ea8      0x170 ./src/fat_table.o
 .debug_frame   0x0000000000001018       0x90 ./src/fat_write.o
 .debug_frame   0x00000000000010a8      0x2c4 ./src/main.o
 .debug_frame   0x000000000000136c      0x148 ./src/sd.o
 .debug_frame   0x00000000000014b4       0xb0 ./src/spi.o
 .debug_frame   0x0000000000001564       0x54 /Users/wangjiadong/LPCXpresso/workspace/Lib_CMSISv1p30_LPC17xx/Debug/libCMSISv1p30_LPC17xx.a(system_LPC17xx.o)
 .debug_frame   0x00000000000015b8      0x2c4 /Users/wangjiadong/LPCXpresso/workspace/Lib_MCU/Debug/libLib_MCU.a(lpc17xx_gpio.o)
 .debug_frame   0x000000000000187c       0xbc /Users/wangjiadong/LPCXpresso/workspace/Lib_MCU/Debug/libLib_MCU.a(lpc17xx_pinsel.o)
 .debug_frame   0x0000000000001938      0x44c /Users/wangjiadong/LPCXpresso/workspace/Lib_MCU/Debug/libLib_MCU.a(lpc17xx_uart.o)
 .debug_frame   0x0000000000001d84      0x10c /Users/wangjiadong/LPCXpresso/workspace/Lib_MCU/Debug/libLib_MCU.a(lpc17xx_clkpwr.o)
 .debug_frame   0x0000000000001e90       0x2c /Users/wangjiadong/LPCXpresso/workspace/Lib_MCU/Debug/libLib_MCU.a(lpc17xx_libcfg_default.o)

.debug_loc      0x0000000000000000      0x15f
 .debug_loc     0x0000000000000000      0x15f ./src/cr_startup_lpc176x.o