Archive member included because of file (symbol)

/Users/wangjiadong/LPCXpresso/workspace/Lib_CMSISv1p30_LPC17xx/Debug/libCMSISv1p30_LPC17xx.a(system_LPC17xx.o)
                              ./src/main.o (SystemCoreClock)
/Users/wangjiadong/LPCXpresso/workspace/Lib_MCU/Debug/libLib_MCU.a(lpc17xx_gpio.o)
                              ./src/GPS_3032.o (GPIO_SetDir)
/Users/wangjiadong/LPCXpresso/workspace/Lib_MCU/Debug/libLib_MCU.a(lpc17xx_pinsel.o)
                              ./src/Bluetooth_3032.o (PINSEL_ConfigPin)
/Users/wangjiadong/LPCXpresso/workspace/Lib_MCU/Debug/libLib_MCU.a(lpc17xx_uart.o)
                              ./src/Bluetooth_3032.o (UART_TxCmd)
/Users/wangjiadong/LPCXpresso/workspace/Lib_MCU/Debug/libLib_MCU.a(lpc17xx_clkpwr.o)
                              /Users/wangjiadong/LPCXpresso/workspace/Lib_MCU/Debug/libLib_MCU.a(lpc17xx_uart.o) (CLKPWR_GetPCLK)
/Users/wangjiadong/LPCXpresso/workspace/Lib_MCU/Debug/libLib_MCU.a(lpc17xx_libcfg_default.o)
                              /Users/wangjiadong/LPCXpresso/workspace/Lib_MCU/Debug/libLib_MCU.a(lpc17xx_uart.o) (check_failed)
/Applications/lpcxpresso_7.5.0_254/lpcxpresso/tools/bin/../lib/gcc/arm-none-eabi/4.8.4/../../../../arm-none-eabi/lib/armv7-m/libcr_semihost.a(_cr__main.o)
                              ./src/cr_startup_lpc176x.o (__main)
/Applications/lpcxpresso_7.5.0_254/lpcxpresso/tools/bin/../lib/gcc/arm-none-eabi/4.8.4/../../../../arm-none-eabi/lib/armv7-m/libcr_c.a(memcpy.o)
                              ./src/fat_access.o (memcpy)
/Applications/lpcxpresso_7.5.0_254/lpcxpresso/tools/bin/../lib/gcc/arm-none-eabi/4.8.4/../../../../arm-none-eabi/lib/armv7-m/libcr_c.a(memset.o)
                              ./src/GSM_3032.o (memset)
/Applications/lpcxpresso_7.5.0_254/lpcxpresso/tools/bin/../lib/gcc/arm-none-eabi/4.8.4/../../../../arm-none-eabi/lib/armv7-m/libcr_c.a(fpprintf.o)
                              ./src/GSM_3032.o (sprintf)
/Applications/lpcxpresso_7.5.0_254/lpcxpresso/tools/bin/../lib/gcc/arm-none-eabi/4.8.4/../../../../arm-none-eabi/lib/armv7-m/libcr_c.a(initio.o)
                              /Applications/lpcxpresso_7.5.0_254/lpcxpresso/tools/bin/../lib/gcc/arm-none-eabi/4.8.4/../../../../arm-none-eabi/lib/armv7-m/libcr_semihost.a(_cr__main.o) (_initio)
/Applications/lpcxpresso_7.5.0_254/lpcxpresso/tools/bin/../lib/gcc/arm-none-eabi/4.8.4/../../../../arm-none-eabi/lib/armv7-m/libcr_c.a(printf.o)
                              /Applications/lpcxpresso_7.5.0_254/lpcxpresso/tools/bin/../lib/gcc/arm-none-eabi/4.8.4/../../../../arm-none-eabi/lib/armv7-m/libcr_c.a(fpprintf.o) (__vfprintf)
/Applications/lpcxpresso_7.5.0_254/lpcxpresso/tools/bin/../lib/gcc/arm-none-eabi/4.8.4/../../../../arm-none-eabi/lib/armv7-m/libcr_c.a(scanf.o)
                              ./src/main.o (sscanf)
/Applications/lpcxpresso_7.5.0_254/lpcxpresso/tools/bin/../lib/gcc/arm-none-eabi/4.8.4/../../../../arm-none-eabi/lib/armv7-m/libcr_c.a(setvbuf.o)
                              /Applications/lpcxpresso_7.5.0_254/lpcxpresso/tools/bin/../lib/gcc/arm-none-eabi/4.8.4/../../../../arm-none-eabi/lib/armv7-m/libcr_c.a(initio.o) (setvbuf)
/Applications/lpcxpresso_7.5.0_254/lpcxpresso/tools/bin/../lib/gcc/arm-none-eabi/4.8.4/../../../../arm-none-eabi/lib/armv7-m/libcr_c.a(stdio.o)
                              /Applications/lpcxpresso_7.5.0_254/lpcxpresso/tools/bin/../lib/gcc/arm-none-eabi/4.8.4/../../../../arm-none-eabi/lib/armv7-m/libcr_c.a(fpprintf.o) (__Ciob)
/Applications/lpcxpresso_7.5.0_254/lpcxpresso/tools/bin/../lib/gcc/arm-none-eabi/4.8.4/../../../../arm-none-eabi/lib/armv7-m/libcr_c.a(strcpy.o)
                              ./src/main.o (strcpy)
/Applications/lpcxpresso_7.5.0_254/lpcxpresso/tools/bin/../lib/gcc/arm-none-eabi/4.8.4/../../../../arm-none-eabi/lib/armv7-m/libcr_c.a(strlen.o)
                              ./src/Bluetooth_3032.o (strlen)
/Applications/lpcxpresso_7.5.0_254/lpcxpresso/tools/bin/../lib/gcc/arm-none-eabi/4.8.4/../../../../arm-none-eabi/lib/armv7-m/libcr_c.a(strncmp.o)
                              ./src/fat_access.o (strncmp)
/Applications/lpcxpresso_7.5.0_254/lpcxpresso/tools/bin/../lib/gcc/arm-none-eabi/4.8.4/../../../../arm-none-eabi/lib/armv7-m/libcr_c.a(strncpy.o)
                              ./src/fat_access.o (strncpy)
/Applications/lpcxpresso_7.5.0_254/lpcxpresso/tools/bin/../lib/gcc/arm-none-eabi/4.8.4/../../../../arm-none-eabi/lib/armv7-m/libcr_c.a(strstr.o)
                              ./src/main.o (strstr)
/Applications/lpcxpresso_7.5.0_254/lpcxpresso/tools/bin/../lib/gcc/arm-none-eabi/4.8.4/../../../../arm-none-eabi/lib/armv7-m/libcr_c.a(ungetc.o)
                              /Applications/lpcxpresso_7.5.0_254/lpcxpresso/tools/bin/../lib/gcc/arm-none-eabi/4.8.4/../../../../arm-none-eabi/lib/armv7-m/libcr_c.a(scanf.o) (ungetc)
/Applications/lpcxpresso_7.5.0_254/lpcxpresso/tools/bin/../lib/gcc/arm-none-eabi/4.8.4/../../../../arm-none-eabi/lib/armv7-m/libcr_c.a(__fillbuf.o)
[...]
Memory Configuration

Name             Origin             Length             Attributes
MFlash512        0x0000000000000000 0x0000000000080000 xr
RamLoc32         0x0000000010000000 0x0000000000008000 xrw
RamAHB32         0x000000002007c000 0x0000000000008000 xrw
*default*        0x0000000000000000 0xffffffffffffffff

Linker script and memory map

LOAD ./src/Bluetooth_3032.o
LOAD ./src/GPS_3032.o
LOAD ./src/GSM_3032.o
LOAD ./src/Load_3032.o
LOAD ./src/Temp_3032.o
LOAD ./src/cr_startup_lpc176x.o
LOAD ./src/fat_access.o
LOAD ./src/fat_cache.o
LOAD ./src/fat_filelib.o
LOAD ./src/fat_format.o
LOAD ./src/fat_misc.o
LOAD ./src/fat_string.o
LOAD ./src/fat_table.o
LOAD ./src/fat_write.o
LOAD ./src/main.o
LOAD ./src/sd.o
LOAD ./src/spi.o
LOAD /Users/wangjiadong/LPCXpresso/workspace/Lib_CMSISv1p30_LPC17xx/Debug/libCMSISv1p30_LPC17xx.a
LOAD /Users/wangjiadong/LPCXpresso/workspace/Lib_MCU/Debug/libLib_MCU.a
START GROUP
LOAD /Applications/lpcxpresso_7.5.0_254/lpcxpresso/tools/bin/../lib/gcc/arm-none-eabi/4.8.4/../../../../arm-none-eabi/lib/armv7-m/libcr_semihost.a
LOAD /Applications/lpcxpresso_7.5.0_254/lpcxpresso/tools/bin/../lib/gcc/arm-none-eabi/4.8.4/../../../../arm-none-eabi/lib/armv7-m/libcr_c.a
LOAD /Applications/lpcxpresso_7.5.0_254/lpcxpresso/tools/bin/../lib/gcc/arm-none-eabi/4.8.4/armv7-m/libcr_eabihelpers.a
END GROUP
                0x0000000000080000                __top_MFlash512 = 0x80000
                0x0000000010008000                __top_RamLoc32 = 0x10008000
                0x0000000020084000                __top_RamAHB32 = 0x20084000

.text           0x0000000000000000     0x9b70
 FILL mask 0xff
                0x0000000000000000                __vectors_start__ = ABSOLUTE (.)
 *(.isr_vector)
 .isr_vector    0x0000000000000000       0xcc ./src/cr_startup_lpc176x.o
                0x0000000000000000                g_pfnVectors
                0x00000000000000cc                . = ALIGN (0x4)
                0x00000000000000cc                __section_table_start = .
                0x00000000000000cc                __data_section_table = .
                0x00000000000000cc        0x4 LONG 0x9b70 LOADADDR (.data)
                0x00000000000000d0        0x4 LONG 0x10000000 ADDR (.data)
                0x00000000000000d4        0x4 LONG 0x99c SIZEOF (.data)
                0x00000000000000d8        0x4 LONG 0x9b70 LOADADDR (.data_RAM2)
                0x00000000000000dc        0x4 LONG 0x2007c000 ADDR (.data_RAM2)
                0x00000000000000e0        0x4 LONG 0x0 SIZEOF (.data_RAM2)
                0x00000000000000e4                __data_section_table_end = .
                0x00000000000000e4                __bss_section_table = .
                0x00000000000000e4        0x4 LONG 0x100009a0 ADDR (.bss)
                0x00000000000000e8        0x4 LONG 0xed0 SIZEOF (.bss)
                0x00000000000000ec        0x4 LONG 0x2007c000 ADDR (.bss_RAM2)
                0x00000000000000f0        0x4 LONG 0x0 SIZEOF (.bss_RAM2)
                0x00000000000000f4                __bss_section_table_end = .
                0x00000000000000f4                __section_table_end = .
 *(.after_vectors*)
 .after_vectors
                0x00000000000000f4       0x78 ./src/cr_startup_lpc176x.o
                0x00000000000000f4                NMI_Handler
                0x00000000000000f6                HardFault_Handler
                0x00000000000000f8                MemManage_Handler
                0x00000000000000fa                BusFault_Handler
                0x00000000000000fc                UsageFault_Handler
                0x00000000000000fe                SVCall_Handler
                0x0000000000000100                DebugMon_Handler
                0x0000000000000102                PendSV_Handler
                0x0000000000000106                UART1_IRQHandler
                0x0000000000000106                EINT3_IRQHandler
                0x0000000000000106                CANActivity_IRQHandler
                0x0000000000000106                TIMER3_IRQHandler
                0x0000000000000106                IntDefaultHandler
                0x0000000000000106                PLL0_IRQHandler
                0x0000000000000106                CAN_IRQHandler
                0x0000000000000106                PLL1_IRQHandler
                0x0000000000000106                SSP0_IRQHandler
                0x0000000000000106                I2S_IRQHandler
                0x0000000000000106                I2C2_IRQHandler
                0x0000000000000106                RTC_IRQHandler
                0x0000000000000106                TIMER0_IRQHandler
                0x0000000000000106                SPI_IRQHandler
                0x0000000000000106                EINT1_IRQHandler
                0x0000000000000106                TIMER1_IRQHandler
                0x0000000000000106                ADC_IRQHandler
                0x0000000000000106                SSP1_IRQHandler
                0x0000000000000106                USB_IRQHandler
                0x0000000000000106                BOD_IRQHandler
                0x0000000000000106                WDT_IRQHandler
                0x0000000000000106                QEI_IRQHandler
                0x0000000000000106                EINT0_IRQHandler
                0x0000000000000106                ENET_IRQHandler
                0x0000000000000106                TIMER2_IRQHandler
                0x0000000000000106                RIT_IRQHandler
                0x0000000000000106                I2C0_IRQHandler
                0x0000000000000106                USBActivity_IRQHandler
                0x0000000000000106                PWM1_IRQHandler
                0x0000000000000106                I2C1_IRQHandler
                0x0000000000000106                EINT2_IRQHandler
                0x0000000000000106                DMA_IRQHandler
                0x0000000000000106                MCPWM_IRQHandler
                0x0000000000000108                data_init
                0x000000000000011a                bss_init
                0x000000000000012a                ResetISR
 *(.text*)
 .text.NVIC_EnableIRQ
                0x000000000000016c       0x30 ./src/Bluetooth_3032.o
 .text.pinsel_uart3
                0x000000000000019c       0x2c ./src/Bluetooth_3032.o
                0x000000000000019c                pinsel_uart3
 .text.init_uart
                0x00000000000001c8       0x48 ./src/Bluetooth_3032.o
                0x00000000000001c8                init_uart
 .text.bt_send  0x0000000000000210       0x64 ./src/Bluetooth_3032.o
                0x0000000000000210                bt_send
 .text.init_bt  0x0000000000000274       0x10 ./src/Bluetooth_3032.o
                0x0000000000000274                init_bt
 .text.pinsel_uart2
                0x0000000000000284       0x2c ./src/GPS_3032.o
                0x0000000000000284                pinsel_uart2
 .text.GPS_switch_init
                0x00000000000002b0       0x38 ./src/GPS_3032.o
                0x00000000000002b0                GPS_switch_init
 .text.init_uart2
                0x00000000000002e8       0x4c ./src/GPS_3032.o
                0x00000000000002e8                init_uart2
 .text.NVIC_EnableIRQ
                0x0000000000000334       0x30 ./src/GSM_3032.o
 .text.pinsel_uart0
                0x0000000000000364       0x2c ./src/GSM_3032.o
                0x0000000000000364                pinsel_uart0
 .text.init_uart0
                0x0000000000000390       0x48 ./src/GSM_3032.o
                0x0000000000000390                init_uart0
 .text.init_gsm
                0x00000000000003d8       0x10 ./src/GSM_3032.o
                0x00000000000003d8                init_gsm
 .text.init_load
                0x00000000000003e8       0x68 ./src/Load_3032.o
                0x00000000000003e8                init_load
 .text.read_load_1
                0x0000000000000450       0x48 ./src/Load_3032.o
                0x0000000000000450                read_load_1
 .text.read_load_2
                0x0000000000000498       0x48 ./src/Load_3032.o
                0x0000000000000498                read_load_2
 .text.read_load_3
                0x00000000000004e0       0x48 ./src/Load_3032.o
                0x00000000000004e0                read_load_3
 .text.init_gpio_2_8
                0x0000000000000528       0x38 ./src/Temp_3032.o
                0x0000000000000528                init_gpio_2_8
 .text.init_temp
                0x0000000000000560       0x50 ./src/Temp_3032.o
                0x0000000000000560                init_temp
 .text.read_temp
                0x00000000000005b0       0x48 ./src/Temp_3032.o
                0x00000000000005b0                read_temp
 .text.fatfs_init
                0x00000000000005f8      0x404 ./src/fat_access.o
                0x00000000000005f8                fatfs_init
 .text.fatfs_lba_of_cluster
                0x00000000000009fc       0x58 ./src/fat_access.o
                0x00000000000009fc                fatfs_lba_of_cluster
 .text.fatfs_sector_read
                0x0000000000000a54       0x24 ./src/fat_access.o
                0x0000000000000a54                fatfs_sector_read
 .text.fatfs_sector_write
                0x0000000000000a78       0x24 ./src/fat_access.o
                0x0000000000000a78                fatfs_sector_write
 .text.fatfs_sector_reader
                0x0000000000000a9c       0xf4 ./src/fat_access.o
                0x0000000000000a9c                fatfs_sector_reader
 .text.fatfs_write_sector
                0x0000000000000b90       0xdc ./src/fat_access.o
                0x0000000000000b90                fatfs_write_sector
 .text.fatfs_get_root_cluster
                0x0000000000000c6c       0x18 ./src/fat_access.o
                0x0000000000000c6c                fatfs_get_root_cluster
 .text.fatfs_get_file_entry
                0x0000000000000c84      0x248 ./src/fat_access.o
                0x0000000000000c84                fatfs_get_file_entry
 .text.fatfs_sfn_exists
                0x0000000000000ecc       0x9c ./src/fat_access.o
                0x0000000000000ecc                fatfs_sfn_exists
 .text.fatfs_update_file_length
                0x0000000000000f68       0xd8 ./src/fat_access.o
                0x0000000000000f68                fatfs_update_file_length
 .text.fatfs_list_directory_start
                0x0000000000001040       0x28 ./src/fat_access.o
                0x0000000000001040                fatfs_list_directory_start
 .text.fatfs_list_directory_next
                0x0000000000001068      0x2f8 ./src/fat_access.o
                0x0000000000001068                fatfs_list_directory_next
 .text.fatfs_cache_init
                0x0000000000001360       0x18 ./src/fat_cache.o
                0x0000000000001360                fatfs_cache_init
 .text.fatfs_cache_get_next_cluster
                0x0000000000001378       0x1c ./src/fat_cache.o
                0x0000000000001378                fatfs_cache_get_next_cluster
 .text.fatfs_cache_set_next_cluster
                0x0000000000001394       0x1c ./src/fat_cache.o
                0x0000000000001394                fatfs_cache_set_next_cluster
 .text.fat_list_init
                0x00000000000013b0       0x20 ./src/fat_filelib.o
 .text.fat_list_remove
                0x00000000000013d0       0x4c ./src/fat_filelib.o
 .text.fat_list_insert_after
                0x000000000000141c       0x44 ./src/fat_filelib.o
 .text.fat_list_insert_before
                0x0000000000001460       0x44 ./src/fat_filelib.o
 .text.fat_list_insert_first
                0x00000000000014a4       0x40 ./src/fat_filelib.o
 .text.fat_list_insert_last
                0x00000000000014e4       0x30 ./src/fat_filelib.o
 .text.fat_list_pop_head
                0x0000000000001514       0x28 ./src/fat_filelib.o
 .text._allocate_file
                0x000000000000153c       0x3c ./src/fat_filelib.o
 .text._check_file_open
                0x0000000000001578       0x7c ./src/fat_filelib.o
 .text._free_file
                0x00000000000015f4       0x34 ./src/fat_filelib.o
 .text._open_directory
                0x0000000000001628       0xc8 ./src/fat_filelib.o
 .text._open_file
                0x00000000000016f0      0x160 ./src/fat_filelib.o
 .text._create_file
                0x0000000000001850      0x238 ./src/fat_filelib.o
 .text._read_sectors
                0x0000000000001a88      0x130 ./src/fat_filelib.o
 .text.fl_init  0x0000000000001bb8       0x5c ./src/fat_filelib.o
                0x0000000000001bb8                fl_init
 .text.fl_attach_media
                0x0000000000001c14       0x5c ./src/fat_filelib.o
                0x0000000000001c14                fl_attach_media
 .text.fl_fopen
                0x0000000000001c70      0x2f8 ./src/fat_filelib.o
                0x0000000000001c70                fl_fopen
 .text._write_sectors
                0x0000000000001f68      0x168 ./src/fat_filelib.o
 .text.fl_fflush
                0x00000000000020d0       0x7c ./src/fat_filelib.o
                0x00000000000020d0                fl_fflush
 .text.fl_fclose
                0x000000000000214c       0xa8 ./src/fat_filelib.o
                0x000000000000214c                fl_fclose
 .text.fl_fgetc
                0x00000000000021f4       0x34 ./src/fat_filelib.o
                0x00000000000021f4                fl_fgetc
 .text.fl_fgets
                0x0000000000002228       0x70 ./src/fat_filelib.o
                0x0000000000002228                fl_fgets
 .text.fl_fread
                0x0000000000002298      0x1a0 ./src/fat_filelib.o
                0x0000000000002298                fl_fread
 .text.fl_listdirectory
                0x0000000000002438       0xc0 ./src/fat_filelib.o
                0x0000000000002438                fl_listdirectory
 .text.fl_opendir
                0x00000000000024f8       0x98 ./src/fat_filelib.o
                0x00000000000024f8                fl_opendir
 .text.fl_readdir
                0x0000000000002590       0x60 ./src/fat_filelib.o
                0x0000000000002590                fl_readdir
 .text.fl_closedir
                0x00000000000025f0       0x18 ./src/fat_filelib.o
                0x00000000000025f0                fl_closedir
 .text.fatfs_lfn_cache_init
                0x0000000000002608       0x50 ./src/fat_misc.o
                0x0000000000002608                fatfs_lfn_cache_init
 .text.fatfs_lfn_cache_entry
                0x0000000000002658      0x1f4 ./src/fat_misc.o
                0x0000000000002658                fatfs_lfn_cache_entry
 .text.fatfs_lfn_cache_get
                0x000000000000284c       0x58 ./src/fat_misc.o
                0x000000000000284c                fatfs_lfn_cache_get
 .text.fatfs_entry_lfn_text
                0x00000000000028a4       0x28 ./src/fat_misc.o
                0x00000000000028a4                fatfs_entry_lfn_text
 .text.fatfs_entry_lfn_invalid
                0x00000000000028cc       0x40 ./src/fat_misc.o
                0x00000000000028cc                fatfs_entry_lfn_invalid
 .text.fatfs_entry_lfn_exists
                0x000000000000290c       0x54 ./src/fat_misc.o
                0x000000000000290c                fatfs_entry_lfn_exists
 .text.fatfs_entry_sfn_only
                0x0000000000002960       0x48 ./src/fat_misc.o
                0x0000000000002960                fatfs_entry_sfn_only
 .text.fatfs_entry_is_dir
                0x00000000000029a8       0x28 ./src/fat_misc.o
                0x00000000000029a8                fatfs_entry_is_dir
 .text.fatfs_entry_is_file
                0x00000000000029d0       0x28 ./src/fat_misc.o
                0x00000000000029d0                fatfs_entry_is_file
 .text.fatfs_lfn_entries_required
                0x00000000000029f8       0x38 ./src/fat_misc.o
                0x00000000000029f8                fatfs_lfn_entries_required
 .text.fatfs_filename_to_lfn
                0x0000000000002a30      0x128 ./src/fat_misc.o
                0x0000000000002a30                fatfs_filename_to_lfn
 .text.fatfs_sfn_create_entry
                0x0000000000002b58       0xb4 ./src/fat_misc.o
                0x0000000000002b58                fatfs_sfn_create_entry
 .text.fatfs_lfn_create_sfn
                0x0000000000002c0c      0x198 ./src/fat_misc.o
                0x0000000000002c0c                fatfs_lfn_create_sfn
 .text.fatfs_itoa
                0x0000000000002da4       0x98 ./src/fat_misc.o
 .text.fatfs_lfn_generate_tail
                0x0000000000002e3c       0x78 ./src/fat_misc.o
                0x0000000000002e3c                fatfs_lfn_generate_tail
 .text.fatfs_total_path_levels
                0x0000000000002eb4       0x94 ./src/fat_string.o
                0x0000000000002eb4                fatfs_total_path_levels
 .text.fatfs_get_substring
                0x0000000000002f48       0xe8 ./src/fat_string.o
                0x0000000000002f48                fatfs_get_substring
 .text.fatfs_split_path
                0x0000000000003030       0x90 ./src/fat_string.o
                0x0000000000003030                fatfs_split_path
 .text.FileString_StrCmpNoCase
                0x00000000000030c0       0x84 ./src/fat_string.o
 .text.FileString_GetExtension
                0x0000000000003144       0x40 ./src/fat_string.o
 .text.FileString_TrimLength
                0x0000000000003184       0x50 ./src/fat_string.o
 .text.fatfs_compare_names
                0x00000000000031d4       0xf8 ./src/fat_string.o
                0x00000000000031d4                fatfs_compare_names
 .text.fatfs_get_sfn_display_name
                0x00000000000032cc       0x68 ./src/fat_string.o
                0x00000000000032cc                fatfs_get_sfn_display_name
 .text.fatfs_fat_init
                0x0000000000003334       0xc0 ./src/fat_table.o
                0x0000000000003334                fatfs_fat_init
 .text.fatfs_fat_writeback
                0x00000000000033f4       0x84 ./src/fat_table.o
 .text.fatfs_fat_read_sector
                0x0000000000003478      0x100 ./src/fat_table.o
 .text.fatfs_fat_purge
                0x0000000000003578       0x48 ./src/fat_table.o
                0x0000000000003578                fatfs_fat_purge
 .text.fatfs_find_next_cluster
                0x00000000000035c0      0x120 ./src/fat_table.o
                0x00000000000035c0                fatfs_find_next_cluster
 .text.fatfs_set_fs_info_next_free_cluster
                0x00000000000036e0       0xb8 ./src/fat_table.o
                0x00000000000036e0                fatfs_set_fs_info_next_free_cluster
 .text.fatfs_find_blank_cluster
                0x0000000000003798      0x114 ./src/fat_table.o
                0x0000000000003798                fatfs_find_blank_cluster
 .text.fatfs_fat_set_cluster
                0x00000000000038ac      0x100 ./src/fat_table.o
                0x00000000000038ac                fatfs_fat_set_cluster
 .text.fatfs_free_cluster_chain
                0x00000000000039ac       0x40 ./src/fat_table.o
                0x00000000000039ac                fatfs_free_cluster_chain
 .text.fatfs_fat_add_cluster_to_chain
                0x00000000000039ec       0x64 ./src/fat_table.o
                0x00000000000039ec                fatfs_fat_add_cluster_to_chain
 .text.fatfs_add_free_space
                0x0000000000003a50       0x8c ./src/fat_write.o
                0x0000000000003a50                fatfs_add_free_space
 .text.fatfs_allocate_free_space
                0x0000000000003adc       0xbc ./src/fat_write.o
                0x0000000000003adc                fatfs_allocate_free_space
 .text.fatfs_find_free_dir_offset
                0x0000000000003b98      0x1cc ./src/fat_write.o
 .text.fatfs_add_file_entry
                0x0000000000003d64      0x1c8 ./src/fat_write.o
                0x0000000000003d64                fatfs_add_file_entry
 .text.NVIC_EnableIRQ
                0x0000000000003f2c       0x30 ./src/main.o
 .text.NVIC_SetPriority
                0x0000000000003f5c       0x54 ./src/main.o
 .text.SysTick_Config
                0x0000000000003fb0       0x44 ./src/main.o
 .text.media_read
                0x0000000000003ff4       0x2c ./src/main.o
                0x0000000000003ff4                media_read
 .text.media_write
                0x0000000000004020       0x2c ./src/main.o
                0x0000000000004020                media_write
 .text.load_read_line
                0x000000000000404c       0x20 ./src/main.o
                0x000000000000404c                load_read_line
 .text.systick_delay
                0x000000000000406c       0x2c ./src/main.o
 .text.SysTick_Handler
                0x0000000000004098       0x40 ./src/main.o
                0x0000000000004098                SysTick_Handler
 .text.SD_init_3032
                0x00000000000040d8       0x80 ./src/main.o
                0x00000000000040d8                SD_init_3032
 .text.init_timer_3032
                0x0000000000004158        0xc ./src/main.o
                0x0000000000004158                init_timer_3032
 .text.initialization_3032
                0x0000000000004164       0x24 ./src/main.o
                0x0000000000004164                initialization_3032
 .text.UART2_IRQHandler
                0x0000000000004188      0x268 ./src/main.o
                0x0000000000004188                UART2_IRQHandler
 .text.UART3_IRQHandler
                0x00000000000043f0       0x80 ./src/main.o
                0x00000000000043f0                UART3_IRQHandler
 .text.UART0_IRQHandler
                0x0000000000004470       0x80 ./src/main.o
                0x0000000000004470                UART0_IRQHandler
 .text.clean_up_load_file
                0x00000000000044f0       0x50 ./src/main.o
                0x00000000000044f0                clean_up_load_file
 .text.main     0x0000000000004540      0x104 ./src/main.o
                0x0000000000004540                main
 .text.disk_timerproc
                0x0000000000004644       0x48 ./src/sd.o
                0x0000000000004644                disk_timerproc
 .text.SD_Init  0x000000000000468c      0x1a4 ./src/sd.o
                0x000000000000468c                SD_Init
 .text.SD_WaitForReady
                0x0000000000004830       0x30 ./src/sd.o
                0x0000000000004830                SD_WaitForReady
 .text.SD_SendCommand
                0x0000000000004860       0xe0 ./src/sd.o
                0x0000000000004860                SD_SendCommand
 .text.SD_SendACommand
                0x0000000000004940       0x44 ./src/sd.o
                0x0000000000004940                SD_SendACommand
 .text.SD_ReadSector
                0x0000000000004984       0xbc ./src/sd.o
                0x0000000000004984                SD_ReadSector
 .text.SD_WriteSector
                0x0000000000004a40       0xb8 ./src/sd.o
                0x0000000000004a40                SD_WriteSector
 .text.SD_ReadConfiguration
                0x0000000000004af8      0x214 ./src/sd.o
                0x0000000000004af8                SD_ReadConfiguration
 .text.SD_RecvDataBlock
                0x0000000000004d0c       0x6c ./src/sd.o
                0x0000000000004d0c                SD_RecvDataBlock
 .text.SD_SendDataBlock
                0x0000000000004d78       0x8c ./src/sd.o
                0x0000000000004d78                SD_SendDataBlock
 .text.SPI_Init
                0x0000000000004e04       0xa4 ./src/spi.o
                0x0000000000004e04                SPI_Init
 .text.SPI_ConfigClockRate
                0x0000000000004ea8       0x20 ./src/spi.o
                0x0000000000004ea8                SPI_ConfigClockRate
 .text.SPI_CS_Low
                0x0000000000004ec8       0x1c ./src/spi.o
                0x0000000000004ec8                SPI_CS_Low
 .text.SPI_CS_High
                0x0000000000004ee4       0x1c ./src/spi.o
                0x0000000000004ee4                SPI_CS_High
 .text.SPI_SendByte
                0x0000000000004f00       0x34 ./src/spi.o
                0x0000000000004f00                SPI_SendByte
 .text.SPI_RecvByte
                0x0000000000004f34       0x10 ./src/spi.o
                0x0000000000004f34                SPI_RecvByte
 .text.SystemInit
                0x0000000000004f44      0x140 /Users/wangjiadong/LPCXpresso/workspace/Lib_CMSISv1p30_LPC17xx/Debug/libCMSISv1p30_LPC17xx.a(system_LPC17xx.o)
                0x0000000000004f44                SystemInit
 .text.GPIO_GetPointer
                0x0000000000005084       0x74 /Users/wangjiadong/LPCXpresso/workspace/Lib_MCU/Debug/libLib_MCU.a(lpc17xx_gpio.o)
 .text.GPIO_SetDir
                0x00000000000050f8       0x48 /Users/wangjiadong/LPCXpresso/workspace/Lib_MCU/Debug/libLib_MCU.a(lpc17xx_gpio.o)
                0x00000000000050f8                GPIO_SetDir
 .text.GPIO_SetValue
                0x0000000000005140       0x28 /Users/wangjiadong/LPCXpresso/workspace/Lib_MCU/Debug/libLib_MCU.a(lpc17xx_gpio.o)
                0x0000000000005140                GPIO_SetValue
 .text.PINSEL_SetPinFunc
                0x0000000000005168       0x84 /Users/wangjiadong/LPCXpresso/workspace/Lib_MCU/Debug/libLib_MCU.a(lpc17xx_pinsel.o)
                0x0000000000005168                PINSEL_SetPinFunc
 .text.PINSEL_SetResistorMode
                0x00000000000051ec       0x84 /Users/wangjiadong/LPCXpresso/workspace/Lib_MCU/Debug/libLib_MCU.a(lpc17xx_pinsel.o)
                0x00000000000051ec                PINSEL_SetResistorMode
 .text.PINSEL_SetOpenDrainMode
                0x0000000000005270       0x6c /Users/wangjiadong/LPCXpresso/workspace/Lib_MCU/Debug/libLib_MCU.a(lpc17xx_pinsel.o)
                0x0000000000005270                PINSEL_SetOpenDrainMode
 .text.PINSEL_ConfigPin
                0x00000000000052dc       0x50 /Users/wangjiadong/LPCXpresso/workspace/Lib_MCU/Debug/libLib_MCU.a(lpc17xx_pinsel.o)
                0x00000000000052dc                PINSEL_ConfigPin
 .text.uart_set_divisors
                0x000000000000532c      0x214 /Users/wangjiadong/LPCXpresso/workspace/Lib_MCU/Debug/libLib_MCU.a(lpc17xx_uart.o)
                0x000000000000532c                uart_set_divisors
 .text.UART_Init
                0x0000000000005540      0x2ec /Users/wangjiadong/LPCXpresso/workspace/Lib_MCU/Debug/libLib_MCU.a(lpc17xx_uart.o)
                0x0000000000005540                UART_Init
 .text.UART_SendData
                0x000000000000582c       0x68 /Users/wangjiadong/LPCXpresso/workspace/Lib_MCU/Debug/libLib_MCU.a(lpc17xx_uart.o)
                0x000000000000582c                UART_SendData
 .text.UART_ReceiveData
                0x0000000000005894       0x64 /Users/wangjiadong/LPCXpresso/workspace/Lib_MCU/Debug/libLib_MCU.a(lpc17xx_uart.o)
                0x0000000000005894                UART_ReceiveData
 .text.UART_IntConfig
                0x00000000000058f8      0x184 /Users/wangjiadong/LPCXpresso/workspace/Lib_MCU/Debug/libLib_MCU.a(lpc17xx_uart.o)
                0x00000000000058f8                UART_IntConfig
 .text.UART_TxCmd
                0x0000000000005a7c       0xc8 /Users/wangjiadong/LPCXpresso/workspace/Lib_MCU/Debug/libLib_MCU.a(lpc17xx_uart.o)
                0x0000000000005a7c                UART_TxCmd
 .text.UART_Send
                0x0000000000005b44       0xe8 /Users/wangjiadong/LPCXpresso/workspace/Lib_MCU/Debug/libLib_MCU.a(lpc17xx_uart.o)
                0x0000000000005b44                UART_Send
 .text.UART_Receive
                0x0000000000005c2c       0xb8 /Users/wangjiadong/LPCXpresso/workspace/Lib_MCU/Debug/libLib_MCU.a(lpc17xx_uart.o)
                0x0000000000005c2c                UART_Receive
 .text.CLKPWR_GetPCLKSEL
                0x0000000000005ce4       0x4c /Users/wangjiadong/LPCXpresso/workspace/Lib_MCU/Debug/libLib_MCU.a(lpc17xx_clkpwr.o)
                0x0000000000005ce4                CLKPWR_GetPCLKSEL
 .text.CLKPWR_GetPCLK
                0x0000000000005d30       0x64 /Users/wangjiadong/LPCXpresso/workspace/Lib_MCU/Debug/libLib_MCU.a(lpc17xx_clkpwr.o)
                0x0000000000005d30                CLKPWR_GetPCLK
 .text.CLKPWR_ConfigPPWR
                0x0000000000005d94       0x58 /Users/wangjiadong/LPCXpresso/workspace/Lib_MCU/Debug/libLib_MCU.a(lpc17xx_clkpwr.o)
                0x0000000000005d94                CLKPWR_ConfigPPWR
 .text.check_failed
                0x0000000000005dec        0xc /Users/wangjiadong/LPCXpresso/workspace/Lib_MCU/Debug/libLib_MCU.a(lpc17xx_libcfg_default.o)
                0x0000000000005dec                check_failed
 .text.__main   0x0000000000005df8       0x14 /Applications/lpcxpresso_7.5.0_254/lpcxpresso/tools/bin/../lib/gcc/arm-none-eabi/4.8.4/../../../../arm-none-eabi/lib/armv7-m/libcr_semihost.a(_cr__main.o)
                0x0000000000005df8                __main
                0x0000000000005df8                __CR_SEMIHOST
 .text.memcpy   0x0000000000005e0c        0x4 /Applications/lpcxpresso_7.5.0_254/lpcxpresso/tools/bin/../lib/gcc/arm-none-eabi/4.8.4/../../../../arm-none-eabi/lib/armv7-m/libcr_c.a(memcpy.o)
                0x0000000000005e0c                memcpy
 .text.memset   0x0000000000005e10        0x4 /Applications/lpcxpresso_7.5.0_254/lpcxpresso/tools/bin/../lib/gcc/arm-none-eabi/4.8.4/../../../../arm-none-eabi/lib/armv7-m/libcr_c.a(memset.o)
                0x0000000000005e10                memset
 .text.fp_round
                0x0000000000005e14       0x4e /Applications/lpcxpresso_7.5.0_254/lpcxpresso/tools/bin/../lib/gcc/arm-none-eabi/4.8.4/../../../../arm-none-eabi/lib/armv7-m/libcr_c.a(fpprintf.o)
 .text.pr_dec.constprop.1
                0x0000000000005e62       0x26 /Applications/lpcxpresso_7.5.0_254/lpcxpresso/tools/bin/../lib/gcc/arm-none-eabi/4.8.4/../../../../arm-none-eabi/lib/armv7-m/libcr_c.a(fpprintf.o)
 .text.sprintf  0x0000000000005e88       0x6c /Applications/lpcxpresso_7.5.0_254/lpcxpresso/tools/bin/../lib/gcc/arm-none-eabi/4.8.4/../../../../arm-none-eabi/lib/armv7-m/libcr_c.a(fpprintf.o)
                0x0000000000005e88                sprintf
 *fill*         0x0000000000005ef4        0x4 
 .text.fp_display
                0x0000000000005ef8      0x998 /Applications/lpcxpresso_7.5.0_254/lpcxpresso/tools/bin/../lib/gcc/arm-none-eabi/4.8.4/../../../../arm-none-eabi/lib/armv7-m/libcr_c.a(fpprintf.o)
 .text.vsnprintf
                0x0000000000006890       0x5c /Applications/lpcxpresso_7.5.0_254/lpcxpresso/tools/bin/../lib/gcc/arm-none-eabi/4.8.4/../../../../arm-none-eabi/lib/armv7-m/libcr_c.a(fpprintf.o)
                0x0000000000006890                vsnprintf
 .text.printf   0x00000000000068ec       0x54 /Applications/lpcxpresso_7.5.0_254/lpcxpresso/tools/bin/../lib/gcc/arm-none-eabi/4.8.4/../../../../arm-none-eabi/lib/armv7-m/libcr_c.a(fpprintf.o)
                0x00000000000068ec                printf
 .text._initio  0x0000000000006940       0xa4 /Applications/lpcxpresso_7.5.0_254/lpcxpresso/tools/bin/../lib/gcc/arm-none-eabi/4.8.4/../../../../arm-none-eabi/lib/armv7-m/libcr_c.a(initio.o)
                0x0000000000006940                _initio
 .text.__vfprintf
                0x00000000000069e4      0xca0 /Applications/lpcxpresso_7.5.0_254/lpcxpresso/tools/bin/../lib/gcc/arm-none-eabi/4.8.4/../../../../arm-none-eabi/lib/armv7-m/libcr_c.a(printf.o)
                0x00000000000069e4                __vfprintf
 .text.ch_val   0x0000000000007684       0x30 /Applications/lpcxpresso_7.5.0_254/lpcxpresso/tools/bin/../lib/gcc/arm-none-eabi/4.8.4/../../../../arm-none-eabi/lib/armv7-m/libcr_c.a(scanf.o)
 .text.cr_rd_int
                0x00000000000076b4      0x1c8 /Applications/lpcxpresso_7.5.0_254/lpcxpresso/tools/bin/../lib/gcc/arm-none-eabi/4.8.4/../../../../arm-none-eabi/lib/armv7-m/libcr_c.a(scanf.o)
 *fill*         0x000000000000787c        0x4 
 .text.vfscanf  0x0000000000007880      0x968 /Applications/lpcxpresso_7.5.0_254/lpcxpresso/tools/bin/../lib/gcc/arm-none-eabi/4.8.4/../../../../arm-none-eabi/lib/armv7-m/libcr_c.a(scanf.o)
                0x0000000000007880                vfscanf
 .text.sscanf   0x00000000000081e8       0x4c /Applications/lpcxpresso_7.5.0_254/lpcxpresso/tools/bin/../lib/gcc/arm-none-eabi/4.8.4/../../../../arm-none-eabi/lib/armv7-m/libcr_c.a(scanf.o)
                0x00000000000081e8                sscanf
 .text.setvbuf  0x0000000000008234       0x40 /Applications/lpcxpresso_7.5.0_254/lpcxpresso/tools/bin/../lib/gcc/arm-none-eabi/4.8.4/../../../../arm-none-eabi/lib/armv7-m/libcr_c.a(setvbuf.o)
                0x0000000000008234                setvbuf
 .text.strcpy   0x0000000000008274       0x40 /Applications/lpcxpresso_7.5.0_254/lpcxpresso/tools/bin/../lib/gcc/arm-none-eabi/4.8.4/../../../../arm-none-eabi/lib/armv7-m/libcr_c.a(strcpy.o)
                0x0000000000008274                strcpy
 .text.strlen   0x00000000000082b4       0x4a /Applications/lpcxpresso_7.5.0_254/lpcxpresso/tools/bin/../lib/gcc/arm-none-eabi/4.8.4/../../../../arm-none-eabi/lib/armv7-m/libcr_c.a(strlen.o)
                0x00000000000082b4                strlen
 .text.strncmp  0x00000000000082fe       0x54 /Applications/lpcxpresso_7.5.0_254/lpcxpresso/tools/bin/../lib/gcc/arm-none-eabi/4.8.4/../../../../arm-none-eabi/lib/armv7-m/libcr_c.a(strncmp.o)
                0x00000000000082fe                strncmp
 .text.strncpy  0x0000000000008352       0x58 /Applications/lpcxpresso_7.5.0_254/lpcxpresso/tools/bin/../lib/gcc/arm-none-eabi/4.8.4/../../../../arm-none-eabi/lib/armv7-m/libcr_c.a(strncpy.o)
                0x0000000000008352                strncpy
 .text.strstr   0x00000000000083aa       0x1e /Applications/lpcxpresso_7.5.0_254/lpcxpresso/tools/bin/../lib/gcc/arm-none-eabi/4.8.4/../../../../arm-none-eabi/lib/armv7-m/libcr_c.a(strstr.o)
                0x00000000000083aa                strstr
 .text.ungetc   0x00000000000083c8       0x38 /Applications/lpcxpresso_7.5.0_254/lpcxpresso/tools/bin/../lib/gcc/arm-none-eabi/4.8.4/../../../../arm-none-eabi/lib/armv7-m/libcr_c.a(ungetc.o)
                0x00000000000083c8                ungetc
 .text._Csys_read_
                0x0000000000008400       0x22 /Applications/lpcxpresso_7.5.0_254/lpcxpresso/tools/bin/../lib/gcc/arm-none-eabi/4.8.4/../../../../arm-none-eabi/lib/armv7-m/libcr_c.a(__fillbuf.o)
                0x0000000000008400                _Csys_read_
 *fill*         0x0000000000008422        0x2 
 .text.__filbuf
                0x0000000000008424      0x174 /Applications/lpcxpresso_7.5.0_254/lpcxpresso/tools/bin/../lib/gcc/arm-none-eabi/4.8.4/../../../../arm-none-eabi/lib/armv7-m/libcr_c.a(__fillbuf.o)
                0x0000000000008424                __filbuf
 .text._deferredlazyseek
                0x0000000000008598       0x44 /Applications/lpcxpresso_7.5.0_254/lpcxpresso/tools/bin/../lib/gcc/arm-none-eabi/4.8.4/../../../../arm-none-eabi/lib/armv7-m/libcr_c.a(_deferredlazyseek.o)
                0x0000000000008598                _deferredlazyseek
 .text.__flsbuf
                0x00000000000085dc      0x142 /Applications/lpcxpresso_7.5.0_254/lpcxpresso/tools/bin/../lib/gcc/arm-none-eabi/4.8.4/../../../../arm-none-eabi/lib/armv7-m/libcr_c.a(_deferredlazyseek.o)
                0x00000000000085dc                __flsbuf
 .text._fdopen  0x000000000000871e       0x6a /Applications/lpcxpresso_7.5.0_254/lpcxpresso/tools/bin/../lib/gcc/arm-none-eabi/4.8.4/../../../../arm-none-eabi/lib/armv7-m/libcr_c.a(_fdopen.o)
                0x000000000000871e                _fdopen
 .text._fflush  0x0000000000008788       0x58 /Applications/lpcxpresso_7.5.0_254/lpcxpresso/tools/bin/../lib/gcc/arm-none-eabi/4.8.4/../../../../arm-none-eabi/lib/armv7-m/libcr_c.a(_fflush.o)
                0x0000000000008788                _fflush
 .text._frexpl  0x00000000000087e0       0x5c /Applications/lpcxpresso_7.5.0_254/lpcxpresso/tools/bin/../lib/gcc/arm-none-eabi/4.8.4/../../../../arm-none-eabi/lib/armv7-m/libcr_c.a(_frexpl.o)
                0x00000000000087e0                _frexpl
 .text._ldexpl  0x000000000000883c       0x4c /Applications/lpcxpresso_7.5.0_254/lpcxpresso/tools/bin/../lib/gcc/arm-none-eabi/4.8.4/../../../../arm-none-eabi/lib/armv7-m/libcr_c.a(_ldexpl.o)
                0x000000000000883c                _ldexpl
 .text._Cwritebuf
                0x0000000000008888       0x70 /Applications/lpcxpresso_7.5.0_254/lpcxpresso/tools/bin/../lib/gcc/arm-none-eabi/4.8.4/../../../../arm-none-eabi/lib/armv7-m/libcr_c.a(_writebuf.o)
                0x0000000000008888                _Cwritebuf
 .text.malloc   0x00000000000088f8       0xc8 /Applications/lpcxpresso_7.5.0_254/lpcxpresso/tools/bin/../lib/gcc/arm-none-eabi/4.8.4/../../../../arm-none-eabi/lib/armv7-m/libcr_c.a(alloc.o)
                0x00000000000088f8                malloc
 .text.free     0x00000000000089c0        0xc /Applications/lpcxpresso_7.5.0_254/lpcxpresso/tools/bin/../lib/gcc/arm-none-eabi/4.8.4/../../../../arm-none-eabi/lib/armv7-m/libcr_c.a(alloc.o)
                0x00000000000089c0                free
 .text._Csys_alloc
                0x00000000000089cc       0x20 /Applications/lpcxpresso_7.5.0_254/lpcxpresso/tools/bin/../lib/gcc/arm-none-eabi/4.8.4/../../../../arm-none-eabi/lib/armv7-m/libcr_c.a(alloc.o)
                0x00000000000089cc                _Csys_alloc
 .text.fclose   0x00000000000089ec       0x6c /Applications/lpcxpresso_7.5.0_254/lpcxpresso/tools/bin/../lib/gcc/arm-none-eabi/4.8.4/../../../../arm-none-eabi/lib/armv7-m/libcr_c.a(fclose.o)
                0x00000000000089ec                fclose
 .text.fflush   0x0000000000008a58       0x30 /Applications/lpcxpresso_7.5.0_254/lpcxpresso/tools/bin/../lib/gcc/arm-none-eabi/4.8.4/../../../../arm-none-eabi/lib/armv7-m/libcr_c.a(fflush.o)
                0x0000000000008a58                fflush
 .text.fseek    0x0000000000008a88      0x10c /Applications/lpcxpresso_7.5.0_254/lpcxpresso/tools/bin/../lib/gcc/arm-none-eabi/4.8.4/../../../../arm-none-eabi/lib/armv7-m/libcr_c.a(fseek.o)
                0x0000000000008a88                fseek
 .text.ftell    0x0000000000008b94       0x4c /Applications/lpcxpresso_7.5.0_254/lpcxpresso/tools/bin/../lib/gcc/arm-none-eabi/4.8.4/../../../../arm-none-eabi/lib/armv7-m/libcr_c.a(ftell.o)
                0x0000000000008b94                ftell
 .text.remove   0x0000000000008be0       0x14 /Applications/lpcxpresso_7.5.0_254/lpcxpresso/tools/bin/../lib/gcc/arm-none-eabi/4.8.4/../../../../arm-none-eabi/lib/armv7-m/libcr_c.a(remove.o)
                0x0000000000008be0                remove
 .text._sbrk    0x0000000000008bf4       0x40 /Applications/lpcxpresso_7.5.0_254/lpcxpresso/tools/bin/../lib/gcc/arm-none-eabi/4.8.4/../../../../arm-none-eabi/lib/armv7-m/libcr_c.a(_cr_sbrk.o)
                0x0000000000008bf4                _sbrk
 .text._do_fflush
                0x0000000000008c34       0x44 /Applications/lpcxpresso_7.5.0_254/lpcxpresso/tools/bin/../lib/gcc/arm-none-eabi/4.8.4/../../../../arm-none-eabi/lib/armv7-m/libcr_c.a(_do_fflush.o)
                0x0000000000008c34                _do_fflush
 .text.__check_heap_overflow
                0x0000000000008c78       0x18 /Applications/lpcxpresso_7.5.0_254/lpcxpresso/tools/bin/../lib/gcc/arm-none-eabi/4.8.4/../../../../arm-none-eabi/lib/armv7-m/libcr_c.a(_cr_check_heap.o)
                0x0000000000008c78                __check_heap_overflow
 .text.__aeabi_dmul
                0x0000000000008c90      0x12c /Applications/lpcxpresso_7.5.0_254/lpcxpresso/tools/bin/../lib/gcc/arm-none-eabi/4.8.4/armv7-m/libcr_eabihelpers.a(double.o)
                0x0000000000008c90                __aeabi_dmul
 .text.__aeabi_ddiv
                0x0000000000008dbc      0x16c /Applications/lpcxpresso_7.5.0_254/lpcxpresso/tools/bin/../lib/gcc/arm-none-eabi/4.8.4/armv7-m/libcr_eabihelpers.a(double.o)
                0x0000000000008dbc                __aeabi_ddiv
 .text.__aeabi_dsub
                0x0000000000008f28      0x228 /Applications/lpcxpresso_7.5.0_254/lpcxpresso/tools/bin/../lib/gcc/arm-none-eabi/4.8.4/armv7-m/libcr_eabihelpers.a(double.o)
                0x0000000000008f28                __aeabi_dsub
 .text.__aeabi_dadd
                0x0000000000009150      0x178 /Applications/lpcxpresso_7.5.0_254/lpcxpresso/tools/bin/../lib/gcc/arm-none-eabi/4.8.4/armv7-m/libcr_eabihelpers.a(double.o)
                0x0000000000009150                __aeabi_dadd
 .text.__aeabi_d2f
                0x00000000000092c8       0x58 /Applications/lpcxpresso_7.5.0_254/lpcxpresso/tools/bin/../lib/gcc/arm-none-eabi/4.8.4/armv7-m/libcr_eabihelpers.a(double.o)
                0x00000000000092c8                __aeabi_d2f
 .text.__aeabi_d2iz
                0x0000000000009320       0x4c /Applications/lpcxpresso_7.5.0_254/lpcxpresso/tools/bin/../lib/gcc/arm-none-eabi/4.8.4/armv7-m/libcr_eabihelpers.a(double.o)
                0x0000000000009320                __aeabi_d2iz
 .text.__bhs_ui2d
                0x000000000000936c       0x48 /Applications/lpcxpresso_7.5.0_254/lpcxpresso/tools/bin/../lib/gcc/arm-none-eabi/4.8.4/armv7-m/libcr_eabihelpers.a(double.o)
                0x000000000000936c                __bhs_ui2d
 .text.__aeabi_i2d
                0x00000000000093b4       0x10 /Applications/lpcxpresso_7.5.0_254/lpcxpresso/tools/bin/../lib/gcc/arm-none-eabi/4.8.4/armv7-m/libcr_eabihelpers.a(double.o)
                0x00000000000093b4                __aeabi_i2d
 .text.__aeabi_dcmpeq
                0x00000000000093c4       0x40 /Applications/lpcxpresso_7.5.0_254/lpcxpresso/tools/bin/../lib/gcc/arm-none-eabi/4.8.4/armv7-m/libcr_eabihelpers.a(double.o)
                0x00000000000093c4                __aeabi_dcmpeq
 .text.__aeabi_dcmplt
                0x0000000000009404       0x70 /Applications/lpcxpresso_7.5.0_254/lpcxpresso/tools/bin/../lib/gcc/arm-none-eabi/4.8.4/armv7-m/libcr_eabihelpers.a(double.o)
                0x0000000000009404                __aeabi_dcmplt
 .text.__aeabi_dcmple
                0x0000000000009474       0x68 /Applications/lpcxpresso_7.5.0_254/lpcxpresso/tools/bin/../lib/gcc/arm-none-eabi/4.8.4/armv7-m/libcr_eabihelpers.a(double.o)
                0x0000000000009474                __aeabi_dcmple
 .text.__aeabi_dcmpge
                0x00000000000094dc       0x64 /Applications/lpcxpresso_7.5.0_254/lpcxpresso/tools/bin/../lib/gcc/arm-none-eabi/4.8.4/armv7-m/libcr_eabihelpers.a(double.o)
                0x00000000000094dc                __aeabi_dcmpge
 .text.__aeabi_f2iz
                0x0000000000009540       0x34 /Applications/lpcxpresso_7.5.0_254/lpcxpresso/tools/bin/../lib/gcc/arm-none-eabi/4.8.4/armv7-m/libcr_eabihelpers.a(float.o)
                0x0000000000009540                __aeabi_f2iz
 .text.__aeabi_f2d
                0x0000000000009574       0x44 /Applications/lpcxpresso_7.5.0_254/lpcxpresso/tools/bin/../lib/gcc/arm-none-eabi/4.8.4/armv7-m/libcr_eabihelpers.a(float.o)
                0x0000000000009574                __aeabi_f2d
 .text.__aeabi_memcpy
                0x00000000000095b8       0x3a /Applications/lpcxpresso_7.5.0_254/lpcxpresso/tools/bin/../lib/gcc/arm-none-eabi/4.8.4/armv7-m/libcr_eabihelpers.a(memcpy.o)
                0x00000000000095b8                __aeabi_memcpy
                0x00000000000095c4                __aeabi_memcpy4
                0x00000000000095c4                __aeabi_memcpy8
 .text.__aeabi_memset_lowlevel
                0x00000000000095f2       0x38 /Applications/lpcxpresso_7.5.0_254/lpcxpresso/tools/bin/../lib/gcc/arm-none-eabi/4.8.4/armv7-m/libcr_eabihelpers.a(memcpy.o)
                0x00000000000095f2                __aeabi_lowlevel_memset
 *fill*         0x000000000000962a        0x2 
 .text.__sys_appexit
                0x000000000000962c        0xc /Applications/lpcxpresso_7.5.0_254/lpcxpresso/tools/bin/../lib/gcc/arm-none-eabi/4.8.4/../../../../arm-none-eabi/lib/armv7-m/libcr_semihost.a(__sys_appexit.o)
                0x000000000000962c                __exit
                0x000000000000962c                __sys_appexit
 .text.__sys_close
                0x0000000000009638        0xc /Applications/lpcxpresso_7.5.0_254/lpcxpresso/tools/bin/../lib/gcc/arm-none-eabi/4.8.4/../../../../arm-none-eabi/lib/armv7-m/libcr_semihost.a(__sys_close.o)
                0x0000000000009638                __sys_close
 .text.__sys_flen
                0x0000000000009644        0xc /Applications/lpcxpresso_7.5.0_254/lpcxpresso/tools/bin/../lib/gcc/arm-none-eabi/4.8.4/../../../../arm-none-eabi/lib/armv7-m/libcr_semihost.a(__sys_flen.o)
                0x0000000000009644                __sys_flen
 .text.__sys_istty
                0x0000000000009650        0xc /Applications/lpcxpresso_7.5.0_254/lpcxpresso/tools/bin/../lib/gcc/arm-none-eabi/4.8.4/../../../../arm-none-eabi/lib/armv7-m/libcr_semihost.a(__sys_istty.o)
                0x0000000000009650                __sys_istty
 .text.__sys_read
                0x000000000000965c        0xc /Applications/lpcxpresso_7.5.0_254/lpcxpresso/tools/bin/../lib/gcc/arm-none-eabi/4.8.4/../../../../arm-none-eabi/lib/armv7-m/libcr_semihost.a(__sys_read.o)
                0x000000000000965c                __sys_read
 .text.__sys_readc
                0x0000000000009668        0x8 /Applications/lpcxpresso_7.5.0_254/lpcxpresso/tools/bin/../lib/gcc/arm-none-eabi/4.8.4/../../../../arm-none-eabi/lib/armv7-m/libcr_semihost.a(__sys_readc.o)
                0x0000000000009668                __readc
                0x0000000000009668                __sys_readc
 .text.__sys_remove
                0x0000000000009670        0xc /Applications/lpcxpresso_7.5.0_254/lpcxpresso/tools/bin/../lib/gcc/arm-none-eabi/4.8.4/../../../../arm-none-eabi/lib/armv7-m/libcr_semihost.a(__sys_remove.o)
                0x0000000000009670                __sys_remove
 .text.__sys_seek
                0x000000000000967c        0xc /Applications/lpcxpresso_7.5.0_254/lpcxpresso/tools/bin/../lib/gcc/arm-none-eabi/4.8.4/../../../../arm-none-eabi/lib/armv7-m/libcr_semihost.a(__sys_seek.o)
                0x000000000000967c                __sys_seek
 .text.__sys_tmpnam
                0x0000000000009688        0xc /Applications/lpcxpresso_7.5.0_254/lpcxpresso/tools/bin/../lib/gcc/arm-none-eabi/4.8.4/../../../../arm-none-eabi/lib/armv7-m/libcr_semihost.a(__sys_tmpnam.o)
                0x0000000000009688                __sys_tmpnam
 .text.__sys_write
                0x0000000000009694        0xc /Applications/lpcxpresso_7.5.0_254/lpcxpresso/tools/bin/../lib/gcc/arm-none-eabi/4.8.4/../../../../arm-none-eabi/lib/armv7-m/libcr_semihost.a(__sys_write.o)
                0x0000000000009694                __write
                0x0000000000009694                __sys_write
 *(.rodata .rodata.* .constdata .constdata.*)
 .rodata        0x00000000000096a0       0x68 ./src/fat_filelib.o
 .rodata        0x0000000000009708       0x48 ./src/fat_misc.o
 .rodata        0x0000000000009750      0x1fc ./src/main.o
 .rodata        0x000000000000994c       0x18 /Users/wangjiadong/LPCXpresso/workspace/Lib_MCU/Debug/libLib_MCU.a(lpc17xx_uart.o)
 .rodata.str1.1
                0x0000000000009964       0x34 /Applications/lpcxpresso_7.5.0_254/lpcxpresso/tools/bin/../lib/gcc/arm-none-eabi/4.8.4/../../../../arm-none-eabi/lib/armv7-m/libcr_c.a(fpprintf.o)
                                         0x35 (size before relaxing)
 .rodata.str1.1
                0x0000000000009998        0x4 /Applications/lpcxpresso_7.5.0_254/lpcxpresso/tools/bin/../lib/gcc/arm-none-eabi/4.8.4/../../../../arm-none-eabi/lib/armv7-m/libcr_c.a(initio.o)
 .rodata.str1.1
                0x000000000000999c       0x31 /Applications/lpcxpresso_7.5.0_254/lpcxpresso/tools/bin/../lib/gcc/arm-none-eabi/4.8.4/../../../../arm-none-eabi/lib/armv7-m/libcr_c.a(printf.o)
                                         0x38 (size before relaxing)
 *fill*         0x00000000000099cd        0x3 
 .rodata.__huge_vall
                0x00000000000099d0        0x8 /Applications/lpcxpresso_7.5.0_254/lpcxpresso/tools/bin/../lib/gcc/arm-none-eabi/4.8.4/../../../../arm-none-eabi/lib/armv7-m/libcr_c.a(_hugeval.o)
                0x00000000000099d0                __huge_vall
 .rodata.str1.1
                0x00000000000099d8       0x18 /Applications/lpcxpresso_7.5.0_254/lpcxpresso/tools/bin/../lib/gcc/arm-none-eabi/4.8.4/../../../../arm-none-eabi/lib/armv7-m/libcr_c.a(alloc.o)
 .rodata.__ctype
                0x00000000000099f0      0x180 /Applications/lpcxpresso_7.5.0_254/lpcxpresso/tools/bin/../lib/gcc/arm-none-eabi/4.8.4/../../../../arm-none-eabi/lib/armv7-m/libcr_c.a(ctype.o)
                0x00000000000099f0                __ctype
                0x0000000000009b70                . = ALIGN (0x4)

.glue_7         0x0000000000009b70        0x0
 .glue_7        0x0000000000000000        0x0 linker stubs

.glue_7t        0x0000000000009b70        0x0
 .glue_7t       0x0000000000000000        0x0 linker stubs

.vfp11_veneer   0x0000000000009b70        0x0
 .vfp11_veneer  0x0000000000000000        0x0 linker stubs

.v4_bx          0x0000000000009b70        0x0
 .v4_bx         0x0000000000000000        0x0 linker stubs

.iplt           0x0000000000009b70        0x0
 .iplt          0x0000000000000000        0x0 ./src/Bluetooth_3032.o

.rel.dyn        0x0000000000009b70        0x0
 .rel.iplt      0x0000000000000000        0x0 ./src/Bluetooth_3032.o

.ARM.extab
 *(.ARM.extab* .gnu.linkonce.armextab.*)
                0x0000000000009b70                __exidx_start = .

.ARM.exidx
 *(.ARM.exidx* .gnu.linkonce.armexidx.*)
                0x0000000000009b70                __exidx_end = .
                0x0000000000009b70                _etext = .

.data_RAM2      0x000000002007c000        0x0 load address 0x0000000000009b70
 FILL mask 0xff
 *(.ramfunc.$RAM2)
 *(.ramfunc.$RamAHB32)
 *(.data.$RAM2*)
 *(.data.$RamAHB32*)
                0x000000002007c000                . = ALIGN (0x4)

.uninit_RESERVED
                0x0000000010000000        0x0
 *(.bss.$RESERVED*)
                0x0000000010000000                . = ALIGN (0x4)
                0x0000000010000000                _end_uninit_RESERVED = .

.data           0x0000000010000000      0x99c load address 0x0000000000009b70
 FILL mask 0xff
                0x0000000010000000                _data = .
 *(vtable)
 *(.ramfunc*)
 *(.data*)
 .data.str      0x0000000010000000       0xc8 ./src/main.o
                0x0000000010000000                str
 .data.str_gsm  0x00000000100000c8      0x400 ./src/main.o
                0x00000000100000c8                str_gsm
 .data.response_last_gsm
                0x00000000100004c8      0x400 ./src/main.o
                0x00000000100004c8                response_last_gsm
 .data.str_bt   0x00000000100008c8       0xc8 ./src/main.o
                0x00000000100008c8                str_bt
 .data          0x0000000010000990        0x4 /Users/wangjiadong/LPCXpresso/workspace/Lib_CMSISv1p30_LPC17xx/Debug/libCMSISv1p30_LPC17xx.a(system_LPC17xx.o)
                0x0000000010000990                SystemCoreClock
 .data.neginf.4355
                0x0000000010000994        0x4 /Applications/lpcxpresso_7.5.0_254/lpcxpresso/tools/bin/../lib/gcc/arm-none-eabi/4.8.4/../../../../arm-none-eabi/lib/armv7-m/libcr_c.a(scanf.o)
 .data.posinf.4354
                0x0000000010000998        0x4 /Applications/lpcxpresso_7.5.0_254/lpcxpresso/tools/bin/../lib/gcc/arm-none-eabi/4.8.4/../../../../arm-none-eabi/lib/armv7-m/libcr_c.a(scanf.o)
                0x000000001000099c                . = ALIGN (0x4)
                0x000000001000099c                _edata = .

.igot.plt       0x000000001000099c        0x0 load address 0x000000000000a50c
 .igot.plt      0x0000000000000000        0x0 ./src/Bluetooth_3032.o

.bss_RAM2       0x000000002007c000        0x0
 *(.bss.$RAM2*)
 *(.bss.$RamAHB32*)
                0x000000002007c000                . = ALIGN (0x4)

.bss            0x00000000100009a0      0xed0
                0x00000000100009a0                _bss = .
 *(.bss*)
 .bss._files    0x00000000100009a0      0x888 ./src/fat_filelib.o
 .bss._filelib_init
                0x0000000010001228        0x4 ./src/fat_filelib.o
 .bss._filelib_valid
                0x000000001000122c        0x4 ./src/fat_filelib.o
 .bss._fs       0x0000000010001230      0x464 ./src/fat_filelib.o
 .bss._open_file_list
                0x0000000010001694        0x8 ./src/fat_filelib.o
 .bss._free_file_list
                0x000000001000169c        0x8 ./src/fat_filelib.o
 .bss.Timer     0x00000000100016a4        0x4 ./src/main.o
                0x00000000100016a4                Timer
 .bss.latitude  0x00000000100016a8        0x8 ./src/main.o
                0x00000000100016a8                latitude
 .bss.longitude
                0x00000000100016b0        0x8 ./src/main.o
                0x00000000100016b0                longitude
 .bss.velocity  0x00000000100016b8        0x8 ./src/main.o
                0x00000000100016b8                velocity
 .bss.date      0x00000000100016c0        0x4 ./src/main.o
                0x00000000100016c0                date
 .bss.time      0x00000000100016c4        0x4 ./src/main.o
                0x00000000100016c4                time
 .bss.num       0x00000000100016c8        0x4 ./src/main.o
                0x00000000100016c8                num
 .bss.num_gsm   0x00000000100016cc        0x4 ./src/main.o
                0x00000000100016cc                num_gsm
 .bss.response_num_gsm
                0x00000000100016d0        0x4 ./src/main.o
                0x00000000100016d0                response_num_gsm
 .bss.BT_CMD    0x00000000100016d4        0x4 ./src/main.o
                0x00000000100016d4                BT_CMD
 .bss.num_bt    0x00000000100016d8        0x4 ./src/main.o
                0x00000000100016d8                num_bt
 .bss.GPS_timer
                0x00000000100016dc        0x4 ./src/main.o
                0x00000000100016dc                GPS_timer
 .bss.ticks.5831
                0x00000000100016e0        0x4 ./src/main.o
 .bss.Timer1    0x00000000100016e4        0x4 ./src/sd.o
 .bss.Timer2    0x00000000100016e8        0x4 ./src/sd.o
 .bss.errno     0x00000000100016ec        0x4 /Applications/lpcxpresso_7.5.0_254/lpcxpresso/tools/bin/../lib/gcc/arm-none-eabi/4.8.4/../../../../arm-none-eabi/lib/armv7-m/libcr_c.a(errno.o)
                0x00000000100016ec                errno
 *(COMMON)
 COMMON         0x00000000100016f0       0x34 ./src/sd.o
                0x00000000100016f0                CardType
                0x00000000100016f4                CardConfig
 COMMON         0x0000000010001724        0x4 /Applications/lpcxpresso_7.5.0_254/lpcxpresso/tools/bin/../lib/gcc/arm-none-eabi/4.8.4/../../../../arm-none-eabi/lib/armv7-m/libcr_c.a(initio.o)
                0x0000000010001724                _extra
 COMMON         0x0000000010001728      0x140 /Applications/lpcxpresso_7.5.0_254/lpcxpresso/tools/bin/../lib/gcc/arm-none-eabi/4.8.4/../../../../arm-none-eabi/lib/armv7-m/libcr_c.a(stdio.o)
                0x0000000010001728                __Ciob
 COMMON         0x0000000010001868        0x8 /Applications/lpcxpresso_7.5.0_254/lpcxpresso/tools/bin/../lib/gcc/arm-none-eabi/4.8.4/../../../../arm-none-eabi/lib/armv7-m/libcr_c.a(__init_alloc.o)
                0x0000000010001868                __heaps
                0x000000001000186c                __end_of_heap
                0x0000000010001870                . = ALIGN (0x4)
                0x0000000010001870                _ebss = .
                0x0000000010001870                PROVIDE (end, .)

.noinit_RAM2    0x000000002007c000        0x0
 *(.noinit.$RAM2*)
 *(.noinit.$RamAHB32*)
                0x000000002007c000                . = ALIGN (0x4)

.noinit         0x0000000010001870        0x0
                0x0000000010001870                _noinit = .
 *(.noinit*)
                0x0000000010001870                . = ALIGN (0x4)
                0x0000000010001870                _end_noinit = .
                0x0000000010001870                PROVIDE (_pvHeapStart, DEFINED (__user_heap_base)?__user_heap_base:.)
                0x0000000010008000                PROVIDE (_vStackTop, DEFINED (__user_stack_top)?__user_stack_top:(__top_RamLoc32 - 0x0))
OUTPUT(LPC1769_CMSIS_MCU_blinky.axf elf32-littlearm)

.debug_info     0x0000000000000000     0xa844
 .debug_info    0x0000000000000000      0x6c8 ./src/Bluetooth_3032.o
 .debug_info    0x00000000000006c8      0x43c ./src/GPS_3032.o
 .debug_info    0x0000000000000b04      0x916 ./src/GSM_3032.o
 .debug_info    0x000000000000141a      0x584 ./src/Load_3032.o
 .debug_info    0x000000000000199e      0x5b3 ./src/Temp_3032.o
 .debug_info    0x0000000000001f51      0x2be ./src/cr_startup_lpc176x.o
 .debug_info    0x000000000000220f      0xb2e ./src/fat_access.o
 .debug_info    0x0000000000002d3d      0x66c ./src/fat_cache.o
 .debug_info    0x00000000000033a9     0x1303 ./src/fat_filelib.o
 .debug_info    0x00000000000046ac      0x61d ./src/fat_misc.o
 .debug_info    0x0000000000004cc9      0x4c4 ./src/fat_string.o
 .debug_info    0x000000000000518d      0x67e ./src/fat_table.o
 .debug_info    0x000000000000580b      0x654 ./src/fat_write.o
 .debug_info    0x0000000000005e5f     0x1137 ./src/main.o
 .debug_info    0x0000000000006f96      0x4d5 ./src/sd.o
 .debug_info    0x000000000000746b      0x811 ./src/spi.o
 .debug_info    0x0000000000007c7c      0x2e3 /Users/wangjiadong/LPCXpresso/workspace/Lib_CMSISv1p30_LPC17xx/Debug/libCMSISv1p30_LPC17xx.a(system_LPC17xx.o)
 .debug_info    0x0000000000007f5f      0xac9 /Users/wangjiadong/LPCXpresso/workspace/Lib_MCU/Debug/libLib_MCU.a(lpc17xx_gpio.o)
 .debug_info    0x0000000000008a28      0x44a /Users/wangjiadong/LPCXpresso/workspace/Lib_MCU/Debug/libLib_MCU.a(lpc17xx_pinsel.o)
 .debug_info    0x0000000000008e72     0x1381 /Users/wangjiadong/LPCXpresso/workspace/Lib_MCU/Debug/libLib_MCU.a(lpc17xx_uart.o)
 .debug_info    0x000000000000a1f3      0x58c /Users/wangjiadong/LPCXpresso/workspace/Lib_MCU/Debug/libLib_MCU.a(lpc17xx_clkpwr.o)
 .debug_info    0x000000000000a77f       0xc5 /Users/wangjiadong/LPCXpresso/workspace/Lib_MCU/Debug/libLib_MCU.a(lpc17xx_libcfg_default.o)

.debug_abbrev   0x0000000000000000     0x250e
 .debug_abbrev  0x0000000000000000      0x1e4 ./src/Bluetooth_3032.o
 .debug_abbrev  0x00000000000001e4      0x151 ./src/GPS_3032.o
 .debug_abbrev  0x0000000000000335      0x230 ./src/GSM_3032.o
 .debug_abbrev  0x0000000000000565      0x11e ./src/Load_3032.o
 .debug_abbrev  0x0000000000000683      0x138 ./src/Temp_3032.o
 .debug_abbrev  0x00000000000007bb      0x12b ./src/cr_startup_lpc176x.o
 .debug_abbrev  0x00000000000008e6      0x20a ./src/fat_access.o
 .debug_abbrev  0x0000000000000af0      0x1a1 ./src/fat_cache.o
 .debug_abbrev  0x0000000000000c91      0x268 ./src/fat_filelib.o
 .debug_abbrev  0x0000000000000ef9      0x1ca ./src/fat_misc.o
 .debug_abbrev  0x00000000000010c3      0x15b ./src/fat_string.o
 .debug_abbrev  0x000000000000121e      0x1fb ./src/fat_table.o
 .debug_abbrev  0x0000000000001419      0x1ad ./src/fat_write.o
 .debug_abbrev  0x00000000000015c6      0x392 ./src/main.o
 .debug_abbrev  0x0000000000001958      0x1a1 ./src/sd.o
 .debug_abbrev  0x0000000000001af9      0x1a3 ./src/spi.o
 .debug_abbrev  0x0000000000001c9c       0xe6 /Users/wangjiadong/LPCXpresso/workspace/Lib_CMSISv1p30_LPC17xx/Debug/libCMSISv1p30_LPC17xx.a(system_LPC17xx.o)
 .debug_abbrev  0x0000000000001d82      0x193 /Users/wangjiadong/LPCXpresso/workspace/Lib_MCU/Debug/libLib_MCU.a(lpc17xx_gpio.o)
 .debug_abbrev  0x0000000000001f15      0x129 /Users/wangjiadong/LPCXpresso/workspace/Lib_MCU/Debug/libLib_MCU.a(lpc17xx_pinsel.o)
 .debug_abbrev  0x000000000000203e      0x2a8 /Users/wangjiadong/LPCXpresso/workspace/Lib_MCU/Debug/libLib_MCU.a(lpc17xx_uart.o)
 .debug_abbrev  0x00000000000022e6      0x1bc /Users/wangjiadong/LPCXpresso/workspace/Lib_MCU/Debug/libLib_MCU.a(lpc17xx_clkpwr.o)
 .debug_abbrev  0x00000000000024a2       0x6c /Users/wangjiadong/LPCXpresso/workspace/Lib_MCU/Debug/libLib_MCU.a(lpc17xx_libcfg_default.o)

.debug_aranges  0x0000000000000000      0xa70
 .debug_aranges
                0x0000000000000000       0x40 ./src/Bluetooth_3032.o
 .debug_aranges
                0x0000000000000040       0x40 ./src/GPS_3032.o
 .debug_aranges
                0x0000000000000080       0x58 ./src/GSM_3032.o
 .debug_aranges
                0x00000000000000d8       0x38 ./src/Load_3032.o
 .debug_aranges
                0x0000000000000110       0x30 ./src/Temp_3032.o
 .debug_aranges
                0x0000000000000140       0x80 ./src/cr_startup_lpc176x.o
 .debug_aranges
                0x00000000000001c0       0x90 ./src/fat_access.o
 .debug_aranges
                0x0000000000000250       0x70 ./src/fat_cache.o
 .debug_aranges
                0x00000000000002c0      0x168 ./src/fat_filelib.o
 .debug_aranges
                0x0000000000000428       0x90 ./src/fat_misc.o
 .debug_aranges
                0x00000000000004b8       0x70 ./src/fat_string.o
 .debug_aranges
                0x0000000000000528       0x70 ./src/fat_table.o
 .debug_aranges
                0x0000000000000598       0x38 ./src/fat_write.o
 .debug_aranges
                0x00000000000005d0      0x108 ./src/main.o
 .debug_aranges
                0x00000000000006d8       0x68 ./src/sd.o
 .debug_aranges
                0x0000000000000740       0x48 ./src/spi.o
 .debug_aranges
                0x0000000000000788       0x28 /Users/wangjiadong/LPCXpresso/workspace/Lib_CMSISv1p30_LPC17xx/Debug/libCMSISv1p30_LPC17xx.a(system_LPC17xx.o)
 .debug_aranges
                0x00000000000007b0       0xc8 /Users/wangjiadong/LPCXpresso/workspace/Lib_MCU/Debug/libLib_MCU.a(lpc17xx_gpio.o)
 .debug_aranges
                0x0000000000000878       0x48 /Users/wangjiadong/LPCXpresso/workspace/Lib_MCU/Debug/libLib_MCU.a(lpc17xx_pinsel.o)
 .debug_aranges
                0x00000000000008c0      0x130 /Users/wangjiadong/LPCXpresso/workspace/Lib_MCU/Debug/libLib_MCU.a(lpc17xx_uart.o)
 .debug_aranges
                0x00000000000009f0       0x60 /Users/wangjiadong/LPCXpresso/workspace/Lib_MCU/Debug/libLib_MCU.a(lpc17xx_clkpwr.o)
 .debug_aranges
                0x0000000000000a50       0x20 /Users/wangjiadong/LPCXpresso/workspace/Lib_MCU/Debug/libLib_MCU.a(lpc17xx_libcfg_default.o)

.debug_ranges   0x0000000000000000      0x928
 .debug_ranges  0x0000000000000000       0x30 ./src/Bluetooth_3032.o
 .debug_ranges  0x0000000000000030       0x30 ./src/GPS_3032.o
 .debug_ranges  0x0000000000000060       0x48 ./src/GSM_3032.o
 .debug_ranges  0x00000000000000a8       0x28 ./src/Load_3032.o
 .debug_ranges  0x00000000000000d0       0x20 ./src/Temp_3032.o
 .debug_ranges  0x00000000000000f0       0x70 ./src/cr_startup_lpc176x.o
 .debug_ranges  0x0000000000000160       0x80 ./src/fat_access.o
 .debug_ranges  0x00000000000001e0       0x60 ./src/fat_cache.o
 .debug_ranges  0x0000000000000240      0x170 ./src/fat_filelib.o
 .debug_ranges  0x00000000000003b0       0x80 ./src/fat_misc.o
 .debug_ranges  0x0000000000000430       0x60 ./src/fat_string.o
 .debug_ranges  0x0000000000000490       0x60 ./src/fat_table.o
 .debug_ranges  0x00000000000004f0       0x28 ./src/fat_write.o
 .debug_ranges  0x0000000000000518       0xf8 ./src/main.o
 .debug_ranges  0x0000000000000610       0x58 ./src/sd.o
 .debug_ranges  0x0000000000000668       0x38 ./src/spi.o
 .debug_ranges  0x00000000000006a0       0x18 /Users/wangjiadong/LPCXpresso/workspace/Lib_CMSISv1p30_LPC17xx/Debug/libCMSISv1p30_LPC17xx.a(system_LPC17xx.o)
 .debug_ranges  0x00000000000006b8       0xb8 /Users/wangjiadong/LPCXpresso/workspace/Lib_MCU/Debug/libLib_MCU.a(lpc17xx_gpio.o)
 .debug_ranges  0x0000000000000770       0x38 /Users/wangjiadong/LPCXpresso/workspace/Lib_MCU/Debug/libLib_MCU.a(lpc17xx_pinsel.o)
 .debug_ranges  0x00000000000007a8      0x120 /Users/wangjiadong/LPCXpresso/workspace/Lib_MCU/Debug/libLib_MCU.a(lpc17xx_uart.o)
 .debug_ranges  0x00000000000008c8       0x50 /Users/wangjiadong/LPCXpresso/workspace/Lib_MCU/Debug/libLib_MCU.a(lpc17xx_clkpwr.o)
 .debug_ranges  0x0000000000000918       0x10 /Users/wangjiadong/LPCXpresso/workspace/Lib_MCU/Debug/libLib_MCU.a(lpc17xx_libcfg_default.o)

.debug_macro    0x0000000000000000     0x5aaa
 .debug_macro   0x0000000000000000       0xb3 ./src/Bluetooth_3032.o
 .debug_macro   0x00000000000000b3      0x856 ./src/Bluetooth_3032.o
 .debug_macro   0x0000000000000909       0x1c ./src/Bluetooth_3032.o
 .debug_macro   0x0000000000000925       0x22 ./src/Bluetooth_3032.o
 .debug_macro   0x0000000000000947       0x10 ./src/Bluetooth_3032.o
 .debug_macro   0x0000000000000957      0x12d ./src/Bluetooth_3032.o
 .debug_macro   0x0000000000000a84      0x5b2 ./src/Bluetooth_3032.o
 .debug_macro   0x0000000000001036      0x7b7 ./src/Bluetooth_3032.o
 .debug_macro   0x00000000000017ed      0x2c7 ./src/Bluetooth_3032.o
 .debug_macro   0x0000000000001ab4       0x63 ./src/Bluetooth_3032.o
 .debug_macro   0x0000000000001b17      0x143 ./src/Bluetooth_3032.o
 .debug_macro   0x0000000000001c5a       0x46 ./src/Bluetooth_3032.o
 .debug_macro   0x0000000000001ca0      0x32a ./src/Bluetooth_3032.o
 .debug_macro   0x0000000000001fca       0x9a ./src/Bluetooth_3032.o
 .debug_macro   0x0000000000002064       0xb1 ./src/GPS_3032.o
 .debug_macro   0x0000000000002115       0xc9 ./src/GSM_3032.o
 .debug_macro   0x00000000000021de       0xbc ./src/Load_3032.o
 .debug_macro   0x000000000000229a       0x4c ./src/Load_3032.o
 .debug_macro   0x00000000000022e6       0xb6 ./src/Temp_3032.o
 .debug_macro   0x000000000000239c       0x34 ./src/Temp_3032.o
 .debug_macro   0x00000000000023d0       0x52 ./src/cr_startup_lpc176x.o
 .debug_macro   0x0000000000002422      0x85c ./src/cr_startup_lpc176x.o
 .debug_macro   0x0000000000002c7e       0xb5 ./src/fat_access.o
 .debug_macro   0x0000000000002d33       0x4c ./src/fat_access.o
 .debug_macro   0x0000000000002d7f       0x2e ./src/fat_access.o
 .debug_macro   0x0000000000002dad      0x1ae ./src/fat_access.o
 .debug_macro   0x0000000000002f5b       0x3a ./src/fat_access.o
 .debug_macro   0x0000000000002f95       0x2e ./src/fat_access.o
 .debug_macro   0x0000000000002fc3       0xa8 ./src/fat_cache.o
 .debug_macro   0x000000000000306b       0x3a ./src/fat_cache.o
 .debug_macro   0x00000000000030a5       0x28 ./src/fat_cache.o
 .debug_macro   0x00000000000030cd       0xfe ./src/fat_filelib.o
 .debug_macro   0x00000000000031cb       0x28 ./src/fat_filelib.o
 .debug_macro   0x00000000000031f3       0x93 ./src/fat_misc.o
 .debug_macro   0x0000000000003286       0x28 ./src/fat_misc.o
 .debug_macro   0x00000000000032ae       0x50 ./src/fat_string.o
 .debug_macro   0x00000000000032fe       0x16 ./src/fat_string.o
 .debug_macro   0x0000000000003314       0xb5 ./src/fat_table.o
 .debug_macro   0x00000000000033c9       0xb5 ./src/fat_write.o
 .debug_macro   0x000000000000347e      0x144 ./src/main.o
 .debug_macro   0x00000000000035c2       0x52 ./src/main.o
 .debug_macro   0x0000000000003614       0x34 ./src/main.o
 .debug_macro   0x0000000000003648       0x52 ./src/main.o
 .debug_macro   0x000000000000369a       0x28 ./src/main.o
 .debug_macro   0x00000000000036c2       0x1c ./src/main.o
 .debug_macro   0x00000000000036de      0x12e ./src/sd.o
 .debug_macro   0x000000000000380c       0x1c ./src/sd.o
 .debug_macro   0x0000000000003828      0x2c7 ./src/sd.o
 .debug_macro   0x0000000000003aef       0x10 ./src/sd.o
 .debug_macro   0x0000000000003aff       0x3a ./src/sd.o
 .debug_macro   0x0000000000003b39       0x95 ./src/spi.o
 .debug_macro   0x0000000000003bce      0x113 /Users/wangjiadong/LPCXpresso/workspace/Lib_CMSISv1p30_LPC17xx/Debug/libCMSISv1p30_LPC17xx.a(system_LPC17xx.o)
 .debug_macro   0x0000000000003ce1      0x850 /Users/wangjiadong/LPCXpresso/workspace/Lib_CMSISv1p30_LPC17xx/Debug/libCMSISv1p30_LPC17xx.a(system_LPC17xx.o)
 .debug_macro   0x0000000000004531      0x7d5 /Users/wangjiadong/LPCXpresso/workspace/Lib_CMSISv1p30_LPC17xx/Debug/libCMSISv1p30_LPC17xx.a(system_LPC17xx.o)
 .debug_macro   0x0000000000004d06       0x83 /Users/wangjiadong/LPCXpresso/workspace/Lib_MCU/Debug/libLib_MCU.a(lpc17xx_gpio.o)
 .debug_macro   0x0000000000004d89       0x40 /Users/wangjiadong/LPCXpresso/workspace/Lib_MCU/Debug/libLib_MCU.a(lpc17xx_gpio.o)
 .debug_macro   0x0000000000004dc9       0xcb /Users/wangjiadong/LPCXpresso/workspace/Lib_MCU/Debug/libLib_MCU.a(lpc17xx_gpio.o)
 .debug_macro   0x0000000000004e94       0x7a /Users/wangjiadong/LPCXpresso/workspace/Lib_MCU/Debug/libLib_MCU.a(lpc17xx_pinsel.o)
 .debug_macro   0x0000000000004f0e       0x8c /Users/wangjiadong/LPCXpresso/workspace/Lib_MCU/Debug/libLib_MCU.a(lpc17xx_uart.o)
 .debug_macro   0x0000000000004f9a      0x324 /Users/wangjiadong/LPCXpresso/workspace/Lib_MCU/Debug/libLib_MCU.a(lpc17xx_uart.o)
 .debug_macro   0x00000000000052be      0x2fe /Users/wangjiadong/LPCXpresso/workspace/Lib_MCU/Debug/libLib_MCU.a(lpc17xx_uart.o)
 .debug_macro   0x00000000000055bc       0x7a /Users/wangjiadong/LPCXpresso/workspace/Lib_MCU/Debug/libLib_MCU.a(lpc17xx_clkpwr.o)
 .debug_macro   0x0000000000005636      0x2f8 /Users/wangjiadong/LPCXpresso/workspace/Lib_MCU/Debug/libLib_MCU.a(lpc17xx_clkpwr.o)
 .debug_macro   0x000000000000592e       0x5a /Users/wangjiadong/LPCXpresso/workspace/Lib_MCU/Debug/libLib_MCU.a(lpc17xx_libcfg_default.o)
 .debug_macro   0x0000000000005988       0x5d /Users/wangjiadong/LPCXpresso/workspace/Lib_MCU/Debug/libLib_MCU.a(lpc17xx_libcfg_default.o)
 .debug_macro   0x00000000000059e5       0xc5 /Users/wangjiadong/LPCXpresso/workspace/Lib_MCU/Debug/libLib_MCU.a(lpc17xx_libcfg_default.o)

.debug_line     0x0000000000000000     0x4ffe
 .debug_line    0x0000000000000000      0x28e ./src/Bluetooth_3032.o
 .debug_line    0x000000000000028e      0x2b6 ./src/GPS_3032.o
 .debug_line    0x0000000000000544      0x32e ./src/GSM_3032.o
 .debug_line    0x0000000000000872      0x2c0 ./src/Load_3032.o
 .debug_line    0x0000000000000b32      0x299 ./src/Temp_3032.o
 .debug_line    0x0000000000000dcb      0x1bf ./src/cr_startup_lpc176x.o
 .debug_line    0x0000000000000f8a      0x4a9 ./src/fat_access.o
 .debug_line    0x0000000000001433      0x2a0 ./src/fat_cache.o
 .debug_line    0x00000000000016d3      0x99b ./src/fat_filelib.o
 .debug_line    0x000000000000206e      0x3df ./src/fat_misc.o
 .debug_line    0x000000000000244d      0x3a3 ./src/fat_string.o
 .debug_line    0x00000000000027f0      0x37e ./src/fat_table.o
 .debug_line    0x0000000000002b6e      0x2d6 ./src/fat_write.o
 .debug_line    0x0000000000002e44      0x6a3 ./src/main.o
 .debug_line    0x00000000000034e7      0x464 ./src/sd.o
 .debug_line    0x000000000000394b      0x23a ./src/spi.o
 .debug_line    0x0000000000003b85      0x201 /Users/wangjiadong/LPCXpresso/workspace/Lib_CMSISv1p30_LPC17xx/Debug/libCMSISv1p30_LPC17xx.a(system_LPC17xx.o)
 .debug_line    0x0000000000003d86      0x3d9 /Users/wangjiadong/LPCXpresso/workspace/Lib_MCU/Debug/libLib_MCU.a(lpc17xx_gpio.o)
 .debug_line    0x000000000000415f      0x255 /Users/wangjiadong/LPCXpresso/workspace/Lib_MCU/Debug/libLib_MCU.a(lpc17xx_pinsel.o)
 .debug_line    0x00000000000043b4      0x817 /Users/wangjiadong/LPCXpresso/workspace/Lib_MCU/Debug/libLib_MCU.a(lpc17xx_uart.o)
 .debug_line    0x0000000000004bcb      0x2b4 /Users/wangjiadong/LPCXpresso/workspace/Lib_MCU/Debug/libLib_MCU.a(lpc17xx_clkpwr.o)
 .debug_line    0x0000000000004e7f      0x17f /Users/wangjiadong/LPCXpresso/workspace/Lib_MCU/Debug/libLib_MCU.a(lpc17xx_libcfg_default.o)

.debug_str      0x0000000000000000     0xf8be
 .debug_str     0x0000000000000000     0xa15d ./src/Bluetooth_3032.o
                                       0xa1fb (size before relaxing)
 .debug_str     0x000000000000a15d       0x49 ./src/GPS_3032.o
                                       0x9fc1 (size before relaxing)
 .debug_str     0x000000000000a1a6      0x11b ./src/GSM_3032.o
                                       0xa2cd (size before relaxing)
 .debug_str     0x000000000000a2c1      0x39a ./src/Load_3032.o
                                       0xa112 (size before relaxing)
 .debug_str     0x000000000000a65b       0x5b ./src/Temp_3032.o
                                       0xa0f5 (size before relaxing)
 .debug_str     0x000000000000a6b6      0x2a8 ./src/cr_startup_lpc176x.o
                                       0x3d47 (size before relaxing)
 .debug_str     0x000000000000a95e     0x10a8 ./src/fat_access.o
                                       0x3cdf (size before relaxing)
 .debug_str     0x000000000000ba06      0x3d5 ./src/fat_cache.o
                                       0x3a9a (size before relaxing)
 .debug_str     0x000000000000bddb      0x404 ./src/fat_filelib.o
                                       0x4227 (size before relaxing)
 .debug_str     0x000000000000c1df      0x1de ./src/fat_misc.o
                                       0x398e (size before relaxing)
 .debug_str     0x000000000000c3bd      0x25e ./src/fat_string.o
                                       0x2c1a (size before relaxing)
 .debug_str     0x000000000000c61b      0x2de ./src/fat_table.o
                                       0x3c85 (size before relaxing)
 .debug_str     0x000000000000c8f9      0x127 ./src/fat_write.o
                                       0x3b76 (size before relaxing)
 .debug_str     0x000000000000ca20      0x40c ./src/main.o
                                       0xb1d8 (size before relaxing)
 .debug_str     0x000000000000ce2c      0x3f7 ./src/sd.o
                                       0x7fac (size before relaxing)
 .debug_str     0x000000000000d223      0x26c ./src/spi.o
                                       0x802d (size before relaxing)
 .debug_str     0x000000000000d48f      0x3b7 /Users/wangjiadong/LPCXpresso/workspace/Lib_CMSISv1p30_LPC17xx/Debug/libCMSISv1p30_LPC17xx.a(system_LPC17xx.o)
                                       0x7f0d (size before relaxing)
 .debug_str     0x000000000000d846      0x3a5 /Users/wangjiadong/LPCXpresso/workspace/Lib_MCU/Debug/libLib_MCU.a(lpc17xx_gpio.o)
                                       0x8360 (size before relaxing)
 .debug_str     0x000000000000dbeb      0x121 /Users/wangjiadong/LPCXpresso/workspace/Lib_MCU/Debug/libLib_MCU.a(lpc17xx_pinsel.o)
                                       0x83a4 (size before relaxing)
 .debug_str     0x000000000000dd0c     0x1aba /Users/wangjiadong/LPCXpresso/workspace/Lib_MCU/Debug/libLib_MCU.a(lpc17xx_uart.o)
                                       0xb272 (size before relaxing)
 .debug_str     0x000000000000f7c6       0xcb /Users/wangjiadong/LPCXpresso/workspace/Lib_MCU/Debug/libLib_MCU.a(lpc17xx_clkpwr.o)
                                       0x9101 (size before relaxing)
 .debug_str     0x000000000000f891       0x2d /Users/wangjiadong/LPCXpresso/workspace/Lib_MCU/Debug/libLib_MCU.a(lpc17xx_libcfg_default.o)
                                       0x3e39 (size before relaxing)

.comment        0x0000000000000000       0xe0
 .comment       0x0000000000000000       0x70 ./src/Bluetooth_3032.o
                                         0x71 (size before relaxing)
 .comment       0x0000000000000000       0x71 ./src/GPS_3032.o
 .comment       0x0000000000000000       0x71 ./src/GSM_3032.o
 .comment       0x0000000000000000       0x71 ./src/Load_3032.o
 .comment       0x0000000000000000       0x71 ./src/Temp_3032.o
 .comment       0x0000000000000000       0x71 ./src/cr_startup_lpc176x.o
 .comment       0x0000000000000000       0x71 ./src/fat_access.o
 .comment       0x0000000000000000       0x71 ./src/fat_cache.o
 .comment       0x0000000000000000       0x71 ./src/fat_filelib.o
 .comment       0x0000000000000000       0x71 ./src/fat_misc.o
 .comment       0x0000000000000000       0x71 ./src/fat_string.o
 .comment       0x0000000000000000       0x71 ./src/fat_table.o
 .comment       0x0000000000000000       0x71 ./src/fat_write.o
 .comment       0x0000000000000000       0x71 ./src/main.o
 .comment       0x0000000000000000       0x71 ./src/sd.o
 .comment       0x0000000000000000       0x71 ./src/spi.o
 .comment       0x0000000000000000       0x71 /Users/wangjiadong/LPCXpresso/workspace/Lib_CMSISv1p30_LPC17xx/Debug/libCMSISv1p30_LPC17xx.a(system_LPC17xx.o)
 .comment       0x0000000000000000       0x71 /Users/wangjiadong/LPCXpresso/workspace/Lib_MCU/Debug/libLib_MCU.a(lpc17xx_gpio.o)
 .comment       0x0000000000000000       0x71 /Users/wangjiadong/LPCXpresso/workspace/Lib_MCU/Debug/libLib_MCU.a(lpc17xx_pinsel.o)
 .comment       0x0000000000000000       0x71 /Users/wangjiadong/LPCXpresso/workspace/Lib_MCU/Debug/libLib_MCU.a(lpc17xx_uart.o)
 .comment       0x0000000000000000       0x71 /Users/wangjiadong/LPCXpresso/workspace/Lib_MCU/Debug/libLib_MCU.a(lpc17xx_clkpwr.o)
 .comment       0x0000000000000000       0x71 /Users/wangjiadong/LPCXpresso/workspace/Lib_MCU/Debug/libLib_MCU.a(lpc17xx_libcfg_default.o)
 .comment       0x0000000000000070       0x70 /Applications/lpcxpresso_7.5.0_254/lpcxpresso/tools/bin/../lib/gcc/arm-none-eabi/4.8.4/../../../../arm-none-eabi/lib/armv7-m/libcr_semihost.a(_cr__main.o)
                                         0x71 (size before relaxing)
 .comment       0x0000000000000000       0x71 /Applications/lpcxpresso_7.5.0_254/lpcxpresso/tools/bin/../lib/gcc/arm-none-eabi/4.8.4/../../../../arm-none-eabi/lib/armv7-m/libcr_c.a(memcpy.o)
 .comment       0x0000000000000000       0x71 /Applications/lpcxpresso_7.5.0_254/lpcxpresso/tools/bin/../lib/gcc/arm-none-eabi/4.8.4/../../../../arm-none-eabi/lib/armv7-m/libcr_c.a(memset.o)
 .comment       0x0000000000000000       0x71 /Applications/lpcxpresso_7.5.0_254/lpcxpresso/tools/bin/../lib/gcc/arm-none-eabi/4.8.4/../../../../arm-none-eabi/lib/armv7-m/libcr_c.a(fpprintf.o)
 .comment       0x0000000000000000       0x71 /Applications/lpcxpresso_7.5.0_254/lpcxpresso/tools/bin/../lib/gcc/arm-none-eabi/4.8.4/../../../../arm-none-eabi/lib/armv7-m/libcr_c.a(initio.o)
 .comment       0x0000000000000000       0x71 /Applications/lpcxpresso_7.5.0_254/lpcxpresso/tools/bin/../lib/gcc/arm-none-eabi/4.8.4/../../../../arm-none-eabi/lib/armv7-m/libcr_c.a(printf.o)
 .comment       0x0000000000000000       0x71 /Applications/lpcxpresso_7.5.0_254/lpcxpresso/tools/bin/../lib/gcc/arm-none-eabi/4.8.4/../../../../arm-none-eabi/lib/armv7-m/libcr_c.a(scanf.o)
 .comment       0x0000000000000000       0x71 /Applications/lpcxpresso_7.5.0_254/lpcxpresso/tools/bin/../lib/gcc/arm-none-eabi/4.8.4/../../../../arm-none-eabi/lib/armv7-m/libcr_c.a(setvbuf.o)
 .comment       0x0000000000000000       0x71 /Applications/lpcxpresso_7.5.0_254/lpcxpresso/tools/bin/../lib/gcc/arm-none-eabi/4.8.4/../../../../arm-none-eabi/lib/armv7-m/libcr_c.a(stdio.o)
 .comment       0x0000000000000000       0x71 /Applications/lpcxpresso_7.5.0_254/lpcxpresso/tools/bin/../lib/gcc/arm-none-eabi/4.8.4/../../../../arm-none-eabi/lib/armv7-m/libcr_c.a(strcpy.o)
 .comment       0x0000000000000000       0x71 /Applications/lpcxpresso_7.5.0_254/lpcxpresso/tools/bin/../lib/gcc/arm-none-eabi/4.8.4/../../../../arm-none-eabi/lib/armv7-m/libcr_c.a(strlen.o)
 .comment       0x0000000000000000       0x71 /Applications/lpcxpresso_7.5.0_254/lpcxpresso/tools/bin/../lib/gcc/arm-none-eabi/4.8.4/../../../../arm-none-eabi/lib/armv7-m/libcr_c.a(strncmp.o)
 .comment       0x0000000000000000       0x71 /Applications/lpcxpresso_7.5.0_254/lpcxpresso/tools/bin/../lib/gcc/arm-none-eabi/4.8.4/../../../../arm-none-eabi/lib/armv7-m/libcr_c.a(strncpy.o)
 .comment       0x0000000000000000       0x71 /Applications/lpcxpresso_7.5.0_254/lpcxpresso/tools/bin/../lib/gcc/arm-none-eabi/4.8.4/../../../../arm-none-eabi/lib/armv7-m/libcr_c.a(strstr.o)
 .comment       0x0000000000000000       0x71 /Applications/lpcxpresso_7.5.0_254/lpcxpresso/tools/bin/../lib/gcc/arm-none-eabi/4.8.4/../../../../arm-none-eabi/lib/armv7-m/libcr_c.a(ungetc.o)
 .comment       0x0000000000000000       0x71 /Applications/lpcxpresso_7.5.0_254/lpcxpresso/tools/bin/../lib/gcc/arm-none-eabi/4.8.4/../../../../arm-none-eabi/lib/armv7-m/libcr_c.a(__fillbuf.o)
 .comment       0x0000000000000000       0x71 /Applications/lpcxpresso_7.5.0_254/lpcxpresso/tools/bin/../lib/gcc/arm-none-eabi/4.8.4/../../../../arm-none-eabi/lib/armv7-m/libcr_c.a(_deferredlazyseek.o)
 .comment       0x0000000000000000       0x71 /Applications/lpcxpresso_7.5.0_254/lpcxpresso/tools/bin/../lib/gcc/arm-none-eabi/4.8.4/../../../../arm-none-eabi/lib/armv7-m/libcr_c.a(_fdopen.o)
 .comment       0x0000000000000000       0x71 /Applications/lpcxpresso_7.5.0_254/lpcxpresso/tools/bin/../lib/gcc/arm-none-eabi/4.8.4/../../../../arm-none-eabi/lib/armv7-m/libcr_c.a(_fflush.o)
 .comment       0x0000000000000000       0x71 /Applications/lpcxpresso_7.5.0_254/lpcxpresso/tools/bin/../lib/gcc/arm-none-eabi/4.8.4/../../../../arm-none-eabi/lib/armv7-m/libcr_c.a(_frexpl.o)
 .comment       0x0000000000000000       0x71 /Applications/lpcxpresso_7.5.0_254/lpcxpresso/tools/bin/../lib/gcc/arm-none-eabi/4.8.4/../../../../arm-none-eabi/lib/armv7-m/libcr_c.a(_hugeval.o)
 .comment       0x0000000000000000       0x71 /Applications/lpcxpresso_7.5.0_254/lpcxpresso/tools/bin/../lib/gcc/arm-none-eabi/4.8.4/../../../../arm-none-eabi/lib/armv7-m/libcr_c.a(_ldexpl.o)
 .comment       0x0000000000000000       0x71 /Applications/lpcxpresso_7.5.0_254/lpcxpresso/tools/bin/../lib/gcc/arm-none-eabi/4.8.4/../../../../arm-none-eabi/lib/armv7-m/libcr_c.a(_writebuf.o)
 .comment       0x0000000000000000       0x71 /Applications/lpcxpresso_7.5.0_254/lpcxpresso/tools/bin/../lib/gcc/arm-none-eabi/4.8.4/../../../../arm-none-eabi/lib/armv7-m/libcr_c.a(alloc.o)
 .comment       0x0000000000000000       0x71 /Applications/lpcxpresso_7.5.0_254/lpcxpresso/tools/bin/../lib/gcc/arm-none-eabi/4.8.4/../../../../arm-none-eabi/lib/armv7-m/libcr_c.a(ctype.o)
 .comment       0x0000000000000000       0x71 /Applications/lpcxpresso_7.5.0_254/lpcxpresso/tools/bin/../lib/gcc/arm-none-eabi/4.8.4/../../../../arm-none-eabi/lib/armv7-m/libcr_c.a(errno.o)
 .comment       0x0000000000000000       0x71 /Applications/lpcxpresso_7.5.0_254/lpcxpresso/tools/bin/../lib/gcc/arm-none-eabi/4.8.4/../../../../arm-none-eabi/lib/armv7-m/libcr_c.a(fclose.o)
 .comment       0x0000000000000000       0x71 /Applications/lpcxpresso_7.5.0_254/lpcxpresso/tools/bin/../lib/gcc/arm-none-eabi/4.8.4/../../../../arm-none-eabi/lib/armv7-m/libcr_c.a(fflush.o)
 .comment       0x0000000000000000       0x71 /Applications/lpcxpresso_7.5.0_254/lpcxpresso/tools/bin/../lib/gcc/arm-none-eabi/4.8.4/../../../../arm-none-eabi/lib/armv7-m/libcr_c.a(fseek.o)
 .comment       0x0000000000000000       0x71 /Applications/lpcxpresso_7.5.0_254/lpcxpresso/tools/bin/../lib/gcc/arm-none-eabi/4.8.4/../../../../arm-none-eabi/lib/armv7-m/libcr_c.a(ftell.o)
 .comment       0x0000000000000000       0x71 /Applications/lpcxpresso_7.5.0_254/lpcxpresso/tools/bin/../lib/gcc/arm-none-eabi/4.8.4/../../../../arm-none-eabi/lib/armv7-m/libcr_c.a(remove.o)
 .comment       0x0000000000000000       0x71 /Applications/lpcxpresso_7.5.0_254/lpcxpresso/tools/bin/../lib/gcc/arm-none-eabi/4.8.4/../../../../arm-none-eabi/lib/armv7-m/libcr_c.a(__init_alloc.o)
 .comment       0x0000000000000000       0x71 /Applications/lpcxpresso_7.5.0_254/lpcxpresso/tools/bin/../lib/gcc/arm-none-eabi/4.8.4/../../../../arm-none-eabi/lib/armv7-m/libcr_c.a(_cr_sbrk.o)
 .comment       0x0000000000000000       0x71 /Applications/lpcxpresso_7.5.0_254/lpcxpresso/tools/bin/../lib/gcc/arm-none-eabi/4.8.4/../../../../arm-none-eabi/lib/armv7-m/libcr_c.a(_do_fflush.o)
 .comment       0x0000000000000000       0x71 /Applications/lpcxpresso_7.5.0_254/lpcxpresso/tools/bin/../lib/gcc/arm-none-eabi/4.8.4/../../../../arm-none-eabi/lib/armv7-m/libcr_c.a(_cr_check_heap.o)
 .comment       0x0000000000000000       0x71 /Applications/lpcxpresso_7.5.0_254/lpcxpresso/tools/bin/../lib/gcc/arm-none-eabi/4.8.4/armv7-m/libcr_eabihelpers.a(double.o)
 .comment       0x0000000000000000       0x71 /Applications/lpcxpresso_7.5.0_254/lpcxpresso/tools/bin/../lib/gcc/arm-none-eabi/4.8.4/armv7-m/libcr_eabihelpers.a(float.o)

.ARM.attributes
                0x0000000000000000       0x31
 .ARM.attributes
                0x0000000000000000       0x33 ./src/Bluetooth_3032.o
 .ARM.attributes
                0x0000000000000033       0x33 ./src/GPS_3032.o
 .ARM.attributes
                0x0000000000000066       0x33 ./src/GSM_3032.o
 .ARM.attributes
                0x0000000000000099       0x33 ./src/Load_3032.o
 .ARM.attributes
                0x00000000000000cc       0x33 ./src/Temp_3032.o
 .ARM.attributes
                0x00000000000000ff       0x33 ./src/cr_startup_lpc176x.o
 .ARM.attributes
                0x0000000000000132       0x33 ./src/fat_access.o
 .ARM.attributes
                0x0000000000000165       0x33 ./src/fat_cache.o
 .ARM.attributes
                0x0000000000000198       0x33 ./src/fat_filelib.o
 .ARM.attributes
                0x00000000000001cb       0x33 ./src/fat_misc.o
 .ARM.attributes
                0x00000000000001fe       0x33 ./src/fat_string.o
 .ARM.attributes
                0x0000000000000231       0x33 ./src/fat_table.o
 .ARM.attributes
                0x0000000000000264       0x33 ./src/fat_write.o
 .ARM.attributes
                0x0000000000000297       0x33 ./src/main.o
 .ARM.attributes
                0x00000000000002ca       0x33 ./src/sd.o
 .ARM.attributes
                0x00000000000002fd       0x33 ./src/spi.o
 .ARM.attributes
                0x0000000000000330       0x33 /Users/wangjiadong/LPCXpresso/workspace/Lib_CMSISv1p30_LPC17xx/Debug/libCMSISv1p30_LPC17xx.a(system_LPC17xx.o)
 .ARM.attributes
                0x0000000000000363       0x33 /Users/wangjiadong/LPCXpresso/workspace/Lib_MCU/Debug/libLib_MCU.a(lpc17xx_gpio.o)
 .ARM.attributes
                0x0000000000000396       0x33 /Users/wangjiadong/LPCXpresso/workspace/Lib_MCU/Debug/libLib_MCU.a(lpc17xx_pinsel.o)
 .ARM.attributes
                0x00000000000003c9       0x33 /Users/wangjiadong/LPCXpresso/workspace/Lib_MCU/Debug/libLib_MCU.a(lpc17xx_uart.o)
 .ARM.attributes
                0x00000000000003fc       0x33 /Users/wangjiadong/LPCXpresso/workspace/Lib_MCU/Debug/libLib_MCU.a(lpc17xx_clkpwr.o)
 .ARM.attributes
                0x000000000000042f       0x33 /Users/wangjiadong/LPCXpresso/workspace/Lib_MCU/Debug/libLib_MCU.a(lpc17xx_libcfg_default.o)
 .ARM.attributes
                0x0000000000000462       0x33 /Applications/lpcxpresso_7.5.0_254/lpcxpresso/tools/bin/../lib/gcc/arm-none-eabi/4.8.4/../../../../arm-none-eabi/lib/armv7-m/libcr_semihost.a(_cr__main.o)
 .ARM.attributes
                0x0000000000000495       0x33 /Applications/lpcxpresso_7.5.0_254/lpcxpresso/tools/bin/../lib/gcc/arm-none-eabi/4.8.4/../../../../arm-none-eabi/lib/armv7-m/libcr_c.a(memcpy.o)
 .ARM.attributes
                0x00000000000004c8       0x33 /Applications/lpcxpresso_7.5.0_254/lpcxpresso/tools/bin/../lib/gcc/arm-none-eabi/4.8.4/../../../../arm-none-eabi/lib/armv7-m/libcr_c.a(memset.o)
 .ARM.attributes
                0x00000000000004fb       0x33 /Applications/lpcxpresso_7.5.0_254/lpcxpresso/tools/bin/../lib/gcc/arm-none-eabi/4.8.4/../../../../arm-none-eabi/lib/armv7-m/libcr_c.a(fpprintf.o)
 .ARM.attributes
                0x000000000000052e       0x33 /Applications/lpcxpresso_7.5.0_254/lpcxpresso/tools/bin/../lib/gcc/arm-none-eabi/4.8.4/../../../../arm-none-eabi/lib/armv7-m/libcr_c.a(initio.o)
 .ARM.attributes
                0x0000000000000561       0x33 /Applications/lpcxpresso_7.5.0_254/lpcxpresso/tools/bin/../lib/gcc/arm-none-eabi/4.8.4/../../../../arm-none-eabi/lib/armv7-m/libcr_c.a(printf.o)
 .ARM.attributes
                0x0000000000000594       0x33 /Applications/lpcxpresso_7.5.0_254/lpcxpresso/tools/bin/../lib/gcc/arm-none-eabi/4.8.4/../../../../arm-none-eabi/lib/armv7-m/libcr_c.a(scanf.o)
 .ARM.attributes
                0x00000000000005c7       0x33 /Applications/lpcxpresso_7.5.0_254/lpcxpresso/tools/bin/../lib/gcc/arm-none-eabi/4.8.4/../../../../arm-none-eabi/lib/armv7-m/libcr_c.a(setvbuf.o)
 .ARM.attributes
                0x00000000000005fa       0x33 /Applications/lpcxpresso_7.5.0_254/lpcxpresso/tools/bin/../lib/gcc/arm-none-eabi/4.8.4/../../../../arm-none-eabi/lib/armv7-m/libcr_c.a(stdio.o)
 .ARM.attributes
                0x000000000000062d       0x33 /Applications/lpcxpresso_7.5.0_254/lpcxpresso/tools/bin/../lib/gcc/arm-none-eabi/4.8.4/../../../../arm-none-eabi/lib/armv7-m/libcr_c.a(strcpy.o)
 .ARM.attributes
                0x0000000000000660       0x33 /Applications/lpcxpresso_7.5.0_254/lpcxpresso/tools/bin/../lib/gcc/arm-none-eabi/4.8.4/../../../../arm-none-eabi/lib/armv7-m/libcr_c.a(strlen.o)
 .ARM.attributes
                0x0000000000000693       0x33 /Applications/lpcxpresso_7.5.0_254/lpcxpresso/tools/bin/../lib/gcc/arm-none-eabi/4.8.4/../../../../arm-none-eabi/lib/armv7-m/libcr_c.a(strncmp.o)
 .ARM.attributes
                0x00000000000006c6       0x33 /Applications/lpcxpresso_7.5.0_254/lpcxpresso/tools/bin/../lib/gcc/arm-none-eabi/4.8.4/../../../../arm-none-eabi/lib/armv7-m/libcr_c.a(strncpy.o)
 .ARM.attributes
                0x00000000000006f9       0x33 /Applications/lpcxpresso_7.5.0_254/lpcxpresso/tools/bin/../lib/gcc/arm-none-eabi/4.8.4/../../../../arm-none-eabi/lib/armv7-m/libcr_c.a(strstr.o)
 .ARM.attributes
                0x000000000000072c       0x33 /Applications/lpcxpresso_7.5.0_254/lpcxpresso/tools/bin/../lib/gcc/arm-none-eabi/4.8.4/../../../../arm-none-eabi/lib/armv7-m/libcr_c.a(ungetc.o)
 .ARM.attributes
                0x000000000000075f       0x33 /Applications/lpcxpresso_7.5.0_254/lpcxpresso/tools/bin/../lib/gcc/arm-none-eabi/4.8.4/../../../../arm-none-eabi/lib/armv7-m/libcr_c.a(__fillbuf.o)
 .ARM.attributes
                0x0000000000000792       0x33 /Applications/lpcxpresso_7.5.0_254/lpcxpresso/tools/bin/../lib/gcc/arm-none-eabi/4.8.4/../../../../arm-none-eabi/lib/armv7-m/libcr_c.a(_deferredlazyseek.o)
 .ARM.attributes
                0x00000000000007c5       0x33 /Applications/lpcxpresso_7.5.0_254/lpcxpresso/tools/bin/../lib/gcc/arm-none-eabi/4.8.4/../../../../arm-none-eabi/lib/armv7-m/libcr_c.a(_fdopen.o)
 .ARM.attributes
                0x00000000000007f8       0x33 /Applications/lpcxpresso_7.5.0_254/lpcxpresso/tools/bin/../lib/gcc/arm-none-eabi/4.8.4/../../../../arm-none-eabi/lib/armv7-m/libcr_c.a(_fflush.o)
 .ARM.attributes
                0x000000000000082b       0x33 /Applications/lpcxpresso_7.5.0_254/lpcxpresso/tools/bin/../lib/gcc/arm-none-eabi/4.8.4/../../../../arm-none-eabi/lib/armv7-m/libcr_c.a(_frexpl.o)
 .ARM.attributes
                0x000000000000085e       0x33 /Applications/lpcxpresso_7.5.0_254/lpcxpresso/tools/bin/../lib/gcc/arm-none-eabi/4.8.4/../../../../arm-none-eabi/lib/armv7-m/libcr_c.a(_hugeval.o)
 .ARM.attributes
                0x0000000000000891       0x33 /Applications/lpcxpresso_7.5.0_254/lpcxpresso/tools/bin/../lib/gcc/arm-none-eabi/4.8.4/../../../../arm-none-eabi/lib/armv7-m/libcr_c.a(_ldexpl.o)
 .ARM.attributes
                0x00000000000008c4       0x33 /Applications/lpcxpresso_7.5.0_254/lpcxpresso/tools/bin/../lib/gcc/arm-none-eabi/4.8.4/../../../../arm-none-eabi/lib/armv7-m/libcr_c.a(_writebuf.o)
 .ARM.attributes
                0x00000000000008f7       0x33 /Applications/lpcxpresso_7.5.0_254/lpcxpresso/tools/bin/../lib/gcc/arm-none-eabi/4.8.4/../../../../arm-none-eabi/lib/armv7-m/libcr_c.a(alloc.o)
 .ARM.attributes
                0x000000000000092a       0x33 /Applications/lpcxpresso_7.5.0_254/lpcxpresso/tools/bin/../lib/gcc/arm-none-eabi/4.8.4/../../../../arm-none-eabi/lib/armv7-m/libcr_c.a(ctype.o)
 .ARM.attributes
                0x000000000000095d       0x33 /Applications/lpcxpresso_7.5.0_254/lpcxpresso/tools/bin/../lib/gcc/arm-none-eabi/4.8.4/../../../../arm-none-eabi/lib/armv7-m/libcr_c.a(errno.o)
 .ARM.attributes
                0x0000000000000990       0x33 /Applications/lpcxpresso_7.5.0_254/lpcxpresso/tools/bin/../lib/gcc/arm-none-eabi/4.8.4/../../../../arm-none-eabi/lib/armv7-m/libcr_c.a(fclose.o)
 .ARM.attributes
                0x00000000000009c3       0x33 /Applications/lpcxpresso_7.5.0_254/lpcxpresso/tools/bin/../lib/gcc/arm-none-eabi/4.8.4/../../../../arm-none-eabi/lib/armv7-m/libcr_c.a(fflush.o)
 .ARM.attributes
                0x00000000000009f6       0x33 /Applications/lpcxpresso_7.5.0_254/lpcxpresso/tools/bin/../lib/gcc/arm-none-eabi/4.8.4/../../../../arm-none-eabi/lib/armv7-m/libcr_c.a(fseek.o)
 .ARM.attributes
                0x0000000000000a29       0x33 /Applications/lpcxpresso_7.5.0_254/lpcxpresso/tools/bin/../lib/gcc/arm-none-eabi/4.8.4/../../../../arm-none-eabi/lib/armv7-m/libcr_c.a(ftell.o)
 .ARM.attributes
                0x0000000000000a5c       0x33 /Applications/lpcxpresso_7.5.0_254/lpcxpresso/tools/bin/../lib/gcc/arm-none-eabi/4.8.4/../../../../arm-none-eabi/lib/armv7-m/libcr_c.a(remove.o)
 .ARM.attributes
                0x0000000000000a8f       0x33 /Applications/lpcxpresso_7.5.0_254/lpcxpresso/tools/bin/../lib/gcc/arm-none-eabi/4.8.4/../../../../arm-none-eabi/lib/armv7-m/libcr_c.a(__init_alloc.o)
 .ARM.attributes
                0x0000000000000ac2       0x33 /Applications/lpcxpresso_7.5.0_254/lpcxpresso/tools/bin/../lib/gcc/arm-none-eabi/4.8.4/../../../../arm-none-eabi/lib/armv7-m/libcr_c.a(_cr_sbrk.o)
 .ARM.attributes
                0x0000000000000af5       0x33 /Applications/lpcxpresso_7.5.0_254/lpcxpresso/tools/bin/../lib/gcc/arm-none-eabi/4.8.4/../../../../arm-none-eabi/lib/armv7-m/libcr_c.a(_do_fflush.o)
 .ARM.attributes
                0x0000000000000b28       0x33 /Applications/lpcxpresso_7.5.0_254/lpcxpresso/tools/bin/../lib/gcc/arm-none-eabi/4.8.4/../../../../arm-none-eabi/lib/armv7-m/libcr_c.a(_cr_check_heap.o)
 .ARM.attributes
                0x0000000000000b5b       0x33 /Applications/lpcxpresso_7.5.0_254/lpcxpresso/tools/bin/../lib/gcc/arm-none-eabi/4.8.4/armv7-m/libcr_eabihelpers.a(double.o)
 .ARM.attributes
                0x0000000000000b8e       0x33 /Applications/lpcxpresso_7.5.0_254/lpcxpresso/tools/bin/../lib/gcc/arm-none-eabi/4.8.4/armv7-m/libcr_eabihelpers.a(float.o)
 .ARM.attributes
                0x0000000000000bc1       0x21 /Applications/lpcxpresso_7.5.0_254/lpcxpresso/tools/bin/../lib/gcc/arm-none-eabi/4.8.4/armv7-m/libcr_eabihelpers.a(memcpy.o)
 .ARM.attributes
                0x0000000000000be2       0x21 /Applications/lpcxpresso_7.5.0_254/lpcxpresso/tools/bin/../lib/gcc/arm-none-eabi/4.8.4/../../../../arm-none-eabi/lib/armv7-m/libcr_semihost.a(__sys_appexit.o)
 .ARM.attributes
                0x0000000000000c03       0x21 /Applications/lpcxpresso_7.5.0_254/lpcxpresso/tools/bin/../lib/gcc/arm-none-eabi/4.8.4/../../../../arm-none-eabi/lib/armv7-m/libcr_semihost.a(__sys_close.o)
 .ARM.attributes
                0x0000000000000c24       0x21 /Applications/lpcxpresso_7.5.0_254/lpcxpresso/tools/bin/../lib/gcc/arm-none-eabi/4.8.4/../../../../arm-none-eabi/lib/armv7-m/libcr_semihost.a(__sys_flen.o)
 .ARM.attributes
                0x0000000000000c45       0x21 /Applications/lpcxpresso_7.5.0_254/lpcxpresso/tools/bin/../lib/gcc/arm-none-eabi/4.8.4/../../../../arm-none-eabi/lib/armv7-m/libcr_semihost.a(__sys_istty.o)
 .ARM.attributes