Archive member included because of file (symbol)

/Users/wangjiadong/LPCXpresso/workspace/Lib_CMSISv1p30_LPC17xx/Debug/libCMSISv1p30_LPC17xx.a(system_LPC17xx.o)
                              ./src/main.o (SystemCoreClock)
/Applications/lpcxpresso_7.5.0_254/lpcxpresso/tools/bin/../lib/gcc/arm-none-eabi/4.8.4/../../../../arm-none-eabi/lib/armv7-m/libcr_semihost.a(_cr__main.o)
                              ./src/cr_startup_lpc176x.o (__main)
/Applications/lpcxpresso_7.5.0_254/lpcxpresso/tools/bin/../lib/gcc/arm-none-eabi/4.8.4/../../../../arm-none-eabi/lib/armv7-m/libcr_c.a(fpprintf.o)
                              ./src/main.o (printf)
/Applications/lpcxpresso_7.5.0_254/lpcxpresso/tools/bin/../lib/gcc/arm-none-eabi/4.8.4/../../../../arm-none-eabi/lib/armv7-m/libcr_c.a(initio.o)
                              /Applications/lpcxpresso_7.5.0_254/lpcxpresso/tools/bin/../lib/gcc/arm-none-eabi/4.8.4/../../../../arm-none-eabi/lib/armv7-m/libcr_semihost.a(_cr__main.o) (_initio)
/Applications/lpcxpresso_7.5.0_254/lpcxpresso/tools/bin/../lib/gcc/arm-none-eabi/4.8.4/../../../../arm-none-eabi/lib/armv7-m/libcr_c.a(printf.o)
                              /Applications/lpcxpresso_7.5.0_254/lpcxpresso/tools/bin/../lib/gcc/arm-none-eabi/4.8.4/../../../../arm-none-eabi/lib/armv7-m/libcr_c.a(fpprintf.o) (__vfprintf)
/Applications/lpcxpresso_7.5.0_254/lpcxpresso/tools/bin/../lib/gcc/arm-none-eabi/4.8.4/../../../../arm-none-eabi/lib/armv7-m/libcr_c.a(setvbuf.o)
                              /Applications/lpcxpresso_7.5.0_254/lpcxpresso/tools/bin/../lib/gcc/arm-none-eabi/4.8.4/../../../../arm-none-eabi/lib/armv7-m/libcr_c.a(initio.o) (setvbuf)
/Applications/lpcxpresso_7.5.0_254/lpcxpresso/tools/bin/../lib/gcc/arm-none-eabi/4.8.4/../../../../arm-none-eabi/lib/armv7-m/libcr_c.a(stdio.o)
                              /Applications/lpcxpresso_7.5.0_254/lpcxpresso/tools/bin/../lib/gcc/arm-none-eabi/4.8.4/../../../../arm-none-eabi/lib/armv7-m/libcr_c.a(fpprintf.o) (__Ciob)
/Applications/lpcxpresso_7.5.0_254/lpcxpresso/tools/bin/../lib/gcc/arm-none-eabi/4.8.4/../../../../arm-none-eabi/lib/armv7-m/libcr_c.a(strlen.o)
                              /Applications/lpcxpresso_7.5.0_254/lpcxpresso/tools/bin/../lib/gcc/arm-none-eabi/4.8.4/../../../../arm-none-eabi/lib/armv7-m/libcr_c.a(printf.o) (strlen)
/Applications/lpcxpresso_7.5.0_254/lpcxpresso/tools/bin/../lib/gcc/arm-none-eabi/4.8.4/../../../../arm-none-eabi/lib/armv7-m/libcr_c.a(memset.o)
                              /Applications/lpcxpresso_7.5.0_254/lpcxpresso/tools/bin/../lib/gcc/arm-none-eabi/4.8.4/../../../../arm-none-eabi/lib/armv7-m/libcr_c.a(fpprintf.o) (memset)
/Applications/lpcxpresso_7.5.0_254/lpcxpresso/tools/bin/../lib/gcc/arm-none-eabi/4.8.4/../../../../arm-none-eabi/lib/armv7-m/libcr_c.a(__fillbuf.o)
                              /Applications/lpcxpresso_7.5.0_254/lpcxpresso/tools/bin/../lib/gcc/arm-none-eabi/4.8.4/../../../../arm-none-eabi/lib/armv7-m/libcr_c.a(stdio.o) (__filbuf)
/Applications/lpcxpresso_7.5.0_254/lpcxpresso/tools/bin/../lib/gcc/arm-none-eabi/4.8.4/../../../../arm-none-eabi/lib/armv7-m/libcr_c.a(_deferredlazyseek.o)
                              /Applications/lpcxpresso_7.5.0_254/lpcxpresso/tools/bin/../lib/gcc/arm-none-eabi/4.8.4/../../../../arm-none-eabi/lib/armv7-m/libcr_c.a(__fillbuf.o) (_deferredlazyseek)
/Applications/lpcxpresso_7.5.0_254/lpcxpresso/tools/bin/../lib/gcc/arm-none-eabi/4.8.4/../../../../arm-none-eabi/lib/armv7-m/libcr_c.a(_fdopen.o)
                              /Applications/lpcxpresso_7.5.0_254/lpcxpresso/tools/bin/../lib/gcc/arm-none-eabi/4.8.4/../../../../arm-none-eabi/lib/armv7-m/libcr_c.a(initio.o) (_fdopen)
/Applications/lpcxpresso_7.5.0_254/lpcxpresso/tools/bin/../lib/gcc/arm-none-eabi/4.8.4/../../../../arm-none-eabi/lib/armv7-m/libcr_c.a(_fflush.o)
                              /Applications/lpcxpresso_7.5.0_254/lpcxpresso/tools/bin/../lib/gcc/arm-none-eabi/4.8.4/../../../../arm-none-eabi/lib/armv7-m/libcr_c.a(__fillbuf.o) (_fflush)
/Applications/lpcxpresso_7.5.0_254/lpcxpresso/tools/bin/../lib/gcc/arm-none-eabi/4.8.4/../../../../arm-none-eabi/lib/armv7-m/libcr_c.a(_frexpl.o)
                              /Applications/lpcxpresso_7.5.0_254/lpcxpresso/tools/bin/../lib/gcc/arm-none-eabi/4.8.4/../../../../arm-none-eabi/lib/armv7-m/libcr_c.a(fpprintf.o) (_frexpl)
/Applications/lpcxpresso_7.5.0_254/lpcxpresso/tools/bin/../lib/gcc/arm-none-eabi/4.8.4/../../../../arm-none-eabi/lib/armv7-m/libcr_c.a(_ldexpl.o)
                              /Applications/lpcxpresso_7.5.0_254/lpcxpresso/tools/bin/../lib/gcc/arm-none-eabi/4.8.4/../../../../arm-none-eabi/lib/armv7-m/libcr_c.a(fpprintf.o) (_ldexpl)
/Applications/lpcxpresso_7.5.0_254/lpcxpresso/tools/bin/../lib/gcc/arm-none-eabi/4.8.4/../../../../arm-none-eabi/lib/armv7-m/libcr_c.a(_writebuf.o)
[...]
Memory Configuration

Name             Origin             Length             Attributes
MFlash512        0x0000000000000000 0x0000000000080000 xr
RamLoc32         0x0000000010000000 0x0000000000008000 xrw
RamAHB32         0x000000002007c000 0x0000000000008000 xrw
*default*        0x0000000000000000 0xffffffffffffffff

Linker script and memory map

LOAD ./src/Serial.o
LOAD ./src/cr_startup_lpc176x.o
LOAD ./src/main.o
LOAD ./src/sd.o
LOAD ./src/spi.o
LOAD /Users/wangjiadong/LPCXpresso/workspace/Lib_CMSISv1p30_LPC17xx/Debug/libCMSISv1p30_LPC17xx.a
LOAD /Users/wangjiadong/LPCXpresso/workspace/Lib_MCU/Debug/libLib_MCU.a
START GROUP
LOAD /Applications/lpcxpresso_7.5.0_254/lpcxpresso/tools/bin/../lib/gcc/arm-none-eabi/4.8.4/../../../../arm-none-eabi/lib/armv7-m/libcr_semihost.a
LOAD /Applications/lpcxpresso_7.5.0_254/lpcxpresso/tools/bin/../lib/gcc/arm-none-eabi/4.8.4/../../../../arm-none-eabi/lib/armv7-m/libcr_c.a
LOAD /Applications/lpcxpresso_7.5.0_254/lpcxpresso/tools/bin/../lib/gcc/arm-none-eabi/4.8.4/armv7-m/libcr_eabihelpers.a
END GROUP
                0x0000000000080000                __top_MFlash512 = 0x80000
                0x0000000010008000                __top_RamLoc32 = 0x10008000
                0x0000000020084000                __top_RamAHB32 = 0x20084000

.text           0x0000000000000000     0x40c0
 FILL mask 0xff
                0x0000000000000000                __vectors_start__ = ABSOLUTE (.)
 *(.isr_vector)
 .isr_vector    0x0000000000000000       0xcc ./src/cr_startup_lpc176x.o
                0x0000000000000000                g_pfnVectors
                0x00000000000000cc                . = ALIGN (0x4)
                0x00000000000000cc                __section_table_start = .
                0x00000000000000cc                __data_section_table = .
                0x00000000000000cc        0x4 LONG 0x40c0 LOADADDR (.data)
                0x00000000000000d0        0x4 LONG 0x10000000 ADDR (.data)
                0x00000000000000d4        0x4 LONG 0x8 SIZEOF (.data)
                0x00000000000000d8        0x4 LONG 0x40c0 LOADADDR (.data_RAM2)
                0x00000000000000dc        0x4 LONG 0x2007c000 ADDR (.data_RAM2)
                0x00000000000000e0        0x4 LONG 0x0 SIZEOF (.data_RAM2)
                0x00000000000000e4                __data_section_table_end = .
                0x00000000000000e4                __bss_section_table = .
                0x00000000000000e4        0x4 LONG 0x10000008 ADDR (.bss)
                0x00000000000000e8        0x4 LONG 0x194 SIZEOF (.bss)
                0x00000000000000ec        0x4 LONG 0x2007c000 ADDR (.bss_RAM2)
                0x00000000000000f0        0x4 LONG 0x0 SIZEOF (.bss_RAM2)
                0x00000000000000f4                __bss_section_table_end = .
                0x00000000000000f4                __section_table_end = .
 *(.after_vectors*)
 .after_vectors
                0x00000000000000f4       0x78 ./src/cr_startup_lpc176x.o
                0x00000000000000f4                NMI_Handler
                0x00000000000000f6                HardFault_Handler
                0x00000000000000f8                MemManage_Handler
                0x00000000000000fa                BusFault_Handler
                0x00000000000000fc                UsageFault_Handler
                0x00000000000000fe                SVCall_Handler
                0x0000000000000100                DebugMon_Handler
                0x0000000000000102                PendSV_Handler
                0x0000000000000106                UART1_IRQHandler
                0x0000000000000106                EINT3_IRQHandler
                0x0000000000000106                CANActivity_IRQHandler
                0x0000000000000106                TIMER3_IRQHandler
                0x0000000000000106                UART0_IRQHandler
                0x0000000000000106                IntDefaultHandler
                0x0000000000000106                PLL0_IRQHandler
                0x0000000000000106                CAN_IRQHandler
                0x0000000000000106                PLL1_IRQHandler
                0x0000000000000106                SSP0_IRQHandler
                0x0000000000000106                I2S_IRQHandler
                0x0000000000000106                I2C2_IRQHandler
                0x0000000000000106                RTC_IRQHandler
                0x0000000000000106                TIMER0_IRQHandler
                0x0000000000000106                SPI_IRQHandler
                0x0000000000000106                EINT1_IRQHandler
                0x0000000000000106                TIMER1_IRQHandler
                0x0000000000000106                UART2_IRQHandler
                0x0000000000000106                ADC_IRQHandler
                0x0000000000000106                SSP1_IRQHandler
                0x0000000000000106                USB_IRQHandler
                0x0000000000000106                BOD_IRQHandler
                0x0000000000000106                TIMER2_IRQHandler
                0x0000000000000106                RIT_IRQHandler
                0x0000000000000106                I2C0_IRQHandler
                0x0000000000000106                USBActivity_IRQHandler
                0x0000000000000106                PWM1_IRQHandler
                0x0000000000000106                I2C1_IRQHandler
                0x0000000000000106                EINT2_IRQHandler
                0x0000000000000106                UART3_IRQHandler
                0x0000000000000106                MCPWM_IRQHandler
                0x0000000000000106                ENET_IRQHandler
                0x0000000000000106                WDT_IRQHandler
                0x0000000000000106                QEI_IRQHandler
                0x0000000000000106                EINT0_IRQHandler
                0x0000000000000106                DMA_IRQHandler
                0x0000000000000108                data_init
                0x000000000000011a                bss_init
                0x000000000000012a                ResetISR
 *(.text*)
 .text.NVIC_SetPriority
                0x000000000000016c       0x54 ./src/main.o
 .text.SysTick_Config
                0x00000000000001c0       0x44 ./src/main.o
 .text.SysTick_Handler
                0x0000000000000204       0x30 ./src/main.o
                0x0000000000000204                SysTick_Handler
 .text.SingleSector_RW_Test
                0x0000000000000234      0x144 ./src/main.o
                0x0000000000000234                SingleSector_RW_Test
 .text.MultiSector_RW_Test
                0x0000000000000378      0x148 ./src/main.o
                0x0000000000000378                MultiSector_RW_Test
 .text.main     0x00000000000004c0      0x360 ./src/main.o
                0x00000000000004c0                main
 .text.disk_timerproc
                0x0000000000000820       0x48 ./src/sd.o
                0x0000000000000820                disk_timerproc
 .text.SD_Init  0x0000000000000868      0x1a4 ./src/sd.o
                0x0000000000000868                SD_Init
 .text.SD_WaitForReady
                0x0000000000000a0c       0x30 ./src/sd.o
                0x0000000000000a0c                SD_WaitForReady
 .text.SD_SendCommand
                0x0000000000000a3c       0xe0 ./src/sd.o
                0x0000000000000a3c                SD_SendCommand
 .text.SD_SendACommand
                0x0000000000000b1c       0x44 ./src/sd.o
                0x0000000000000b1c                SD_SendACommand
 .text.SD_ReadSector
                0x0000000000000b60       0xbc ./src/sd.o
                0x0000000000000b60                SD_ReadSector
 .text.SD_WriteSector
                0x0000000000000c1c       0xb8 ./src/sd.o
                0x0000000000000c1c                SD_WriteSector
 .text.SD_ReadConfiguration
                0x0000000000000cd4      0x214 ./src/sd.o
                0x0000000000000cd4                SD_ReadConfiguration
 .text.SD_RecvDataBlock
                0x0000000000000ee8       0x6c ./src/sd.o
                0x0000000000000ee8                SD_RecvDataBlock
 .text.SD_SendDataBlock
                0x0000000000000f54       0x8c ./src/sd.o
                0x0000000000000f54                SD_SendDataBlock
 .text.SPI_Init
                0x0000000000000fe0       0xa4 ./src/spi.o
                0x0000000000000fe0                SPI_Init
 .text.SPI_ConfigClockRate
                0x0000000000001084       0x20 ./src/spi.o
                0x0000000000001084                SPI_ConfigClockRate
 .text.SPI_CS_Low
                0x00000000000010a4       0x1c ./src/spi.o
                0x00000000000010a4                SPI_CS_Low
 .text.SPI_CS_High
                0x00000000000010c0       0x1c ./src/spi.o
                0x00000000000010c0                SPI_CS_High
 .text.SPI_SendByte
                0x00000000000010dc       0x34 ./src/spi.o
                0x00000000000010dc                SPI_SendByte
 .text.SPI_RecvByte
                0x0000000000001110       0x10 ./src/spi.o
                0x0000000000001110                SPI_RecvByte
 .text.SystemInit
                0x0000000000001120      0x140 /Users/wangjiadong/LPCXpresso/workspace/Lib_CMSISv1p30_LPC17xx/Debug/libCMSISv1p30_LPC17xx.a(system_LPC17xx.o)
                0x0000000000001120                SystemInit
 .text.__main   0x0000000000001260       0x14 /Applications/lpcxpresso_7.5.0_254/lpcxpresso/tools/bin/../lib/gcc/arm-none-eabi/4.8.4/../../../../arm-none-eabi/lib/armv7-m/libcr_semihost.a(_cr__main.o)
                0x0000000000001260                __main
                0x0000000000001260                __CR_SEMIHOST
 .text.fp_round
                0x0000000000001274       0x4e /Applications/lpcxpresso_7.5.0_254/lpcxpresso/tools/bin/../lib/gcc/arm-none-eabi/4.8.4/../../../../arm-none-eabi/lib/armv7-m/libcr_c.a(fpprintf.o)
 .text.pr_dec.constprop.1
                0x00000000000012c2       0x26 /Applications/lpcxpresso_7.5.0_254/lpcxpresso/tools/bin/../lib/gcc/arm-none-eabi/4.8.4/../../../../arm-none-eabi/lib/armv7-m/libcr_c.a(fpprintf.o)
 .text.sprintf  0x00000000000012e8       0x6c /Applications/lpcxpresso_7.5.0_254/lpcxpresso/tools/bin/../lib/gcc/arm-none-eabi/4.8.4/../../../../arm-none-eabi/lib/armv7-m/libcr_c.a(fpprintf.o)
                0x00000000000012e8                sprintf
 *fill*         0x0000000000001354        0x4 
 .text.fp_display
                0x0000000000001358      0x998 /Applications/lpcxpresso_7.5.0_254/lpcxpresso/tools/bin/../lib/gcc/arm-none-eabi/4.8.4/../../../../arm-none-eabi/lib/armv7-m/libcr_c.a(fpprintf.o)
 .text.vsnprintf
                0x0000000000001cf0       0x5c /Applications/lpcxpresso_7.5.0_254/lpcxpresso/tools/bin/../lib/gcc/arm-none-eabi/4.8.4/../../../../arm-none-eabi/lib/armv7-m/libcr_c.a(fpprintf.o)
                0x0000000000001cf0                vsnprintf
 .text.printf   0x0000000000001d4c       0x54 /Applications/lpcxpresso_7.5.0_254/lpcxpresso/tools/bin/../lib/gcc/arm-none-eabi/4.8.4/../../../../arm-none-eabi/lib/armv7-m/libcr_c.a(fpprintf.o)
                0x0000000000001d4c                printf
 .text._initio  0x0000000000001da0       0xa4 /Applications/lpcxpresso_7.5.0_254/lpcxpresso/tools/bin/../lib/gcc/arm-none-eabi/4.8.4/../../../../arm-none-eabi/lib/armv7-m/libcr_c.a(initio.o)
                0x0000000000001da0                _initio
 .text.__vfprintf
                0x0000000000001e44      0xca0 /Applications/lpcxpresso_7.5.0_254/lpcxpresso/tools/bin/../lib/gcc/arm-none-eabi/4.8.4/../../../../arm-none-eabi/lib/armv7-m/libcr_c.a(printf.o)
                0x0000000000001e44                __vfprintf
 .text.setvbuf  0x0000000000002ae4       0x40 /Applications/lpcxpresso_7.5.0_254/lpcxpresso/tools/bin/../lib/gcc/arm-none-eabi/4.8.4/../../../../arm-none-eabi/lib/armv7-m/libcr_c.a(setvbuf.o)
                0x0000000000002ae4                setvbuf
 .text.strlen   0x0000000000002b24       0x4a /Applications/lpcxpresso_7.5.0_254/lpcxpresso/tools/bin/../lib/gcc/arm-none-eabi/4.8.4/../../../../arm-none-eabi/lib/armv7-m/libcr_c.a(strlen.o)
                0x0000000000002b24                strlen
 .text.memset   0x0000000000002b6e        0x4 /Applications/lpcxpresso_7.5.0_254/lpcxpresso/tools/bin/../lib/gcc/arm-none-eabi/4.8.4/../../../../arm-none-eabi/lib/armv7-m/libcr_c.a(memset.o)
                0x0000000000002b6e                memset
 .text._deferredlazyseek
                0x0000000000002b72       0x44 /Applications/lpcxpresso_7.5.0_254/lpcxpresso/tools/bin/../lib/gcc/arm-none-eabi/4.8.4/../../../../arm-none-eabi/lib/armv7-m/libcr_c.a(_deferredlazyseek.o)
                0x0000000000002b72                _deferredlazyseek
 .text.__flsbuf
                0x0000000000002bb6      0x142 /Applications/lpcxpresso_7.5.0_254/lpcxpresso/tools/bin/../lib/gcc/arm-none-eabi/4.8.4/../../../../arm-none-eabi/lib/armv7-m/libcr_c.a(_deferredlazyseek.o)
                0x0000000000002bb6                __flsbuf
 .text._fdopen  0x0000000000002cf8       0x6a /Applications/lpcxpresso_7.5.0_254/lpcxpresso/tools/bin/../lib/gcc/arm-none-eabi/4.8.4/../../../../arm-none-eabi/lib/armv7-m/libcr_c.a(_fdopen.o)
                0x0000000000002cf8                _fdopen
 .text._fflush  0x0000000000002d62       0x58 /Applications/lpcxpresso_7.5.0_254/lpcxpresso/tools/bin/../lib/gcc/arm-none-eabi/4.8.4/../../../../arm-none-eabi/lib/armv7-m/libcr_c.a(_fflush.o)
                0x0000000000002d62                _fflush
 .text._frexpl  0x0000000000002dba       0x5c /Applications/lpcxpresso_7.5.0_254/lpcxpresso/tools/bin/../lib/gcc/arm-none-eabi/4.8.4/../../../../arm-none-eabi/lib/armv7-m/libcr_c.a(_frexpl.o)
                0x0000000000002dba                _frexpl
 *fill*         0x0000000000002e16        0x2 
 .text._ldexpl  0x0000000000002e18       0x4c /Applications/lpcxpresso_7.5.0_254/lpcxpresso/tools/bin/../lib/gcc/arm-none-eabi/4.8.4/../../../../arm-none-eabi/lib/armv7-m/libcr_c.a(_ldexpl.o)
                0x0000000000002e18                _ldexpl
 .text._Cwritebuf
                0x0000000000002e64       0x70 /Applications/lpcxpresso_7.5.0_254/lpcxpresso/tools/bin/../lib/gcc/arm-none-eabi/4.8.4/../../../../arm-none-eabi/lib/armv7-m/libcr_c.a(_writebuf.o)
                0x0000000000002e64                _Cwritebuf
 .text.malloc   0x0000000000002ed4       0xc8 /Applications/lpcxpresso_7.5.0_254/lpcxpresso/tools/bin/../lib/gcc/arm-none-eabi/4.8.4/../../../../arm-none-eabi/lib/armv7-m/libcr_c.a(alloc.o)
                0x0000000000002ed4                malloc
 .text.free     0x0000000000002f9c        0xc /Applications/lpcxpresso_7.5.0_254/lpcxpresso/tools/bin/../lib/gcc/arm-none-eabi/4.8.4/../../../../arm-none-eabi/lib/armv7-m/libcr_c.a(alloc.o)
                0x0000000000002f9c                free
 .text._Csys_alloc
                0x0000000000002fa8       0x20 /Applications/lpcxpresso_7.5.0_254/lpcxpresso/tools/bin/../lib/gcc/arm-none-eabi/4.8.4/../../../../arm-none-eabi/lib/armv7-m/libcr_c.a(alloc.o)
                0x0000000000002fa8                _Csys_alloc
 .text.fclose   0x0000000000002fc8       0x6c /Applications/lpcxpresso_7.5.0_254/lpcxpresso/tools/bin/../lib/gcc/arm-none-eabi/4.8.4/../../../../arm-none-eabi/lib/armv7-m/libcr_c.a(fclose.o)
                0x0000000000002fc8                fclose
 .text.fflush   0x0000000000003034       0x30 /Applications/lpcxpresso_7.5.0_254/lpcxpresso/tools/bin/../lib/gcc/arm-none-eabi/4.8.4/../../../../arm-none-eabi/lib/armv7-m/libcr_c.a(fflush.o)
                0x0000000000003034                fflush
 .text.fseek    0x0000000000003064      0x10c /Applications/lpcxpresso_7.5.0_254/lpcxpresso/tools/bin/../lib/gcc/arm-none-eabi/4.8.4/../../../../arm-none-eabi/lib/armv7-m/libcr_c.a(fseek.o)
                0x0000000000003064                fseek
 .text.ftell    0x0000000000003170       0x4c /Applications/lpcxpresso_7.5.0_254/lpcxpresso/tools/bin/../lib/gcc/arm-none-eabi/4.8.4/../../../../arm-none-eabi/lib/armv7-m/libcr_c.a(ftell.o)
                0x0000000000003170                ftell
 .text.remove   0x00000000000031bc       0x14 /Applications/lpcxpresso_7.5.0_254/lpcxpresso/tools/bin/../lib/gcc/arm-none-eabi/4.8.4/../../../../arm-none-eabi/lib/armv7-m/libcr_c.a(remove.o)
                0x00000000000031bc                remove
 .text._sbrk    0x00000000000031d0       0x40 /Applications/lpcxpresso_7.5.0_254/lpcxpresso/tools/bin/../lib/gcc/arm-none-eabi/4.8.4/../../../../arm-none-eabi/lib/armv7-m/libcr_c.a(_cr_sbrk.o)
                0x00000000000031d0                _sbrk
 .text._do_fflush
                0x0000000000003210       0x44 /Applications/lpcxpresso_7.5.0_254/lpcxpresso/tools/bin/../lib/gcc/arm-none-eabi/4.8.4/../../../../arm-none-eabi/lib/armv7-m/libcr_c.a(_do_fflush.o)
                0x0000000000003210                _do_fflush
 .text.__check_heap_overflow
                0x0000000000003254       0x18 /Applications/lpcxpresso_7.5.0_254/lpcxpresso/tools/bin/../lib/gcc/arm-none-eabi/4.8.4/../../../../arm-none-eabi/lib/armv7-m/libcr_c.a(_cr_check_heap.o)
                0x0000000000003254                __check_heap_overflow
 .text.__aeabi_dmul
                0x000000000000326c      0x12c /Applications/lpcxpresso_7.5.0_254/lpcxpresso/tools/bin/../lib/gcc/arm-none-eabi/4.8.4/armv7-m/libcr_eabihelpers.a(double.o)
                0x000000000000326c                __aeabi_dmul
 .text.__aeabi_ddiv
                0x0000000000003398      0x16c /Applications/lpcxpresso_7.5.0_254/lpcxpresso/tools/bin/../lib/gcc/arm-none-eabi/4.8.4/armv7-m/libcr_eabihelpers.a(double.o)
                0x0000000000003398                __aeabi_ddiv
 .text.__aeabi_dsub
                0x0000000000003504      0x228 /Applications/lpcxpresso_7.5.0_254/lpcxpresso/tools/bin/../lib/gcc/arm-none-eabi/4.8.4/armv7-m/libcr_eabihelpers.a(double.o)
                0x0000000000003504                __aeabi_dsub
 .text.__aeabi_dadd
                0x000000000000372c      0x178 /Applications/lpcxpresso_7.5.0_254/lpcxpresso/tools/bin/../lib/gcc/arm-none-eabi/4.8.4/armv7-m/libcr_eabihelpers.a(double.o)
                0x000000000000372c                __aeabi_dadd
 .text.__aeabi_d2iz
                0x00000000000038a4       0x4c /Applications/lpcxpresso_7.5.0_254/lpcxpresso/tools/bin/../lib/gcc/arm-none-eabi/4.8.4/armv7-m/libcr_eabihelpers.a(double.o)
                0x00000000000038a4                __aeabi_d2iz
 .text.__bhs_ui2d
                0x00000000000038f0       0x48 /Applications/lpcxpresso_7.5.0_254/lpcxpresso/tools/bin/../lib/gcc/arm-none-eabi/4.8.4/armv7-m/libcr_eabihelpers.a(double.o)
                0x00000000000038f0                __bhs_ui2d
 .text.__aeabi_i2d
                0x0000000000003938       0x10 /Applications/lpcxpresso_7.5.0_254/lpcxpresso/tools/bin/../lib/gcc/arm-none-eabi/4.8.4/armv7-m/libcr_eabihelpers.a(double.o)
                0x0000000000003938                __aeabi_i2d
 .text.__aeabi_dcmpeq
                0x0000000000003948       0x40 /Applications/lpcxpresso_7.5.0_254/lpcxpresso/tools/bin/../lib/gcc/arm-none-eabi/4.8.4/armv7-m/libcr_eabihelpers.a(double.o)
                0x0000000000003948                __aeabi_dcmpeq
 .text.__aeabi_dcmplt
                0x0000000000003988       0x70 /Applications/lpcxpresso_7.5.0_254/lpcxpresso/tools/bin/../lib/gcc/arm-none-eabi/4.8.4/armv7-m/libcr_eabihelpers.a(double.o)
                0x0000000000003988                __aeabi_dcmplt
 .text.__aeabi_dcmple
                0x00000000000039f8       0x68 /Applications/lpcxpresso_7.5.0_254/lpcxpresso/tools/bin/../lib/gcc/arm-none-eabi/4.8.4/armv7-m/libcr_eabihelpers.a(double.o)
                0x00000000000039f8                __aeabi_dcmple
 .text.__aeabi_dcmpge
                0x0000000000003a60       0x64 /Applications/lpcxpresso_7.5.0_254/lpcxpresso/tools/bin/../lib/gcc/arm-none-eabi/4.8.4/armv7-m/libcr_eabihelpers.a(double.o)
                0x0000000000003a60                __aeabi_dcmpge
 .text.__aeabi_memset_lowlevel
                0x0000000000003ac4       0x38 /Applications/lpcxpresso_7.5.0_254/lpcxpresso/tools/bin/../lib/gcc/arm-none-eabi/4.8.4/armv7-m/libcr_eabihelpers.a(memcpy.o)
                0x0000000000003ac4                __aeabi_lowlevel_memset
 .text.__sys_appexit
                0x0000000000003afc        0xc /Applications/lpcxpresso_7.5.0_254/lpcxpresso/tools/bin/../lib/gcc/arm-none-eabi/4.8.4/../../../../arm-none-eabi/lib/armv7-m/libcr_semihost.a(__sys_appexit.o)
                0x0000000000003afc                __exit
                0x0000000000003afc                __sys_appexit
 .text.__sys_close
                0x0000000000003b08        0xc /Applications/lpcxpresso_7.5.0_254/lpcxpresso/tools/bin/../lib/gcc/arm-none-eabi/4.8.4/../../../../arm-none-eabi/lib/armv7-m/libcr_semihost.a(__sys_close.o)
                0x0000000000003b08                __sys_close
 .text.__sys_flen
                0x0000000000003b14        0xc /Applications/lpcxpresso_7.5.0_254/lpcxpresso/tools/bin/../lib/gcc/arm-none-eabi/4.8.4/../../../../arm-none-eabi/lib/armv7-m/libcr_semihost.a(__sys_flen.o)
                0x0000000000003b14                __sys_flen
 .text.__sys_istty
                0x0000000000003b20        0xc /Applications/lpcxpresso_7.5.0_254/lpcxpresso/tools/bin/../lib/gcc/arm-none-eabi/4.8.4/../../../../arm-none-eabi/lib/armv7-m/libcr_semihost.a(__sys_istty.o)
                0x0000000000003b20                __sys_istty
 .text.__sys_remove
                0x0000000000003b2c        0xc /Applications/lpcxpresso_7.5.0_254/lpcxpresso/tools/bin/../lib/gcc/arm-none-eabi/4.8.4/../../../../arm-none-eabi/lib/armv7-m/libcr_semihost.a(__sys_remove.o)
                0x0000000000003b2c                __sys_remove
 .text.__sys_seek
                0x0000000000003b38        0xc /Applications/lpcxpresso_7.5.0_254/lpcxpresso/tools/bin/../lib/gcc/arm-none-eabi/4.8.4/../../../../arm-none-eabi/lib/armv7-m/libcr_semihost.a(__sys_seek.o)
                0x0000000000003b38                __sys_seek
 .text.__sys_tmpnam
                0x0000000000003b44        0xc /Applications/lpcxpresso_7.5.0_254/lpcxpresso/tools/bin/../lib/gcc/arm-none-eabi/4.8.4/../../../../arm-none-eabi/lib/armv7-m/libcr_semihost.a(__sys_tmpnam.o)
                0x0000000000003b44                __sys_tmpnam
 .text.__sys_write
                0x0000000000003b50        0xc /Applications/lpcxpresso_7.5.0_254/lpcxpresso/tools/bin/../lib/gcc/arm-none-eabi/4.8.4/../../../../arm-none-eabi/lib/armv7-m/libcr_semihost.a(__sys_write.o)
                0x0000000000003b50                __write
                0x0000000000003b50                __sys_write
 *(.rodata .rodata.* .constdata .constdata.*)
 .rodata        0x0000000000003b5c      0x4d8 ./src/main.o
 .rodata.str1.1
                0x0000000000004034       0x34 /Applications/lpcxpresso_7.5.0_254/lpcxpresso/tools/bin/../lib/gcc/arm-none-eabi/4.8.4/../../../../arm-none-eabi/lib/armv7-m/libcr_c.a(fpprintf.o)
                                         0x35 (size before relaxing)
 .rodata.str1.1
                0x0000000000004068        0x4 /Applications/lpcxpresso_7.5.0_254/lpcxpresso/tools/bin/../lib/gcc/arm-none-eabi/4.8.4/../../../../arm-none-eabi/lib/armv7-m/libcr_c.a(initio.o)
 .rodata.str1.1
                0x000000000000406c       0x31 /Applications/lpcxpresso_7.5.0_254/lpcxpresso/tools/bin/../lib/gcc/arm-none-eabi/4.8.4/../../../../arm-none-eabi/lib/armv7-m/libcr_c.a(printf.o)
                                         0x38 (size before relaxing)
 .rodata.str1.1
                0x000000000000409d       0x18 /Applications/lpcxpresso_7.5.0_254/lpcxpresso/tools/bin/../lib/gcc/arm-none-eabi/4.8.4/../../../../arm-none-eabi/lib/armv7-m/libcr_c.a(alloc.o)
 *fill*         0x00000000000040b5        0x3 
 .rodata.__huge_vall
                0x00000000000040b8        0x8 /Applications/lpcxpresso_7.5.0_254/lpcxpresso/tools/bin/../lib/gcc/arm-none-eabi/4.8.4/../../../../arm-none-eabi/lib/armv7-m/libcr_c.a(_hugeval.o)
                0x00000000000040b8                __huge_vall
                0x00000000000040c0                . = ALIGN (0x4)

.glue_7         0x00000000000040c0        0x0
 .glue_7        0x0000000000000000        0x0 linker stubs

.glue_7t        0x00000000000040c0        0x0
 .glue_7t       0x0000000000000000        0x0 linker stubs

.vfp11_veneer   0x00000000000040c0        0x0
 .vfp11_veneer  0x0000000000000000        0x0 linker stubs

.v4_bx          0x00000000000040c0        0x0
 .v4_bx         0x0000000000000000        0x0 linker stubs

.iplt           0x00000000000040c0        0x0
 .iplt          0x0000000000000000        0x0 ./src/Serial.o

.rel.dyn        0x00000000000040c0        0x0
 .rel.iplt      0x0000000000000000        0x0 ./src/Serial.o

.ARM.extab
 *(.ARM.extab* .gnu.linkonce.armextab.*)
                0x00000000000040c0                __exidx_start = .

.ARM.exidx
 *(.ARM.exidx* .gnu.linkonce.armexidx.*)
                0x00000000000040c0                __exidx_end = .
                0x00000000000040c0                _etext = .

.data_RAM2      0x000000002007c000        0x0 load address 0x00000000000040c0
 FILL mask 0xff
 *(.ramfunc.$RAM2)
 *(.ramfunc.$RamAHB32)
 *(.data.$RAM2*)
 *(.data.$RamAHB32*)
                0x000000002007c000                . = ALIGN (0x4)

.uninit_RESERVED
                0x0000000010000000        0x0
 *(.bss.$RESERVED*)
                0x0000000010000000                . = ALIGN (0x4)
                0x0000000010000000                _end_uninit_RESERVED = .

.data           0x0000000010000000        0x8 load address 0x00000000000040c0
 FILL mask 0xff
                0x0000000010000000                _data = .
 *(vtable)
 *(.ramfunc*)
 *(.data*)
 .data.buf      0x0000000010000000        0x4 ./src/main.o
                0x0000000010000000                buf
 .data          0x0000000010000004        0x4 /Users/wangjiadong/LPCXpresso/workspace/Lib_CMSISv1p30_LPC17xx/Debug/libCMSISv1p30_LPC17xx.a(system_LPC17xx.o)
                0x0000000010000004                SystemCoreClock
                0x0000000010000008                . = ALIGN (0x4)
                0x0000000010000008                _edata = .

.igot.plt       0x0000000010000008        0x0 load address 0x00000000000040c8
 .igot.plt      0x0000000000000000        0x0 ./src/Serial.o

.bss_RAM2       0x000000002007c000        0x0
 *(.bss.$RAM2*)
 *(.bss.$RamAHB32*)
                0x000000002007c000                . = ALIGN (0x4)

.bss            0x0000000010000008      0x194
                0x0000000010000008                _bss = .
 *(.bss*)
 .bss.Timer     0x0000000010000008        0x4 ./src/main.o
                0x0000000010000008                Timer
 .bss.ticks.5007
                0x000000001000000c        0x4 ./src/main.o
 .bss.Timer1    0x0000000010000010        0x4 ./src/sd.o
 .bss.Timer2    0x0000000010000014        0x4 ./src/sd.o
 .bss.errno     0x0000000010000018        0x4 /Applications/lpcxpresso_7.5.0_254/lpcxpresso/tools/bin/../lib/gcc/arm-none-eabi/4.8.4/../../../../arm-none-eabi/lib/armv7-m/libcr_c.a(errno.o)
                0x0000000010000018                errno
 *(COMMON)
 COMMON         0x000000001000001c       0x34 ./src/sd.o
                0x000000001000001c                CardType
                0x0000000010000020                CardConfig
 COMMON         0x0000000010000050        0x4 /Applications/lpcxpresso_7.5.0_254/lpcxpresso/tools/bin/../lib/gcc/arm-none-eabi/4.8.4/../../../../arm-none-eabi/lib/armv7-m/libcr_c.a(initio.o)
                0x0000000010000050                _extra
 COMMON         0x0000000010000054      0x140 /Applications/lpcxpresso_7.5.0_254/lpcxpresso/tools/bin/../lib/gcc/arm-none-eabi/4.8.4/../../../../arm-none-eabi/lib/armv7-m/libcr_c.a(stdio.o)
                0x0000000010000054                __Ciob
 COMMON         0x0000000010000194        0x8 /Applications/lpcxpresso_7.5.0_254/lpcxpresso/tools/bin/../lib/gcc/arm-none-eabi/4.8.4/../../../../arm-none-eabi/lib/armv7-m/libcr_c.a(__init_alloc.o)
                0x0000000010000194                __heaps
                0x0000000010000198                __end_of_heap
                0x000000001000019c                . = ALIGN (0x4)
                0x000000001000019c                _ebss = .
                0x000000001000019c                PROVIDE (end, .)

.noinit_RAM2    0x000000002007c000        0x0
 *(.noinit.$RAM2*)
 *(.noinit.$RamAHB32*)
                0x000000002007c000                . = ALIGN (0x4)

.noinit         0x000000001000019c        0x0
                0x000000001000019c                _noinit = .
 *(.noinit*)
                0x000000001000019c                . = ALIGN (0x4)
                0x000000001000019c                _end_noinit = .
                0x000000001000019c                PROVIDE (_pvHeapStart, DEFINED (__user_heap_base)?__user_heap_base:.)
                0x0000000010008000                PROVIDE (_vStackTop, DEFINED (__user_stack_top)?__user_stack_top:(__top_RamLoc32 - 0x0))
OUTPUT(LPC1769_CMSIS_MCU_blinky.axf elf32-littlearm)

.debug_info     0x0000000000000000     0x18ca
 .debug_info    0x0000000000000000      0x2be ./src/cr_startup_lpc176x.o
 .debug_info    0x00000000000002be      0x643 ./src/main.o
 .debug_info    0x0000000000000901      0x4d5 ./src/sd.o
 .debug_info    0x0000000000000dd6      0x811 ./src/spi.o
 .debug_info    0x00000000000015e7      0x2e3 /Users/wangjiadong/LPCXpresso/workspace/Lib_CMSISv1p30_LPC17xx/Debug/libCMSISv1p30_LPC17xx.a(system_LPC17xx.o)

.debug_abbrev   0x0000000000000000      0x767
 .debug_abbrev  0x0000000000000000      0x12b ./src/cr_startup_lpc176x.o
 .debug_abbrev  0x000000000000012b      0x212 ./src/main.o
 .debug_abbrev  0x000000000000033d      0x1a1 ./src/sd.o
 .debug_abbrev  0x00000000000004de      0x1a3 ./src/spi.o
 .debug_abbrev  0x0000000000000681       0xe6 /Users/wangjiadong/LPCXpresso/workspace/Lib_CMSISv1p30_LPC17xx/Debug/libCMSISv1p30_LPC17xx.a(system_LPC17xx.o)

.debug_loc      0x0000000000000000      0x15f
 .debug_loc     0x0000000000000000      0x15f ./src/cr_startup_lpc176x.o

.debug_aranges  0x0000000000000000      0x1a0
 .debug_aranges
                0x0000000000000000       0x80 ./src/cr_startup_lpc176x.o
 .debug_aranges
                0x0000000000000080       0x48 ./src/main.o
 .debug_aranges
                0x00000000000000c8       0x68 ./src/sd.o
 .debug_aranges
                0x0000000000000130       0x48 ./src/spi.o
 .debug_aranges
                0x0000000000000178       0x28 /Users/wangjiadong/LPCXpresso/workspace/Lib_CMSISv1p30_LPC17xx/Debug/libCMSISv1p30_LPC17xx.a(system_LPC17xx.o)

.debug_ranges   0x0000000000000000      0x150
 .debug_ranges  0x0000000000000000       0x70 ./src/cr_startup_lpc176x.o
 .debug_ranges  0x0000000000000070       0x38 ./src/main.o
 .debug_ranges  0x00000000000000a8       0x58 ./src/sd.o
 .debug_ranges  0x0000000000000100       0x38 ./src/spi.o
 .debug_ranges  0x0000000000000138       0x18 /Users/wangjiadong/LPCXpresso/workspace/Lib_CMSISv1p30_LPC17xx/Debug/libCMSISv1p30_LPC17xx.a(system_LPC17xx.o)

.debug_macro    0x0000000000000000     0x2056
 .debug_macro   0x0000000000000000       0x52 ./src/cr_startup_lpc176x.o
 .debug_macro   0x0000000000000052      0x85c ./src/cr_startup_lpc176x.o
 .debug_macro   0x00000000000008ae       0xac ./src/main.o
 .debug_macro   0x000000000000095a       0xa0 ./src/main.o
 .debug_macro   0x00000000000009fa       0x34 ./src/main.o
 .debug_macro   0x0000000000000a2e      0x12e ./src/sd.o
 .debug_macro   0x0000000000000b5c       0x10 ./src/sd.o
 .debug_macro   0x0000000000000b6c       0x3a ./src/sd.o
 .debug_macro   0x0000000000000ba6       0x95 ./src/spi.o
 .debug_macro   0x0000000000000c3b      0x113 /Users/wangjiadong/LPCXpresso/workspace/Lib_CMSISv1p30_LPC17xx/Debug/libCMSISv1p30_LPC17xx.a(system_LPC17xx.o)
 .debug_macro   0x0000000000000d4e      0x850 /Users/wangjiadong/LPCXpresso/workspace/Lib_CMSISv1p30_LPC17xx/Debug/libCMSISv1p30_LPC17xx.a(system_LPC17xx.o)
 .debug_macro   0x000000000000159e       0x1c /Users/wangjiadong/LPCXpresso/workspace/Lib_CMSISv1p30_LPC17xx/Debug/libCMSISv1p30_LPC17xx.a(system_LPC17xx.o)
 .debug_macro   0x00000000000015ba      0x7d5 /Users/wangjiadong/LPCXpresso/workspace/Lib_CMSISv1p30_LPC17xx/Debug/libCMSISv1p30_LPC17xx.a(system_LPC17xx.o)
 .debug_macro   0x0000000000001d8f      0x2c7 /Users/wangjiadong/LPCXpresso/workspace/Lib_CMSISv1p30_LPC17xx/Debug/libCMSISv1p30_LPC17xx.a(system_LPC17xx.o)

.debug_line     0x0000000000000000      0xd69
 .debug_line    0x0000000000000000      0x1bf ./src/cr_startup_lpc176x.o
 .debug_line    0x00000000000001bf      0x397 ./src/main.o
 .debug_line    0x0000000000000556      0x41e ./src/sd.o
 .debug_line    0x0000000000000974      0x1f4 ./src/spi.o
 .debug_line    0x0000000000000b68      0x201 /Users/wangjiadong/LPCXpresso/workspace/Lib_CMSISv1p30_LPC17xx/Debug/libCMSISv1p30_LPC17xx.a(system_LPC17xx.o)

.debug_str      0x0000000000000000     0x8fd4
 .debug_str     0x0000000000000000     0x3cca ./src/cr_startup_lpc176x.o
                                       0x3d49 (size before relaxing)
 .debug_str     0x0000000000003cca     0x470c ./src/main.o
                                       0x81de (size before relaxing)
 .debug_str     0x00000000000083d6      0x3cb ./src/sd.o
                                       0x7fae (size before relaxing)
 .debug_str     0x00000000000087a1      0x47c ./src/spi.o
                                       0x802f (size before relaxing)
 .debug_str     0x0000000000008c1d      0x3b7 /Users/wangjiadong/LPCXpresso/workspace/Lib_CMSISv1p30_LPC17xx/Debug/libCMSISv1p30_LPC17xx.a(system_LPC17xx.o)
                                       0x7f0d (size before relaxing)

.comment        0x0000000000000000       0xe0
 .comment       0x0000000000000000       0x70 ./src/cr_startup_lpc176x.o
                                         0x71 (size before relaxing)
 .comment       0x0000000000000000       0x71 ./src/main.o
 .comment       0x0000000000000000       0x71 ./src/sd.o
 .comment       0x0000000000000000       0x71 ./src/spi.o
 .comment       0x0000000000000000       0x71 /Users/wangjiadong/LPCXpresso/workspace/Lib_CMSISv1p30_LPC17xx/Debug/libCMSISv1p30_LPC17xx.a(system_LPC17xx.o)
 .comment       0x0000000000000070       0x70 /Applications/lpcxpresso_7.5.0_254/lpcxpresso/tools/bin/../lib/gcc/arm-none-eabi/4.8.4/../../../../arm-none-eabi/lib/armv7-m/libcr_semihost.a(_cr__main.o)
                                         0x71 (size before relaxing)
 .comment       0x0000000000000000       0x71 /Applications/lpcxpresso_7.5.0_254/lpcxpresso/tools/bin/../lib/gcc/arm-none-eabi/4.8.4/../../../../arm-none-eabi/lib/armv7-m/libcr_c.a(fpprintf.o)
 .comment       0x0000000000000000       0x71 /Applications/lpcxpresso_7.5.0_254/lpcxpresso/tools/bin/../lib/gcc/arm-none-eabi/4.8.4/../../../../arm-none-eabi/lib/armv7-m/libcr_c.a(initio.o)
 .comment       0x0000000000000000       0x71 /Applications/lpcxpresso_7.5.0_254/lpcxpresso/tools/bin/../lib/gcc/arm-none-eabi/4.8.4/../../../../arm-none-eabi/lib/armv7-m/libcr_c.a(printf.o)
 .comment       0x0000000000000000       0x71 /Applications/lpcxpresso_7.5.0_254/lpcxpresso/tools/bin/../lib/gcc/arm-none-eabi/4.8.4/../../../../arm-none-eabi/lib/armv7-m/libcr_c.a(setvbuf.o)
 .comment       0x0000000000000000       0x71 /Applications/lpcxpresso_7.5.0_254/lpcxpresso/tools/bin/../lib/gcc/arm-none-eabi/4.8.4/../../../../arm-none-eabi/lib/armv7-m/libcr_c.a(stdio.o)
 .comment       0x0000000000000000       0x71 /Applications/lpcxpresso_7.5.0_254/lpcxpresso/tools/bin/../lib/gcc/arm-none-eabi/4.8.4/../../../../arm-none-eabi/lib/armv7-m/libcr_c.a(strlen.o)
 .comment       0x0000000000000000       0x71 /Applications/lpcxpresso_7.5.0_254/lpcxpresso/tools/bin/../lib/gcc/arm-none-eabi/4.8.4/../../../../arm-none-eabi/lib/armv7-m/libcr_c.a(memset.o)
 .comment       0x0000000000000000       0x71 /Applications/lpcxpresso_7.5.0_254/lpcxpresso/tools/bin/../lib/gcc/arm-none-eabi/4.8.4/../../../../arm-none-eabi/lib/armv7-m/libcr_c.a(_deferredlazyseek.o)
 .comment       0x0000000000000000       0x71 /Applications/lpcxpresso_7.5.0_254/lpcxpresso/tools/bin/../lib/gcc/arm-none-eabi/4.8.4/../../../../arm-none-eabi/lib/armv7-m/libcr_c.a(_fdopen.o)
 .comment       0x0000000000000000       0x71 /Applications/lpcxpresso_7.5.0_254/lpcxpresso/tools/bin/../lib/gcc/arm-none-eabi/4.8.4/../../../../arm-none-eabi/lib/armv7-m/libcr_c.a(_fflush.o)
 .comment       0x0000000000000000       0x71 /Applications/lpcxpresso_7.5.0_254/lpcxpresso/tools/bin/../lib/gcc/arm-none-eabi/4.8.4/../../../../arm-none-eabi/lib/armv7-m/libcr_c.a(_frexpl.o)
 .comment       0x0000000000000000       0x71 /Applications/lpcxpresso_7.5.0_254/lpcxpresso/tools/bin/../lib/gcc/arm-none-eabi/4.8.4/../../../../arm-none-eabi/lib/armv7-m/libcr_c.a(_ldexpl.o)
 .comment       0x0000000000000000       0x71 /Applications/lpcxpresso_7.5.0_254/lpcxpresso/tools/bin/../lib/gcc/arm-none-eabi/4.8.4/../../../../arm-none-eabi/lib/armv7-m/libcr_c.a(_writebuf.o)
 .comment       0x0000000000000000       0x71 /Applications/lpcxpresso_7.5.0_254/lpcxpresso/tools/bin/../lib/gcc/arm-none-eabi/4.8.4/../../../../arm-none-eabi/lib/armv7-m/libcr_c.a(alloc.o)
 .comment       0x0000000000000000       0x71 /Applications/lpcxpresso_7.5.0_254/lpcxpresso/tools/bin/../lib/gcc/arm-none-eabi/4.8.4/../../../../arm-none-eabi/lib/armv7-m/libcr_c.a(errno.o)
 .comment       0x0000000000000000       0x71 /Applications/lpcxpresso_7.5.0_254/lpcxpresso/tools/bin/../lib/gcc/arm-none-eabi/4.8.4/../../../../arm-none-eabi/lib/armv7-m/libcr_c.a(fclose.o)
 .comment       0x0000000000000000       0x71 /Applications/lpcxpresso_7.5.0_254/lpcxpresso/tools/bin/../lib/gcc/arm-none-eabi/4.8.4/../../../../arm-none-eabi/lib/armv7-m/libcr_c.a(fflush.o)
 .comment       0x0000000000000000       0x71 /Applications/lpcxpresso_7.5.0_254/lpcxpresso/tools/bin/../lib/gcc/arm-none-eabi/4.8.4/../../../../arm-none-eabi/lib/armv7-m/libcr_c.a(fseek.o)
 .comment       0x0000000000000000       0x71 /Applications/lpcxpresso_7.5.0_254/lpcxpresso/tools/bin/../lib/gcc/arm-none-eabi/4.8.4/../../../../arm-none-eabi/lib/armv7-m/libcr_c.a(ftell.o)
 .comment       0x0000000000000000       0x71 /Applications/lpcxpresso_7.5.0_254/lpcxpresso/tools/bin/../lib/gcc/arm-none-eabi/4.8.4/../../../../arm-none-eabi/lib/armv7-m/libcr_c.a(remove.o)
 .comment       0x0000000000000000       0x71 /Applications/lpcxpresso_7.5.0_254/lpcxpresso/tools/bin/../lib/gcc/arm-none-eabi/4.8.4/../../../../arm-none-eabi/lib/armv7-m/libcr_c.a(__init_alloc.o)
 .comment       0x0000000000000000       0x71 /Applications/lpcxpresso_7.5.0_254/lpcxpresso/tools/bin/../lib/gcc/arm-none-eabi/4.8.4/../../../../arm-none-eabi/lib/armv7-m/libcr_c.a(_cr_sbrk.o)
 .comment       0x0000000000000000       0x71 /Applications/lpcxpresso_7.5.0_254/lpcxpresso/tools/bin/../lib/gcc/arm-none-eabi/4.8.4/../../../../arm-none-eabi/lib/armv7-m/libcr_c.a(_do_fflush.o)
 .comment       0x0000000000000000       0x71 /Applications/lpcxpresso_7.5.0_254/lpcxpresso/tools/bin/../lib/gcc/arm-none-eabi/4.8.4/../../../../arm-none-eabi/lib/armv7-m/libcr_c.a(_hugeval.o)
 .comment       0x0000000000000000       0x71 /Applications/lpcxpresso_7.5.0_254/lpcxpresso/tools/bin/../lib/gcc/arm-none-eabi/4.8.4/../../../../arm-none-eabi/lib/armv7-m/libcr_c.a(_cr_check_heap.o)
 .comment       0x0000000000000000       0x71 /Applications/lpcxpresso_7.5.0_254/lpcxpresso/tools/bin/../lib/gcc/arm-none-eabi/4.8.4/armv7-m/libcr_eabihelpers.a(double.o)

.ARM.attributes
                0x0000000000000000       0x31
 .ARM.attributes
                0x0000000000000000       0x33 ./src/cr_startup_lpc176x.o
 .ARM.attributes
                0x0000000000000033       0x33 ./src/main.o
 .ARM.attributes
                0x0000000000000066       0x33 ./src/sd.o
 .ARM.attributes
                0x0000000000000099       0x33 ./src/spi.o
 .ARM.attributes
                0x00000000000000cc       0x33 /Users/wangjiadong/LPCXpresso/workspace/Lib_CMSISv1p30_LPC17xx/Debug/libCMSISv1p30_LPC17xx.a(system_LPC17xx.o)
 .ARM.attributes
                0x00000000000000ff       0x33 /Applications/lpcxpresso_7.5.0_254/lpcxpresso/tools/bin/../lib/gcc/arm-none-eabi/4.8.4/../../../../arm-none-eabi/lib/armv7-m/libcr_semihost.a(_cr__main.o)
 .ARM.attributes
                0x0000000000000132       0x33 /Applications/lpcxpresso_7.5.0_254/lpcxpresso/tools/bin/../lib/gcc/arm-none-eabi/4.8.4/../../../../arm-none-eabi/lib/armv7-m/libcr_c.a(fpprintf.o)
 .ARM.attributes
                0x0000000000000165       0x33 /Applications/lpcxpresso_7.5.0_254/lpcxpresso/tools/bin/../lib/gcc/arm-none-eabi/4.8.4/../../../../arm-none-eabi/lib/armv7-m/libcr_c.a(initio.o)
 .ARM.attributes
                0x0000000000000198       0x33 /Applications/lpcxpresso_7.5.0_254/lpcxpresso/tools/bin/../lib/gcc/arm-none-eabi/4.8.4/../../../../arm-none-eabi/lib/armv7-m/libcr_c.a(printf.o)
 .ARM.attributes
                0x00000000000001cb       0x33 /Applications/lpcxpresso_7.5.0_254/lpcxpresso/tools/bin/../lib/gcc/arm-none-eabi/4.8.4/../../../../arm-none-eabi/lib/armv7-m/libcr_c.a(setvbuf.o)
 .ARM.attributes
                0x00000000000001fe       0x33 /Applications/lpcxpresso_7.5.0_254/lpcxpresso/tools/bin/../lib/gcc/arm-none-eabi/4.8.4/../../../../arm-none-eabi/lib/armv7-m/libcr_c.a(stdio.o)
 .ARM.attributes
                0x0000000000000231       0x33 /Applications/lpcxpresso_7.5.0_254/lpcxpresso/tools/bin/../lib/gcc/arm-none-eabi/4.8.4/../../../../arm-none-eabi/lib/armv7-m/libcr_c.a(strlen.o)
 .ARM.attributes
                0x0000000000000264       0x33 /Applications/lpcxpresso_7.5.0_254/lpcxpresso/tools/bin/../lib/gcc/arm-none-eabi/4.8.4/../../../../arm-none-eabi/lib/armv7-m/libcr_c.a(memset.o)
 .ARM.attributes
                0x0000000000000297       0x33 /Applications/lpcxpresso_7.5.0_254/lpcxpresso/tools/bin/../lib/gcc/arm-none-eabi/4.8.4/../../../../arm-none-eabi/lib/armv7-m/libcr_c.a(_deferredlazyseek.o)
 .ARM.attributes
                0x00000000000002ca       0x33 /Applications/lpcxpresso_7.5.0_254/lpcxpresso/tools/bin/../lib/gcc/arm-none-eabi/4.8.4/../../../../arm-none-eabi/lib/armv7-m/libcr_c.a(_fdopen.o)
 .ARM.attributes
                0x00000000000002fd       0x33 /Applications/lpcxpresso_7.5.0_254/lpcxpresso/tools/bin/../lib/gcc/arm-none-eabi/4.8.4/../../../../arm-none-eabi/lib/armv7-m/libcr_c.a(_fflush.o)
 .ARM.attributes
                0x0000000000000330       0x33 /Applications/lpcxpresso_7.5.0_254/lpcxpresso/tools/bin/../lib/gcc/arm-none-eabi/4.8.4/../../../../arm-none-eabi/lib/armv7-m/libcr_c.a(_frexpl.o)
 .ARM.attributes
                0x0000000000000363       0x33 /Applications/lpcxpresso_7.5.0_254/lpcxpresso/tools/bin/../lib/gcc/arm-none-eabi/4.8.4/../../../../arm-none-eabi/lib/armv7-m/libcr_c.a(_ldexpl.o)
 .ARM.attributes
                0x0000000000000396       0x33 /Applications/lpcxpresso_7.5.0_254/lpcxpresso/tools/bin/../lib/gcc/arm-none-eabi/4.8.4/../../../../arm-none-eabi/lib/armv7-m/libcr_c.a(_writebuf.o)
 .ARM.attributes
                0x00000000000003c9       0x33 /Applications/lpcxpresso_7.5.0_254/lpcxpresso/tools/bin/../lib/gcc/arm-none-eabi/4.8.4/../../../../arm-none-eabi/lib/armv7-m/libcr_c.a(alloc.o)
 .ARM.attributes
                0x00000000000003fc       0x33 /Applications/lpcxpresso_7.5.0_254/lpcxpresso/tools/bin/../lib/gcc/arm-none-eabi/4.8.4/../../../../arm-none-eabi/lib/armv7-m/libcr_c.a(errno.o)
 .ARM.attributes
                0x000000000000042f       0x33 /Applications/lpcxpresso_7.5.0_254/lpcxpresso/tools/bin/../lib/gcc/arm-none-eabi/4.8.4/../../../../arm-none-eabi/lib/armv7-m/libcr_c.a(fclose.o)
 .ARM.attributes
                0x0000000000000462       0x33 /Applications/lpcxpresso_7.5.0_254/lpcxpresso/tools/bin/../lib/gcc/arm-none-eabi/4.8.4/../../../../arm-none-eabi/lib/armv7-m/libcr_c.a(fflush.o)
 .ARM.attributes
                0x0000000000000495       0x33 /Applications/lpcxpresso_7.5.0_254/lpcxpresso/tools/bin/../lib/gcc/arm-none-eabi/4.8.4/../../../../arm-none-eabi/lib/armv7-m/libcr_c.a(fseek.o)
 .ARM.attributes
                0x00000000000004c8       0x33 /Applications/lpcxpresso_7.5.0_254/lpcxpresso/tools/bin/../lib/gcc/arm-none-eabi/4.8.4/../../../../arm-none-eabi/lib/armv7-m/libcr_c.a(ftell.o)
 .ARM.attributes
                0x00000000000004fb       0x33 /Applications/lpcxpresso_7.5.0_254/lpcxpresso/tools/bin/../lib/gcc/arm-none-eabi/4.8.4/../../../../arm-none-eabi/lib/armv7-m/libcr_c.a(remove.o)
 .ARM.attributes
                0x000000000000052e       0x33 /Applications/lpcxpresso_7.5.0_254/lpcxpresso/tools/bin/../lib/gcc/arm-none-eabi/4.8.4/../../../../arm-none-eabi/lib/armv7-m/libcr_c.a(__init_alloc.o)
 .ARM.attributes
                0x0000000000000561       0x33 /Applications/lpcxpresso_7.5.0_254/lpcxpresso/tools/bin/../lib/gcc/arm-none-eabi/4.8.4/../../../../arm-none-eabi/lib/armv7-m/libcr_c.a(_cr_sbrk.o)
 .ARM.attributes
                0x0000000000000594       0x33 /Applications/lpcxpresso_7.5.0_254/lpcxpresso/tools/bin/../lib/gcc/arm-none-eabi/4.8.4/../../../../arm-none-eabi/lib/armv7-m/libcr_c.a(_do_fflush.o)
 .ARM.attributes
                0x00000000000005c7       0x33 /Applications/lpcxpresso_7.5.0_254/lpcxpresso/tools/bin/../lib/gcc/arm-none-eabi/4.8.4/../../../../arm-none-eabi/lib/armv7-m/libcr_c.a(_hugeval.o)
 .ARM.attributes
                0x00000000000005fa       0x33 /Applications/lpcxpresso_7.5.0_254/lpcxpresso/tools/bin/../lib/gcc/arm-none-eabi/4.8.4/../../../../arm-none-eabi/lib/armv7-m/libcr_c.a(_cr_check_heap.o)
 .ARM.attributes
                0x000000000000062d       0x33 /Applications/lpcxpresso_7.5.0_254/lpcxpresso/tools/bin/../lib/gcc/arm-none-eabi/4.8.4/armv7-m/libcr_eabihelpers.a(double.o)
 .ARM.attributes
                0x0000000000000660       0x21 /Applications/lpcxpresso_7.5.0_254/lpcxpresso/tools/bin/../lib/gcc/arm-none-eabi/4.8.4/armv7-m/libcr_eabihelpers.a(memcpy.o)
 .ARM.attributes
                0x0000000000000681       0x21 /Applications/lpcxpresso_7.5.0_254/lpcxpresso/tools/bin/../lib/gcc/arm-none-eabi/4.8.4/../../../../arm-none-eabi/lib/armv7-m/libcr_semihost.a(__sys_appexit.o)
 .ARM.attributes
                0x00000000000006a2       0x21 /Applications/lpcxpresso_7.5.0_254/lpcxpresso/tools/bin/../lib/gcc/arm-none-eabi/4.8.4/../../../../arm-none-eabi/lib/armv7-m/libcr_semihost.a(__sys_close.o)
 .ARM.attributes
                0x00000000000006c3       0x21 /Applications/lpcxpresso_7.5.0_254/lpcxpresso/tools/bin/../lib/gcc/arm-none-eabi/4.8.4/../../../../arm-none-eabi/lib/armv7-m/libcr_semihost.a(__sys_flen.o)
 .ARM.attributes
                0x00000000000006e4       0x21 /Applications/lpcxpresso_7.5.0_254/lpcxpresso/tools/bin/../lib/gcc/arm-none-eabi/4.8.4/../../../../arm-none-eabi/lib/armv7-m/libcr_semihost.a(__sys_istty.o)
 .ARM.attributes
                0x0000000000000705       0x21 /Applications/lpcxpresso_7.5.0_254/lpcxpresso/tools/bin/../lib/gcc/arm-none-eabi/4.8.4/../../../../arm-none-eabi/lib/armv7-m/libcr_semihost.a(__sys_remove.o)
 .ARM.attributes
                0x0000000000000726       0x21 /Applications/lpcxpresso_7.5.0_254/lpcxpresso/tools/bin/../lib/gcc/arm-none-eabi/4.8.4/../../../../arm-none-eabi/lib/armv7-m/libcr_semihost.a(__sys_seek.o)
 .ARM.attributes
                0x0000000000000747       0x21 /Applications/lpcxpresso_7.5.0_254/lpcxpresso/tools/bin/../lib/gcc/arm-none-eabi/4.8.4/../../../../arm-none-eabi/lib/armv7-m/libcr_semihost.a(__sys_tmpnam.o)
 .ARM.attributes
                0x0000000000000768       0x21 /Applications/lpcxpresso_7.5.0_254/lpcxpresso/tools/bin/../lib/gcc/arm-none-eabi/4.8.4/../../../../arm-none-eabi/lib/armv7-m/libcr_semihost.a(__sys_write.o)

.debug_frame    0x0000000000000000      0x404
 .debug_frame   0x0000000000000000       0xf0 ./src/cr_startup_lpc176x.o
 .debug_frame   0x00000000000000f0       0xc8 ./src/main.o
 .debug_frame   0x00000000000001b8      0x148 ./src/sd.o
 .debug_frame   0x0000000000000300       0xb0 ./src/spi.o
 .debug_frame   0x00000000000003b0       0x54 /Users/wangjiadong/LPCXpresso/workspace/Lib_CMSISv1p30_LPC17xx/Debug/libCMSISv1p30_LPC17xx.a(system_LPC17xx.o)
