Archive member included because of file (symbol)

/Users/wangjiadong/LPCXpresso/workspace/Lib_CMSISv1p30_LPC17xx/Debug/libCMSISv1p30_LPC17xx.a(system_LPC17xx.o)
                              ./src/main.o (SystemCoreClock)
/Applications/lpcxpresso_7.5.0_254/lpcxpresso/tools/bin/../lib/gcc/arm-none-eabi/4.8.4/../../../../arm-none-eabi/lib/armv7-m/libcr_semihost.a(_cr__main.o)
                              ./src/cr_startup_lpc176x.o (__main)
/Applications/lpcxpresso_7.5.0_254/lpcxpresso/tools/bin/../lib/gcc/arm-none-eabi/4.8.4/../../../../arm-none-eabi/lib/armv7-m/libcr_c.a(memcpy.o)
                              ./src/fat_access.o (memcpy)
/Applications/lpcxpresso_7.5.0_254/lpcxpresso/tools/bin/../lib/gcc/arm-none-eabi/4.8.4/../../../../arm-none-eabi/lib/armv7-m/libcr_c.a(memset.o)
                              ./src/fat_access.o (memset)
/Applications/lpcxpresso_7.5.0_254/lpcxpresso/tools/bin/../lib/gcc/arm-none-eabi/4.8.4/../../../../arm-none-eabi/lib/armv7-m/libcr_c.a(fpprintf.o)
                              ./src/fat_access.o (printf)
/Applications/lpcxpresso_7.5.0_254/lpcxpresso/tools/bin/../lib/gcc/arm-none-eabi/4.8.4/../../../../arm-none-eabi/lib/armv7-m/libcr_c.a(initio.o)
                              /Applications/lpcxpresso_7.5.0_254/lpcxpresso/tools/bin/../lib/gcc/arm-none-eabi/4.8.4/../../../../arm-none-eabi/lib/armv7-m/libcr_semihost.a(_cr__main.o) (_initio)
/Applications/lpcxpresso_7.5.0_254/lpcxpresso/tools/bin/../lib/gcc/arm-none-eabi/4.8.4/../../../../arm-none-eabi/lib/armv7-m/libcr_c.a(printf.o)
                              /Applications/lpcxpresso_7.5.0_254/lpcxpresso/tools/bin/../lib/gcc/arm-none-eabi/4.8.4/../../../../arm-none-eabi/lib/armv7-m/libcr_c.a(fpprintf.o) (__vfprintf)
/Applications/lpcxpresso_7.5.0_254/lpcxpresso/tools/bin/../lib/gcc/arm-none-eabi/4.8.4/../../../../arm-none-eabi/lib/armv7-m/libcr_c.a(setvbuf.o)
                              /Applications/lpcxpresso_7.5.0_254/lpcxpresso/tools/bin/../lib/gcc/arm-none-eabi/4.8.4/../../../../arm-none-eabi/lib/armv7-m/libcr_c.a(initio.o) (setvbuf)
/Applications/lpcxpresso_7.5.0_254/lpcxpresso/tools/bin/../lib/gcc/arm-none-eabi/4.8.4/../../../../arm-none-eabi/lib/armv7-m/libcr_c.a(stdio.o)
                              /Applications/lpcxpresso_7.5.0_254/lpcxpresso/tools/bin/../lib/gcc/arm-none-eabi/4.8.4/../../../../arm-none-eabi/lib/armv7-m/libcr_c.a(fpprintf.o) (__Ciob)
/Applications/lpcxpresso_7.5.0_254/lpcxpresso/tools/bin/../lib/gcc/arm-none-eabi/4.8.4/../../../../arm-none-eabi/lib/armv7-m/libcr_c.a(strlen.o)
                              ./src/fat_filelib.o (strlen)
/Applications/lpcxpresso_7.5.0_254/lpcxpresso/tools/bin/../lib/gcc/arm-none-eabi/4.8.4/../../../../arm-none-eabi/lib/armv7-m/libcr_c.a(strncmp.o)
                              ./src/fat_access.o (strncmp)
/Applications/lpcxpresso_7.5.0_254/lpcxpresso/tools/bin/../lib/gcc/arm-none-eabi/4.8.4/../../../../arm-none-eabi/lib/armv7-m/libcr_c.a(strncpy.o)
                              ./src/fat_access.o (strncpy)
/Applications/lpcxpresso_7.5.0_254/lpcxpresso/tools/bin/../lib/gcc/arm-none-eabi/4.8.4/../../../../arm-none-eabi/lib/armv7-m/libcr_c.a(__fillbuf.o)
                              /Applications/lpcxpresso_7.5.0_254/lpcxpresso/tools/bin/../lib/gcc/arm-none-eabi/4.8.4/../../../../arm-none-eabi/lib/armv7-m/libcr_c.a(stdio.o) (__filbuf)
/Applications/lpcxpresso_7.5.0_254/lpcxpresso/tools/bin/../lib/gcc/arm-none-eabi/4.8.4/../../../../arm-none-eabi/lib/armv7-m/libcr_c.a(_deferredlazyseek.o)
                              /Applications/lpcxpresso_7.5.0_254/lpcxpresso/tools/bin/../lib/gcc/arm-none-eabi/4.8.4/../../../../arm-none-eabi/lib/armv7-m/libcr_c.a(__fillbuf.o) (_deferredlazyseek)
/Applications/lpcxpresso_7.5.0_254/lpcxpresso/tools/bin/../lib/gcc/arm-none-eabi/4.8.4/../../../../arm-none-eabi/lib/armv7-m/libcr_c.a(_fdopen.o)
                              /Applications/lpcxpresso_7.5.0_254/lpcxpresso/tools/bin/../lib/gcc/arm-none-eabi/4.8.4/../../../../arm-none-eabi/lib/armv7-m/libcr_c.a(initio.o) (_fdopen)
/Applications/lpcxpresso_7.5.0_254/lpcxpresso/tools/bin/../lib/gcc/arm-none-eabi/4.8.4/../../../../arm-none-eabi/lib/armv7-m/libcr_c.a(_fflush.o)
                              /Applications/lpcxpresso_7.5.0_254/lpcxpresso/tools/bin/../lib/gcc/arm-none-eabi/4.8.4/../../../../arm-none-eabi/lib/armv7-m/libcr_c.a(__fillbuf.o) (_fflush)
/Applications/lpcxpresso_7.5.0_254/lpcxpresso/tools/bin/../lib/gcc/arm-none-eabi/4.8.4/../../../../arm-none-eabi/lib/armv7-m/libcr_c.a(_frexpl.o)
                              /Applications/lpcxpresso_7.5.0_254/lpcxpresso/tools/bin/../lib/gcc/arm-none-eabi/4.8.4/../../../../arm-none-eabi/lib/armv7-m/libcr_c.a(fpprintf.o) (_frexpl)
/Applications/lpcxpresso_7.5.0_254/lpcxpresso/tools/bin/../lib/gcc/arm-none-eabi/4.8.4/../../../../arm-none-eabi/lib/armv7-m/libcr_c.a(_ldexpl.o)
[...]
Memory Configuration

Name             Origin             Length             Attributes
MFlash512        0x0000000000000000 0x0000000000080000 xr
RamLoc32         0x0000000010000000 0x0000000000008000 xrw
RamAHB32         0x000000002007c000 0x0000000000008000 xrw
*default*        0x0000000000000000 0xffffffffffffffff

Linker script and memory map

LOAD ./src/cr_startup_lpc176x.o
LOAD ./src/fat_access.o
LOAD ./src/fat_cache.o
LOAD ./src/fat_filelib.o
LOAD ./src/fat_format.o
LOAD ./src/fat_misc.o
LOAD ./src/fat_string.o
LOAD ./src/fat_table.o
LOAD ./src/fat_write.o
LOAD ./src/main.o
LOAD ./src/sd.o
LOAD ./src/spi.o
LOAD /Users/wangjiadong/LPCXpresso/workspace/Lib_CMSISv1p30_LPC17xx/Debug/libCMSISv1p30_LPC17xx.a
LOAD /Users/wangjiadong/LPCXpresso/workspace/Lib_MCU/Debug/libLib_MCU.a
START GROUP
LOAD /Applications/lpcxpresso_7.5.0_254/lpcxpresso/tools/bin/../lib/gcc/arm-none-eabi/4.8.4/../../../../arm-none-eabi/lib/armv7-m/libcr_semihost.a
LOAD /Applications/lpcxpresso_7.5.0_254/lpcxpresso/tools/bin/../lib/gcc/arm-none-eabi/4.8.4/../../../../arm-none-eabi/lib/armv7-m/libcr_c.a
LOAD /Applications/lpcxpresso_7.5.0_254/lpcxpresso/tools/bin/../lib/gcc/arm-none-eabi/4.8.4/armv7-m/libcr_eabihelpers.a
END GROUP
                0x0000000000080000                __top_MFlash512 = 0x80000
                0x0000000010008000                __top_RamLoc32 = 0x10008000
                0x0000000020084000                __top_RamAHB32 = 0x20084000

.text           0x0000000000000000     0x78f0
 FILL mask 0xff
                0x0000000000000000                __vectors_start__ = ABSOLUTE (.)
 *(.isr_vector)
 .isr_vector    0x0000000000000000       0xcc ./src/cr_startup_lpc176x.o
                0x0000000000000000                g_pfnVectors
                0x00000000000000cc                . = ALIGN (0x4)
                0x00000000000000cc                __section_table_start = .
                0x00000000000000cc                __data_section_table = .
                0x00000000000000cc        0x4 LONG 0x78f0 LOADADDR (.data)
                0x00000000000000d0        0x4 LONG 0x10000000 ADDR (.data)
                0x00000000000000d4        0x4 LONG 0x8 SIZEOF (.data)
                0x00000000000000d8        0x4 LONG 0x78f0 LOADADDR (.data_RAM2)
                0x00000000000000dc        0x4 LONG 0x2007c000 ADDR (.data_RAM2)
                0x00000000000000e0        0x4 LONG 0x0 SIZEOF (.data_RAM2)
                0x00000000000000e4                __data_section_table_end = .
                0x00000000000000e4                __bss_section_table = .
                0x00000000000000e4        0x4 LONG 0x10000008 ADDR (.bss)
                0x00000000000000e8        0x4 LONG 0xe98 SIZEOF (.bss)
                0x00000000000000ec        0x4 LONG 0x2007c000 ADDR (.bss_RAM2)
                0x00000000000000f0        0x4 LONG 0x0 SIZEOF (.bss_RAM2)
                0x00000000000000f4                __bss_section_table_end = .
                0x00000000000000f4                __section_table_end = .
 *(.after_vectors*)
 .after_vectors
                0x00000000000000f4       0x78 ./src/cr_startup_lpc176x.o
                0x00000000000000f4                NMI_Handler
                0x00000000000000f6                HardFault_Handler
                0x00000000000000f8                MemManage_Handler
                0x00000000000000fa                BusFault_Handler
                0x00000000000000fc                UsageFault_Handler
                0x00000000000000fe                SVCall_Handler
                0x0000000000000100                DebugMon_Handler
                0x0000000000000102                PendSV_Handler
                0x0000000000000106                UART1_IRQHandler
                0x0000000000000106                EINT3_IRQHandler
                0x0000000000000106                CANActivity_IRQHandler
                0x0000000000000106                TIMER3_IRQHandler
                0x0000000000000106                UART0_IRQHandler
                0x0000000000000106                IntDefaultHandler
                0x0000000000000106                PLL0_IRQHandler
                0x0000000000000106                CAN_IRQHandler
                0x0000000000000106                PLL1_IRQHandler
                0x0000000000000106                SSP0_IRQHandler
                0x0000000000000106                I2S_IRQHandler
                0x0000000000000106                I2C2_IRQHandler
                0x0000000000000106                RTC_IRQHandler
                0x0000000000000106                TIMER0_IRQHandler
                0x0000000000000106                SPI_IRQHandler
                0x0000000000000106                EINT1_IRQHandler
                0x0000000000000106                TIMER1_IRQHandler
                0x0000000000000106                UART2_IRQHandler
                0x0000000000000106                ADC_IRQHandler
                0x0000000000000106                SSP1_IRQHandler
                0x0000000000000106                USB_IRQHandler
                0x0000000000000106                BOD_IRQHandler
                0x0000000000000106                TIMER2_IRQHandler
                0x0000000000000106                RIT_IRQHandler
                0x0000000000000106                I2C0_IRQHandler
                0x0000000000000106                USBActivity_IRQHandler
                0x0000000000000106                PWM1_IRQHandler
                0x0000000000000106                I2C1_IRQHandler
                0x0000000000000106                EINT2_IRQHandler
                0x0000000000000106                UART3_IRQHandler
                0x0000000000000106                MCPWM_IRQHandler
                0x0000000000000106                ENET_IRQHandler
                0x0000000000000106                WDT_IRQHandler
                0x0000000000000106                QEI_IRQHandler
                0x0000000000000106                EINT0_IRQHandler
                0x0000000000000106                DMA_IRQHandler
                0x0000000000000108                data_init
                0x000000000000011a                bss_init
                0x000000000000012a                ResetISR
 *(.text*)
 .text.fatfs_init
                0x000000000000016c      0x404 ./src/fat_access.o
                0x000000000000016c                fatfs_init
 .text.fatfs_lba_of_cluster
                0x0000000000000570       0x58 ./src/fat_access.o
                0x0000000000000570                fatfs_lba_of_cluster
 .text.fatfs_sector_read
                0x00000000000005c8       0x24 ./src/fat_access.o
                0x00000000000005c8                fatfs_sector_read
 .text.fatfs_sector_write
                0x00000000000005ec       0x24 ./src/fat_access.o
                0x00000000000005ec                fatfs_sector_write
 .text.fatfs_sector_reader
                0x0000000000000610       0xf4 ./src/fat_access.o
                0x0000000000000610                fatfs_sector_reader
 .text.fatfs_write_sector
                0x0000000000000704       0xdc ./src/fat_access.o
                0x0000000000000704                fatfs_write_sector
 .text.fatfs_get_root_cluster
                0x00000000000007e0       0x18 ./src/fat_access.o
                0x00000000000007e0                fatfs_get_root_cluster
 .text.fatfs_get_file_entry
                0x00000000000007f8      0x248 ./src/fat_access.o
                0x00000000000007f8                fatfs_get_file_entry
 .text.fatfs_sfn_exists
                0x0000000000000a40       0x9c ./src/fat_access.o
                0x0000000000000a40                fatfs_sfn_exists
 .text.fatfs_update_file_length
                0x0000000000000adc       0xd8 ./src/fat_access.o
                0x0000000000000adc                fatfs_update_file_length
 .text.fatfs_list_directory_start
                0x0000000000000bb4       0x28 ./src/fat_access.o
                0x0000000000000bb4                fatfs_list_directory_start
 .text.fatfs_list_directory_next
                0x0000000000000bdc      0x2f8 ./src/fat_access.o
                0x0000000000000bdc                fatfs_list_directory_next
 .text.fatfs_cache_init
                0x0000000000000ed4       0x18 ./src/fat_cache.o
                0x0000000000000ed4                fatfs_cache_init
 .text.fatfs_cache_get_next_cluster
                0x0000000000000eec       0x1c ./src/fat_cache.o
                0x0000000000000eec                fatfs_cache_get_next_cluster
 .text.fatfs_cache_set_next_cluster
                0x0000000000000f08       0x1c ./src/fat_cache.o
                0x0000000000000f08                fatfs_cache_set_next_cluster
 .text.fat_list_init
                0x0000000000000f24       0x20 ./src/fat_filelib.o
 .text.fat_list_remove
                0x0000000000000f44       0x4c ./src/fat_filelib.o
 .text.fat_list_insert_after
                0x0000000000000f90       0x44 ./src/fat_filelib.o
 .text.fat_list_insert_before
                0x0000000000000fd4       0x44 ./src/fat_filelib.o
 .text.fat_list_insert_first
                0x0000000000001018       0x40 ./src/fat_filelib.o
 .text.fat_list_insert_last
                0x0000000000001058       0x30 ./src/fat_filelib.o
 .text.fat_list_pop_head
                0x0000000000001088       0x28 ./src/fat_filelib.o
 .text._allocate_file
                0x00000000000010b0       0x3c ./src/fat_filelib.o
 .text._check_file_open
                0x00000000000010ec       0x7c ./src/fat_filelib.o
 .text._free_file
                0x0000000000001168       0x34 ./src/fat_filelib.o
 .text._open_directory
                0x000000000000119c       0xc8 ./src/fat_filelib.o
 .text._open_file
                0x0000000000001264      0x160 ./src/fat_filelib.o
 .text._create_file
                0x00000000000013c4      0x238 ./src/fat_filelib.o
 .text._read_sectors
                0x00000000000015fc      0x130 ./src/fat_filelib.o
 .text.fl_init  0x000000000000172c       0x5c ./src/fat_filelib.o
                0x000000000000172c                fl_init
 .text.fl_attach_media
                0x0000000000001788       0x5c ./src/fat_filelib.o
                0x0000000000001788                fl_attach_media
 .text.fl_shutdown
                0x00000000000017e4       0x3c ./src/fat_filelib.o
                0x00000000000017e4                fl_shutdown
 .text.fl_fopen
                0x0000000000001820      0x2f8 ./src/fat_filelib.o
                0x0000000000001820                fl_fopen
 .text._write_sectors
                0x0000000000001b18      0x168 ./src/fat_filelib.o
 .text.fl_fflush
                0x0000000000001c80       0x7c ./src/fat_filelib.o
                0x0000000000001c80                fl_fflush
 .text.fl_fclose
                0x0000000000001cfc       0xa8 ./src/fat_filelib.o
                0x0000000000001cfc                fl_fclose
 .text.fl_fgetc
                0x0000000000001da4       0x34 ./src/fat_filelib.o
                0x0000000000001da4                fl_fgetc
 .text.fl_fread
                0x0000000000001dd8      0x1a0 ./src/fat_filelib.o
                0x0000000000001dd8                fl_fread
 .text.fl_fwrite
                0x0000000000001f78      0x224 ./src/fat_filelib.o
                0x0000000000001f78                fl_fwrite
 .text.fl_fputs
                0x000000000000219c       0x38 ./src/fat_filelib.o
                0x000000000000219c                fl_fputs
 .text.fl_listdirectory
                0x00000000000021d4       0xc0 ./src/fat_filelib.o
                0x00000000000021d4                fl_listdirectory
 .text.fl_opendir
                0x0000000000002294       0x98 ./src/fat_filelib.o
                0x0000000000002294                fl_opendir
 .text.fl_readdir
                0x000000000000232c       0x60 ./src/fat_filelib.o
                0x000000000000232c                fl_readdir
 .text.fl_closedir
                0x000000000000238c       0x18 ./src/fat_filelib.o
                0x000000000000238c                fl_closedir
 .text.fatfs_lfn_cache_init
                0x00000000000023a4       0x50 ./src/fat_misc.o
                0x00000000000023a4                fatfs_lfn_cache_init
 .text.fatfs_lfn_cache_entry
                0x00000000000023f4      0x1f4 ./src/fat_misc.o
                0x00000000000023f4                fatfs_lfn_cache_entry
 .text.fatfs_lfn_cache_get
                0x00000000000025e8       0x58 ./src/fat_misc.o
                0x00000000000025e8                fatfs_lfn_cache_get
 .text.fatfs_entry_lfn_text
                0x0000000000002640       0x28 ./src/fat_misc.o
                0x0000000000002640                fatfs_entry_lfn_text
 .text.fatfs_entry_lfn_invalid
                0x0000000000002668       0x40 ./src/fat_misc.o
                0x0000000000002668                fatfs_entry_lfn_invalid
 .text.fatfs_entry_lfn_exists
                0x00000000000026a8       0x54 ./src/fat_misc.o
                0x00000000000026a8                fatfs_entry_lfn_exists
 .text.fatfs_entry_sfn_only
                0x00000000000026fc       0x48 ./src/fat_misc.o
                0x00000000000026fc                fatfs_entry_sfn_only
 .text.fatfs_entry_is_dir
                0x0000000000002744       0x28 ./src/fat_misc.o
                0x0000000000002744                fatfs_entry_is_dir
 .text.fatfs_entry_is_file
                0x000000000000276c       0x28 ./src/fat_misc.o
                0x000000000000276c                fatfs_entry_is_file
 .text.fatfs_lfn_entries_required
                0x0000000000002794       0x38 ./src/fat_misc.o
                0x0000000000002794                fatfs_lfn_entries_required
 .text.fatfs_filename_to_lfn
                0x00000000000027cc      0x128 ./src/fat_misc.o
                0x00000000000027cc                fatfs_filename_to_lfn
 .text.fatfs_sfn_create_entry
                0x00000000000028f4       0xb4 ./src/fat_misc.o
                0x00000000000028f4                fatfs_sfn_create_entry
 .text.fatfs_lfn_create_sfn
                0x00000000000029a8      0x198 ./src/fat_misc.o
                0x00000000000029a8                fatfs_lfn_create_sfn
 .text.fatfs_itoa
                0x0000000000002b40       0x98 ./src/fat_misc.o
 .text.fatfs_lfn_generate_tail
                0x0000000000002bd8       0x78 ./src/fat_misc.o
                0x0000000000002bd8                fatfs_lfn_generate_tail
 .text.fatfs_total_path_levels
                0x0000000000002c50       0x94 ./src/fat_string.o
                0x0000000000002c50                fatfs_total_path_levels
 .text.fatfs_get_substring
                0x0000000000002ce4       0xe8 ./src/fat_string.o
                0x0000000000002ce4                fatfs_get_substring
 .text.fatfs_split_path
                0x0000000000002dcc       0x90 ./src/fat_string.o
                0x0000000000002dcc                fatfs_split_path
 .text.FileString_StrCmpNoCase
                0x0000000000002e5c       0x84 ./src/fat_string.o
 .text.FileString_GetExtension
                0x0000000000002ee0       0x40 ./src/fat_string.o
 .text.FileString_TrimLength
                0x0000000000002f20       0x50 ./src/fat_string.o
 .text.fatfs_compare_names
                0x0000000000002f70       0xf8 ./src/fat_string.o
                0x0000000000002f70                fatfs_compare_names
 .text.fatfs_get_sfn_display_name
                0x0000000000003068       0x68 ./src/fat_string.o
                0x0000000000003068                fatfs_get_sfn_display_name
 .text.fatfs_fat_init
                0x00000000000030d0       0xc0 ./src/fat_table.o
                0x00000000000030d0                fatfs_fat_init
 .text.fatfs_fat_writeback
                0x0000000000003190       0x84 ./src/fat_table.o
 .text.fatfs_fat_read_sector
                0x0000000000003214      0x100 ./src/fat_table.o
 .text.fatfs_fat_purge
                0x0000000000003314       0x48 ./src/fat_table.o
                0x0000000000003314                fatfs_fat_purge
 .text.fatfs_find_next_cluster
                0x000000000000335c      0x120 ./src/fat_table.o
                0x000000000000335c                fatfs_find_next_cluster
 .text.fatfs_set_fs_info_next_free_cluster
                0x000000000000347c       0xb8 ./src/fat_table.o
                0x000000000000347c                fatfs_set_fs_info_next_free_cluster
 .text.fatfs_find_blank_cluster
                0x0000000000003534      0x114 ./src/fat_table.o
                0x0000000000003534                fatfs_find_blank_cluster
 .text.fatfs_fat_set_cluster
                0x0000000000003648      0x100 ./src/fat_table.o
                0x0000000000003648                fatfs_fat_set_cluster
 .text.fatfs_free_cluster_chain
                0x0000000000003748       0x40 ./src/fat_table.o
                0x0000000000003748                fatfs_free_cluster_chain
 .text.fatfs_fat_add_cluster_to_chain
                0x0000000000003788       0x64 ./src/fat_table.o
                0x0000000000003788                fatfs_fat_add_cluster_to_chain
 .text.fatfs_add_free_space
                0x00000000000037ec       0x8c ./src/fat_write.o
                0x00000000000037ec                fatfs_add_free_space
 .text.fatfs_allocate_free_space
                0x0000000000003878       0xbc ./src/fat_write.o
                0x0000000000003878                fatfs_allocate_free_space
 .text.fatfs_find_free_dir_offset
                0x0000000000003934      0x1cc ./src/fat_write.o
 .text.fatfs_add_file_entry
                0x0000000000003b00      0x1c8 ./src/fat_write.o
                0x0000000000003b00                fatfs_add_file_entry
 .text.NVIC_SetPriority
                0x0000000000003cc8       0x54 ./src/main.o
 .text.SysTick_Config
                0x0000000000003d1c       0x44 ./src/main.o
 .text.SysTick_Handler
                0x0000000000003d60       0x30 ./src/main.o
                0x0000000000003d60                SysTick_Handler
 .text.media_read
                0x0000000000003d90       0x2c ./src/main.o
                0x0000000000003d90                media_read
 .text.media_write
                0x0000000000003dbc       0x2c ./src/main.o
                0x0000000000003dbc                media_write
 .text.main     0x0000000000003de8      0x1b0 ./src/main.o
                0x0000000000003de8                main
 .text.disk_timerproc
                0x0000000000003f98       0x48 ./src/sd.o
                0x0000000000003f98                disk_timerproc
 .text.SD_Init  0x0000000000003fe0      0x1a4 ./src/sd.o
                0x0000000000003fe0                SD_Init
 .text.SD_WaitForReady
                0x0000000000004184       0x30 ./src/sd.o
                0x0000000000004184                SD_WaitForReady
 .text.SD_SendCommand
                0x00000000000041b4       0xe0 ./src/sd.o
                0x00000000000041b4                SD_SendCommand
 .text.SD_SendACommand
                0x0000000000004294       0x44 ./src/sd.o
                0x0000000000004294                SD_SendACommand
 .text.SD_ReadSector
                0x00000000000042d8       0xbc ./src/sd.o
                0x00000000000042d8                SD_ReadSector
 .text.SD_WriteSector
                0x0000000000004394       0xb8 ./src/sd.o
                0x0000000000004394                SD_WriteSector
 .text.SD_ReadConfiguration
                0x000000000000444c      0x214 ./src/sd.o
                0x000000000000444c                SD_ReadConfiguration
 .text.SD_RecvDataBlock
                0x0000000000004660       0x6c ./src/sd.o
                0x0000000000004660                SD_RecvDataBlock
 .text.SD_SendDataBlock
                0x00000000000046cc       0x8c ./src/sd.o
                0x00000000000046cc                SD_SendDataBlock
 .text.SPI_Init
                0x0000000000004758       0xa4 ./src/spi.o
                0x0000000000004758                SPI_Init
 .text.SPI_ConfigClockRate
                0x00000000000047fc       0x20 ./src/spi.o
                0x00000000000047fc                SPI_ConfigClockRate
 .text.SPI_CS_Low
                0x000000000000481c       0x1c ./src/spi.o
                0x000000000000481c                SPI_CS_Low
 .text.SPI_CS_High
                0x0000000000004838       0x1c ./src/spi.o
                0x0000000000004838                SPI_CS_High
 .text.SPI_SendByte
                0x0000000000004854       0x34 ./src/spi.o
                0x0000000000004854                SPI_SendByte
 .text.SPI_RecvByte
                0x0000000000004888       0x10 ./src/spi.o
                0x0000000000004888                SPI_RecvByte
 .text.SystemInit
                0x0000000000004898      0x140 /Users/wangjiadong/LPCXpresso/workspace/Lib_CMSISv1p30_LPC17xx/Debug/libCMSISv1p30_LPC17xx.a(system_LPC17xx.o)
                0x0000000000004898                SystemInit
 .text.__main   0x00000000000049d8       0x14 /Applications/lpcxpresso_7.5.0_254/lpcxpresso/tools/bin/../lib/gcc/arm-none-eabi/4.8.4/../../../../arm-none-eabi/lib/armv7-m/libcr_semihost.a(_cr__main.o)
                0x00000000000049d8                __main
                0x00000000000049d8                __CR_SEMIHOST
 .text.memcpy   0x00000000000049ec        0x4 /Applications/lpcxpresso_7.5.0_254/lpcxpresso/tools/bin/../lib/gcc/arm-none-eabi/4.8.4/../../../../arm-none-eabi/lib/armv7-m/libcr_c.a(memcpy.o)
                0x00000000000049ec                memcpy
 .text.memset   0x00000000000049f0        0x4 /Applications/lpcxpresso_7.5.0_254/lpcxpresso/tools/bin/../lib/gcc/arm-none-eabi/4.8.4/../../../../arm-none-eabi/lib/armv7-m/libcr_c.a(memset.o)
                0x00000000000049f0                memset
 .text.fp_round
                0x00000000000049f4       0x4e /Applications/lpcxpresso_7.5.0_254/lpcxpresso/tools/bin/../lib/gcc/arm-none-eabi/4.8.4/../../../../arm-none-eabi/lib/armv7-m/libcr_c.a(fpprintf.o)
 .text.pr_dec.constprop.1
                0x0000000000004a42       0x26 /Applications/lpcxpresso_7.5.0_254/lpcxpresso/tools/bin/../lib/gcc/arm-none-eabi/4.8.4/../../../../arm-none-eabi/lib/armv7-m/libcr_c.a(fpprintf.o)
 .text.sprintf  0x0000000000004a68       0x6c /Applications/lpcxpresso_7.5.0_254/lpcxpresso/tools/bin/../lib/gcc/arm-none-eabi/4.8.4/../../../../arm-none-eabi/lib/armv7-m/libcr_c.a(fpprintf.o)
                0x0000000000004a68                sprintf
 *fill*         0x0000000000004ad4        0x4 
 .text.fp_display
                0x0000000000004ad8      0x998 /Applications/lpcxpresso_7.5.0_254/lpcxpresso/tools/bin/../lib/gcc/arm-none-eabi/4.8.4/../../../../arm-none-eabi/lib/armv7-m/libcr_c.a(fpprintf.o)
 .text.vsnprintf
                0x0000000000005470       0x5c /Applications/lpcxpresso_7.5.0_254/lpcxpresso/tools/bin/../lib/gcc/arm-none-eabi/4.8.4/../../../../arm-none-eabi/lib/armv7-m/libcr_c.a(fpprintf.o)
                0x0000000000005470                vsnprintf
 .text.printf   0x00000000000054cc       0x54 /Applications/lpcxpresso_7.5.0_254/lpcxpresso/tools/bin/../lib/gcc/arm-none-eabi/4.8.4/../../../../arm-none-eabi/lib/armv7-m/libcr_c.a(fpprintf.o)
                0x00000000000054cc                printf
 .text._initio  0x0000000000005520       0xa4 /Applications/lpcxpresso_7.5.0_254/lpcxpresso/tools/bin/../lib/gcc/arm-none-eabi/4.8.4/../../../../arm-none-eabi/lib/armv7-m/libcr_c.a(initio.o)
                0x0000000000005520                _initio
 .text.__vfprintf
                0x00000000000055c4      0xca0 /Applications/lpcxpresso_7.5.0_254/lpcxpresso/tools/bin/../lib/gcc/arm-none-eabi/4.8.4/../../../../arm-none-eabi/lib/armv7-m/libcr_c.a(printf.o)
                0x00000000000055c4                __vfprintf
 .text.setvbuf  0x0000000000006264       0x40 /Applications/lpcxpresso_7.5.0_254/lpcxpresso/tools/bin/../lib/gcc/arm-none-eabi/4.8.4/../../../../arm-none-eabi/lib/armv7-m/libcr_c.a(setvbuf.o)
                0x0000000000006264                setvbuf
 .text.strlen   0x00000000000062a4       0x4a /Applications/lpcxpresso_7.5.0_254/lpcxpresso/tools/bin/../lib/gcc/arm-none-eabi/4.8.4/../../../../arm-none-eabi/lib/armv7-m/libcr_c.a(strlen.o)
                0x00000000000062a4                strlen
 .text.strncmp  0x00000000000062ee       0x54 /Applications/lpcxpresso_7.5.0_254/lpcxpresso/tools/bin/../lib/gcc/arm-none-eabi/4.8.4/../../../../arm-none-eabi/lib/armv7-m/libcr_c.a(strncmp.o)
                0x00000000000062ee                strncmp
 .text.strncpy  0x0000000000006342       0x58 /Applications/lpcxpresso_7.5.0_254/lpcxpresso/tools/bin/../lib/gcc/arm-none-eabi/4.8.4/../../../../arm-none-eabi/lib/armv7-m/libcr_c.a(strncpy.o)
                0x0000000000006342                strncpy
 .text._deferredlazyseek
                0x000000000000639a       0x44 /Applications/lpcxpresso_7.5.0_254/lpcxpresso/tools/bin/../lib/gcc/arm-none-eabi/4.8.4/../../../../arm-none-eabi/lib/armv7-m/libcr_c.a(_deferredlazyseek.o)
                0x000000000000639a                _deferredlazyseek
 .text.__flsbuf
                0x00000000000063de      0x142 /Applications/lpcxpresso_7.5.0_254/lpcxpresso/tools/bin/../lib/gcc/arm-none-eabi/4.8.4/../../../../arm-none-eabi/lib/armv7-m/libcr_c.a(_deferredlazyseek.o)
                0x00000000000063de                __flsbuf
 .text._fdopen  0x0000000000006520       0x6a /Applications/lpcxpresso_7.5.0_254/lpcxpresso/tools/bin/../lib/gcc/arm-none-eabi/4.8.4/../../../../arm-none-eabi/lib/armv7-m/libcr_c.a(_fdopen.o)
                0x0000000000006520                _fdopen
 .text._fflush  0x000000000000658a       0x58 /Applications/lpcxpresso_7.5.0_254/lpcxpresso/tools/bin/../lib/gcc/arm-none-eabi/4.8.4/../../../../arm-none-eabi/lib/armv7-m/libcr_c.a(_fflush.o)
                0x000000000000658a                _fflush
 .text._frexpl  0x00000000000065e2       0x5c /Applications/lpcxpresso_7.5.0_254/lpcxpresso/tools/bin/../lib/gcc/arm-none-eabi/4.8.4/../../../../arm-none-eabi/lib/armv7-m/libcr_c.a(_frexpl.o)
                0x00000000000065e2                _frexpl
 *fill*         0x000000000000663e        0x2 
 .text._ldexpl  0x0000000000006640       0x4c /Applications/lpcxpresso_7.5.0_254/lpcxpresso/tools/bin/../lib/gcc/arm-none-eabi/4.8.4/../../../../arm-none-eabi/lib/armv7-m/libcr_c.a(_ldexpl.o)
                0x0000000000006640                _ldexpl
 .text._Cwritebuf
                0x000000000000668c       0x70 /Applications/lpcxpresso_7.5.0_254/lpcxpresso/tools/bin/../lib/gcc/arm-none-eabi/4.8.4/../../../../arm-none-eabi/lib/armv7-m/libcr_c.a(_writebuf.o)
                0x000000000000668c                _Cwritebuf
 .text.malloc   0x00000000000066fc       0xc8 /Applications/lpcxpresso_7.5.0_254/lpcxpresso/tools/bin/../lib/gcc/arm-none-eabi/4.8.4/../../../../arm-none-eabi/lib/armv7-m/libcr_c.a(alloc.o)
                0x00000000000066fc                malloc
 .text.free     0x00000000000067c4        0xc /Applications/lpcxpresso_7.5.0_254/lpcxpresso/tools/bin/../lib/gcc/arm-none-eabi/4.8.4/../../../../arm-none-eabi/lib/armv7-m/libcr_c.a(alloc.o)
                0x00000000000067c4                free
 .text._Csys_alloc
                0x00000000000067d0       0x20 /Applications/lpcxpresso_7.5.0_254/lpcxpresso/tools/bin/../lib/gcc/arm-none-eabi/4.8.4/../../../../arm-none-eabi/lib/armv7-m/libcr_c.a(alloc.o)
                0x00000000000067d0                _Csys_alloc
 .text.fclose   0x00000000000067f0       0x6c /Applications/lpcxpresso_7.5.0_254/lpcxpresso/tools/bin/../lib/gcc/arm-none-eabi/4.8.4/../../../../arm-none-eabi/lib/armv7-m/libcr_c.a(fclose.o)
                0x00000000000067f0                fclose
 .text.fflush   0x000000000000685c       0x30 /Applications/lpcxpresso_7.5.0_254/lpcxpresso/tools/bin/../lib/gcc/arm-none-eabi/4.8.4/../../../../arm-none-eabi/lib/armv7-m/libcr_c.a(fflush.o)
                0x000000000000685c                fflush
 .text.fseek    0x000000000000688c      0x10c /Applications/lpcxpresso_7.5.0_254/lpcxpresso/tools/bin/../lib/gcc/arm-none-eabi/4.8.4/../../../../arm-none-eabi/lib/armv7-m/libcr_c.a(fseek.o)
                0x000000000000688c                fseek
 .text.ftell    0x0000000000006998       0x4c /Applications/lpcxpresso_7.5.0_254/lpcxpresso/tools/bin/../lib/gcc/arm-none-eabi/4.8.4/../../../../arm-none-eabi/lib/armv7-m/libcr_c.a(ftell.o)
                0x0000000000006998                ftell
 .text.remove   0x00000000000069e4       0x14 /Applications/lpcxpresso_7.5.0_254/lpcxpresso/tools/bin/../lib/gcc/arm-none-eabi/4.8.4/../../../../arm-none-eabi/lib/armv7-m/libcr_c.a(remove.o)
                0x00000000000069e4                remove
 .text._sbrk    0x00000000000069f8       0x40 /Applications/lpcxpresso_7.5.0_254/lpcxpresso/tools/bin/../lib/gcc/arm-none-eabi/4.8.4/../../../../arm-none-eabi/lib/armv7-m/libcr_c.a(_cr_sbrk.o)
                0x00000000000069f8                _sbrk
 .text._do_fflush
                0x0000000000006a38       0x44 /Applications/lpcxpresso_7.5.0_254/lpcxpresso/tools/bin/../lib/gcc/arm-none-eabi/4.8.4/../../../../arm-none-eabi/lib/armv7-m/libcr_c.a(_do_fflush.o)
                0x0000000000006a38                _do_fflush
 .text.__check_heap_overflow
                0x0000000000006a7c       0x18 /Applications/lpcxpresso_7.5.0_254/lpcxpresso/tools/bin/../lib/gcc/arm-none-eabi/4.8.4/../../../../arm-none-eabi/lib/armv7-m/libcr_c.a(_cr_check_heap.o)
                0x0000000000006a7c                __check_heap_overflow
 .text.__aeabi_dmul
                0x0000000000006a94      0x12c /Applications/lpcxpresso_7.5.0_254/lpcxpresso/tools/bin/../lib/gcc/arm-none-eabi/4.8.4/armv7-m/libcr_eabihelpers.a(double.o)
                0x0000000000006a94                __aeabi_dmul
 .text.__aeabi_ddiv
                0x0000000000006bc0      0x16c /Applications/lpcxpresso_7.5.0_254/lpcxpresso/tools/bin/../lib/gcc/arm-none-eabi/4.8.4/armv7-m/libcr_eabihelpers.a(double.o)
                0x0000000000006bc0                __aeabi_ddiv
 .text.__aeabi_dsub
                0x0000000000006d2c      0x228 /Applications/lpcxpresso_7.5.0_254/lpcxpresso/tools/bin/../lib/gcc/arm-none-eabi/4.8.4/armv7-m/libcr_eabihelpers.a(double.o)
                0x0000000000006d2c                __aeabi_dsub
 .text.__aeabi_dadd
                0x0000000000006f54      0x178 /Applications/lpcxpresso_7.5.0_254/lpcxpresso/tools/bin/../lib/gcc/arm-none-eabi/4.8.4/armv7-m/libcr_eabihelpers.a(double.o)
                0x0000000000006f54                __aeabi_dadd
 .text.__aeabi_d2iz
                0x00000000000070cc       0x4c /Applications/lpcxpresso_7.5.0_254/lpcxpresso/tools/bin/../lib/gcc/arm-none-eabi/4.8.4/armv7-m/libcr_eabihelpers.a(double.o)
                0x00000000000070cc                __aeabi_d2iz
 .text.__bhs_ui2d
                0x0000000000007118       0x48 /Applications/lpcxpresso_7.5.0_254/lpcxpresso/tools/bin/../lib/gcc/arm-none-eabi/4.8.4/armv7-m/libcr_eabihelpers.a(double.o)
                0x0000000000007118                __bhs_ui2d
 .text.__aeabi_i2d
                0x0000000000007160       0x10 /Applications/lpcxpresso_7.5.0_254/lpcxpresso/tools/bin/../lib/gcc/arm-none-eabi/4.8.4/armv7-m/libcr_eabihelpers.a(double.o)
                0x0000000000007160                __aeabi_i2d
 .text.__aeabi_dcmpeq
                0x0000000000007170       0x40 /Applications/lpcxpresso_7.5.0_254/lpcxpresso/tools/bin/../lib/gcc/arm-none-eabi/4.8.4/armv7-m/libcr_eabihelpers.a(double.o)
                0x0000000000007170                __aeabi_dcmpeq
 .text.__aeabi_dcmplt
                0x00000000000071b0       0x70 /Applications/lpcxpresso_7.5.0_254/lpcxpresso/tools/bin/../lib/gcc/arm-none-eabi/4.8.4/armv7-m/libcr_eabihelpers.a(double.o)
                0x00000000000071b0                __aeabi_dcmplt
 .text.__aeabi_dcmple
                0x0000000000007220       0x68 /Applications/lpcxpresso_7.5.0_254/lpcxpresso/tools/bin/../lib/gcc/arm-none-eabi/4.8.4/armv7-m/libcr_eabihelpers.a(double.o)
                0x0000000000007220                __aeabi_dcmple
 .text.__aeabi_dcmpge
                0x0000000000007288       0x64 /Applications/lpcxpresso_7.5.0_254/lpcxpresso/tools/bin/../lib/gcc/arm-none-eabi/4.8.4/armv7-m/libcr_eabihelpers.a(double.o)
                0x0000000000007288                __aeabi_dcmpge
 .text.__aeabi_memcpy
                0x00000000000072ec       0x3a /Applications/lpcxpresso_7.5.0_254/lpcxpresso/tools/bin/../lib/gcc/arm-none-eabi/4.8.4/armv7-m/libcr_eabihelpers.a(memcpy.o)
                0x00000000000072ec                __aeabi_memcpy
                0x00000000000072f8                __aeabi_memcpy4
                0x00000000000072f8                __aeabi_memcpy8
 .text.__aeabi_memset_lowlevel
                0x0000000000007326       0x38 /Applications/lpcxpresso_7.5.0_254/lpcxpresso/tools/bin/../lib/gcc/arm-none-eabi/4.8.4/armv7-m/libcr_eabihelpers.a(memcpy.o)
                0x0000000000007326                __aeabi_lowlevel_memset
 *fill*         0x000000000000735e        0x2 
 .text.__sys_appexit
                0x0000000000007360        0xc /Applications/lpcxpresso_7.5.0_254/lpcxpresso/tools/bin/../lib/gcc/arm-none-eabi/4.8.4/../../../../arm-none-eabi/lib/armv7-m/libcr_semihost.a(__sys_appexit.o)
                0x0000000000007360                __exit
                0x0000000000007360                __sys_appexit
 .text.__sys_close
                0x000000000000736c        0xc /Applications/lpcxpresso_7.5.0_254/lpcxpresso/tools/bin/../lib/gcc/arm-none-eabi/4.8.4/../../../../arm-none-eabi/lib/armv7-m/libcr_semihost.a(__sys_close.o)
                0x000000000000736c                __sys_close
 .text.__sys_flen
                0x0000000000007378        0xc /Applications/lpcxpresso_7.5.0_254/lpcxpresso/tools/bin/../lib/gcc/arm-none-eabi/4.8.4/../../../../arm-none-eabi/lib/armv7-m/libcr_semihost.a(__sys_flen.o)
                0x0000000000007378                __sys_flen
 .text.__sys_istty
                0x0000000000007384        0xc /Applications/lpcxpresso_7.5.0_254/lpcxpresso/tools/bin/../lib/gcc/arm-none-eabi/4.8.4/../../../../arm-none-eabi/lib/armv7-m/libcr_semihost.a(__sys_istty.o)
                0x0000000000007384                __sys_istty
 .text.__sys_remove
                0x0000000000007390        0xc /Applications/lpcxpresso_7.5.0_254/lpcxpresso/tools/bin/../lib/gcc/arm-none-eabi/4.8.4/../../../../arm-none-eabi/lib/armv7-m/libcr_semihost.a(__sys_remove.o)
                0x0000000000007390                __sys_remove
 .text.__sys_seek
                0x000000000000739c        0xc /Applications/lpcxpresso_7.5.0_254/lpcxpresso/tools/bin/../lib/gcc/arm-none-eabi/4.8.4/../../../../arm-none-eabi/lib/armv7-m/libcr_semihost.a(__sys_seek.o)
                0x000000000000739c                __sys_seek
 .text.__sys_tmpnam
                0x00000000000073a8        0xc /Applications/lpcxpresso_7.5.0_254/lpcxpresso/tools/bin/../lib/gcc/arm-none-eabi/4.8.4/../../../../arm-none-eabi/lib/armv7-m/libcr_semihost.a(__sys_tmpnam.o)
                0x00000000000073a8                __sys_tmpnam
 .text.__sys_write
                0x00000000000073b4        0xc /Applications/lpcxpresso_7.5.0_254/lpcxpresso/tools/bin/../lib/gcc/arm-none-eabi/4.8.4/../../../../arm-none-eabi/lib/armv7-m/libcr_semihost.a(__sys_write.o)
                0x00000000000073b4                __write
                0x00000000000073b4                __sys_write
 *(.rodata .rodata.* .constdata .constdata.*)
 .rodata        0x00000000000073c0       0x68 ./src/fat_filelib.o
 .rodata        0x0000000000007428       0x48 ./src/fat_misc.o
 .rodata        0x0000000000007470      0x3f0 ./src/main.o
 .rodata.str1.1
                0x0000000000007860       0x34 /Applications/lpcxpresso_7.5.0_254/lpcxpresso/tools/bin/../lib/gcc/arm-none-eabi/4.8.4/../../../../arm-none-eabi/lib/armv7-m/libcr_c.a(fpprintf.o)
                                         0x35 (size before relaxing)
 .rodata.str1.1
                0x0000000000007894        0x4 /Applications/lpcxpresso_7.5.0_254/lpcxpresso/tools/bin/../lib/gcc/arm-none-eabi/4.8.4/../../../../arm-none-eabi/lib/armv7-m/libcr_c.a(initio.o)
 .rodata.str1.1
                0x0000000000007898       0x31 /Applications/lpcxpresso_7.5.0_254/lpcxpresso/tools/bin/../lib/gcc/arm-none-eabi/4.8.4/../../../../arm-none-eabi/lib/armv7-m/libcr_c.a(printf.o)
                                         0x38 (size before relaxing)
 .rodata.str1.1
                0x00000000000078c9       0x18 /Applications/lpcxpresso_7.5.0_254/lpcxpresso/tools/bin/../lib/gcc/arm-none-eabi/4.8.4/../../../../arm-none-eabi/lib/armv7-m/libcr_c.a(alloc.o)
 *fill*         0x00000000000078e1        0x7 
 .rodata.__huge_vall
                0x00000000000078e8        0x8 /Applications/lpcxpresso_7.5.0_254/lpcxpresso/tools/bin/../lib/gcc/arm-none-eabi/4.8.4/../../../../arm-none-eabi/lib/armv7-m/libcr_c.a(_hugeval.o)
                0x00000000000078e8                __huge_vall
                0x00000000000078f0                . = ALIGN (0x4)

.glue_7         0x00000000000078f0        0x0
 .glue_7        0x0000000000000000        0x0 linker stubs

.glue_7t        0x00000000000078f0        0x0
 .glue_7t       0x0000000000000000        0x0 linker stubs

.vfp11_veneer   0x00000000000078f0        0x0
 .vfp11_veneer  0x0000000000000000        0x0 linker stubs

.v4_bx          0x00000000000078f0        0x0
 .v4_bx         0x0000000000000000        0x0 linker stubs

.iplt           0x00000000000078f0        0x0
 .iplt          0x0000000000000000        0x0 ./src/cr_startup_lpc176x.o

.rel.dyn        0x00000000000078f0        0x0
 .rel.iplt      0x0000000000000000        0x0 ./src/cr_startup_lpc176x.o

.ARM.extab
 *(.ARM.extab* .gnu.linkonce.armextab.*)
                0x00000000000078f0                __exidx_start = .

.ARM.exidx
 *(.ARM.exidx* .gnu.linkonce.armexidx.*)
                0x00000000000078f0                __exidx_end = .
                0x00000000000078f0                _etext = .

.data_RAM2      0x000000002007c000        0x0 load address 0x00000000000078f0
 FILL mask 0xff
 *(.ramfunc.$RAM2)
 *(.ramfunc.$RamAHB32)
 *(.data.$RAM2*)
 *(.data.$RamAHB32*)
                0x000000002007c000                . = ALIGN (0x4)

.uninit_RESERVED
                0x0000000010000000        0x0
 *(.bss.$RESERVED*)
                0x0000000010000000                . = ALIGN (0x4)
                0x0000000010000000                _end_uninit_RESERVED = .

.data           0x0000000010000000        0x8 load address 0x00000000000078f0
 FILL mask 0xff
                0x0000000010000000                _data = .
 *(vtable)
 *(.ramfunc*)
 *(.data*)
 .data.buf      0x0000000010000000        0x4 ./src/main.o
                0x0000000010000000                buf
 .data          0x0000000010000004        0x4 /Users/wangjiadong/LPCXpresso/workspace/Lib_CMSISv1p30_LPC17xx/Debug/libCMSISv1p30_LPC17xx.a(system_LPC17xx.o)
                0x0000000010000004                SystemCoreClock
                0x0000000010000008                . = ALIGN (0x4)
                0x0000000010000008                _edata = .

.igot.plt       0x0000000010000008        0x0 load address 0x00000000000078f8
 .igot.plt      0x0000000000000000        0x0 ./src/cr_startup_lpc176x.o

.bss_RAM2       0x000000002007c000        0x0
 *(.bss.$RAM2*)
 *(.bss.$RamAHB32*)
                0x000000002007c000                . = ALIGN (0x4)

.bss            0x0000000010000008      0xe98
                0x0000000010000008                _bss = .
 *(.bss*)
 .bss._files    0x0000000010000008      0x888 ./src/fat_filelib.o
 .bss._filelib_init
                0x0000000010000890        0x4 ./src/fat_filelib.o
 .bss._filelib_valid
                0x0000000010000894        0x4 ./src/fat_filelib.o
 .bss._fs       0x0000000010000898      0x464 ./src/fat_filelib.o
 .bss._open_file_list
                0x0000000010000cfc        0x8 ./src/fat_filelib.o
 .bss._free_file_list
                0x0000000010000d04        0x8 ./src/fat_filelib.o
 .bss.Timer     0x0000000010000d0c        0x4 ./src/main.o
                0x0000000010000d0c                Timer
 .bss.ticks.5259
                0x0000000010000d10        0x4 ./src/main.o
 .bss.Timer1    0x0000000010000d14        0x4 ./src/sd.o
 .bss.Timer2    0x0000000010000d18        0x4 ./src/sd.o
 .bss.errno     0x0000000010000d1c        0x4 /Applications/lpcxpresso_7.5.0_254/lpcxpresso/tools/bin/../lib/gcc/arm-none-eabi/4.8.4/../../../../arm-none-eabi/lib/armv7-m/libcr_c.a(errno.o)
                0x0000000010000d1c                errno
 *(COMMON)
 COMMON         0x0000000010000d20       0x34 ./src/sd.o
                0x0000000010000d20                CardType
                0x0000000010000d24                CardConfig
 COMMON         0x0000000010000d54        0x4 /Applications/lpcxpresso_7.5.0_254/lpcxpresso/tools/bin/../lib/gcc/arm-none-eabi/4.8.4/../../../../arm-none-eabi/lib/armv7-m/libcr_c.a(initio.o)
                0x0000000010000d54                _extra
 COMMON         0x0000000010000d58      0x140 /Applications/lpcxpresso_7.5.0_254/lpcxpresso/tools/bin/../lib/gcc/arm-none-eabi/4.8.4/../../../../arm-none-eabi/lib/armv7-m/libcr_c.a(stdio.o)
                0x0000000010000d58                __Ciob
 COMMON         0x0000000010000e98        0x8 /Applications/lpcxpresso_7.5.0_254/lpcxpresso/tools/bin/../lib/gcc/arm-none-eabi/4.8.4/../../../../arm-none-eabi/lib/armv7-m/libcr_c.a(__init_alloc.o)
                0x0000000010000e98                __heaps
                0x0000000010000e9c                __end_of_heap
                0x0000000010000ea0                . = ALIGN (0x4)
                0x0000000010000ea0                _ebss = .
                0x0000000010000ea0                PROVIDE (end, .)

.noinit_RAM2    0x000000002007c000        0x0
 *(.noinit.$RAM2*)
 *(.noinit.$RamAHB32*)
                0x000000002007c000                . = ALIGN (0x4)

.noinit         0x0000000010000ea0        0x0
                0x0000000010000ea0                _noinit = .
 *(.noinit*)
                0x0000000010000ea0                . = ALIGN (0x4)
                0x0000000010000ea0                _end_noinit = .
                0x0000000010000ea0                PROVIDE (_pvHeapStart, DEFINED (__user_heap_base)?__user_heap_base:.)
                0x0000000010008000                PROVIDE (_vStackTop, DEFINED (__user_stack_top)?__user_stack_top:(__top_RamLoc32 - 0x0))
OUTPUT(LPC1769_CMSIS_MCU_blinky.axf elf32-littlearm)

.debug_info     0x0000000000000000     0x587e
 .debug_info    0x0000000000000000      0x2be ./src/cr_startup_lpc176x.o
 .debug_info    0x00000000000002be      0xb2e ./src/fat_access.o
 .debug_info    0x0000000000000dec      0x66c ./src/fat_cache.o
 .debug_info    0x0000000000001458     0x1303 ./src/fat_filelib.o
 .debug_info    0x000000000000275b      0x61d ./src/fat_misc.o
 .debug_info    0x0000000000002d78      0x4c4 ./src/fat_string.o
 .debug_info    0x000000000000323c      0x67e ./src/fat_table.o
 .debug_info    0x00000000000038ba      0x654 ./src/fat_write.o
 .debug_info    0x0000000000003f0e      0x9a7 ./src/main.o
 .debug_info    0x00000000000048b5      0x4d5 ./src/sd.o
 .debug_info    0x0000000000004d8a      0x811 ./src/spi.o
 .debug_info    0x000000000000559b      0x2e3 /Users/wangjiadong/LPCXpresso/workspace/Lib_CMSISv1p30_LPC17xx/Debug/libCMSISv1p30_LPC17xx.a(system_LPC17xx.o)

.debug_abbrev   0x0000000000000000     0x14f4
 .debug_abbrev  0x0000000000000000      0x12b ./src/cr_startup_lpc176x.o
 .debug_abbrev  0x000000000000012b      0x20a ./src/fat_access.o
 .debug_abbrev  0x0000000000000335      0x1a1 ./src/fat_cache.o
 .debug_abbrev  0x00000000000004d6      0x268 ./src/fat_filelib.o
 .debug_abbrev  0x000000000000073e      0x1ca ./src/fat_misc.o
 .debug_abbrev  0x0000000000000908      0x15b ./src/fat_string.o
 .debug_abbrev  0x0000000000000a63      0x1fb ./src/fat_table.o
 .debug_abbrev  0x0000000000000c5e      0x1ad ./src/fat_write.o
 .debug_abbrev  0x0000000000000e0b      0x2bf ./src/main.o
 .debug_abbrev  0x00000000000010ca      0x1a1 ./src/sd.o
 .debug_abbrev  0x000000000000126b      0x1a3 ./src/spi.o
 .debug_abbrev  0x000000000000140e       0xe6 /Users/wangjiadong/LPCXpresso/workspace/Lib_CMSISv1p30_LPC17xx/Debug/libCMSISv1p30_LPC17xx.a(system_LPC17xx.o)

.debug_loc      0x0000000000000000      0x15f
 .debug_loc     0x0000000000000000      0x15f ./src/cr_startup_lpc176x.o

.debug_aranges  0x0000000000000000      0x600
 .debug_aranges
                0x0000000000000000       0x80 ./src/cr_startup_lpc176x.o
 .debug_aranges
                0x0000000000000080       0x90 ./src/fat_access.o
 .debug_aranges
                0x0000000000000110       0x70 ./src/fat_cache.o
 .debug_aranges
                0x0000000000000180      0x168 ./src/fat_filelib.o
 .debug_aranges
                0x00000000000002e8       0x90 ./src/fat_misc.o
 .debug_aranges
                0x0000000000000378       0x70 ./src/fat_string.o
 .debug_aranges
                0x00000000000003e8       0x70 ./src/fat_table.o
 .debug_aranges
                0x0000000000000458       0x38 ./src/fat_write.o
 .debug_aranges
                0x0000000000000490       0x98 ./src/main.o
 .debug_aranges
                0x0000000000000528       0x68 ./src/sd.o
 .debug_aranges
                0x0000000000000590       0x48 ./src/spi.o
 .debug_aranges
                0x00000000000005d8       0x28 /Users/wangjiadong/LPCXpresso/workspace/Lib_CMSISv1p30_LPC17xx/Debug/libCMSISv1p30_LPC17xx.a(system_LPC17xx.o)

.debug_ranges   0x0000000000000000      0x558
 .debug_ranges  0x0000000000000000       0x70 ./src/cr_startup_lpc176x.o
 .debug_ranges  0x0000000000000070       0x80 ./src/fat_access.o
 .debug_ranges  0x00000000000000f0       0x60 ./src/fat_cache.o
 .debug_ranges  0x0000000000000150      0x170 ./src/fat_filelib.o
 .debug_ranges  0x00000000000002c0       0x80 ./src/fat_misc.o
 .debug_ranges  0x0000000000000340       0x60 ./src/fat_string.o
 .debug_ranges  0x00000000000003a0       0x60 ./src/fat_table.o
 .debug_ranges  0x0000000000000400       0x28 ./src/fat_write.o
 .debug_ranges  0x0000000000000428       0x88 ./src/main.o
 .debug_ranges  0x00000000000004b0       0x58 ./src/sd.o
 .debug_ranges  0x0000000000000508       0x38 ./src/spi.o
 .debug_ranges  0x0000000000000540       0x18 /Users/wangjiadong/LPCXpresso/workspace/Lib_CMSISv1p30_LPC17xx/Debug/libCMSISv1p30_LPC17xx.a(system_LPC17xx.o)

.debug_macro    0x0000000000000000     0x4381
 .debug_macro   0x0000000000000000       0x52 ./src/cr_startup_lpc176x.o
 .debug_macro   0x0000000000000052      0x85c ./src/cr_startup_lpc176x.o
 .debug_macro   0x00000000000008ae       0x10 ./src/cr_startup_lpc176x.o
 .debug_macro   0x00000000000008be      0x12d ./src/cr_startup_lpc176x.o
 .debug_macro   0x00000000000009eb      0x5b2 ./src/cr_startup_lpc176x.o
 .debug_macro   0x0000000000000f9d       0xb5 ./src/fat_access.o
 .debug_macro   0x0000000000001052      0x856 ./src/fat_access.o
 .debug_macro   0x00000000000018a8       0x4c ./src/fat_access.o
 .debug_macro   0x00000000000018f4       0x9a ./src/fat_access.o
 .debug_macro   0x000000000000198e       0x2e ./src/fat_access.o
 .debug_macro   0x00000000000019bc      0x1ae ./src/fat_access.o
 .debug_macro   0x0000000000001b6a       0x3a ./src/fat_access.o
 .debug_macro   0x0000000000001ba4       0x2e ./src/fat_access.o
 .debug_macro   0x0000000000001bd2       0xa8 ./src/fat_cache.o
 .debug_macro   0x0000000000001c7a       0x3a ./src/fat_cache.o
 .debug_macro   0x0000000000001cb4       0x28 ./src/fat_cache.o
 .debug_macro   0x0000000000001cdc       0xfe ./src/fat_filelib.o
 .debug_macro   0x0000000000001dda       0x28 ./src/fat_filelib.o
 .debug_macro   0x0000000000001e02       0x93 ./src/fat_misc.o
 .debug_macro   0x0000000000001e95       0x28 ./src/fat_misc.o
 .debug_macro   0x0000000000001ebd       0x50 ./src/fat_string.o
 .debug_macro   0x0000000000001f0d       0x16 ./src/fat_string.o
 .debug_macro   0x0000000000001f23       0xb5 ./src/fat_table.o
 .debug_macro   0x0000000000001fd8       0xb5 ./src/fat_write.o
 .debug_macro   0x000000000000208d       0xea ./src/main.o
 .debug_macro   0x0000000000002177       0xa0 ./src/main.o
 .debug_macro   0x0000000000002217       0x1c ./src/main.o
 .debug_macro   0x0000000000002233       0x22 ./src/main.o
 .debug_macro   0x0000000000002255      0x7b7 ./src/main.o
 .debug_macro   0x0000000000002a0c      0x2c7 ./src/main.o
 .debug_macro   0x0000000000002cd3       0x34 ./src/main.o
 .debug_macro   0x0000000000002d07       0x52 ./src/main.o
 .debug_macro   0x0000000000002d59      0x12e ./src/sd.o
 .debug_macro   0x0000000000002e87       0x10 ./src/sd.o
 .debug_macro   0x0000000000002e97       0x3a ./src/sd.o
 .debug_macro   0x0000000000002ed1       0x95 ./src/spi.o
 .debug_macro   0x0000000000002f66      0x113 /Users/wangjiadong/LPCXpresso/workspace/Lib_CMSISv1p30_LPC17xx/Debug/libCMSISv1p30_LPC17xx.a(system_LPC17xx.o)
 .debug_macro   0x0000000000003079      0x850 /Users/wangjiadong/LPCXpresso/workspace/Lib_CMSISv1p30_LPC17xx/Debug/libCMSISv1p30_LPC17xx.a(system_LPC17xx.o)
 .debug_macro   0x00000000000038c9       0x1c /Users/wangjiadong/LPCXpresso/workspace/Lib_CMSISv1p30_LPC17xx/Debug/libCMSISv1p30_LPC17xx.a(system_LPC17xx.o)
 .debug_macro   0x00000000000038e5      0x7d5 /Users/wangjiadong/LPCXpresso/workspace/Lib_CMSISv1p30_LPC17xx/Debug/libCMSISv1p30_LPC17xx.a(system_LPC17xx.o)
 .debug_macro   0x00000000000040ba      0x2c7 /Users/wangjiadong/LPCXpresso/workspace/Lib_CMSISv1p30_LPC17xx/Debug/libCMSISv1p30_LPC17xx.a(system_LPC17xx.o)

.debug_line     0x0000000000000000     0x2d3f
 .debug_line    0x0000000000000000      0x1bf ./src/cr_startup_lpc176x.o
 .debug_line    0x00000000000001bf      0x4a5 ./src/fat_access.o
 .debug_line    0x0000000000000664      0x29c ./src/fat_cache.o
 .debug_line    0x0000000000000900      0x997 ./src/fat_filelib.o
 .debug_line    0x0000000000001297      0x3db ./src/fat_misc.o
 .debug_line    0x0000000000001672      0x39f ./src/fat_string.o
 .debug_line    0x0000000000001a11      0x37a ./src/fat_table.o
 .debug_line    0x0000000000001d8b      0x2d2 ./src/fat_write.o
 .debug_line    0x000000000000205d      0x44b ./src/main.o
 .debug_line    0x00000000000024a8      0x460 ./src/sd.o
 .debug_line    0x0000000000002908      0x236 ./src/spi.o
 .debug_line    0x0000000000002b3e      0x201 /Users/wangjiadong/LPCXpresso/workspace/Lib_CMSISv1p30_LPC17xx/Debug/libCMSISv1p30_LPC17xx.a(system_LPC17xx.o)

.debug_str      0x0000000000000000     0xb0a1
 .debug_str     0x0000000000000000     0x3cca ./src/cr_startup_lpc176x.o
                                       0x3d49 (size before relaxing)
 .debug_str     0x0000000000003cca     0x13a7 ./src/fat_access.o
                                       0x3ce1 (size before relaxing)
 .debug_str     0x0000000000005071      0x3d5 ./src/fat_cache.o
                                       0x3a9c (size before relaxing)
 .debug_str     0x0000000000005446      0x409 ./src/fat_filelib.o
                                       0x4229 (size before relaxing)
 .debug_str     0x000000000000584f      0x1de ./src/fat_misc.o
                                       0x3990 (size before relaxing)
 .debug_str     0x0000000000005a2d      0x25e ./src/fat_string.o
                                       0x2c1c (size before relaxing)
 .debug_str     0x0000000000005c8b      0x2de ./src/fat_table.o
                                       0x3c87 (size before relaxing)
 .debug_str     0x0000000000005f69      0x127 ./src/fat_write.o
                                       0x3b78 (size before relaxing)
 .debug_str     0x0000000000006090     0x43f5 ./src/main.o
                                       0x8e3d (size before relaxing)
 .debug_str     0x000000000000a485      0x3ee ./src/sd.o
                                       0x7fae (size before relaxing)
 .debug_str     0x000000000000a873      0x477 ./src/spi.o
                                       0x802f (size before relaxing)
 .debug_str     0x000000000000acea      0x3b7 /Users/wangjiadong/LPCXpresso/workspace/Lib_CMSISv1p30_LPC17xx/Debug/libCMSISv1p30_LPC17xx.a(system_LPC17xx.o)
                                       0x7f0d (size before relaxing)

.comment        0x0000000000000000       0xe0
 .comment       0x0000000000000000       0x70 ./src/cr_startup_lpc176x.o
                                         0x71 (size before relaxing)
 .comment       0x0000000000000000       0x71 ./src/fat_access.o
 .comment       0x0000000000000000       0x71 ./src/fat_cache.o
 .comment       0x0000000000000000       0x71 ./src/fat_filelib.o
 .comment       0x0000000000000000       0x71 ./src/fat_misc.o
 .comment       0x0000000000000000       0x71 ./src/fat_string.o
 .comment       0x0000000000000000       0x71 ./src/fat_table.o
 .comment       0x0000000000000000       0x71 ./src/fat_write.o
 .comment       0x0000000000000000       0x71 ./src/main.o
 .comment       0x0000000000000000       0x71 ./src/sd.o
 .comment       0x0000000000000000       0x71 ./src/spi.o
 .comment       0x0000000000000000       0x71 /Users/wangjiadong/LPCXpresso/workspace/Lib_CMSISv1p30_LPC17xx/Debug/libCMSISv1p30_LPC17xx.a(system_LPC17xx.o)
 .comment       0x0000000000000070       0x70 /Applications/lpcxpresso_7.5.0_254/lpcxpresso/tools/bin/../lib/gcc/arm-none-eabi/4.8.4/../../../../arm-none-eabi/lib/armv7-m/libcr_semihost.a(_cr__main.o)
                                         0x71 (size before relaxing)
 .comment       0x0000000000000000       0x71 /Applications/lpcxpresso_7.5.0_254/lpcxpresso/tools/bin/../lib/gcc/arm-none-eabi/4.8.4/../../../../arm-none-eabi/lib/armv7-m/libcr_c.a(memcpy.o)
 .comment       0x0000000000000000       0x71 /Applications/lpcxpresso_7.5.0_254/lpcxpresso/tools/bin/../lib/gcc/arm-none-eabi/4.8.4/../../../../arm-none-eabi/lib/armv7-m/libcr_c.a(memset.o)
 .comment       0x0000000000000000       0x71 /Applications/lpcxpresso_7.5.0_254/lpcxpresso/tools/bin/../lib/gcc/arm-none-eabi/4.8.4/../../../../arm-none-eabi/lib/armv7-m/libcr_c.a(fpprintf.o)
 .comment       0x0000000000000000       0x71 /Applications/lpcxpresso_7.5.0_254/lpcxpresso/tools/bin/../lib/gcc/arm-none-eabi/4.8.4/../../../../arm-none-eabi/lib/armv7-m/libcr_c.a(initio.o)
 .comment       0x0000000000000000       0x71 /Applications/lpcxpresso_7.5.0_254/lpcxpresso/tools/bin/../lib/gcc/arm-none-eabi/4.8.4/../../../../arm-none-eabi/lib/armv7-m/libcr_c.a(printf.o)
 .comment       0x0000000000000000       0x71 /Applications/lpcxpresso_7.5.0_254/lpcxpresso/tools/bin/../lib/gcc/arm-none-eabi/4.8.4/../../../../arm-none-eabi/lib/armv7-m/libcr_c.a(setvbuf.o)
 .comment       0x0000000000000000       0x71 /Applications/lpcxpresso_7.5.0_254/lpcxpresso/tools/bin/../lib/gcc/arm-none-eabi/4.8.4/../../../../arm-none-eabi/lib/armv7-m/libcr_c.a(stdio.o)
 .comment       0x0000000000000000       0x71 /Applications/lpcxpresso_7.5.0_254/lpcxpresso/tools/bin/../lib/gcc/arm-none-eabi/4.8.4/../../../../arm-none-eabi/lib/armv7-m/libcr_c.a(strlen.o)
 .comment       0x0000000000000000       0x71 /Applications/lpcxpresso_7.5.0_254/lpcxpresso/tools/bin/../lib/gcc/arm-none-eabi/4.8.4/../../../../arm-none-eabi/lib/armv7-m/libcr_c.a(strncmp.o)
 .comment       0x0000000000000000       0x71 /Applications/lpcxpresso_7.5.0_254/lpcxpresso/tools/bin/../lib/gcc/arm-none-eabi/4.8.4/../../../../arm-none-eabi/lib/armv7-m/libcr_c.a(strncpy.o)
 .comment       0x0000000000000000       0x71 /Applications/lpcxpresso_7.5.0_254/lpcxpresso/tools/bin/../lib/gcc/arm-none-eabi/4.8.4/../../../../arm-none-eabi/lib/armv7-m/libcr_c.a(_deferredlazyseek.o)
 .comment       0x0000000000000000       0x71 /Applications/lpcxpresso_7.5.0_254/lpcxpresso/tools/bin/../lib/gcc/arm-none-eabi/4.8.4/../../../../arm-none-eabi/lib/armv7-m/libcr_c.a(_fdopen.o)
 .comment       0x0000000000000000       0x71 /Applications/lpcxpresso_7.5.0_254/lpcxpresso/tools/bin/../lib/gcc/arm-none-eabi/4.8.4/../../../../arm-none-eabi/lib/armv7-m/libcr_c.a(_fflush.o)
 .comment       0x0000000000000000       0x71 /Applications/lpcxpresso_7.5.0_254/lpcxpresso/tools/bin/../lib/gcc/arm-none-eabi/4.8.4/../../../../arm-none-eabi/lib/armv7-m/libcr_c.a(_frexpl.o)
 .comment       0x0000000000000000       0x71 /Applications/lpcxpresso_7.5.0_254/lpcxpresso/tools/bin/../lib/gcc/arm-none-eabi/4.8.4/../../../../arm-none-eabi/lib/armv7-m/libcr_c.a(_ldexpl.o)
 .comment       0x0000000000000000       0x71 /Applications/lpcxpresso_7.5.0_254/lpcxpresso/tools/bin/../lib/gcc/arm-none-eabi/4.8.4/../../../../arm-none-eabi/lib/armv7-m/libcr_c.a(_writebuf.o)
 .comment       0x0000000000000000       0x71 /Applications/lpcxpresso_7.5.0_254/lpcxpresso/tools/bin/../lib/gcc/arm-none-eabi/4.8.4/../../../../arm-none-eabi/lib/armv7-m/libcr_c.a(alloc.o)
 .comment       0x0000000000000000       0x71 /Applications/lpcxpresso_7.5.0_254/lpcxpresso/tools/bin/../lib/gcc/arm-none-eabi/4.8.4/../../../../arm-none-eabi/lib/armv7-m/libcr_c.a(errno.o)
 .comment       0x0000000000000000       0x71 /Applications/lpcxpresso_7.5.0_254/lpcxpresso/tools/bin/../lib/gcc/arm-none-eabi/4.8.4/../../../../arm-none-eabi/lib/armv7-m/libcr_c.a(fclose.o)
 .comment       0x0000000000000000       0x71 /Applications/lpcxpresso_7.5.0_254/lpcxpresso/tools/bin/../lib/gcc/arm-none-eabi/4.8.4/../../../../arm-none-eabi/lib/armv7-m/libcr_c.a(fflush.o)
 .comment       0x0000000000000000       0x71 /Applications/lpcxpresso_7.5.0_254/lpcxpresso/tools/bin/../lib/gcc/arm-none-eabi/4.8.4/../../../../arm-none-eabi/lib/armv7-m/libcr_c.a(fseek.o)
 .comment       0x0000000000000000       0x71 /Applications/lpcxpresso_7.5.0_254/lpcxpresso/tools/bin/../lib/gcc/arm-none-eabi/4.8.4/../../../../arm-none-eabi/lib/armv7-m/libcr_c.a(ftell.o)
 .comment       0x0000000000000000       0x71 /Applications/lpcxpresso_7.5.0_254/lpcxpresso/tools/bin/../lib/gcc/arm-none-eabi/4.8.4/../../../../arm-none-eabi/lib/armv7-m/libcr_c.a(remove.o)
 .comment       0x0000000000000000       0x71 /Applications/lpcxpresso_7.5.0_254/lpcxpresso/tools/bin/../lib/gcc/arm-none-eabi/4.8.4/../../../../arm-none-eabi/lib/armv7-m/libcr_c.a(__init_alloc.o)
 .comment       0x0000000000000000       0x71 /Applications/lpcxpresso_7.5.0_254/lpcxpresso/tools/bin/../lib/gcc/arm-none-eabi/4.8.4/../../../../arm-none-eabi/lib/armv7-m/libcr_c.a(_cr_sbrk.o)
 .comment       0x0000000000000000       0x71 /Applications/lpcxpresso_7.5.0_254/lpcxpresso/tools/bin/../lib/gcc/arm-none-eabi/4.8.4/../../../../arm-none-eabi/lib/armv7-m/libcr_c.a(_do_fflush.o)
 .comment       0x0000000000000000       0x71 /Applications/lpcxpresso_7.5.0_254/lpcxpresso/tools/bin/../lib/gcc/arm-none-eabi/4.8.4/../../../../arm-none-eabi/lib/armv7-m/libcr_c.a(_hugeval.o)
 .comment       0x0000000000000000       0x71 /Applications/lpcxpresso_7.5.0_254/lpcxpresso/tools/bin/../lib/gcc/arm-none-eabi/4.8.4/../../../../arm-none-eabi/lib/armv7-m/libcr_c.a(_cr_check_heap.o)
 .comment       0x0000000000000000       0x71 /Applications/lpcxpresso_7.5.0_254/lpcxpresso/tools/bin/../lib/gcc/arm-none-eabi/4.8.4/armv7-m/libcr_eabihelpers.a(double.o)

.ARM.attributes
                0x0000000000000000       0x31
 .ARM.attributes
                0x0000000000000000       0x33 ./src/cr_startup_lpc176x.o
 .ARM.attributes
                0x0000000000000033       0x33 ./src/fat_access.o
 .ARM.attributes
                0x0000000000000066       0x33 ./src/fat_cache.o
 .ARM.attributes
                0x0000000000000099       0x33 ./src/fat_filelib.o
 .ARM.attributes
                0x00000000000000cc       0x33 ./src/fat_misc.o
 .ARM.attributes
                0x00000000000000ff       0x33 ./src/fat_string.o
 .ARM.attributes
                0x0000000000000132       0x33 ./src/fat_table.o
 .ARM.attributes
                0x0000000000000165       0x33 ./src/fat_write.o
 .ARM.attributes
                0x0000000000000198       0x33 ./src/main.o
 .ARM.attributes
                0x00000000000001cb       0x33 ./src/sd.o
 .ARM.attributes
                0x00000000000001fe       0x33 ./src/spi.o
 .ARM.attributes
                0x0000000000000231       0x33 /Users/wangjiadong/LPCXpresso/workspace/Lib_CMSISv1p30_LPC17xx/Debug/libCMSISv1p30_LPC17xx.a(system_LPC17xx.o)
 .ARM.attributes
                0x0000000000000264       0x33 /Applications/lpcxpresso_7.5.0_254/lpcxpresso/tools/bin/../lib/gcc/arm-none-eabi/4.8.4/../../../../arm-none-eabi/lib/armv7-m/libcr_semihost.a(_cr__main.o)
 .ARM.attributes
                0x0000000000000297       0x33 /Applications/lpcxpresso_7.5.0_254/lpcxpresso/tools/bin/../lib/gcc/arm-none-eabi/4.8.4/../../../../arm-none-eabi/lib/armv7-m/libcr_c.a(memcpy.o)
 .ARM.attributes
                0x00000000000002ca       0x33 /Applications/lpcxpresso_7.5.0_254/lpcxpresso/tools/bin/../lib/gcc/arm-none-eabi/4.8.4/../../../../arm-none-eabi/lib/armv7-m/libcr_c.a(memset.o)
 .ARM.attributes
                0x00000000000002fd       0x33 /Applications/lpcxpresso_7.5.0_254/lpcxpresso/tools/bin/../lib/gcc/arm-none-eabi/4.8.4/../../../../arm-none-eabi/lib/armv7-m/libcr_c.a(fpprintf.o)
 .ARM.attributes
                0x0000000000000330       0x33 /Applications/lpcxpresso_7.5.0_254/lpcxpresso/tools/bin/../lib/gcc/arm-none-eabi/4.8.4/../../../../arm-none-eabi/lib/armv7-m/libcr_c.a(initio.o)
 .ARM.attributes
                0x0000000000000363       0x33 /Applications/lpcxpresso_7.5.0_254/lpcxpresso/tools/bin/../lib/gcc/arm-none-eabi/4.8.4/../../../../arm-none-eabi/lib/armv7-m/libcr_c.a(printf.o)
 .ARM.attributes
                0x0000000000000396       0x33 /Applications/lpcxpresso_7.5.0_254/lpcxpresso/tools/bin/../lib/gcc/arm-none-eabi/4.8.4/../../../../arm-none-eabi/lib/armv7-m/libcr_c.a(setvbuf.o)
 .ARM.attributes
                0x00000000000003c9       0x33 /Applications/lpcxpresso_7.5.0_254/lpcxpresso/tools/bin/../lib/gcc/arm-none-eabi/4.8.4/../../../../arm-none-eabi/lib/armv7-m/libcr_c.a(stdio.o)
 .ARM.attributes
                0x00000000000003fc       0x33 /Applications/lpcxpresso_7.5.0_254/lpcxpresso/tools/bin/../lib/gcc/arm-none-eabi/4.8.4/../../../../arm-none-eabi/lib/armv7-m/libcr_c.a(strlen.o)
 .ARM.attributes
                0x000000000000042f       0x33 /Applications/lpcxpresso_7.5.0_254/lpcxpresso/tools/bin/../lib/gcc/arm-none-eabi/4.8.4/../../../../arm-none-eabi/lib/armv7-m/libcr_c.a(strncmp.o)
 .ARM.attributes
                0x0000000000000462       0x33 /Applications/lpcxpresso_7.5.0_254/lpcxpresso/tools/bin/../lib/gcc/arm-none-eabi/4.8.4/../../../../arm-none-eabi/lib/armv7-m/libcr_c.a(strncpy.o)
 .ARM.attributes
                0x0000000000000495       0x33 /Applications/lpcxpresso_7.5.0_254/lpcxpresso/tools/bin/../lib/gcc/arm-none-eabi/4.8.4/../../../../arm-none-eabi/lib/armv7-m/libcr_c.a(_deferredlazyseek.o)
 .ARM.attributes
                0x00000000000004c8       0x33 /Applications/lpcxpresso_7.5.0_254/lpcxpresso/tools/bin/../lib/gcc/arm-none-eabi/4.8.4/../../../../arm-none-eabi/lib/armv7-m/libcr_c.a(_fdopen.o)
 .ARM.attributes
                0x00000000000004fb       0x33 /Applications/lpcxpresso_7.5.0_254/lpcxpresso/tools/bin/../lib/gcc/arm-none-eabi/4.8.4/../../../../arm-none-eabi/lib/armv7-m/libcr_c.a(_fflush.o)
 .ARM.attributes
                0x000000000000052e       0x33 /Applications/lpcxpresso_7.5.0_254/lpcxpresso/tools/bin/../lib/gcc/arm-none-eabi/4.8.4/../../../../arm-none-eabi/lib/armv7-m/libcr_c.a(_frexpl.o)
 .ARM.attributes
                0x0000000000000561       0x33 /Applications/lpcxpresso_7.5.0_254/lpcxpresso/tools/bin/../lib/gcc/arm-none-eabi/4.8.4/../../../../arm-none-eabi/lib/armv7-m/libcr_c.a(_ldexpl.o)
 .ARM.attributes
                0x0000000000000594       0x33 /Applications/lpcxpresso_7.5.0_254/lpcxpresso/tools/bin/../lib/gcc/arm-none-eabi/4.8.4/../../../../arm-none-eabi/lib/armv7-m/libcr_c.a(_writebuf.o)
 .ARM.attributes
                0x00000000000005c7       0x33 /Applications/lpcxpresso_7.5.0_254/lpcxpresso/tools/bin/../lib/gcc/arm-none-eabi/4.8.4/../../../../arm-none-eabi/lib/armv7-m/libcr_c.a(alloc.o)
 .ARM.attributes
                0x00000000000005fa       0x33 /Applications/lpcxpresso_7.5.0_254/lpcxpresso/tools/bin/../lib/gcc/arm-none-eabi/4.8.4/../../../../arm-none-eabi/lib/armv7-m/libcr_c.a(errno.o)
 .ARM.attributes
                0x000000000000062d       0x33 /Applications/lpcxpresso_7.5.0_254/lpcxpresso/tools/bin/../lib/gcc/arm-none-eabi/4.8.4/../../../../arm-none-eabi/lib/armv7-m/libcr_c.a(fclose.o)
 .ARM.attributes
                0x0000000000000660       0x33 /Applications/lpcxpresso_7.5.0_254/lpcxpresso/tools/bin/../lib/gcc/arm-none-eabi/4.8.4/../../../../arm-none-eabi/lib/armv7-m/libcr_c.a(fflush.o)
 .ARM.attributes
                0x0000000000000693       0x33 /Applications/lpcxpresso_7.5.0_254/lpcxpresso/tools/bin/../lib/gcc/arm-none-eabi/4.8.4/../../../../arm-none-eabi/lib/armv7-m/libcr_c.a(fseek.o)
 .ARM.attributes
                0x00000000000006c6       0x33 /Applications/lpcxpresso_7.5.0_254/lpcxpresso/tools/bin/../lib/gcc/arm-none-eabi/4.8.4/../../../../arm-none-eabi/lib/armv7-m/libcr_c.a(ftell.o)
 .ARM.attributes
                0x00000000000006f9       0x33 /Applications/lpcxpresso_7.5.0_254/lpcxpresso/tools/bin/../lib/gcc/arm-none-eabi/4.8.4/../../../../arm-none-eabi/lib/armv7-m/libcr_c.a(remove.o)
 .ARM.attributes
                0x000000000000072c       0x33 /Applications/lpcxpresso_7.5.0_254/lpcxpresso/tools/bin/../lib/gcc/arm-none-eabi/4.8.4/../../../../arm-none-eabi/lib/armv7-m/libcr_c.a(__init_alloc.o)
 .ARM.attributes
                0x000000000000075f       0x33 /Applications/lpcxpresso_7.5.0_254/lpcxpresso/tools/bin/../lib/gcc/arm-none-eabi/4.8.4/../../../../arm-none-eabi/lib/armv7-m/libcr_c.a(_cr_sbrk.o)
 .ARM.attributes
                0x0000000000000792       0x33 /Applications/lpcxpresso_7.5.0_254/lpcxpresso/tools/bin/../lib/gcc/arm-none-eabi/4.8.4/../../../../arm-none-eabi/lib/armv7-m/libcr_c.a(_do_fflush.o)
 .ARM.attributes
                0x00000000000007c5       0x33 /Applications/lpcxpresso_7.5.0_254/lpcxpresso/tools/bin/../lib/gcc/arm-none-eabi/4.8.4/../../../../arm-none-eabi/lib/armv7-m/libcr_c.a(_hugeval.o)
 .ARM.attributes
                0x00000000000007f8       0x33 /Applications/lpcxpresso_7.5.0_254/lpcxpresso/tools/bin/../lib/gcc/arm-none-eabi/4.8.4/../../../../arm-none-eabi/lib/armv7-m/libcr_c.a(_cr_check_heap.o)
 .ARM.attributes
                0x000000000000082b       0x33 /Applications/lpcxpresso_7.5.0_254/lpcxpresso/tools/bin/../lib/gcc/arm-none-eabi/4.8.4/armv7-m/libcr_eabihelpers.a(double.o)
 .ARM.attributes
                0x000000000000085e       0x21 /Applications/lpcxpresso_7.5.0_254/lpcxpresso/tools/bin/../lib/gcc/arm-none-eabi/4.8.4/armv7-m/libcr_eabihelpers.a(memcpy.o)
 .ARM.attributes
                0x000000000000087f       0x21 /Applications/lpcxpresso_7.5.0_254/lpcxpresso/tools/bin/../lib/gcc/arm-none-eabi/4.8.4/../../../../arm-none-eabi/lib/armv7-m/libcr_semihost.a(__sys_appexit.o)
 .ARM.attributes
                0x00000000000008a0       0x21 /Applications/lpcxpresso_7.5.0_254/lpcxpresso/tools/bin/../lib/gcc/arm-none-eabi/4.8.4/../../../../arm-none-eabi/lib/armv7-m/libcr_semihost.a(__sys_close.o)
 .ARM.attributes
                0x00000000000008c1       0x21 /Applications/lpcxpresso_7.5.0_254/lpcxpresso/tools/bin/../lib/gcc/arm-none-eabi/4.8.4/../../../../arm-none-eabi/lib/armv7-m/libcr_semihost.a(__sys_flen.o)
 .ARM.attributes
                0x00000000000008e2       0x21 /Applications/lpcxpresso_7.5.0_254/lpcxpresso/tools/bin/../lib/gcc/arm-none-eabi/4.8.4/../../../../arm-none-eabi/lib/armv7-m/libcr_semihost.a(__sys_istty.o)
 .ARM.attributes
                0x0000000000000903       0x21 /Applications/lpcxpresso_7.5.0_254/lpcxpresso/tools/bin/../lib/gcc/arm-none-eabi/4.8.4/../../../../arm-none-eabi/lib/armv7-m/libcr_semihost.a(__sys_remove.o)
 .ARM.attributes
                0x0000000000000924       0x21 /Applications/lpcxpresso_7.5.0_254/lpcxpresso/tools/bin/../lib/gcc/arm-none-eabi/4.8.4/../../../../arm-none-eabi/lib/armv7-m/libcr_semihost.a(__sys_seek.o)
 .ARM.attributes
                0x0000000000000945       0x21 /Applications/lpcxpresso_7.5.0_254/lpcxpresso/tools/bin/../lib/gcc/arm-none-eabi/4.8.4/../../../../arm-none-eabi/lib/armv7-m/libcr_semihost.a(__sys_tmpnam.o)
 .ARM.attributes
                0x0000000000000966       0x21 /Applications/lpcxpresso_7.5.0_254/lpcxpresso/tools/bin/../lib/gcc/arm-none-eabi/4.8.4/../../../../arm-none-eabi/lib/armv7-m/libcr_semihost.a(__sys_write.o)

.debug_frame    0x0000000000000000     0x12b4
 .debug_frame   0x0000000000000000       0xf0 ./src/cr_startup_lpc176x.o
 .debug_frame   0x00000000000000f0      0x1e4 ./src/fat_access.o
 .debug_frame   0x00000000000002d4      0x150 ./src/fat_cache.o
 .debug_frame   0x0000000000000424      0x52c ./src/fat_filelib.o
 .debug_frame   0x0000000000000950      0x1d0 ./src/fat_misc.o
 .debug_frame   0x0000000000000b20      0x154 ./src/fat_string.o
 .debug_frame   0x0000000000000c74      0x170 ./src/fat_table.o
 .debug_frame   0x0000000000000de4       0x90 ./src/fat_write.o
 .debug_frame   0x0000000000000e74      0x1f4 ./src/main.o
 .debug_frame   0x0000000000001068      0x148 ./src/sd.o
 .debug_frame   0x00000000000011b0       0xb0 ./src/spi.o
 .debug_frame   0x0000000000001260       0x54 /Users/wangjiadong/LPCXpresso/workspace/Lib_CMSISv1p30_LPC17xx/Debug/libCMSISv1p30_LPC17xx.a(system_LPC17xx.o)
